Jul 14 11:20:15 172.20.224.104 kernel: [    0.000000] Linux version 5.15.0-1076-nvidia (buildd@lcy02-amd64-026) (gcc (Ubuntu 11.4.0-1ubuntu1~22.04) 11.4.0, GNU ld (GNU Binutils for Ubuntu) 2.38) #77-Ubuntu SMP Tue Mar 25 23:43:36 UTC 2025 (Ubuntu 5.15.0-1076.77-nvidia 5.15.178)
Jul 14 11:20:15 172.20.224.104 kernel: [    0.000000] Command line: BOOT_IMAGE=(tftp)/category/vmlinuz.dgx-h200 nouveau.modeset=0 nvme_core.multipath=n console=tty0 rw BOOTIF=01-c4-70-bd-d9-6c-31 ip=172.20.224.104:172.20.224.14:0xac14e001:0xffffff00
Jul 14 11:20:15 172.20.224.104 kernel: [    0.000000] KERNEL supported cpus:
Jul 14 11:20:15 172.20.224.104 kernel: [    0.000000]   Intel GenuineIntel
Jul 14 11:20:15 172.20.224.104 kernel: [    0.000000]   AMD AuthenticAMD
Jul 14 11:20:15 172.20.224.104 kernel: [    0.000000]   Hygon HygonGenuine
Jul 14 11:20:15 172.20.224.104 kernel: [    0.000000]   Centaur CentaurHauls
Jul 14 11:20:15 172.20.224.104 kernel: [    0.000000]   zhaoxin   Shanghai  
Jul 14 11:20:15 172.20.224.104 kernel: [    0.000000] x86/tme: not enabled by BIOS
Jul 14 11:20:15 172.20.224.104 kernel: [    0.000000] x86/split lock detection: #AC: crashing the kernel on kernel split_locks and warning on user-space split_locks
Jul 14 11:20:15 172.20.224.104 kernel: [    0.000000] BIOS-provided physical RAM map:
Jul 14 11:20:15 172.20.224.104 kernel: [    0.000000] BIOS-e820: [mem 0x0000000000000000-0x000000000009ffff] usable
Jul 14 11:20:15 172.20.224.104 kernel: [    0.000000] BIOS-e820: [mem 0x00000000000a0000-0x00000000000fffff] reserved
Jul 14 11:20:15 172.20.224.104 kernel: [    0.000000] BIOS-e820: [mem 0x0000000000100000-0x000000006868cfff] usable
Jul 14 11:20:15 172.20.224.104 kernel: [    0.000000] BIOS-e820: [mem 0x000000006868d000-0x000000006868ffff] reserved
Jul 14 11:20:15 172.20.224.104 kernel: [    0.000000] BIOS-e820: [mem 0x0000000068690000-0x000000006f702fff] usable
Jul 14 11:20:15 172.20.224.104 kernel: [    0.000000] BIOS-e820: [mem 0x000000006f703000-0x0000000071802fff] reserved
Jul 14 11:20:15 172.20.224.104 kernel: [    0.000000] BIOS-e820: [mem 0x0000000071803000-0x0000000072102fff] ACPI data
Jul 14 11:20:15 172.20.224.104 kernel: [    0.000000] BIOS-e820: [mem 0x0000000072103000-0x000000007530efff] ACPI NVS
Jul 14 11:20:15 172.20.224.104 kernel: [    0.000000] BIOS-e820: [mem 0x000000007530f000-0x00000000777fefff] reserved
Jul 14 11:20:15 172.20.224.104 kernel: [    0.000000] BIOS-e820: [mem 0x00000000777ff000-0x00000000777fffff] usable
Jul 14 11:20:15 172.20.224.104 kernel: [    0.000000] BIOS-e820: [mem 0x0000000077800000-0x000000008fffffff] reserved
Jul 14 11:20:15 172.20.224.104 kernel: [    0.000000] BIOS-e820: [mem 0x00000000fe010000-0x00000000fe010fff] reserved
Jul 14 11:20:15 172.20.224.104 kernel: [    0.000000] BIOS-e820: [mem 0x00000000ff000000-0x00000000ffffffff] reserved
Jul 14 11:20:15 172.20.224.104 kernel: [    0.000000] BIOS-e820: [mem 0x0000000100000000-0x000002007fffffff] usable
Jul 14 11:20:15 172.20.224.104 kernel: [    0.000000] NX (Execute Disable) protection: active
Jul 14 11:20:15 172.20.224.104 kernel: [    0.000000] e820: update [mem 0x63d1e018-0x63d56e57] usable ==> usable
Jul 14 11:20:15 172.20.224.104 kernel: [    0.000000] e820: update [mem 0x63d1e018-0x63d56e57] usable ==> usable
Jul 14 11:20:15 172.20.224.104 kernel: [    0.000000] e820: update [mem 0x63c5e018-0x63d1d257] usable ==> usable
Jul 14 11:20:15 172.20.224.104 kernel: [    0.000000] e820: update [mem 0x63c5e018-0x63d1d257] usable ==> usable
Jul 14 11:20:15 172.20.224.104 kernel: [    0.000000] e820: update [mem 0x62db5018-0x62e74257] usable ==> usable
Jul 14 11:20:15 172.20.224.104 kernel: [    0.000000] e820: update [mem 0x62db5018-0x62e74257] usable ==> usable
Jul 14 11:20:15 172.20.224.104 kernel: [    0.000000] e820: update [mem 0x62b71018-0x62c30257] usable ==> usable
Jul 14 11:20:15 172.20.224.104 kernel: [    0.000000] e820: update [mem 0x62b71018-0x62c30257] usable ==> usable
Jul 14 11:20:15 172.20.224.104 kernel: [    0.000000] e820: update [mem 0x6298a018-0x62a49257] usable ==> usable
Jul 14 11:20:15 172.20.224.104 kernel: [    0.000000] e820: update [mem 0x6298a018-0x62a49257] usable ==> usable
Jul 14 11:20:15 172.20.224.104 kernel: [    0.000000] e820: update [mem 0x62b1d018-0x62b70657] usable ==> usable
Jul 14 11:20:15 172.20.224.104 kernel: [    0.000000] e820: update [mem 0x62b1d018-0x62b70657] usable ==> usable
Jul 14 11:20:15 172.20.224.104 kernel: [    0.000000] e820: update [mem 0x62a9a018-0x62aed657] usable ==> usable
Jul 14 11:20:15 172.20.224.104 kernel: [    0.000000] e820: update [mem 0x62a9a018-0x62aed657] usable ==> usable
Jul 14 11:20:15 172.20.224.104 kernel: [    0.000000] extended physical RAM map:
Jul 14 11:20:15 172.20.224.104 kernel: [    0.000000] reserve setup_data: [mem 0x0000000000000000-0x000000000009ffff] usable
Jul 14 11:20:15 172.20.224.104 kernel: [    0.000000] reserve setup_data: [mem 0x00000000000a0000-0x00000000000fffff] reserved
Jul 14 11:20:15 172.20.224.104 kernel: [    0.000000] reserve setup_data: [mem 0x0000000000100000-0x000000006298a017] usable
Jul 14 11:20:15 172.20.224.104 kernel: [    0.000000] reserve setup_data: [mem 0x000000006298a018-0x0000000062a49257] usable
Jul 14 11:20:15 172.20.224.104 kernel: [    0.000000] reserve setup_data: [mem 0x0000000062a49258-0x0000000062a9a017] usable
Jul 14 11:20:15 172.20.224.104 kernel: [    0.000000] reserve setup_data: [mem 0x0000000062a9a018-0x0000000062aed657] usable
Jul 14 11:20:15 172.20.224.104 kernel: [    0.000000] reserve setup_data: [mem 0x0000000062aed658-0x0000000062b1d017] usable
Jul 14 11:20:15 172.20.224.104 kernel: [    0.000000] reserve setup_data: [mem 0x0000000062b1d018-0x0000000062b70657] usable
Jul 14 11:20:15 172.20.224.104 kernel: [    0.000000] reserve setup_data: [mem 0x0000000062b70658-0x0000000062b71017] usable
Jul 14 11:20:15 172.20.224.104 kernel: [    0.000000] reserve setup_data: [mem 0x0000000062b71018-0x0000000062c30257] usable
Jul 14 11:20:15 172.20.224.104 kernel: [    0.000000] reserve setup_data: [mem 0x0000000062c30258-0x0000000062db5017] usable
Jul 14 11:20:15 172.20.224.104 kernel: [    0.000000] reserve setup_data: [mem 0x0000000062db5018-0x0000000062e74257] usable
Jul 14 11:20:15 172.20.224.104 kernel: [    0.000000] reserve setup_data: [mem 0x0000000062e74258-0x0000000063c5e017] usable
Jul 14 11:20:15 172.20.224.104 kernel: [    0.000000] reserve setup_data: [mem 0x0000000063c5e018-0x0000000063d1d257] usable
Jul 14 11:20:15 172.20.224.104 kernel: [    0.000000] reserve setup_data: [mem 0x0000000063d1d258-0x0000000063d1e017] usable
Jul 14 11:20:15 172.20.224.104 kernel: [    0.000000] reserve setup_data: [mem 0x0000000063d1e018-0x0000000063d56e57] usable
Jul 14 11:20:15 172.20.224.104 kernel: [    0.000000] reserve setup_data: [mem 0x0000000063d56e58-0x000000006868cfff] usable
Jul 14 11:20:15 172.20.224.104 kernel: [    0.000000] reserve setup_data: [mem 0x000000006868d000-0x000000006868ffff] reserved
Jul 14 11:20:15 172.20.224.104 kernel: [    0.000000] reserve setup_data: [mem 0x0000000068690000-0x000000006f702fff] usable
Jul 14 11:20:15 172.20.224.104 kernel: [    0.000000] reserve setup_data: [mem 0x000000006f703000-0x0000000071802fff] reserved
Jul 14 11:20:15 172.20.224.104 kernel: [    0.000000] reserve setup_data: [mem 0x0000000071803000-0x0000000072102fff] ACPI data
Jul 14 11:20:15 172.20.224.104 kernel: [    0.000000] reserve setup_data: [mem 0x0000000072103000-0x000000007530efff] ACPI NVS
Jul 14 11:20:15 172.20.224.104 kernel: [    0.000000] reserve setup_data: [mem 0x000000007530f000-0x00000000777fefff] reserved
Jul 14 11:20:15 172.20.224.104 kernel: [    0.000000] reserve setup_data: [mem 0x00000000777ff000-0x00000000777fffff] usable
Jul 14 11:20:15 172.20.224.104 kernel: [    0.000000] reserve setup_data: [mem 0x0000000077800000-0x000000008fffffff] reserved
Jul 14 11:20:15 172.20.224.104 kernel: [    0.000000] reserve setup_data: [mem 0x00000000fe010000-0x00000000fe010fff] reserved
Jul 14 11:20:15 172.20.224.104 kernel: [    0.000000] reserve setup_data: [mem 0x00000000ff000000-0x00000000ffffffff] reserved
Jul 14 11:20:15 172.20.224.104 kernel: [    0.000000] reserve setup_data: [mem 0x0000000100000000-0x000002007fffffff] usable
Jul 14 11:20:15 172.20.224.104 kernel: [    0.000000] efi: EFI v2.90 by American Megatrends
Jul 14 11:20:15 172.20.224.104 kernel: [    0.000000] efi: ACPI=0x72102000 ACPI 2.0=0x72102014 SMBIOS=0x77211000 SMBIOS 3.0=0x77210000 MEMATTR=0x632da018 
Jul 14 11:20:15 172.20.224.104 kernel: [    0.000000] secureboot: Secure boot disabled
Jul 14 11:20:15 172.20.224.104 kernel: [    0.000000] SMBIOS 3.6.0 present.
Jul 14 11:20:15 172.20.224.104 kernel: [    0.000000] DMI: NVIDIA DGXH200/DGXH200, BIOS 1.6.7 02/20/2025
Jul 14 11:20:15 172.20.224.104 kernel: [    0.000000] tsc: Detected 2000.000 MHz processor
Jul 14 11:20:15 172.20.224.104 kernel: [    0.000021] e820: update [mem 0x00000000-0x00000fff] usable ==> reserved
Jul 14 11:20:15 172.20.224.104 kernel: [    0.000026] e820: remove [mem 0x000a0000-0x000fffff] usable
Jul 14 11:20:15 172.20.224.104 kernel: [    0.000042] last_pfn = 0x20080000 max_arch_pfn = 0x10000000000
Jul 14 11:20:15 172.20.224.104 kernel: [    0.000420] x86/PAT: Configuration [0-7]: WB  WC  UC- UC  WB  WP  UC- WT  
Jul 14 11:20:15 172.20.224.104 kernel: [    0.005528] total RAM covered: 4192256M
Jul 14 11:20:15 172.20.224.104 kernel: [    0.005630]  gran_size: 64K #011chunk_size: 64K #011num_reg: 10  #011lose cover RAM: 2048G
Jul 14 11:20:15 172.20.224.104 kernel: [    0.005634]  gran_size: 64K #011chunk_size: 128K #011num_reg: 10  #011lose cover RAM: 2048G
Jul 14 11:20:15 172.20.224.104 kernel: [    0.005637]  gran_size: 64K #011chunk_size: 256K #011num_reg: 10  #011lose cover RAM: 2048G
Jul 14 11:20:15 172.20.224.104 kernel: [    0.005639]  gran_size: 64K #011chunk_size: 512K #011num_reg: 10  #011lose cover RAM: 2048G
Jul 14 11:20:15 172.20.224.104 kernel: [    0.005641]  gran_size: 64K #011chunk_size: 1M #011num_reg: 10  #011lose cover RAM: 2048G
Jul 14 11:20:15 172.20.224.104 kernel: [    0.005643]  gran_size: 64K #011chunk_size: 2M #011num_reg: 10  #011lose cover RAM: 2048G
Jul 14 11:20:15 172.20.224.104 kernel: [    0.005646]  gran_size: 64K #011chunk_size: 4M #011num_reg: 10  #011lose cover RAM: 2048G
Jul 14 11:20:15 172.20.224.104 kernel: [    0.005648]  gran_size: 64K #011chunk_size: 8M #011num_reg: 10  #011lose cover RAM: 2048G
Jul 14 11:20:15 172.20.224.104 kernel: [    0.005650]  gran_size: 64K #011chunk_size: 16M #011num_reg: 10  #011lose cover RAM: 2048G
Jul 14 11:20:15 172.20.224.104 kernel: [    0.005652]  gran_size: 64K #011chunk_size: 32M #011num_reg: 10  #011lose cover RAM: 2048G
Jul 14 11:20:15 172.20.224.104 kernel: [    0.005654]  gran_size: 64K #011chunk_size: 64M #011num_reg: 10  #011lose cover RAM: 2048G
Jul 14 11:20:15 172.20.224.104 kernel: [    0.005656]  gran_size: 64K #011chunk_size: 128M #011num_reg: 10  #011lose cover RAM: 2048G
Jul 14 11:20:15 172.20.224.104 kernel: [    0.005658]  gran_size: 64K #011chunk_size: 256M #011num_reg: 10  #011lose cover RAM: 2048G
Jul 14 11:20:15 172.20.224.104 kernel: [    0.005660]  gran_size: 64K #011chunk_size: 512M #011num_reg: 10  #011lose cover RAM: 2048G
Jul 14 11:20:15 172.20.224.104 kernel: [    0.005662]  gran_size: 64K #011chunk_size: 1G #011num_reg: 10  #011lose cover RAM: 2048G
Jul 14 11:20:15 172.20.224.104 kernel: [    0.005664]  gran_size: 64K #011chunk_size: 2G #011num_reg: 10  #011lose cover RAM: 2048G
Jul 14 11:20:15 172.20.224.104 kernel: [    0.005666]  gran_size: 128K #011chunk_size: 128K #011num_reg: 10  #011lose cover RAM: 2048G
Jul 14 11:20:15 172.20.224.104 kernel: [    0.005668]  gran_size: 128K #011chunk_size: 256K #011num_reg: 10  #011lose cover RAM: 2048G
Jul 14 11:20:15 172.20.224.104 kernel: [    0.005670]  gran_size: 128K #011chunk_size: 512K #011num_reg: 10  #011lose cover RAM: 2048G
Jul 14 11:20:15 172.20.224.104 kernel: [    0.005672]  gran_size: 128K #011chunk_size: 1M #011num_reg: 10  #011lose cover RAM: 2048G
Jul 14 11:20:15 172.20.224.104 kernel: [    0.005675]  gran_size: 128K #011chunk_size: 2M #011num_reg: 10  #011lose cover RAM: 2048G
Jul 14 11:20:15 172.20.224.104 kernel: [    0.005677]  gran_size: 128K #011chunk_size: 4M #011num_reg: 10  #011lose cover RAM: 2048G
Jul 14 11:20:15 172.20.224.104 kernel: [    0.005679]  gran_size: 128K #011chunk_size: 8M #011num_reg: 10  #011lose cover RAM: 2048G
Jul 14 11:20:15 172.20.224.104 kernel: [    0.005681]  gran_size: 128K #011chunk_size: 16M #011num_reg: 10  #011lose cover RAM: 2048G
Jul 14 11:20:15 172.20.224.104 kernel: [    0.005683]  gran_size: 128K #011chunk_size: 32M #011num_reg: 10  #011lose cover RAM: 2048G
Jul 14 11:20:15 172.20.224.104 kernel: [    0.005685]  gran_size: 128K #011chunk_size: 64M #011num_reg: 10  #011lose cover RAM: 2048G
Jul 14 11:20:15 172.20.224.104 kernel: [    0.005687]  gran_size: 128K #011chunk_size: 128M #011num_reg: 10  #011lose cover RAM: 2048G
Jul 14 11:20:15 172.20.224.104 kernel: [    0.005689]  gran_size: 128K #011chunk_size: 256M #011num_reg: 10  #011lose cover RAM: 2048G
Jul 14 11:20:15 172.20.224.104 kernel: [    0.005691]  gran_size: 128K #011chunk_size: 512M #011num_reg: 10  #011lose cover RAM: 2048G
Jul 14 11:20:15 172.20.224.104 kernel: [    0.005693]  gran_size: 128K #011chunk_size: 1G #011num_reg: 10  #011lose cover RAM: 2048G
Jul 14 11:20:15 172.20.224.104 kernel: [    0.005695]  gran_size: 128K #011chunk_size: 2G #011num_reg: 10  #011lose cover RAM: 2048G
Jul 14 11:20:15 172.20.224.104 kernel: [    0.005697]  gran_size: 256K #011chunk_size: 256K #011num_reg: 10  #011lose cover RAM: 2048G
Jul 14 11:20:15 172.20.224.104 kernel: [    0.005699]  gran_size: 256K #011chunk_size: 512K #011num_reg: 10  #011lose cover RAM: 2048G
Jul 14 11:20:15 172.20.224.104 kernel: [    0.005701]  gran_size: 256K #011chunk_size: 1M #011num_reg: 10  #011lose cover RAM: 2048G
Jul 14 11:20:15 172.20.224.104 kernel: [    0.005703]  gran_size: 256K #011chunk_size: 2M #011num_reg: 10  #011lose cover RAM: 2048G
Jul 14 11:20:15 172.20.224.104 kernel: [    0.005705]  gran_size: 256K #011chunk_size: 4M #011num_reg: 10  #011lose cover RAM: 2048G
Jul 14 11:20:15 172.20.224.104 kernel: [    0.005707]  gran_size: 256K #011chunk_size: 8M #011num_reg: 10  #011lose cover RAM: 2048G
Jul 14 11:20:15 172.20.224.104 kernel: [    0.005709]  gran_size: 256K #011chunk_size: 16M #011num_reg: 10  #011lose cover RAM: 2048G
Jul 14 11:20:15 172.20.224.104 kernel: [    0.005712]  gran_size: 256K #011chunk_size: 32M #011num_reg: 10  #011lose cover RAM: 2048G
Jul 14 11:20:15 172.20.224.104 kernel: [    0.005714]  gran_size: 256K #011chunk_size: 64M #011num_reg: 10  #011lose cover RAM: 2048G
Jul 14 11:20:15 172.20.224.104 kernel: [    0.005716]  gran_size: 256K #011chunk_size: 128M #011num_reg: 10  #011lose cover RAM: 2048G
Jul 14 11:20:15 172.20.224.104 kernel: [    0.005718]  gran_size: 256K #011chunk_size: 256M #011num_reg: 10  #011lose cover RAM: 2048G
Jul 14 11:20:15 172.20.224.104 kernel: [    0.005720]  gran_size: 256K #011chunk_size: 512M #011num_reg: 10  #011lose cover RAM: 2048G
Jul 14 11:20:15 172.20.224.104 kernel: [    0.005722]  gran_size: 256K #011chunk_size: 1G #011num_reg: 10  #011lose cover RAM: 2048G
Jul 14 11:20:15 172.20.224.104 kernel: [    0.005724]  gran_size: 256K #011chunk_size: 2G #011num_reg: 10  #011lose cover RAM: 2048G
Jul 14 11:20:15 172.20.224.104 kernel: [    0.005726]  gran_size: 512K #011chunk_size: 512K #011num_reg: 10  #011lose cover RAM: 2048G
Jul 14 11:20:15 172.20.224.104 kernel: [    0.005728]  gran_size: 512K #011chunk_size: 1M #011num_reg: 10  #011lose cover RAM: 2048G
Jul 14 11:20:15 172.20.224.104 kernel: [    0.005730]  gran_size: 512K #011chunk_size: 2M #011num_reg: 10  #011lose cover RAM: 2048G
Jul 14 11:20:15 172.20.224.104 kernel: [    0.005732]  gran_size: 512K #011chunk_size: 4M #011num_reg: 10  #011lose cover RAM: 2048G
Jul 14 11:20:15 172.20.224.104 kernel: [    0.005734]  gran_size: 512K #011chunk_size: 8M #011num_reg: 10  #011lose cover RAM: 2048G
Jul 14 11:20:15 172.20.224.104 kernel: [    0.005736]  gran_size: 512K #011chunk_size: 16M #011num_reg: 10  #011lose cover RAM: 2048G
Jul 14 11:20:15 172.20.224.104 kernel: [    0.005738]  gran_size: 512K #011chunk_size: 32M #011num_reg: 10  #011lose cover RAM: 2048G
Jul 14 11:20:15 172.20.224.104 kernel: [    0.005740]  gran_size: 512K #011chunk_size: 64M #011num_reg: 10  #011lose cover RAM: 2048G
Jul 14 11:20:15 172.20.224.104 kernel: [    0.005742]  gran_size: 512K #011chunk_size: 128M #011num_reg: 10  #011lose cover RAM: 2048G
Jul 14 11:20:15 172.20.224.104 kernel: [    0.005744]  gran_size: 512K #011chunk_size: 256M #011num_reg: 10  #011lose cover RAM: 2048G
Jul 14 11:20:15 172.20.224.104 kernel: [    0.005746]  gran_size: 512K #011chunk_size: 512M #011num_reg: 10  #011lose cover RAM: 2048G
Jul 14 11:20:15 172.20.224.104 kernel: [    0.005748]  gran_size: 512K #011chunk_size: 1G #011num_reg: 10  #011lose cover RAM: 2048G
Jul 14 11:20:15 172.20.224.104 kernel: [    0.005750]  gran_size: 512K #011chunk_size: 2G #011num_reg: 10  #011lose cover RAM: 2048G
Jul 14 11:20:15 172.20.224.104 kernel: [    0.005752]  gran_size: 1M #011chunk_size: 1M #011num_reg: 10  #011lose cover RAM: 2048G
Jul 14 11:20:15 172.20.224.104 kernel: [    0.005755]  gran_size: 1M #011chunk_size: 2M #011num_reg: 10  #011lose cover RAM: 2048G
Jul 14 11:20:15 172.20.224.104 kernel: [    0.005757]  gran_size: 1M #011chunk_size: 4M #011num_reg: 10  #011lose cover RAM: 2048G
Jul 14 11:20:15 172.20.224.104 kernel: [    0.005759]  gran_size: 1M #011chunk_size: 8M #011num_reg: 10  #011lose cover RAM: 2048G
Jul 14 11:20:15 172.20.224.104 kernel: [    0.005761]  gran_size: 1M #011chunk_size: 16M #011num_reg: 10  #011lose cover RAM: 2048G
Jul 14 11:20:15 172.20.224.104 kernel: [    0.005763]  gran_size: 1M #011chunk_size: 32M #011num_reg: 10  #011lose cover RAM: 2048G
Jul 14 11:20:15 172.20.224.104 kernel: [    0.005765]  gran_size: 1M #011chunk_size: 64M #011num_reg: 10  #011lose cover RAM: 2048G
Jul 14 11:20:15 172.20.224.104 kernel: [    0.005767]  gran_size: 1M #011chunk_size: 128M #011num_reg: 10  #011lose cover RAM: 2048G
Jul 14 11:20:15 172.20.224.104 kernel: [    0.005769]  gran_size: 1M #011chunk_size: 256M #011num_reg: 10  #011lose cover RAM: 2048G
Jul 14 11:20:15 172.20.224.104 kernel: [    0.005771]  gran_size: 1M #011chunk_size: 512M #011num_reg: 10  #011lose cover RAM: 2048G
Jul 14 11:20:15 172.20.224.104 kernel: [    0.005773]  gran_size: 1M #011chunk_size: 1G #011num_reg: 10  #011lose cover RAM: 2048G
Jul 14 11:20:15 172.20.224.104 kernel: [    0.005775]  gran_size: 1M #011chunk_size: 2G #011num_reg: 10  #011lose cover RAM: 2048G
Jul 14 11:20:15 172.20.224.104 kernel: [    0.005777]  gran_size: 2M #011chunk_size: 2M #011num_reg: 10  #011lose cover RAM: 2048G
Jul 14 11:20:15 172.20.224.104 kernel: [    0.005779]  gran_size: 2M #011chunk_size: 4M #011num_reg: 10  #011lose cover RAM: 2048G
Jul 14 11:20:15 172.20.224.104 kernel: [    0.005781]  gran_size: 2M #011chunk_size: 8M #011num_reg: 10  #011lose cover RAM: 2048G
Jul 14 11:20:15 172.20.224.104 kernel: [    0.005783]  gran_size: 2M #011chunk_size: 16M #011num_reg: 10  #011lose cover RAM: 2048G
Jul 14 11:20:15 172.20.224.104 kernel: [    0.005785]  gran_size: 2M #011chunk_size: 32M #011num_reg: 10  #011lose cover RAM: 2048G
Jul 14 11:20:15 172.20.224.104 kernel: [    0.005787]  gran_size: 2M #011chunk_size: 64M #011num_reg: 10  #011lose cover RAM: 2048G
Jul 14 11:20:15 172.20.224.104 kernel: [    0.005789]  gran_size: 2M #011chunk_size: 128M #011num_reg: 10  #011lose cover RAM: 2048G
Jul 14 11:20:15 172.20.224.104 kernel: [    0.005791]  gran_size: 2M #011chunk_size: 256M #011num_reg: 10  #011lose cover RAM: 2048G
Jul 14 11:20:15 172.20.224.104 kernel: [    0.005793]  gran_size: 2M #011chunk_size: 512M #011num_reg: 10  #011lose cover RAM: 2048G
Jul 14 11:20:15 172.20.224.104 kernel: [    0.005795]  gran_size: 2M #011chunk_size: 1G #011num_reg: 10  #011lose cover RAM: 2048G
Jul 14 11:20:15 172.20.224.104 kernel: [    0.005797]  gran_size: 2M #011chunk_size: 2G #011num_reg: 10  #011lose cover RAM: 2048G
Jul 14 11:20:15 172.20.224.104 kernel: [    0.005799]  gran_size: 4M #011chunk_size: 4M #011num_reg: 10  #011lose cover RAM: 2048G
Jul 14 11:20:15 172.20.224.104 kernel: [    0.005801]  gran_size: 4M #011chunk_size: 8M #011num_reg: 10  #011lose cover RAM: 2048G
Jul 14 11:20:15 172.20.224.104 kernel: [    0.005803]  gran_size: 4M #011chunk_size: 16M #011num_reg: 10  #011lose cover RAM: 2048G
Jul 14 11:20:15 172.20.224.104 kernel: [    0.005805]  gran_size: 4M #011chunk_size: 32M #011num_reg: 10  #011lose cover RAM: 2048G
Jul 14 11:20:15 172.20.224.104 kernel: [    0.005807]  gran_size: 4M #011chunk_size: 64M #011num_reg: 10  #011lose cover RAM: 2048G
Jul 14 11:20:15 172.20.224.104 kernel: [    0.005809]  gran_size: 4M #011chunk_size: 128M #011num_reg: 10  #011lose cover RAM: 2048G
Jul 14 11:20:15 172.20.224.104 kernel: [    0.005811]  gran_size: 4M #011chunk_size: 256M #011num_reg: 10  #011lose cover RAM: 2048G
Jul 14 11:20:15 172.20.224.104 kernel: [    0.005813]  gran_size: 4M #011chunk_size: 512M #011num_reg: 10  #011lose cover RAM: 2048G
Jul 14 11:20:15 172.20.224.104 kernel: [    0.005815]  gran_size: 4M #011chunk_size: 1G #011num_reg: 10  #011lose cover RAM: 2048G
Jul 14 11:20:15 172.20.224.104 kernel: [    0.005818]  gran_size: 4M #011chunk_size: 2G #011num_reg: 10  #011lose cover RAM: 2048G
Jul 14 11:20:15 172.20.224.104 kernel: [    0.005820]  gran_size: 8M #011chunk_size: 8M #011num_reg: 10  #011lose cover RAM: 2048G
Jul 14 11:20:15 172.20.224.104 kernel: [    0.005822]  gran_size: 8M #011chunk_size: 16M #011num_reg: 10  #011lose cover RAM: 2048G
Jul 14 11:20:15 172.20.224.104 kernel: [    0.005824]  gran_size: 8M #011chunk_size: 32M #011num_reg: 10  #011lose cover RAM: 2048G
Jul 14 11:20:15 172.20.224.104 kernel: [    0.005826]  gran_size: 8M #011chunk_size: 64M #011num_reg: 10  #011lose cover RAM: 2048G
Jul 14 11:20:15 172.20.224.104 kernel: [    0.005828]  gran_size: 8M #011chunk_size: 128M #011num_reg: 10  #011lose cover RAM: 2048G
Jul 14 11:20:15 172.20.224.104 kernel: [    0.005830]  gran_size: 8M #011chunk_size: 256M #011num_reg: 10  #011lose cover RAM: 2048G
Jul 14 11:20:15 172.20.224.104 kernel: [    0.005832]  gran_size: 8M #011chunk_size: 512M #011num_reg: 10  #011lose cover RAM: 2048G
Jul 14 11:20:15 172.20.224.104 kernel: [    0.005834]  gran_size: 8M #011chunk_size: 1G #011num_reg: 10  #011lose cover RAM: 2048G
Jul 14 11:20:15 172.20.224.104 kernel: [    0.005836]  gran_size: 8M #011chunk_size: 2G #011num_reg: 10  #011lose cover RAM: 2048G
Jul 14 11:20:15 172.20.224.104 kernel: [    0.005838]  gran_size: 16M #011chunk_size: 16M #011num_reg: 10  #011lose cover RAM: 2048G
Jul 14 11:20:15 172.20.224.104 kernel: [    0.005840]  gran_size: 16M #011chunk_size: 32M #011num_reg: 10  #011lose cover RAM: 2048G
Jul 14 11:20:15 172.20.224.104 kernel: [    0.005842]  gran_size: 16M #011chunk_size: 64M #011num_reg: 10  #011lose cover RAM: 2048G
Jul 14 11:20:15 172.20.224.104 kernel: [    0.005844]  gran_size: 16M #011chunk_size: 128M #011num_reg: 10  #011lose cover RAM: 2048G
Jul 14 11:20:15 172.20.224.104 kernel: [    0.005846]  gran_size: 16M #011chunk_size: 256M #011num_reg: 10  #011lose cover RAM: 2048G
Jul 14 11:20:15 172.20.224.104 kernel: [    0.005848]  gran_size: 16M #011chunk_size: 512M #011num_reg: 10  #011lose cover RAM: 2048G
Jul 14 11:20:15 172.20.224.104 kernel: [    0.005850]  gran_size: 16M #011chunk_size: 1G #011num_reg: 10  #011lose cover RAM: 2048G
Jul 14 11:20:15 172.20.224.104 kernel: [    0.005852]  gran_size: 16M #011chunk_size: 2G #011num_reg: 10  #011lose cover RAM: 2048G
Jul 14 11:20:15 172.20.224.104 kernel: [    0.005854]  gran_size: 32M #011chunk_size: 32M #011num_reg: 10  #011lose cover RAM: 2048G
Jul 14 11:20:15 172.20.224.104 kernel: [    0.005856]  gran_size: 32M #011chunk_size: 64M #011num_reg: 10  #011lose cover RAM: 2048G
Jul 14 11:20:15 172.20.224.104 kernel: [    0.005859]  gran_size: 32M #011chunk_size: 128M #011num_reg: 10  #011lose cover RAM: 2048G
Jul 14 11:20:15 172.20.224.104 kernel: [    0.005861]  gran_size: 32M #011chunk_size: 256M #011num_reg: 10  #011lose cover RAM: 2048G
Jul 14 11:20:15 172.20.224.104 kernel: [    0.005863]  gran_size: 32M #011chunk_size: 512M #011num_reg: 10  #011lose cover RAM: 2048G
Jul 14 11:20:15 172.20.224.104 kernel: [    0.005865]  gran_size: 32M #011chunk_size: 1G #011num_reg: 10  #011lose cover RAM: 2048G
Jul 14 11:20:15 172.20.224.104 kernel: [    0.005867]  gran_size: 32M #011chunk_size: 2G #011num_reg: 10  #011lose cover RAM: 2048G
Jul 14 11:20:15 172.20.224.104 kernel: [    0.005869]  gran_size: 64M #011chunk_size: 64M #011num_reg: 10  #011lose cover RAM: 2048G
Jul 14 11:20:15 172.20.224.104 kernel: [    0.005871]  gran_size: 64M #011chunk_size: 128M #011num_reg: 10  #011lose cover RAM: 2048G
Jul 14 11:20:15 172.20.224.104 kernel: [    0.005873]  gran_size: 64M #011chunk_size: 256M #011num_reg: 10  #011lose cover RAM: 2048G
Jul 14 11:20:15 172.20.224.104 kernel: [    0.005875]  gran_size: 64M #011chunk_size: 512M #011num_reg: 10  #011lose cover RAM: 2048G
Jul 14 11:20:15 172.20.224.104 kernel: [    0.005877]  gran_size: 64M #011chunk_size: 1G #011num_reg: 10  #011lose cover RAM: 2048G
Jul 14 11:20:15 172.20.224.104 kernel: [    0.005879]  gran_size: 64M #011chunk_size: 2G #011num_reg: 10  #011lose cover RAM: 2048G
Jul 14 11:20:15 172.20.224.104 kernel: [    0.005881]  gran_size: 128M #011chunk_size: 128M #011num_reg: 10  #011lose cover RAM: 2048G
Jul 14 11:20:15 172.20.224.104 kernel: [    0.005883]  gran_size: 128M #011chunk_size: 256M #011num_reg: 10  #011lose cover RAM: 2048G
Jul 14 11:20:15 172.20.224.104 kernel: [    0.005885]  gran_size: 128M #011chunk_size: 512M #011num_reg: 10  #011lose cover RAM: 2048G
Jul 14 11:20:15 172.20.224.104 kernel: [    0.005888]  gran_size: 128M #011chunk_size: 1G #011num_reg: 10  #011lose cover RAM: 2048G
Jul 14 11:20:15 172.20.224.104 kernel: [    0.005890]  gran_size: 128M #011chunk_size: 2G #011num_reg: 10  #011lose cover RAM: 2048G
Jul 14 11:20:15 172.20.224.104 kernel: [    0.005892]  gran_size: 256M #011chunk_size: 256M #011num_reg: 10  #011lose cover RAM: 2048G
Jul 14 11:20:15 172.20.224.104 kernel: [    0.005894]  gran_size: 256M #011chunk_size: 512M #011num_reg: 10  #011lose cover RAM: 2048G
Jul 14 11:20:15 172.20.224.104 kernel: [    0.005896]  gran_size: 256M #011chunk_size: 1G #011num_reg: 10  #011lose cover RAM: 2048G
Jul 14 11:20:15 172.20.224.104 kernel: [    0.005898]  gran_size: 256M #011chunk_size: 2G #011num_reg: 10  #011lose cover RAM: 2048G
Jul 14 11:20:15 172.20.224.104 kernel: [    0.005900]  gran_size: 512M #011chunk_size: 512M #011num_reg: 10  #011lose cover RAM: 2048G
Jul 14 11:20:15 172.20.224.104 kernel: [    0.005902]  gran_size: 512M #011chunk_size: 1G #011num_reg: 10  #011lose cover RAM: 2048G
Jul 14 11:20:15 172.20.224.104 kernel: [    0.005904]  gran_size: 512M #011chunk_size: 2G #011num_reg: 10  #011lose cover RAM: 2048G
Jul 14 11:20:15 172.20.224.104 kernel: [    0.005906]  gran_size: 1G #011chunk_size: 1G #011num_reg: 10  #011lose cover RAM: 2048G
Jul 14 11:20:15 172.20.224.104 kernel: [    0.005908]  gran_size: 1G #011chunk_size: 2G #011num_reg: 10  #011lose cover RAM: 2048G
Jul 14 11:20:15 172.20.224.104 kernel: [    0.005910]  gran_size: 2G #011chunk_size: 2G #011num_reg: 10  #011lose cover RAM: 2048G
Jul 14 11:20:15 172.20.224.104 kernel: [    0.005912] mtrr_cleanup: can not find optimal value
Jul 14 11:20:15 172.20.224.104 kernel: [    0.005914] please specify mtrr_gran_size/mtrr_chunk_size
Jul 14 11:20:15 172.20.224.104 kernel: [    0.005917] e820: update [mem 0x80000000-0xffffffff] usable ==> reserved
Jul 14 11:20:15 172.20.224.104 kernel: [    0.005922] x2apic: enabled by BIOS, switching to x2apic ops
Jul 14 11:20:15 172.20.224.104 kernel: [    0.005924] last_pfn = 0x77800 max_arch_pfn = 0x10000000000
Jul 14 11:20:15 172.20.224.104 kernel: [    0.016145] Using GB pages for direct mapping
Jul 14 11:20:15 172.20.224.104 kernel: [    0.016716] secureboot: Secure boot disabled
Jul 14 11:20:15 172.20.224.104 kernel: [    0.016717] RAMDISK: [mem 0x5ad6b000-0x61851fff]
Jul 14 11:20:15 172.20.224.104 kernel: [    0.016721] ACPI: Early table checksum verification disabled
Jul 14 11:20:15 172.20.224.104 kernel: [    0.016724] ACPI: RSDP 0x0000000072102014 000024 (v02 ALASKA)
Jul 14 11:20:15 172.20.224.104 kernel: [    0.016730] ACPI: XSDT 0x0000000072101728 0000EC (v01 ALASKA A M I    01072009 AMI  01000013)
Jul 14 11:20:15 172.20.224.104 kernel: [    0.016737] ACPI: FACP 0x0000000072100000 000114 (v06 ALASKA A M I    01072009 INTL 20091013)
Jul 14 11:20:15 172.20.224.104 kernel: [    0.016744] ACPI: DSDT 0x0000000072033000 0CB7DD (v02 ALASKA A M I    01072009 INTL 20091013)
Jul 14 11:20:15 172.20.224.104 kernel: [    0.016749] ACPI: FACS 0x000000007530D000 000040
Jul 14 11:20:15 172.20.224.104 kernel: [    0.016753] ACPI: SPMI 0x00000000720FF000 000041 (v05 ALASKA A M I    00000000 AMI. 00000000)
Jul 14 11:20:15 172.20.224.104 kernel: [    0.016757] ACPI: FIDT 0x0000000072032000 00009C (v01 ALASKA A M I    01072009 AMI  00010013)
Jul 14 11:20:15 172.20.224.104 kernel: [    0.016762] ACPI: SSDT 0x0000000072031000 00074C (v02 INTEL  RAS_ACPI 00000001 INTL 20210331)
Jul 14 11:20:15 172.20.224.104 kernel: [    0.016766] ACPI: ERST 0x0000000072030000 000230 (v01 ALASKA A M I    00000001 INTL 00000001)
Jul 14 11:20:15 172.20.224.104 kernel: [    0.016770] ACPI: MCFG 0x000000007202F000 00003C (v01 ALASKA A M I    01072009 MSFT 00000097)
Jul 14 11:20:15 172.20.224.104 kernel: [    0.016775] ACPI: HPET 0x000000007202E000 000038 (v01 ALASKA A M I    00000001 INTL 20091013)
Jul 14 11:20:15 172.20.224.104 kernel: [    0.016779] ACPI: MSCT 0x000000007202D000 000090 (v01 ALASKA A M I    00000001 INTL 20091013)
Jul 14 11:20:15 172.20.224.104 kernel: [    0.016783] ACPI: WDDT 0x000000007202C000 000040 (v01 ALASKA A M I    00000000 INTL 20091013)
Jul 14 11:20:15 172.20.224.104 kernel: [    0.016787] ACPI: APIC 0x000000007202A000 000E5E (v04 ALASKA A M I    00000000 INTL 20091013)
Jul 14 11:20:15 172.20.224.104 kernel: [    0.016791] ACPI: SRAT 0x0000000072022000 007830 (v03 ALASKA A M I    00000002 AMI  01000013)
Jul 14 11:20:15 172.20.224.104 kernel: [    0.016795] ACPI: SLIT 0x0000000072021000 000030 (v01 ALASKA A M I    01072009 AMI  01000013)
Jul 14 11:20:15 172.20.224.104 kernel: [    0.016799] ACPI: HMAT 0x0000000072020000 000158 (v02 ALASKA A M I    01072009 AMI  01000013)
Jul 14 11:20:15 172.20.224.104 kernel: [    0.016803] ACPI: OEM4 0x0000000071E98000 187A51 (v02 INTEL  CPU  CST 00003000 INTL 20210331)
Jul 14 11:20:15 172.20.224.104 kernel: [    0.016808] ACPI: OEM1 0x0000000071D84000 113479 (v02 INTEL  CPU EIST 00003000 INTL 20210331)
Jul 14 11:20:15 172.20.224.104 kernel: [    0.016812] ACPI: OEM2 0x0000000071D3D000 046031 (v02 INTEL  CPU  HWP 00003000 INTL 20210331)
Jul 14 11:20:15 172.20.224.104 kernel: [    0.016816] ACPI: SSDT 0x0000000071CD3000 069895 (v02 INTEL  SSDT  PM 00004000 INTL 20210331)
Jul 14 11:20:15 172.20.224.104 kernel: [    0.016820] ACPI: SSDT 0x0000000071CD2000 000957 (v02 ALASKA A M I    00000000 INTL 20091013)
Jul 14 11:20:15 172.20.224.104 kernel: [    0.016825] ACPI: HEST 0x0000000071CD1000 00013C (v01 ALASKA A M I    00000001 INTL 00000001)
Jul 14 11:20:15 172.20.224.104 kernel: [    0.016829] ACPI: BERT 0x0000000071CD0000 000030 (v01 ALASKA A M I    00000001 INTL 00000001)
Jul 14 11:20:15 172.20.224.104 kernel: [    0.016833] ACPI: SSDT 0x0000000071CCF000 00076E (v02 INTEL  ADDRXLAT 00000001 INTL 20210331)
Jul 14 11:20:15 172.20.224.104 kernel: [    0.016837] ACPI: DMAR 0x0000000071CCE000 000528 (v01 ALASKA A M I    00000001 INTL 20091013)
Jul 14 11:20:15 172.20.224.104 kernel: [    0.016841] ACPI: FPDT 0x0000000071CCD000 000044 (v01 ALASKA A M I    01072009 AMI  01000013)
Jul 14 11:20:15 172.20.224.104 kernel: [    0.016846] ACPI: SPCR 0x0000000071CCC000 000050 (v02 ALASKA A M I    01072009 AMI  00050020)
Jul 14 11:20:15 172.20.224.104 kernel: [    0.016850] ACPI: WSMT 0x000000007202B000 000028 (v01 ALASKA A M I    01072009 AMI  00010013)
Jul 14 11:20:15 172.20.224.104 kernel: [    0.016853] ACPI: Reserving FACP table memory at [mem 0x72100000-0x72100113]
Jul 14 11:20:15 172.20.224.104 kernel: [    0.016856] ACPI: Reserving DSDT table memory at [mem 0x72033000-0x720fe7dc]
Jul 14 11:20:15 172.20.224.104 kernel: [    0.016858] ACPI: Reserving FACS table memory at [mem 0x7530d000-0x7530d03f]
Jul 14 11:20:15 172.20.224.104 kernel: [    0.016859] ACPI: Reserving SPMI table memory at [mem 0x720ff000-0x720ff040]
Jul 14 11:20:15 172.20.224.104 kernel: [    0.016861] ACPI: Reserving FIDT table memory at [mem 0x72032000-0x7203209b]
Jul 14 11:20:15 172.20.224.104 kernel: [    0.016863] ACPI: Reserving SSDT table memory at [mem 0x72031000-0x7203174b]
Jul 14 11:20:15 172.20.224.104 kernel: [    0.016864] ACPI: Reserving ERST table memory at [mem 0x72030000-0x7203022f]
Jul 14 11:20:15 172.20.224.104 kernel: [    0.016866] ACPI: Reserving MCFG table memory at [mem 0x7202f000-0x7202f03b]
Jul 14 11:20:15 172.20.224.104 kernel: [    0.016868] ACPI: Reserving HPET table memory at [mem 0x7202e000-0x7202e037]
Jul 14 11:20:15 172.20.224.104 kernel: [    0.016869] ACPI: Reserving MSCT table memory at [mem 0x7202d000-0x7202d08f]
Jul 14 11:20:15 172.20.224.104 kernel: [    0.016871] ACPI: Reserving WDDT table memory at [mem 0x7202c000-0x7202c03f]
Jul 14 11:20:15 172.20.224.104 kernel: [    0.016872] ACPI: Reserving APIC table memory at [mem 0x7202a000-0x7202ae5d]
Jul 14 11:20:15 172.20.224.104 kernel: [    0.016874] ACPI: Reserving SRAT table memory at [mem 0x72022000-0x7202982f]
Jul 14 11:20:15 172.20.224.104 kernel: [    0.016876] ACPI: Reserving SLIT table memory at [mem 0x72021000-0x7202102f]
Jul 14 11:20:15 172.20.224.104 kernel: [    0.016877] ACPI: Reserving HMAT table memory at [mem 0x72020000-0x72020157]
Jul 14 11:20:15 172.20.224.104 kernel: [    0.016879] ACPI: Reserving OEM4 table memory at [mem 0x71e98000-0x7201fa50]
Jul 14 11:20:15 172.20.224.104 kernel: [    0.016881] ACPI: Reserving OEM1 table memory at [mem 0x71d84000-0x71e97478]
Jul 14 11:20:15 172.20.224.104 kernel: [    0.016882] ACPI: Reserving OEM2 table memory at [mem 0x71d3d000-0x71d83030]
Jul 14 11:20:15 172.20.224.104 kernel: [    0.016884] ACPI: Reserving SSDT table memory at [mem 0x71cd3000-0x71d3c894]
Jul 14 11:20:15 172.20.224.104 kernel: [    0.016886] ACPI: Reserving SSDT table memory at [mem 0x71cd2000-0x71cd2956]
Jul 14 11:20:15 172.20.224.104 kernel: [    0.016887] ACPI: Reserving HEST table memory at [mem 0x71cd1000-0x71cd113b]
Jul 14 11:20:15 172.20.224.104 kernel: [    0.016889] ACPI: Reserving BERT table memory at [mem 0x71cd0000-0x71cd002f]
Jul 14 11:20:15 172.20.224.104 kernel: [    0.016891] ACPI: Reserving SSDT table memory at [mem 0x71ccf000-0x71ccf76d]
Jul 14 11:20:15 172.20.224.104 kernel: [    0.016892] ACPI: Reserving DMAR table memory at [mem 0x71cce000-0x71cce527]
Jul 14 11:20:15 172.20.224.104 kernel: [    0.016894] ACPI: Reserving FPDT table memory at [mem 0x71ccd000-0x71ccd043]
Jul 14 11:20:15 172.20.224.104 kernel: [    0.016896] ACPI: Reserving SPCR table memory at [mem 0x71ccc000-0x71ccc04f]
Jul 14 11:20:15 172.20.224.104 kernel: [    0.016897] ACPI: Reserving WSMT table memory at [mem 0x7202b000-0x7202b027]
Jul 14 11:20:15 172.20.224.104 kernel: [    0.016909] Setting APIC routing to cluster x2apic.
Jul 14 11:20:15 172.20.224.104 kernel: [    0.016977] SRAT: PXM 0 -> APIC 0x0000 -> Node 0
Jul 14 11:20:15 172.20.224.104 kernel: [    0.016979] SRAT: PXM 0 -> APIC 0x0001 -> Node 0
Jul 14 11:20:15 172.20.224.104 kernel: [    0.016980] SRAT: PXM 0 -> APIC 0x0002 -> Node 0
Jul 14 11:20:15 172.20.224.104 kernel: [    0.016982] SRAT: PXM 0 -> APIC 0x0003 -> Node 0
Jul 14 11:20:15 172.20.224.104 kernel: [    0.016983] SRAT: PXM 0 -> APIC 0x0004 -> Node 0
Jul 14 11:20:15 172.20.224.104 kernel: [    0.016984] SRAT: PXM 0 -> APIC 0x0005 -> Node 0
Jul 14 11:20:15 172.20.224.104 kernel: [    0.016985] SRAT: PXM 0 -> APIC 0x0006 -> Node 0
Jul 14 11:20:15 172.20.224.104 kernel: [    0.016986] SRAT: PXM 0 -> APIC 0x0007 -> Node 0
Jul 14 11:20:15 172.20.224.104 kernel: [    0.016988] SRAT: PXM 0 -> APIC 0x0008 -> Node 0
Jul 14 11:20:15 172.20.224.104 kernel: [    0.016989] SRAT: PXM 0 -> APIC 0x0009 -> Node 0
Jul 14 11:20:15 172.20.224.104 kernel: [    0.016990] SRAT: PXM 0 -> APIC 0x000a -> Node 0
Jul 14 11:20:15 172.20.224.104 kernel: [    0.016991] SRAT: PXM 0 -> APIC 0x000b -> Node 0
Jul 14 11:20:15 172.20.224.104 kernel: [    0.016992] SRAT: PXM 0 -> APIC 0x000c -> Node 0
Jul 14 11:20:15 172.20.224.104 kernel: [    0.016994] SRAT: PXM 0 -> APIC 0x000d -> Node 0
Jul 14 11:20:15 172.20.224.104 kernel: [    0.016995] SRAT: PXM 0 -> APIC 0x000e -> Node 0
Jul 14 11:20:15 172.20.224.104 kernel: [    0.016996] SRAT: PXM 0 -> APIC 0x000f -> Node 0
Jul 14 11:20:15 172.20.224.104 kernel: [    0.016997] SRAT: PXM 0 -> APIC 0x0010 -> Node 0
Jul 14 11:20:15 172.20.224.104 kernel: [    0.016999] SRAT: PXM 0 -> APIC 0x0011 -> Node 0
Jul 14 11:20:15 172.20.224.104 kernel: [    0.017000] SRAT: PXM 0 -> APIC 0x0012 -> Node 0
Jul 14 11:20:15 172.20.224.104 kernel: [    0.017001] SRAT: PXM 0 -> APIC 0x0013 -> Node 0
Jul 14 11:20:15 172.20.224.104 kernel: [    0.017002] SRAT: PXM 0 -> APIC 0x0014 -> Node 0
Jul 14 11:20:15 172.20.224.104 kernel: [    0.017004] SRAT: PXM 0 -> APIC 0x0015 -> Node 0
Jul 14 11:20:15 172.20.224.104 kernel: [    0.017005] SRAT: PXM 0 -> APIC 0x0016 -> Node 0
Jul 14 11:20:15 172.20.224.104 kernel: [    0.017006] SRAT: PXM 0 -> APIC 0x0017 -> Node 0
Jul 14 11:20:15 172.20.224.104 kernel: [    0.017007] SRAT: PXM 0 -> APIC 0x0018 -> Node 0
Jul 14 11:20:15 172.20.224.104 kernel: [    0.017008] SRAT: PXM 0 -> APIC 0x0019 -> Node 0
Jul 14 11:20:15 172.20.224.104 kernel: [    0.017010] SRAT: PXM 0 -> APIC 0x001a -> Node 0
Jul 14 11:20:15 172.20.224.104 kernel: [    0.017011] SRAT: PXM 0 -> APIC 0x001b -> Node 0
Jul 14 11:20:15 172.20.224.104 kernel: [    0.017012] SRAT: PXM 0 -> APIC 0x001c -> Node 0
Jul 14 11:20:15 172.20.224.104 kernel: [    0.017013] SRAT: PXM 0 -> APIC 0x001d -> Node 0
Jul 14 11:20:15 172.20.224.104 kernel: [    0.017014] SRAT: PXM 0 -> APIC 0x001e -> Node 0
Jul 14 11:20:15 172.20.224.104 kernel: [    0.017016] SRAT: PXM 0 -> APIC 0x001f -> Node 0
Jul 14 11:20:15 172.20.224.104 kernel: [    0.017017] SRAT: PXM 0 -> APIC 0x0020 -> Node 0
Jul 14 11:20:15 172.20.224.104 kernel: [    0.017018] SRAT: PXM 0 -> APIC 0x0021 -> Node 0
Jul 14 11:20:15 172.20.224.104 kernel: [    0.017019] SRAT: PXM 0 -> APIC 0x0022 -> Node 0
Jul 14 11:20:15 172.20.224.104 kernel: [    0.017021] SRAT: PXM 0 -> APIC 0x0023 -> Node 0
Jul 14 11:20:15 172.20.224.104 kernel: [    0.017022] SRAT: PXM 0 -> APIC 0x0024 -> Node 0
Jul 14 11:20:15 172.20.224.104 kernel: [    0.017023] SRAT: PXM 0 -> APIC 0x0025 -> Node 0
Jul 14 11:20:15 172.20.224.104 kernel: [    0.017024] SRAT: PXM 0 -> APIC 0x0026 -> Node 0
Jul 14 11:20:15 172.20.224.104 kernel: [    0.017025] SRAT: PXM 0 -> APIC 0x0027 -> Node 0
Jul 14 11:20:15 172.20.224.104 kernel: [    0.017027] SRAT: PXM 0 -> APIC 0x0028 -> Node 0
Jul 14 11:20:15 172.20.224.104 kernel: [    0.017028] SRAT: PXM 0 -> APIC 0x0029 -> Node 0
Jul 14 11:20:15 172.20.224.104 kernel: [    0.017029] SRAT: PXM 0 -> APIC 0x002a -> Node 0
Jul 14 11:20:15 172.20.224.104 kernel: [    0.017030] SRAT: PXM 0 -> APIC 0x002b -> Node 0
Jul 14 11:20:15 172.20.224.104 kernel: [    0.017031] SRAT: PXM 0 -> APIC 0x002c -> Node 0
Jul 14 11:20:15 172.20.224.104 kernel: [    0.017033] SRAT: PXM 0 -> APIC 0x002d -> Node 0
Jul 14 11:20:15 172.20.224.104 kernel: [    0.017034] SRAT: PXM 0 -> APIC 0x002e -> Node 0
Jul 14 11:20:15 172.20.224.104 kernel: [    0.017035] SRAT: PXM 0 -> APIC 0x002f -> Node 0
Jul 14 11:20:15 172.20.224.104 kernel: [    0.017036] SRAT: PXM 0 -> APIC 0x0030 -> Node 0
Jul 14 11:20:15 172.20.224.104 kernel: [    0.017037] SRAT: PXM 0 -> APIC 0x0031 -> Node 0
Jul 14 11:20:15 172.20.224.104 kernel: [    0.017039] SRAT: PXM 0 -> APIC 0x0032 -> Node 0
Jul 14 11:20:15 172.20.224.104 kernel: [    0.017040] SRAT: PXM 0 -> APIC 0x0033 -> Node 0
Jul 14 11:20:15 172.20.224.104 kernel: [    0.017041] SRAT: PXM 0 -> APIC 0x0034 -> Node 0
Jul 14 11:20:15 172.20.224.104 kernel: [    0.017042] SRAT: PXM 0 -> APIC 0x0035 -> Node 0
Jul 14 11:20:15 172.20.224.104 kernel: [    0.017043] SRAT: PXM 0 -> APIC 0x0036 -> Node 0
Jul 14 11:20:15 172.20.224.104 kernel: [    0.017045] SRAT: PXM 0 -> APIC 0x0037 -> Node 0
Jul 14 11:20:15 172.20.224.104 kernel: [    0.017046] SRAT: PXM 0 -> APIC 0x0038 -> Node 0
Jul 14 11:20:15 172.20.224.104 kernel: [    0.017047] SRAT: PXM 0 -> APIC 0x0039 -> Node 0
Jul 14 11:20:15 172.20.224.104 kernel: [    0.017048] SRAT: PXM 0 -> APIC 0x003a -> Node 0
Jul 14 11:20:15 172.20.224.104 kernel: [    0.017049] SRAT: PXM 0 -> APIC 0x003b -> Node 0
Jul 14 11:20:15 172.20.224.104 kernel: [    0.017051] SRAT: PXM 0 -> APIC 0x003c -> Node 0
Jul 14 11:20:15 172.20.224.104 kernel: [    0.017052] SRAT: PXM 0 -> APIC 0x003d -> Node 0
Jul 14 11:20:15 172.20.224.104 kernel: [    0.017053] SRAT: PXM 0 -> APIC 0x003e -> Node 0
Jul 14 11:20:15 172.20.224.104 kernel: [    0.017054] SRAT: PXM 0 -> APIC 0x003f -> Node 0
Jul 14 11:20:15 172.20.224.104 kernel: [    0.017055] SRAT: PXM 0 -> APIC 0x0040 -> Node 0
Jul 14 11:20:15 172.20.224.104 kernel: [    0.017057] SRAT: PXM 0 -> APIC 0x0041 -> Node 0
Jul 14 11:20:15 172.20.224.104 kernel: [    0.017058] SRAT: PXM 0 -> APIC 0x0042 -> Node 0
Jul 14 11:20:15 172.20.224.104 kernel: [    0.017059] SRAT: PXM 0 -> APIC 0x0043 -> Node 0
Jul 14 11:20:15 172.20.224.104 kernel: [    0.017060] SRAT: PXM 0 -> APIC 0x0044 -> Node 0
Jul 14 11:20:15 172.20.224.104 kernel: [    0.017061] SRAT: PXM 0 -> APIC 0x0045 -> Node 0
Jul 14 11:20:15 172.20.224.104 kernel: [    0.017063] SRAT: PXM 0 -> APIC 0x0046 -> Node 0
Jul 14 11:20:15 172.20.224.104 kernel: [    0.017064] SRAT: PXM 0 -> APIC 0x0047 -> Node 0
Jul 14 11:20:15 172.20.224.104 kernel: [    0.017065] SRAT: PXM 0 -> APIC 0x0048 -> Node 0
Jul 14 11:20:15 172.20.224.104 kernel: [    0.017066] SRAT: PXM 0 -> APIC 0x0049 -> Node 0
Jul 14 11:20:15 172.20.224.104 kernel: [    0.017067] SRAT: PXM 0 -> APIC 0x004a -> Node 0
Jul 14 11:20:15 172.20.224.104 kernel: [    0.017069] SRAT: PXM 0 -> APIC 0x004b -> Node 0
Jul 14 11:20:15 172.20.224.104 kernel: [    0.017070] SRAT: PXM 0 -> APIC 0x004c -> Node 0
Jul 14 11:20:15 172.20.224.104 kernel: [    0.017071] SRAT: PXM 0 -> APIC 0x004d -> Node 0
Jul 14 11:20:15 172.20.224.104 kernel: [    0.017072] SRAT: PXM 0 -> APIC 0x004e -> Node 0
Jul 14 11:20:15 172.20.224.104 kernel: [    0.017073] SRAT: PXM 0 -> APIC 0x004f -> Node 0
Jul 14 11:20:15 172.20.224.104 kernel: [    0.017075] SRAT: PXM 0 -> APIC 0x0050 -> Node 0
Jul 14 11:20:15 172.20.224.104 kernel: [    0.017076] SRAT: PXM 0 -> APIC 0x0051 -> Node 0
Jul 14 11:20:15 172.20.224.104 kernel: [    0.017077] SRAT: PXM 0 -> APIC 0x0052 -> Node 0
Jul 14 11:20:15 172.20.224.104 kernel: [    0.017078] SRAT: PXM 0 -> APIC 0x0053 -> Node 0
Jul 14 11:20:15 172.20.224.104 kernel: [    0.017080] SRAT: PXM 0 -> APIC 0x0054 -> Node 0
Jul 14 11:20:15 172.20.224.104 kernel: [    0.017081] SRAT: PXM 0 -> APIC 0x0055 -> Node 0
Jul 14 11:20:15 172.20.224.104 kernel: [    0.017082] SRAT: PXM 0 -> APIC 0x0056 -> Node 0
Jul 14 11:20:15 172.20.224.104 kernel: [    0.017083] SRAT: PXM 0 -> APIC 0x0057 -> Node 0
Jul 14 11:20:15 172.20.224.104 kernel: [    0.017084] SRAT: PXM 0 -> APIC 0x0058 -> Node 0
Jul 14 11:20:15 172.20.224.104 kernel: [    0.017086] SRAT: PXM 0 -> APIC 0x0059 -> Node 0
Jul 14 11:20:15 172.20.224.104 kernel: [    0.017087] SRAT: PXM 0 -> APIC 0x005a -> Node 0
Jul 14 11:20:15 172.20.224.104 kernel: [    0.017088] SRAT: PXM 0 -> APIC 0x005b -> Node 0
Jul 14 11:20:15 172.20.224.104 kernel: [    0.017089] SRAT: PXM 0 -> APIC 0x005c -> Node 0
Jul 14 11:20:15 172.20.224.104 kernel: [    0.017090] SRAT: PXM 0 -> APIC 0x005d -> Node 0
Jul 14 11:20:15 172.20.224.104 kernel: [    0.017092] SRAT: PXM 0 -> APIC 0x005e -> Node 0
Jul 14 11:20:15 172.20.224.104 kernel: [    0.017093] SRAT: PXM 0 -> APIC 0x005f -> Node 0
Jul 14 11:20:15 172.20.224.104 kernel: [    0.017094] SRAT: PXM 0 -> APIC 0x0060 -> Node 0
Jul 14 11:20:15 172.20.224.104 kernel: [    0.017095] SRAT: PXM 0 -> APIC 0x0061 -> Node 0
Jul 14 11:20:15 172.20.224.104 kernel: [    0.017096] SRAT: PXM 0 -> APIC 0x0062 -> Node 0
Jul 14 11:20:15 172.20.224.104 kernel: [    0.017098] SRAT: PXM 0 -> APIC 0x0063 -> Node 0
Jul 14 11:20:15 172.20.224.104 kernel: [    0.017099] SRAT: PXM 0 -> APIC 0x0064 -> Node 0
Jul 14 11:20:15 172.20.224.104 kernel: [    0.017100] SRAT: PXM 0 -> APIC 0x0065 -> Node 0
Jul 14 11:20:15 172.20.224.104 kernel: [    0.017101] SRAT: PXM 0 -> APIC 0x0066 -> Node 0
Jul 14 11:20:15 172.20.224.104 kernel: [    0.017102] SRAT: PXM 0 -> APIC 0x0067 -> Node 0
Jul 14 11:20:15 172.20.224.104 kernel: [    0.017104] SRAT: PXM 0 -> APIC 0x0068 -> Node 0
Jul 14 11:20:15 172.20.224.104 kernel: [    0.017105] SRAT: PXM 0 -> APIC 0x0069 -> Node 0
Jul 14 11:20:15 172.20.224.104 kernel: [    0.017106] SRAT: PXM 0 -> APIC 0x006a -> Node 0
Jul 14 11:20:15 172.20.224.104 kernel: [    0.017107] SRAT: PXM 0 -> APIC 0x006b -> Node 0
Jul 14 11:20:15 172.20.224.104 kernel: [    0.017108] SRAT: PXM 0 -> APIC 0x006c -> Node 0
Jul 14 11:20:15 172.20.224.104 kernel: [    0.017110] SRAT: PXM 0 -> APIC 0x006d -> Node 0
Jul 14 11:20:15 172.20.224.104 kernel: [    0.017111] SRAT: PXM 0 -> APIC 0x006e -> Node 0
Jul 14 11:20:15 172.20.224.104 kernel: [    0.017112] SRAT: PXM 0 -> APIC 0x006f -> Node 0
Jul 14 11:20:15 172.20.224.104 kernel: [    0.017113] SRAT: PXM 1 -> APIC 0x0080 -> Node 1
Jul 14 11:20:15 172.20.224.104 kernel: [    0.017115] SRAT: PXM 1 -> APIC 0x0081 -> Node 1
Jul 14 11:20:15 172.20.224.104 kernel: [    0.017116] SRAT: PXM 1 -> APIC 0x0082 -> Node 1
Jul 14 11:20:15 172.20.224.104 kernel: [    0.017117] SRAT: PXM 1 -> APIC 0x0083 -> Node 1
Jul 14 11:20:15 172.20.224.104 kernel: [    0.017118] SRAT: PXM 1 -> APIC 0x0084 -> Node 1
Jul 14 11:20:15 172.20.224.104 kernel: [    0.017119] SRAT: PXM 1 -> APIC 0x0085 -> Node 1
Jul 14 11:20:15 172.20.224.104 kernel: [    0.017121] SRAT: PXM 1 -> APIC 0x0086 -> Node 1
Jul 14 11:20:15 172.20.224.104 kernel: [    0.017122] SRAT: PXM 1 -> APIC 0x0087 -> Node 1
Jul 14 11:20:15 172.20.224.104 kernel: [    0.017123] SRAT: PXM 1 -> APIC 0x0088 -> Node 1
Jul 14 11:20:15 172.20.224.104 kernel: [    0.017124] SRAT: PXM 1 -> APIC 0x0089 -> Node 1
Jul 14 11:20:15 172.20.224.104 kernel: [    0.017125] SRAT: PXM 1 -> APIC 0x008a -> Node 1
Jul 14 11:20:15 172.20.224.104 kernel: [    0.017127] SRAT: PXM 1 -> APIC 0x008b -> Node 1
Jul 14 11:20:15 172.20.224.104 kernel: [    0.017128] SRAT: PXM 1 -> APIC 0x008c -> Node 1
Jul 14 11:20:15 172.20.224.104 kernel: [    0.017129] SRAT: PXM 1 -> APIC 0x008d -> Node 1
Jul 14 11:20:15 172.20.224.104 kernel: [    0.017130] SRAT: PXM 1 -> APIC 0x008e -> Node 1
Jul 14 11:20:15 172.20.224.104 kernel: [    0.017131] SRAT: PXM 1 -> APIC 0x008f -> Node 1
Jul 14 11:20:15 172.20.224.104 kernel: [    0.017133] SRAT: PXM 1 -> APIC 0x0090 -> Node 1
Jul 14 11:20:15 172.20.224.104 kernel: [    0.017134] SRAT: PXM 1 -> APIC 0x0091 -> Node 1
Jul 14 11:20:15 172.20.224.104 kernel: [    0.017135] SRAT: PXM 1 -> APIC 0x0092 -> Node 1
Jul 14 11:20:15 172.20.224.104 kernel: [    0.017136] SRAT: PXM 1 -> APIC 0x0093 -> Node 1
Jul 14 11:20:15 172.20.224.104 kernel: [    0.017138] SRAT: PXM 1 -> APIC 0x0094 -> Node 1
Jul 14 11:20:15 172.20.224.104 kernel: [    0.017139] SRAT: PXM 1 -> APIC 0x0095 -> Node 1
Jul 14 11:20:15 172.20.224.104 kernel: [    0.017140] SRAT: PXM 1 -> APIC 0x0096 -> Node 1
Jul 14 11:20:15 172.20.224.104 kernel: [    0.017141] SRAT: PXM 1 -> APIC 0x0097 -> Node 1
Jul 14 11:20:15 172.20.224.104 kernel: [    0.017142] SRAT: PXM 1 -> APIC 0x0098 -> Node 1
Jul 14 11:20:15 172.20.224.104 kernel: [    0.017144] SRAT: PXM 1 -> APIC 0x0099 -> Node 1
Jul 14 11:20:15 172.20.224.104 kernel: [    0.017145] SRAT: PXM 1 -> APIC 0x009a -> Node 1
Jul 14 11:20:15 172.20.224.104 kernel: [    0.017146] SRAT: PXM 1 -> APIC 0x009b -> Node 1
Jul 14 11:20:15 172.20.224.104 kernel: [    0.017147] SRAT: PXM 1 -> APIC 0x009c -> Node 1
Jul 14 11:20:15 172.20.224.104 kernel: [    0.017148] SRAT: PXM 1 -> APIC 0x009d -> Node 1
Jul 14 11:20:15 172.20.224.104 kernel: [    0.017150] SRAT: PXM 1 -> APIC 0x009e -> Node 1
Jul 14 11:20:15 172.20.224.104 kernel: [    0.017151] SRAT: PXM 1 -> APIC 0x009f -> Node 1
Jul 14 11:20:15 172.20.224.104 kernel: [    0.017152] SRAT: PXM 1 -> APIC 0x00a0 -> Node 1
Jul 14 11:20:15 172.20.224.104 kernel: [    0.017153] SRAT: PXM 1 -> APIC 0x00a1 -> Node 1
Jul 14 11:20:15 172.20.224.104 kernel: [    0.017154] SRAT: PXM 1 -> APIC 0x00a2 -> Node 1
Jul 14 11:20:15 172.20.224.104 kernel: [    0.017156] SRAT: PXM 1 -> APIC 0x00a3 -> Node 1
Jul 14 11:20:15 172.20.224.104 kernel: [    0.017157] SRAT: PXM 1 -> APIC 0x00a4 -> Node 1
Jul 14 11:20:15 172.20.224.104 kernel: [    0.017158] SRAT: PXM 1 -> APIC 0x00a5 -> Node 1
Jul 14 11:20:15 172.20.224.104 kernel: [    0.017159] SRAT: PXM 1 -> APIC 0x00a6 -> Node 1
Jul 14 11:20:15 172.20.224.104 kernel: [    0.017160] SRAT: PXM 1 -> APIC 0x00a7 -> Node 1
Jul 14 11:20:15 172.20.224.104 kernel: [    0.017162] SRAT: PXM 1 -> APIC 0x00a8 -> Node 1
Jul 14 11:20:15 172.20.224.104 kernel: [    0.017163] SRAT: PXM 1 -> APIC 0x00a9 -> Node 1
Jul 14 11:20:15 172.20.224.104 kernel: [    0.017164] SRAT: PXM 1 -> APIC 0x00aa -> Node 1
Jul 14 11:20:15 172.20.224.104 kernel: [    0.017165] SRAT: PXM 1 -> APIC 0x00ab -> Node 1
Jul 14 11:20:15 172.20.224.104 kernel: [    0.017166] SRAT: PXM 1 -> APIC 0x00ac -> Node 1
Jul 14 11:20:15 172.20.224.104 kernel: [    0.017168] SRAT: PXM 1 -> APIC 0x00ad -> Node 1
Jul 14 11:20:15 172.20.224.104 kernel: [    0.017169] SRAT: PXM 1 -> APIC 0x00ae -> Node 1
Jul 14 11:20:15 172.20.224.104 kernel: [    0.017170] SRAT: PXM 1 -> APIC 0x00af -> Node 1
Jul 14 11:20:15 172.20.224.104 kernel: [    0.017171] SRAT: PXM 1 -> APIC 0x00b0 -> Node 1
Jul 14 11:20:15 172.20.224.104 kernel: [    0.017172] SRAT: PXM 1 -> APIC 0x00b1 -> Node 1
Jul 14 11:20:15 172.20.224.104 kernel: [    0.017174] SRAT: PXM 1 -> APIC 0x00b2 -> Node 1
Jul 14 11:20:15 172.20.224.104 kernel: [    0.017175] SRAT: PXM 1 -> APIC 0x00b3 -> Node 1
Jul 14 11:20:15 172.20.224.104 kernel: [    0.017176] SRAT: PXM 1 -> APIC 0x00b4 -> Node 1
Jul 14 11:20:15 172.20.224.104 kernel: [    0.017177] SRAT: PXM 1 -> APIC 0x00b5 -> Node 1
Jul 14 11:20:15 172.20.224.104 kernel: [    0.017178] SRAT: PXM 1 -> APIC 0x00b6 -> Node 1
Jul 14 11:20:15 172.20.224.104 kernel: [    0.017180] SRAT: PXM 1 -> APIC 0x00b7 -> Node 1
Jul 14 11:20:15 172.20.224.104 kernel: [    0.017181] SRAT: PXM 1 -> APIC 0x00b8 -> Node 1
Jul 14 11:20:15 172.20.224.104 kernel: [    0.017182] SRAT: PXM 1 -> APIC 0x00b9 -> Node 1
Jul 14 11:20:15 172.20.224.104 kernel: [    0.017183] SRAT: PXM 1 -> APIC 0x00ba -> Node 1
Jul 14 11:20:15 172.20.224.104 kernel: [    0.017184] SRAT: PXM 1 -> APIC 0x00bb -> Node 1
Jul 14 11:20:15 172.20.224.104 kernel: [    0.017186] SRAT: PXM 1 -> APIC 0x00bc -> Node 1
Jul 14 11:20:15 172.20.224.104 kernel: [    0.017187] SRAT: PXM 1 -> APIC 0x00bd -> Node 1
Jul 14 11:20:15 172.20.224.104 kernel: [    0.017188] SRAT: PXM 1 -> APIC 0x00be -> Node 1
Jul 14 11:20:15 172.20.224.104 kernel: [    0.017189] SRAT: PXM 1 -> APIC 0x00bf -> Node 1
Jul 14 11:20:15 172.20.224.104 kernel: [    0.017190] SRAT: PXM 1 -> APIC 0x00c0 -> Node 1
Jul 14 11:20:15 172.20.224.104 kernel: [    0.017192] SRAT: PXM 1 -> APIC 0x00c1 -> Node 1
Jul 14 11:20:15 172.20.224.104 kernel: [    0.017193] SRAT: PXM 1 -> APIC 0x00c2 -> Node 1
Jul 14 11:20:15 172.20.224.104 kernel: [    0.017194] SRAT: PXM 1 -> APIC 0x00c3 -> Node 1
Jul 14 11:20:15 172.20.224.104 kernel: [    0.017195] SRAT: PXM 1 -> APIC 0x00c4 -> Node 1
Jul 14 11:20:15 172.20.224.104 kernel: [    0.017196] SRAT: PXM 1 -> APIC 0x00c5 -> Node 1
Jul 14 11:20:15 172.20.224.104 kernel: [    0.017198] SRAT: PXM 1 -> APIC 0x00c6 -> Node 1
Jul 14 11:20:15 172.20.224.104 kernel: [    0.017199] SRAT: PXM 1 -> APIC 0x00c7 -> Node 1
Jul 14 11:20:15 172.20.224.104 kernel: [    0.017200] SRAT: PXM 1 -> APIC 0x00c8 -> Node 1
Jul 14 11:20:15 172.20.224.104 kernel: [    0.017201] SRAT: PXM 1 -> APIC 0x00c9 -> Node 1
Jul 14 11:20:15 172.20.224.104 kernel: [    0.017202] SRAT: PXM 1 -> APIC 0x00ca -> Node 1
Jul 14 11:20:15 172.20.224.104 kernel: [    0.017204] SRAT: PXM 1 -> APIC 0x00cb -> Node 1
Jul 14 11:20:15 172.20.224.104 kernel: [    0.017205] SRAT: PXM 1 -> APIC 0x00cc -> Node 1
Jul 14 11:20:15 172.20.224.104 kernel: [    0.017206] SRAT: PXM 1 -> APIC 0x00cd -> Node 1
Jul 14 11:20:15 172.20.224.104 kernel: [    0.017207] SRAT: PXM 1 -> APIC 0x00ce -> Node 1
Jul 14 11:20:15 172.20.224.104 kernel: [    0.017208] SRAT: PXM 1 -> APIC 0x00cf -> Node 1
Jul 14 11:20:15 172.20.224.104 kernel: [    0.017210] SRAT: PXM 1 -> APIC 0x00d0 -> Node 1
Jul 14 11:20:15 172.20.224.104 kernel: [    0.017211] SRAT: PXM 1 -> APIC 0x00d1 -> Node 1
Jul 14 11:20:15 172.20.224.104 kernel: [    0.017212] SRAT: PXM 1 -> APIC 0x00d2 -> Node 1
Jul 14 11:20:15 172.20.224.104 kernel: [    0.017213] SRAT: PXM 1 -> APIC 0x00d3 -> Node 1
Jul 14 11:20:15 172.20.224.104 kernel: [    0.017214] SRAT: PXM 1 -> APIC 0x00d4 -> Node 1
Jul 14 11:20:15 172.20.224.104 kernel: [    0.017216] SRAT: PXM 1 -> APIC 0x00d5 -> Node 1
Jul 14 11:20:15 172.20.224.104 kernel: [    0.017217] SRAT: PXM 1 -> APIC 0x00d6 -> Node 1
Jul 14 11:20:15 172.20.224.104 kernel: [    0.017218] SRAT: PXM 1 -> APIC 0x00d7 -> Node 1
Jul 14 11:20:15 172.20.224.104 kernel: [    0.017219] SRAT: PXM 1 -> APIC 0x00d8 -> Node 1
Jul 14 11:20:15 172.20.224.104 kernel: [    0.017220] SRAT: PXM 1 -> APIC 0x00d9 -> Node 1
Jul 14 11:20:15 172.20.224.104 kernel: [    0.017222] SRAT: PXM 1 -> APIC 0x00da -> Node 1
Jul 14 11:20:15 172.20.224.104 kernel: [    0.017223] SRAT: PXM 1 -> APIC 0x00db -> Node 1
Jul 14 11:20:15 172.20.224.104 kernel: [    0.017224] SRAT: PXM 1 -> APIC 0x00dc -> Node 1
Jul 14 11:20:15 172.20.224.104 kernel: [    0.017225] SRAT: PXM 1 -> APIC 0x00dd -> Node 1
Jul 14 11:20:15 172.20.224.104 kernel: [    0.017226] SRAT: PXM 1 -> APIC 0x00de -> Node 1
Jul 14 11:20:15 172.20.224.104 kernel: [    0.017228] SRAT: PXM 1 -> APIC 0x00df -> Node 1
Jul 14 11:20:15 172.20.224.104 kernel: [    0.017229] SRAT: PXM 1 -> APIC 0x00e0 -> Node 1
Jul 14 11:20:15 172.20.224.104 kernel: [    0.017230] SRAT: PXM 1 -> APIC 0x00e1 -> Node 1
Jul 14 11:20:15 172.20.224.104 kernel: [    0.017231] SRAT: PXM 1 -> APIC 0x00e2 -> Node 1
Jul 14 11:20:15 172.20.224.104 kernel: [    0.017232] SRAT: PXM 1 -> APIC 0x00e3 -> Node 1
Jul 14 11:20:15 172.20.224.104 kernel: [    0.017234] SRAT: PXM 1 -> APIC 0x00e4 -> Node 1
Jul 14 11:20:15 172.20.224.104 kernel: [    0.017235] SRAT: PXM 1 -> APIC 0x00e5 -> Node 1
Jul 14 11:20:15 172.20.224.104 kernel: [    0.017236] SRAT: PXM 1 -> APIC 0x00e6 -> Node 1
Jul 14 11:20:15 172.20.224.104 kernel: [    0.017237] SRAT: PXM 1 -> APIC 0x00e7 -> Node 1
Jul 14 11:20:15 172.20.224.104 kernel: [    0.017238] SRAT: PXM 1 -> APIC 0x00e8 -> Node 1
Jul 14 11:20:15 172.20.224.104 kernel: [    0.017240] SRAT: PXM 1 -> APIC 0x00e9 -> Node 1
Jul 14 11:20:15 172.20.224.104 kernel: [    0.017241] SRAT: PXM 1 -> APIC 0x00ea -> Node 1
Jul 14 11:20:15 172.20.224.104 kernel: [    0.017242] SRAT: PXM 1 -> APIC 0x00eb -> Node 1
Jul 14 11:20:15 172.20.224.104 kernel: [    0.017243] SRAT: PXM 1 -> APIC 0x00ec -> Node 1
Jul 14 11:20:15 172.20.224.104 kernel: [    0.017244] SRAT: PXM 1 -> APIC 0x00ed -> Node 1
Jul 14 11:20:15 172.20.224.104 kernel: [    0.017246] SRAT: PXM 1 -> APIC 0x00ee -> Node 1
Jul 14 11:20:15 172.20.224.104 kernel: [    0.017247] SRAT: PXM 1 -> APIC 0x00ef -> Node 1
Jul 14 11:20:15 172.20.224.104 kernel: [    0.017264] ACPI: SRAT: Node 0 PXM 0 [mem 0x00000000-0x7fffffff]
Jul 14 11:20:15 172.20.224.104 kernel: [    0.017267] ACPI: SRAT: Node 0 PXM 0 [mem 0x100000000-0x1007fffffff]
Jul 14 11:20:15 172.20.224.104 kernel: [    0.017269] ACPI: SRAT: Node 1 PXM 1 [mem 0x10080000000-0x2007fffffff]
Jul 14 11:20:15 172.20.224.104 kernel: [    0.017285] NUMA: Initialized distance table, cnt=2
Jul 14 11:20:15 172.20.224.104 kernel: [    0.017287] NUMA: Node 0 [mem 0x00000000-0x7fffffff] + [mem 0x100000000-0x1007fffffff] -> [mem 0x00000000-0x1007fffffff]
Jul 14 11:20:15 172.20.224.104 kernel: [    0.017302] NODE_DATA(0) allocated [mem 0x1007ffd6000-0x1007fffffff]
Jul 14 11:20:15 172.20.224.104 kernel: [    0.017321] NODE_DATA(1) allocated [mem 0x2007ffd2000-0x2007fffbfff]
Jul 14 11:20:15 172.20.224.104 kernel: [    0.020826] Zone ranges:
Jul 14 11:20:15 172.20.224.104 kernel: [    0.020828]   DMA      [mem 0x0000000000001000-0x0000000000ffffff]
Jul 14 11:20:15 172.20.224.104 kernel: [    0.020831]   DMA32    [mem 0x0000000001000000-0x00000000ffffffff]
Jul 14 11:20:15 172.20.224.104 kernel: [    0.020834]   Normal   [mem 0x0000000100000000-0x000002007fffffff]
Jul 14 11:20:15 172.20.224.104 kernel: [    0.020836]   Device   empty
Jul 14 11:20:15 172.20.224.104 kernel: [    0.020838] Movable zone start for each node
Jul 14 11:20:15 172.20.224.104 kernel: [    0.020842] Early memory node ranges
Jul 14 11:20:15 172.20.224.104 kernel: [    0.020843]   node   0: [mem 0x0000000000001000-0x000000000009ffff]
Jul 14 11:20:15 172.20.224.104 kernel: [    0.020845]   node   0: [mem 0x0000000000100000-0x000000006868cfff]
Jul 14 11:20:15 172.20.224.104 kernel: [    0.020847]   node   0: [mem 0x0000000068690000-0x000000006f702fff]
Jul 14 11:20:15 172.20.224.104 kernel: [    0.020849]   node   0: [mem 0x00000000777ff000-0x00000000777fffff]
Jul 14 11:20:15 172.20.224.104 kernel: [    0.020850]   node   0: [mem 0x0000000100000000-0x000001007fffffff]
Jul 14 11:20:15 172.20.224.104 kernel: [    0.020972]   node   1: [mem 0x0000010080000000-0x000002007fffffff]
Jul 14 11:20:15 172.20.224.104 kernel: [    0.021097] Initmem setup node 0 [mem 0x0000000000001000-0x000001007fffffff]
Jul 14 11:20:15 172.20.224.104 kernel: [    0.021102] Initmem setup node 1 [mem 0x0000010080000000-0x000002007fffffff]
Jul 14 11:20:15 172.20.224.104 kernel: [    0.021108] On node 0, zone DMA: 1 pages in unavailable ranges
Jul 14 11:20:15 172.20.224.104 kernel: [    0.021152] On node 0, zone DMA: 96 pages in unavailable ranges
Jul 14 11:20:15 172.20.224.104 kernel: [    0.025727] On node 0, zone DMA32: 3 pages in unavailable ranges
Jul 14 11:20:15 172.20.224.104 kernel: [    0.026236] On node 0, zone DMA32: 33020 pages in unavailable ranges
Jul 14 11:20:15 172.20.224.104 kernel: [    2.750613] On node 0, zone Normal: 2048 pages in unavailable ranges
Jul 14 11:20:15 172.20.224.104 kernel: [    6.282528] ACPI: PM-Timer IO Port: 0x508
Jul 14 11:20:15 172.20.224.104 kernel: [    6.282577] ACPI: X2APIC_NMI (uid[0xffffffff] high edge lint[0x1])
Jul 14 11:20:15 172.20.224.104 kernel: [    6.282582] ACPI: LAPIC_NMI (acpi_id[0xff] high edge lint[0x1])
Jul 14 11:20:15 172.20.224.104 kernel: [    6.282604] IOAPIC[0]: apic_id 8, version 32, address 0xfec00000, GSI 0-23
Jul 14 11:20:15 172.20.224.104 kernel: [    6.282609] ACPI: INT_SRC_OVR (bus 0 bus_irq 0 global_irq 2 dfl dfl)
Jul 14 11:20:15 172.20.224.104 kernel: [    6.282612] ACPI: INT_SRC_OVR (bus 0 bus_irq 9 global_irq 9 high level)
Jul 14 11:20:15 172.20.224.104 kernel: [    6.282618] ACPI: Using ACPI (MADT) for SMP configuration information
Jul 14 11:20:15 172.20.224.104 kernel: [    6.282620] ACPI: HPET id: 0x8086a701 base: 0xfed00000
Jul 14 11:20:15 172.20.224.104 kernel: [    6.282626] ACPI: SPCR: console: uart,io,0x3f8,115200
Jul 14 11:20:15 172.20.224.104 kernel: [    6.282629] TSC deadline timer available
Jul 14 11:20:15 172.20.224.104 kernel: [    6.282631] smpboot: Allowing 224 CPUs, 0 hotplug CPUs
Jul 14 11:20:15 172.20.224.104 kernel: [    6.282664] PM: hibernation: Registered nosave memory: [mem 0x00000000-0x00000fff]
Jul 14 11:20:15 172.20.224.104 kernel: [    6.282667] PM: hibernation: Registered nosave memory: [mem 0x000a0000-0x000fffff]
Jul 14 11:20:15 172.20.224.104 kernel: [    6.282670] PM: hibernation: Registered nosave memory: [mem 0x6298a000-0x6298afff]
Jul 14 11:20:15 172.20.224.104 kernel: [    6.282673] PM: hibernation: Registered nosave memory: [mem 0x62a49000-0x62a49fff]
Jul 14 11:20:15 172.20.224.104 kernel: [    6.282676] PM: hibernation: Registered nosave memory: [mem 0x62a9a000-0x62a9afff]
Jul 14 11:20:15 172.20.224.104 kernel: [    6.282678] PM: hibernation: Registered nosave memory: [mem 0x62aed000-0x62aedfff]
Jul 14 11:20:15 172.20.224.104 kernel: [    6.282681] PM: hibernation: Registered nosave memory: [mem 0x62b1d000-0x62b1dfff]
Jul 14 11:20:15 172.20.224.104 kernel: [    6.282684] PM: hibernation: Registered nosave memory: [mem 0x62b70000-0x62b70fff]
Jul 14 11:20:15 172.20.224.104 kernel: [    6.282685] PM: hibernation: Registered nosave memory: [mem 0x62b71000-0x62b71fff]
Jul 14 11:20:15 172.20.224.104 kernel: [    6.282688] PM: hibernation: Registered nosave memory: [mem 0x62c30000-0x62c30fff]
Jul 14 11:20:15 172.20.224.104 kernel: [    6.282691] PM: hibernation: Registered nosave memory: [mem 0x62db5000-0x62db5fff]
Jul 14 11:20:15 172.20.224.104 kernel: [    6.282693] PM: hibernation: Registered nosave memory: [mem 0x62e74000-0x62e74fff]
Jul 14 11:20:15 172.20.224.104 kernel: [    6.282696] PM: hibernation: Registered nosave memory: [mem 0x63c5e000-0x63c5efff]
Jul 14 11:20:15 172.20.224.104 kernel: [    6.282699] PM: hibernation: Registered nosave memory: [mem 0x63d1d000-0x63d1dfff]
Jul 14 11:20:15 172.20.224.104 kernel: [    6.282700] PM: hibernation: Registered nosave memory: [mem 0x63d1e000-0x63d1efff]
Jul 14 11:20:15 172.20.224.104 kernel: [    6.282703] PM: hibernation: Registered nosave memory: [mem 0x63d56000-0x63d56fff]
Jul 14 11:20:15 172.20.224.104 kernel: [    6.282705] PM: hibernation: Registered nosave memory: [mem 0x6868d000-0x6868ffff]
Jul 14 11:20:15 172.20.224.104 kernel: [    6.282708] PM: hibernation: Registered nosave memory: [mem 0x6f703000-0x71802fff]
Jul 14 11:20:15 172.20.224.104 kernel: [    6.282709] PM: hibernation: Registered nosave memory: [mem 0x71803000-0x72102fff]
Jul 14 11:20:15 172.20.224.104 kernel: [    6.282711] PM: hibernation: Registered nosave memory: [mem 0x72103000-0x7530efff]
Jul 14 11:20:15 172.20.224.104 kernel: [    6.282712] PM: hibernation: Registered nosave memory: [mem 0x7530f000-0x777fefff]
Jul 14 11:20:15 172.20.224.104 kernel: [    6.282714] PM: hibernation: Registered nosave memory: [mem 0x77800000-0x8fffffff]
Jul 14 11:20:15 172.20.224.104 kernel: [    6.282716] PM: hibernation: Registered nosave memory: [mem 0x90000000-0xfe00ffff]
Jul 14 11:20:15 172.20.224.104 kernel: [    6.282717] PM: hibernation: Registered nosave memory: [mem 0xfe010000-0xfe010fff]
Jul 14 11:20:15 172.20.224.104 kernel: [    6.282718] PM: hibernation: Registered nosave memory: [mem 0xfe011000-0xfeffffff]
Jul 14 11:20:15 172.20.224.104 kernel: [    6.282720] PM: hibernation: Registered nosave memory: [mem 0xff000000-0xffffffff]
Jul 14 11:20:15 172.20.224.104 kernel: [    6.282722] [mem 0x90000000-0xfe00ffff] available for PCI devices
Jul 14 11:20:15 172.20.224.104 kernel: [    6.282724] Booting paravirtualized kernel on bare hardware
Jul 14 11:20:15 172.20.224.104 kernel: [    6.282728] clocksource: refined-jiffies: mask: 0xffffffff max_cycles: 0xffffffff, max_idle_ns: 7645519600211568 ns
Jul 14 11:20:15 172.20.224.104 kernel: [    6.282738] setup_percpu: NR_CPUS:8192 nr_cpumask_bits:224 nr_cpu_ids:224 nr_node_ids:2
Jul 14 11:20:15 172.20.224.104 kernel: [    6.294447] percpu: Embedded 62 pages/cpu s217088 r8192 d28672 u262144
Jul 14 11:20:15 172.20.224.104 kernel: [    6.294468] pcpu-alloc: s217088 r8192 d28672 u262144 alloc=1*2097152
Jul 14 11:20:15 172.20.224.104 kernel: [    6.294471] pcpu-alloc: [0] 000 001 002 003 004 005 006 007 
Jul 14 11:20:15 172.20.224.104 kernel: [    6.294479] pcpu-alloc: [0] 008 009 010 011 012 013 014 015 
Jul 14 11:20:15 172.20.224.104 kernel: [    6.294486] pcpu-alloc: [0] 016 017 018 019 020 021 022 023 
Jul 14 11:20:15 172.20.224.104 kernel: [    6.294492] pcpu-alloc: [0] 024 025 026 027 028 029 030 031 
Jul 14 11:20:15 172.20.224.104 kernel: [    6.294498] pcpu-alloc: [0] 032 033 034 035 036 037 038 039 
Jul 14 11:20:15 172.20.224.104 kernel: [    6.294505] pcpu-alloc: [0] 040 041 042 043 044 045 046 047 
Jul 14 11:20:15 172.20.224.104 kernel: [    6.294511] pcpu-alloc: [0] 048 049 050 051 052 053 054 055 
Jul 14 11:20:15 172.20.224.104 kernel: [    6.294517] pcpu-alloc: [0] 112 113 114 115 116 117 118 119 
Jul 14 11:20:15 172.20.224.104 kernel: [    6.294523] pcpu-alloc: [0] 120 121 122 123 124 125 126 127 
Jul 14 11:20:15 172.20.224.104 kernel: [    6.294529] pcpu-alloc: [0] 128 129 130 131 132 133 134 135 
Jul 14 11:20:15 172.20.224.104 kernel: [    6.294536] pcpu-alloc: [0] 136 137 138 139 140 141 142 143 
Jul 14 11:20:15 172.20.224.104 kernel: [    6.294542] pcpu-alloc: [0] 144 145 146 147 148 149 150 151 
Jul 14 11:20:15 172.20.224.104 kernel: [    6.294548] pcpu-alloc: [0] 152 153 154 155 156 157 158 159 
Jul 14 11:20:15 172.20.224.104 kernel: [    6.294554] pcpu-alloc: [0] 160 161 162 163 164 165 166 167 
Jul 14 11:20:15 172.20.224.104 kernel: [    6.294560] pcpu-alloc: [1] 056 057 058 059 060 061 062 063 
Jul 14 11:20:15 172.20.224.104 kernel: [    6.294567] pcpu-alloc: [1] 064 065 066 067 068 069 070 071 
Jul 14 11:20:15 172.20.224.104 kernel: [    6.294573] pcpu-alloc: [1] 072 073 074 075 076 077 078 079 
Jul 14 11:20:15 172.20.224.104 kernel: [    6.294579] pcpu-alloc: [1] 080 081 082 083 084 085 086 087 
Jul 14 11:20:15 172.20.224.104 kernel: [    6.294585] pcpu-alloc: [1] 088 089 090 091 092 093 094 095 
Jul 14 11:20:15 172.20.224.104 kernel: [    6.294591] pcpu-alloc: [1] 096 097 098 099 100 101 102 103 
Jul 14 11:20:15 172.20.224.104 kernel: [    6.294597] pcpu-alloc: [1] 104 105 106 107 108 109 110 111 
Jul 14 11:20:15 172.20.224.104 kernel: [    6.294603] pcpu-alloc: [1] 168 169 170 171 172 173 174 175 
Jul 14 11:20:15 172.20.224.104 kernel: [    6.294609] pcpu-alloc: [1] 176 177 178 179 180 181 182 183 
Jul 14 11:20:15 172.20.224.104 kernel: [    6.294615] pcpu-alloc: [1] 184 185 186 187 188 189 190 191 
Jul 14 11:20:15 172.20.224.104 kernel: [    6.294622] pcpu-alloc: [1] 192 193 194 195 196 197 198 199 
Jul 14 11:20:15 172.20.224.104 kernel: [    6.294628] pcpu-alloc: [1] 200 201 202 203 204 205 206 207 
Jul 14 11:20:15 172.20.224.104 kernel: [    6.294634] pcpu-alloc: [1] 208 209 210 211 212 213 214 215 
Jul 14 11:20:15 172.20.224.104 kernel: [    6.294640] pcpu-alloc: [1] 216 217 218 219 220 221 222 223 
Jul 14 11:20:15 172.20.224.104 kernel: [    6.294734] Built 2 zonelists, mobility grouping on.  Total pages: 528415268
Jul 14 11:20:15 172.20.224.104 kernel: [    6.294737] Policy zone: Normal
Jul 14 11:20:15 172.20.224.104 kernel: [    6.294739] Kernel command line: BOOT_IMAGE=(tftp)/category/vmlinuz.dgx-h200 nouveau.modeset=0 nvme_core.multipath=n console=tty0 rw BOOTIF=01-c4-70-bd-d9-6c-31 ip=172.20.224.104:172.20.224.14:0xac14e001:0xffffff00
Jul 14 11:20:15 172.20.224.104 kernel: [    6.294862] Unknown kernel command line parameters "BOOT_IMAGE=(tftp)/category/vmlinuz.dgx-h200 BOOTIF=01-c4-70-bd-d9-6c-31 ip=172.20.224.104:172.20.224.14:0xac14e001:0xffffff00", will be passed to user space.
Jul 14 11:20:15 172.20.224.104 kernel: [    6.294865] printk: log_buf_len individual max cpu contribution: 4096 bytes
Jul 14 11:20:15 172.20.224.104 kernel: [    6.294867] printk: log_buf_len total cpu_extra contributions: 913408 bytes
Jul 14 11:20:15 172.20.224.104 kernel: [    6.294868] printk: log_buf_len min size: 262144 bytes
Jul 14 11:20:15 172.20.224.104 kernel: [    6.297167] printk: log_buf_len: 2097152 bytes
Jul 14 11:20:15 172.20.224.104 kernel: [    6.297169] printk: early log buf free: 222360(84%)
Jul 14 11:20:15 172.20.224.104 kernel: [    6.304559] mem auto-init: stack:off, heap alloc:on, heap free:off
Jul 14 11:20:15 172.20.224.104 kernel: [   11.327133] Memory: 2113151348K/2147211904K available (16392K kernel code, 4400K rwdata, 11004K rodata, 3376K init, 18688K bss, 34060352K reserved, 0K cma-reserved)
Jul 14 11:20:15 172.20.224.104 kernel: [   11.328845] SLUB: HWalign=64, Order=0-3, MinObjects=0, CPUs=224, Nodes=2
Jul 14 11:20:15 172.20.224.104 kernel: [   11.328954] ftrace: allocating 50824 entries in 199 pages
Jul 14 11:20:15 172.20.224.104 kernel: [   11.365748] ftrace: allocated 199 pages with 5 groups
Jul 14 11:20:15 172.20.224.104 kernel: [   11.367104] rcu: Hierarchical RCU implementation.
Jul 14 11:20:15 172.20.224.104 kernel: [   11.367106] rcu: #011RCU restricting CPUs from NR_CPUS=8192 to nr_cpu_ids=224.
Jul 14 11:20:15 172.20.224.104 kernel: [   11.367109] #011Rude variant of Tasks RCU enabled.
Jul 14 11:20:15 172.20.224.104 kernel: [   11.367110] #011Tracing variant of Tasks RCU enabled.
Jul 14 11:20:15 172.20.224.104 kernel: [   11.367112] rcu: RCU calculated value of scheduler-enlistment delay is 25 jiffies.
Jul 14 11:20:15 172.20.224.104 kernel: [   11.367114] rcu: Adjusting geometry for rcu_fanout_leaf=16, nr_cpu_ids=224
Jul 14 11:20:15 172.20.224.104 kernel: [   11.372996] NR_IRQS: 524544, nr_irqs: 2216, preallocated irqs: 16
Jul 14 11:20:15 172.20.224.104 kernel: [   11.373690] random: crng init done
Jul 14 11:20:15 172.20.224.104 kernel: [   11.374154] Console: colour dummy device 80x25
Jul 14 11:20:15 172.20.224.104 kernel: [   11.374989] printk: console [tty0] enabled
Jul 14 11:20:15 172.20.224.104 kernel: [   11.375387] mempolicy: Enabling automatic NUMA balancing. Configure with numa_balancing= or the kernel.numa_balancing sysctl
Jul 14 11:20:15 172.20.224.104 kernel: [   11.375397] ACPI: Core revision 20210730
Jul 14 11:20:15 172.20.224.104 kernel: [   11.377873] clocksource: hpet: mask: 0xffffffff max_cycles: 0xffffffff, max_idle_ns: 76450417870 ns
Jul 14 11:20:15 172.20.224.104 kernel: [   11.377931] APIC: Switch to symmetric I/O mode setup
Jul 14 11:20:15 172.20.224.104 kernel: [   11.377936] DMAR: Host address width 52
Jul 14 11:20:15 172.20.224.104 kernel: [   11.377938] DMAR: DRHD base: 0x000000da7fc000 flags: 0x0
Jul 14 11:20:15 172.20.224.104 kernel: [   11.377945] DMAR: dmar0: reg_base_addr da7fc000 ver 6:0 cap 19ed008c40780c66 ecap 3ee9e86f050df
Jul 14 11:20:15 172.20.224.104 kernel: [   11.377951] DMAR: DRHD base: 0x000000ea7fc000 flags: 0x0
Jul 14 11:20:15 172.20.224.104 kernel: [   11.377956] DMAR: dmar1: reg_base_addr ea7fc000 ver 6:0 cap 19ed008c40780c66 ecap 3ee9e86f050df
Jul 14 11:20:15 172.20.224.104 kernel: [   11.377960] DMAR: DRHD base: 0x000000ef7fc000 flags: 0x0
Jul 14 11:20:15 172.20.224.104 kernel: [   11.377965] DMAR: dmar2: reg_base_addr ef7fc000 ver 6:0 cap 19ed008c40780c66 ecap 3ee9e86f050df
Jul 14 11:20:15 172.20.224.104 kernel: [   11.377969] DMAR: DRHD base: 0x000000f47fc000 flags: 0x0
Jul 14 11:20:15 172.20.224.104 kernel: [   11.377975] DMAR: dmar3: reg_base_addr f47fc000 ver 6:0 cap 19ed008c40780c66 ecap 3ee9e86f050df
Jul 14 11:20:15 172.20.224.104 kernel: [   11.377980] DMAR: DRHD base: 0x000000f97fc000 flags: 0x0
Jul 14 11:20:15 172.20.224.104 kernel: [   11.377984] DMAR: dmar4: reg_base_addr f97fc000 ver 6:0 cap 19ed008c40780c66 ecap 3ee9e86f050df
Jul 14 11:20:15 172.20.224.104 kernel: [   11.377988] DMAR: DRHD base: 0x000000d57fc000 flags: 0x0
Jul 14 11:20:15 172.20.224.104 kernel: [   11.377992] DMAR: dmar5: reg_base_addr d57fc000 ver 6:0 cap 19ed008c40780c66 ecap 3ee9e86f050df
Jul 14 11:20:15 172.20.224.104 kernel: [   11.377997] DMAR: DRHD base: 0x000000f9ffc000 flags: 0x0
Jul 14 11:20:15 172.20.224.104 kernel: [   11.378001] DMAR: dmar6: reg_base_addr f9ffc000 ver 6:0 cap 19ed008c40780c66 ecap 3ef9ea6f050df
Jul 14 11:20:15 172.20.224.104 kernel: [   11.378005] DMAR: DRHD base: 0x000000fa7fc000 flags: 0x0
Jul 14 11:20:15 172.20.224.104 kernel: [   11.378010] DMAR: dmar7: reg_base_addr fa7fc000 ver 6:0 cap 19ed008c40780c66 ecap 3ef9ea6f050df
Jul 14 11:20:15 172.20.224.104 kernel: [   11.378014] DMAR: DRHD base: 0x000000faffc000 flags: 0x0
Jul 14 11:20:15 172.20.224.104 kernel: [   11.378026] DMAR: dmar8: reg_base_addr faffc000 ver 6:0 cap 19ed008c40780c66 ecap 3ef9ea6f050df
Jul 14 11:20:15 172.20.224.104 kernel: [   11.378030] DMAR: DRHD base: 0x000000fb7fc000 flags: 0x0
Jul 14 11:20:15 172.20.224.104 kernel: [   11.378034] DMAR: dmar9: reg_base_addr fb7fc000 ver 6:0 cap 19ed008c40780c66 ecap 3ef9ea6f050df
Jul 14 11:20:15 172.20.224.104 kernel: [   11.378039] DMAR: DRHD base: 0x000000afffc000 flags: 0x0
Jul 14 11:20:15 172.20.224.104 kernel: [   11.378043] DMAR: dmar10: reg_base_addr afffc000 ver 6:0 cap 19ed008c40780c66 ecap 3ee9e86f050df
Jul 14 11:20:15 172.20.224.104 kernel: [   11.378047] DMAR: DRHD base: 0x000000bfffc000 flags: 0x0
Jul 14 11:20:15 172.20.224.104 kernel: [   11.378053] DMAR: dmar11: reg_base_addr bfffc000 ver 6:0 cap 19ed008c40780c66 ecap 3ee9e86f050df
Jul 14 11:20:15 172.20.224.104 kernel: [   11.378057] DMAR: DRHD base: 0x000000c4ffc000 flags: 0x0
Jul 14 11:20:15 172.20.224.104 kernel: [   11.378062] DMAR: dmar12: reg_base_addr c4ffc000 ver 6:0 cap 19ed008c40780c66 ecap 3ee9e86f050df
Jul 14 11:20:15 172.20.224.104 kernel: [   11.378066] DMAR: DRHD base: 0x000000c9ffc000 flags: 0x0
Jul 14 11:20:15 172.20.224.104 kernel: [   11.378070] DMAR: dmar13: reg_base_addr c9ffc000 ver 6:0 cap 19ed008c40780c66 ecap 3ee9e86f050df
Jul 14 11:20:15 172.20.224.104 kernel: [   11.378074] DMAR: DRHD base: 0x000000ceffc000 flags: 0x0
Jul 14 11:20:15 172.20.224.104 kernel: [   11.378078] DMAR: dmar14: reg_base_addr ceffc000 ver 6:0 cap 19ed008c40780c66 ecap 3ee9e86f050df
Jul 14 11:20:15 172.20.224.104 kernel: [   11.378082] DMAR: DRHD base: 0x000000cf7fc000 flags: 0x0
Jul 14 11:20:15 172.20.224.104 kernel: [   11.378086] DMAR: dmar15: reg_base_addr cf7fc000 ver 6:0 cap 19ed008c40780c66 ecap 3ef9ea6f050df
Jul 14 11:20:15 172.20.224.104 kernel: [   11.378090] DMAR: DRHD base: 0x000000cfffc000 flags: 0x0
Jul 14 11:20:15 172.20.224.104 kernel: [   11.378094] DMAR: dmar16: reg_base_addr cfffc000 ver 6:0 cap 19ed008c40780c66 ecap 3ef9ea6f050df
Jul 14 11:20:15 172.20.224.104 kernel: [   11.378099] DMAR: DRHD base: 0x000000d07fc000 flags: 0x0
Jul 14 11:20:15 172.20.224.104 kernel: [   11.378103] DMAR: dmar17: reg_base_addr d07fc000 ver 6:0 cap 19ed008c40780c66 ecap 3ef9ea6f050df
Jul 14 11:20:15 172.20.224.104 kernel: [   11.378107] DMAR: DRHD base: 0x000000d0ffc000 flags: 0x0
Jul 14 11:20:15 172.20.224.104 kernel: [   11.378111] DMAR: dmar18: reg_base_addr d0ffc000 ver 6:0 cap 19ed008c40780c66 ecap 3ef9ea6f050df
Jul 14 11:20:15 172.20.224.104 kernel: [   11.378115] DMAR: DRHD base: 0x000000aaffc000 flags: 0x1
Jul 14 11:20:15 172.20.224.104 kernel: [   11.378119] DMAR: dmar19: reg_base_addr aaffc000 ver 6:0 cap 19ed008c40780c66 ecap 3ee9e86f050df
Jul 14 11:20:15 172.20.224.104 kernel: [   11.378123] DMAR: RMRR base: 0x00000077290000 end: 0x000000772b2fff
Jul 14 11:20:15 172.20.224.104 kernel: [   11.378127] DMAR: RMRR base: 0x00000076f46000 end: 0x0000007718ffff
Jul 14 11:20:15 172.20.224.104 kernel: [   11.378129] DMAR: ATSR flags: 0x0
Jul 14 11:20:15 172.20.224.104 kernel: [   11.378132] DMAR: RHSA base: 0x000000aaffc000 proximity domain: 0x0
Jul 14 11:20:15 172.20.224.104 kernel: [   11.378135] DMAR: RHSA base: 0x000000afffc000 proximity domain: 0x0
Jul 14 11:20:15 172.20.224.104 kernel: [   11.378137] DMAR: RHSA base: 0x000000bfffc000 proximity domain: 0x0
Jul 14 11:20:15 172.20.224.104 kernel: [   11.378140] DMAR: RHSA base: 0x000000c4ffc000 proximity domain: 0x0
Jul 14 11:20:15 172.20.224.104 kernel: [   11.378142] DMAR: RHSA base: 0x000000c9ffc000 proximity domain: 0x0
Jul 14 11:20:15 172.20.224.104 kernel: [   11.378144] DMAR: RHSA base: 0x000000ceffc000 proximity domain: 0x0
Jul 14 11:20:15 172.20.224.104 kernel: [   11.378146] DMAR: RHSA base: 0x000000cf7fc000 proximity domain: 0x0
Jul 14 11:20:15 172.20.224.104 kernel: [   11.378148] DMAR: RHSA base: 0x000000cfffc000 proximity domain: 0x0
Jul 14 11:20:15 172.20.224.104 kernel: [   11.378150] DMAR: RHSA base: 0x000000d07fc000 proximity domain: 0x0
Jul 14 11:20:15 172.20.224.104 kernel: [   11.378152] DMAR: RHSA base: 0x000000d0ffc000 proximity domain: 0x0
Jul 14 11:20:15 172.20.224.104 kernel: [   11.378155] DMAR: RHSA base: 0x000000da7fc000 proximity domain: 0x1
Jul 14 11:20:15 172.20.224.104 kernel: [   11.378157] DMAR: RHSA base: 0x000000ea7fc000 proximity domain: 0x1
Jul 14 11:20:15 172.20.224.104 kernel: [   11.378159] DMAR: RHSA base: 0x000000ef7fc000 proximity domain: 0x1
Jul 14 11:20:15 172.20.224.104 kernel: [   11.378161] DMAR: RHSA base: 0x000000f47fc000 proximity domain: 0x1
Jul 14 11:20:15 172.20.224.104 kernel: [   11.378164] DMAR: RHSA base: 0x000000f97fc000 proximity domain: 0x1
Jul 14 11:20:15 172.20.224.104 kernel: [   11.378166] DMAR: RHSA base: 0x000000d57fc000 proximity domain: 0x1
Jul 14 11:20:15 172.20.224.104 kernel: [   11.378168] DMAR: RHSA base: 0x000000f9ffc000 proximity domain: 0x1
Jul 14 11:20:15 172.20.224.104 kernel: [   11.378170] DMAR: RHSA base: 0x000000fa7fc000 proximity domain: 0x1
Jul 14 11:20:15 172.20.224.104 kernel: [   11.378172] DMAR: RHSA base: 0x000000faffc000 proximity domain: 0x1
Jul 14 11:20:15 172.20.224.104 kernel: [   11.378174] DMAR: RHSA base: 0x000000fb7fc000 proximity domain: 0x1
Jul 14 11:20:15 172.20.224.104 kernel: [   11.378176] DMAR: SATC flags: 0x0
Jul 14 11:20:15 172.20.224.104 kernel: [   11.378181] DMAR-IR: IOAPIC id 8 under DRHD base  0xaaffc000 IOMMU 19
Jul 14 11:20:15 172.20.224.104 kernel: [   11.378184] DMAR-IR: HPET id 0 under DRHD base 0xaaffc000
Jul 14 11:20:15 172.20.224.104 kernel: [   11.378187] DMAR-IR: Queued invalidation will be enabled to support x2apic and Intr-remapping.
Jul 14 11:20:15 172.20.224.104 kernel: [   11.384816] DMAR-IR: Enabled IRQ remapping in x2apic mode
Jul 14 11:20:15 172.20.224.104 kernel: [   11.386057] ..TIMER: vector=0x30 apic1=0 pin1=2 apic2=-1 pin2=-1
Jul 14 11:20:15 172.20.224.104 kernel: [   11.405919] clocksource: tsc-early: mask: 0xffffffffffffffff max_cycles: 0x39a85c9bff6, max_idle_ns: 881590591483 ns
Jul 14 11:20:15 172.20.224.104 kernel: [   11.405929] Calibrating delay loop (skipped), value calculated using timer frequency.. 4000.00 BogoMIPS (lpj=8000000)
Jul 14 11:20:15 172.20.224.104 kernel: [   11.406007] x86/cpu: SGX disabled by BIOS.
Jul 14 11:20:15 172.20.224.104 kernel: [   11.406016] CPU0: Thermal monitoring enabled (TM1)
Jul 14 11:20:15 172.20.224.104 kernel: [   11.406020] x86/cpu: User Mode Instruction Prevention (UMIP) activated
Jul 14 11:20:15 172.20.224.104 kernel: [   11.406437] process: using mwait in idle threads
Jul 14 11:20:15 172.20.224.104 kernel: [   11.406442] Last level iTLB entries: 4KB 0, 2MB 0, 4MB 0
Jul 14 11:20:15 172.20.224.104 kernel: [   11.406444] Last level dTLB entries: 4KB 0, 2MB 0, 4MB 0, 1GB 0
Jul 14 11:20:15 172.20.224.104 kernel: [   11.406452] Spectre V1 : Mitigation: usercopy/swapgs barriers and __user pointer sanitization
Jul 14 11:20:15 172.20.224.104 kernel: [   11.406458] Spectre V2 : Mitigation: Enhanced / Automatic IBRS
Jul 14 11:20:15 172.20.224.104 kernel: [   11.406461] Spectre V2 : Spectre v2 / SpectreRSB mitigation: Filling RSB on context switch
Jul 14 11:20:15 172.20.224.104 kernel: [   11.406464] Spectre V2 : Spectre v2 / PBRSB-eIBRS: Retire a single CALL on VMEXIT
Jul 14 11:20:15 172.20.224.104 kernel: [   11.406467] Spectre V2 : mitigation: Enabling conditional Indirect Branch Prediction Barrier
Jul 14 11:20:15 172.20.224.104 kernel: [   11.406471] Speculative Store Bypass: Mitigation: Speculative Store Bypass disabled via prctl and seccomp
Jul 14 11:20:15 172.20.224.104 kernel: [   11.406533] x86/fpu: Supporting XSAVE feature 0x001: 'x87 floating point registers'
Jul 14 11:20:15 172.20.224.104 kernel: [   11.406536] x86/fpu: Supporting XSAVE feature 0x002: 'SSE registers'
Jul 14 11:20:15 172.20.224.104 kernel: [   11.406539] x86/fpu: Supporting XSAVE feature 0x004: 'AVX registers'
Jul 14 11:20:15 172.20.224.104 kernel: [   11.406541] x86/fpu: Supporting XSAVE feature 0x020: 'AVX-512 opmask'
Jul 14 11:20:15 172.20.224.104 kernel: [   11.406543] x86/fpu: Supporting XSAVE feature 0x040: 'AVX-512 Hi256'
Jul 14 11:20:15 172.20.224.104 kernel: [   11.406546] x86/fpu: Supporting XSAVE feature 0x080: 'AVX-512 ZMM_Hi256'
Jul 14 11:20:15 172.20.224.104 kernel: [   11.406548] x86/fpu: Supporting XSAVE feature 0x200: 'Protection Keys User registers'
Jul 14 11:20:15 172.20.224.104 kernel: [   11.406551] x86/fpu: Supporting XSAVE feature 0x400: 'PASID state'
Jul 14 11:20:15 172.20.224.104 kernel: [   11.406553] x86/fpu: Supporting XSAVE feature 0x20000: 'AMX Tile config'
Jul 14 11:20:15 172.20.224.104 kernel: [   11.406555] x86/fpu: Supporting XSAVE feature 0x40000: 'AMX Tile data'
Jul 14 11:20:15 172.20.224.104 kernel: [   11.406568] x86/fpu: xstate_offset[2]:  576, xstate_sizes[2]:  256
Jul 14 11:20:15 172.20.224.104 kernel: [   11.406571] x86/fpu: xstate_offset[5]:  832, xstate_sizes[5]:   64
Jul 14 11:20:15 172.20.224.104 kernel: [   11.406573] x86/fpu: xstate_offset[6]:  896, xstate_sizes[6]:  512
Jul 14 11:20:15 172.20.224.104 kernel: [   11.406576] x86/fpu: xstate_offset[7]: 1408, xstate_sizes[7]: 1024
Jul 14 11:20:15 172.20.224.104 kernel: [   11.406578] x86/fpu: xstate_offset[9]: 2432, xstate_sizes[9]:    8
Jul 14 11:20:15 172.20.224.104 kernel: [   11.406580] x86/fpu: xstate_offset[10]: 2440, xstate_sizes[10]:    8
Jul 14 11:20:15 172.20.224.104 kernel: [   11.406583] x86/fpu: xstate_offset[17]: 2496, xstate_sizes[17]:   64
Jul 14 11:20:15 172.20.224.104 kernel: [   11.406586] x86/fpu: xstate_offset[18]: 2560, xstate_sizes[18]: 8192
Jul 14 11:20:15 172.20.224.104 kernel: [   11.406588] x86/fpu: Enabled xstate features 0x606e7, context size is 10752 bytes, using 'compacted' format.
Jul 14 11:20:15 172.20.224.104 kernel: [   11.433207] Freeing SMP alternatives memory: 44K
Jul 14 11:20:15 172.20.224.104 kernel: [   11.433214] pid_max: default: 229376 minimum: 1792
Jul 14 11:20:15 172.20.224.104 kernel: [   11.440401] LSM: Security Framework initializing
Jul 14 11:20:15 172.20.224.104 kernel: [   11.440436] landlock: Up and running.
Jul 14 11:20:15 172.20.224.104 kernel: [   11.440437] Yama: becoming mindful.
Jul 14 11:20:15 172.20.224.104 kernel: [   11.440496] AppArmor: AppArmor initialized
Jul 14 11:20:15 172.20.224.104 kernel: [   11.490376] Dentry cache hash table entries: 33554432 (order: 16, 268435456 bytes, vmalloc)
Jul 14 11:20:15 172.20.224.104 kernel: [   11.515211] Inode-cache hash table entries: 16777216 (order: 15, 134217728 bytes, vmalloc)
Jul 14 11:20:15 172.20.224.104 kernel: [   11.516119] Mount-cache hash table entries: 524288 (order: 10, 4194304 bytes, vmalloc)
Jul 14 11:20:15 172.20.224.104 kernel: [   11.516899] Mountpoint-cache hash table entries: 524288 (order: 10, 4194304 bytes, vmalloc)
Jul 14 11:20:15 172.20.224.104 kernel: [   11.518188] smpboot: Estimated ratio of average max frequency by base frequency (times 1024): 1587
Jul 14 11:20:15 172.20.224.104 kernel: [   11.518214] smpboot: CPU0: Intel(R) Xeon(R) Platinum 8480C (family: 0x6, model: 0x8f, stepping: 0x8)
Jul 14 11:20:15 172.20.224.104 kernel: [   11.518577] Performance Events: XSAVE Architectural LBR, PEBS fmt4+-baseline,  AnyThread deprecated, Sapphire Rapids events, 32-deep LBR, full-width counters, Intel PMU driver.
Jul 14 11:20:15 172.20.224.104 kernel: [   11.518620] ... version:                5
Jul 14 11:20:15 172.20.224.104 kernel: [   11.518622] ... bit width:              48
Jul 14 11:20:15 172.20.224.104 kernel: [   11.518623] ... generic registers:      8
Jul 14 11:20:15 172.20.224.104 kernel: [   11.518625] ... value mask:             0000ffffffffffff
Jul 14 11:20:15 172.20.224.104 kernel: [   11.518627] ... max period:             00007fffffffffff
Jul 14 11:20:15 172.20.224.104 kernel: [   11.518628] ... fixed-purpose events:   4
Jul 14 11:20:15 172.20.224.104 kernel: [   11.518629] ... event mask:             0001000f000000ff
Jul 14 11:20:15 172.20.224.104 kernel: [   11.518835] signal: max sigframe size: 11952
Jul 14 11:20:15 172.20.224.104 kernel: [   11.518863] rcu: Hierarchical SRCU implementation.
Jul 14 11:20:15 172.20.224.104 kernel: [   11.534892] NMI watchdog: Enabled. Permanently consumes one hw-PMU counter.
Jul 14 11:20:15 172.20.224.104 kernel: [   11.537191] smp: Bringing up secondary CPUs ...
Jul 14 11:20:15 172.20.224.104 kernel: [   11.537324] x86: Booting SMP configuration:
Jul 14 11:20:15 172.20.224.104 kernel: [   11.537326] .... node  #0, CPUs:          #1   #2   #3   #4   #5   #6   #7   #8   #9  #10  #11  #12  #13  #14  #15  #16  #17  #18  #19  #20  #21  #22  #23  #24  #25  #26  #27  #28  #29  #30  #31  #32  #33  #34  #35  #36  #37  #38  #39  #40  #41  #42  #43  #44  #45  #46  #47  #48  #49  #50  #51  #52  #53  #54  #55
Jul 14 11:20:15 172.20.224.104 kernel: [   12.995975] .... node  #1, CPUs:    #56
Jul 14 11:20:15 172.20.224.104 kernel: [    0.008246] smpboot: CPU 56 Converting physical 0 to logical die 1
Jul 14 11:20:15 172.20.224.104 kernel: [   13.058096]   #57  #58  #59  #60  #61  #62  #63  #64  #65  #66  #67  #68  #69  #70  #71  #72  #73  #74  #75  #76  #77  #78  #79  #80  #81  #82  #83  #84  #85  #86  #87  #88  #89  #90  #91  #92  #93  #94  #95  #96  #97  #98  #99 #100 #101 #102 #103 #104 #105 #106 #107 #108 #109 #110 #111
Jul 14 11:20:15 172.20.224.104 kernel: [   14.525525] .... node  #0, CPUs:   #112 #113 #114 #115 #116 #117 #118 #119 #120 #121 #122 #123 #124 #125 #126 #127 #128 #129 #130 #131 #132 #133 #134 #135 #136 #137 #138 #139 #140 #141 #142 #143 #144 #145 #146 #147 #148 #149 #150 #151 #152 #153 #154 #155 #156 #157 #158 #159 #160 #161 #162 #163 #164 #165 #166 #167
Jul 14 11:20:15 172.20.224.104 kernel: [   15.994615] .... node  #1, CPUs:   #168 #169 #170 #171 #172 #173 #174 #175 #176 #177 #178 #179 #180 #181 #182 #183 #184 #185 #186 #187 #188 #189 #190 #191 #192 #193 #194 #195 #196 #197 #198 #199 #200 #201 #202 #203 #204 #205 #206 #207 #208 #209 #210 #211 #212 #213 #214 #215 #216 #217 #218 #219 #220 #221 #222 #223
Jul 14 11:20:15 172.20.224.104 kernel: [   17.499876] smp: Brought up 2 nodes, 224 CPUs
Jul 14 11:20:15 172.20.224.104 kernel: [   17.499876] smpboot: Max logical packages: 2
Jul 14 11:20:15 172.20.224.104 kernel: [   17.499876] smpboot: Total of 224 processors activated (894365.69 BogoMIPS)
Jul 14 11:20:15 172.20.224.104 kernel: [   17.616297] devtmpfs: initialized
Jul 14 11:20:15 172.20.224.104 kernel: [   17.616297] x86/mm: Memory block size: 2048MB
Jul 14 11:20:15 172.20.224.104 kernel: [   17.623515] ACPI: PM: Registering ACPI NVS region [mem 0x72103000-0x7530efff] (52477952 bytes)
Jul 14 11:20:15 172.20.224.104 kernel: [   17.623515] clocksource: jiffies: mask: 0xffffffff max_cycles: 0xffffffff, max_idle_ns: 7645041785100000 ns
Jul 14 11:20:15 172.20.224.104 kernel: [   17.623515] futex hash table entries: 65536 (order: 10, 4194304 bytes, vmalloc)
Jul 14 11:20:15 172.20.224.104 kernel: [   17.624146] pinctrl core: initialized pinctrl subsystem
Jul 14 11:20:15 172.20.224.104 kernel: [   17.626003] PM: RTC time: 02:19:54, date: 2025-07-14
Jul 14 11:20:15 172.20.224.104 kernel: [   17.626447] NET: Registered PF_NETLINK/PF_ROUTE protocol family
Jul 14 11:20:15 172.20.224.104 kernel: [   17.627118] DMA: preallocated 4096 KiB GFP_KERNEL pool for atomic allocations
Jul 14 11:20:15 172.20.224.104 kernel: [   17.627643] DMA: preallocated 4096 KiB GFP_KERNEL|GFP_DMA pool for atomic allocations
Jul 14 11:20:15 172.20.224.104 kernel: [   17.628157] DMA: preallocated 4096 KiB GFP_KERNEL|GFP_DMA32 pool for atomic allocations
Jul 14 11:20:15 172.20.224.104 kernel: [   17.628168] audit: initializing netlink subsys (disabled)
Jul 14 11:20:15 172.20.224.104 kernel: [   17.628176] audit: type=2000 audit(1752459592.248:1): state=initialized audit_enabled=0 res=1
Jul 14 11:20:15 172.20.224.104 kernel: [   17.628176] thermal_sys: Registered thermal governor 'fair_share'
Jul 14 11:20:15 172.20.224.104 kernel: [   17.628176] thermal_sys: Registered thermal governor 'bang_bang'
Jul 14 11:20:15 172.20.224.104 kernel: [   17.628176] thermal_sys: Registered thermal governor 'step_wise'
Jul 14 11:20:15 172.20.224.104 kernel: [   17.628176] thermal_sys: Registered thermal governor 'user_space'
Jul 14 11:20:15 172.20.224.104 kernel: [   17.628176] thermal_sys: Registered thermal governor 'power_allocator'
Jul 14 11:20:15 172.20.224.104 kernel: [   17.628176] EISA bus registered
Jul 14 11:20:15 172.20.224.104 kernel: [   17.628176] cpuidle: using governor ladder
Jul 14 11:20:15 172.20.224.104 kernel: [   17.628176] cpuidle: using governor menu
Jul 14 11:20:15 172.20.224.104 kernel: [   17.630092] ACPI FADT declares the system doesn't support PCIe ASPM, so disable it
Jul 14 11:20:15 172.20.224.104 kernel: [   17.630095] ACPI: bus type PCI registered
Jul 14 11:20:15 172.20.224.104 kernel: [   17.630098] acpiphp: ACPI Hot Plug PCI Controller Driver version: 0.5
Jul 14 11:20:15 172.20.224.104 kernel: [   17.630351] PCI: MMCONFIG for domain 0000 [bus 00-ff] at [mem 0x80000000-0x8fffffff] (base 0x80000000)
Jul 14 11:20:15 172.20.224.104 kernel: [   17.630359] PCI: MMCONFIG at [mem 0x80000000-0x8fffffff] reserved in E820
Jul 14 11:20:15 172.20.224.104 kernel: [   17.630370] pmd_set_huge: Cannot satisfy [mem 0x80000000-0x80200000] with a huge-page mapping due to MTRR override.
Jul 14 11:20:15 172.20.224.104 kernel: [   17.630731] PCI: Using configuration type 1 for base access
Jul 14 11:20:15 172.20.224.104 kernel: [   17.637620] ENERGY_PERF_BIAS: Set to 'normal', was 'performance'
Jul 14 11:20:15 172.20.224.104 kernel: [   17.643249] kprobes: kprobe jump-optimization is enabled. All kprobes are optimized if possible.
Jul 14 11:20:15 172.20.224.104 kernel: [   17.643256] HugeTLB registered 1.00 GiB page size, pre-allocated 0 pages
Jul 14 11:20:15 172.20.224.104 kernel: [   17.643256] HugeTLB registered 2.00 MiB page size, pre-allocated 0 pages
Jul 14 11:20:15 172.20.224.104 kernel: [   17.646614] fbcon: Taking over console
Jul 14 11:20:15 172.20.224.104 kernel: [   17.646614] ACPI: Added _OSI(Module Device)
Jul 14 11:20:15 172.20.224.104 kernel: [   17.646614] ACPI: Added _OSI(Processor Device)
Jul 14 11:20:15 172.20.224.104 kernel: [   17.646614] ACPI: Added _OSI(3.0 _SCP Extensions)
Jul 14 11:20:15 172.20.224.104 kernel: [   17.646614] ACPI: Added _OSI(Processor Aggregator Device)
Jul 14 11:20:15 172.20.224.104 kernel: [   17.646614] ACPI: Added _OSI(Linux-Dell-Video)
Jul 14 11:20:15 172.20.224.104 kernel: [   17.646614] ACPI: Added _OSI(Linux-Lenovo-NV-HDMI-Audio)
Jul 14 11:20:15 172.20.224.104 kernel: [   17.646614] ACPI: Added _OSI(Linux-HPI-Hybrid-Graphics)
Jul 14 11:20:15 172.20.224.104 kernel: [   17.945094] ACPI: 5 ACPI AML tables successfully acquired and loaded
Jul 14 11:20:15 172.20.224.104 kernel: [   17.963789] ACPI: \_SB_.SCK0.C000: _OSC native thermal LVT Acked
Jul 14 11:20:15 172.20.224.104 kernel: [   17.965262] ACPI: Dynamic OEM Table Load:
Jul 14 11:20:15 172.20.224.104 kernel: [   18.204739] ACPI: Dynamic OEM Table Load:
Jul 14 11:20:15 172.20.224.104 kernel: [   18.246494] ACPI: Dynamic OEM Table Load:
Jul 14 11:20:15 172.20.224.104 kernel: [   18.774355] ACPI: Interpreter enabled
Jul 14 11:20:15 172.20.224.104 kernel: [   18.774400] ACPI: PM: (supports S0 S5)
Jul 14 11:20:15 172.20.224.104 kernel: [   18.774403] ACPI: Using IOAPIC for interrupt routing
Jul 14 11:20:15 172.20.224.104 kernel: [   18.774502] HEST: Table parsing has been initialized.
Jul 14 11:20:15 172.20.224.104 kernel: [   18.774651] GHES: APEI firmware first mode is enabled by APEI bit and WHEA _OSC.
Jul 14 11:20:15 172.20.224.104 kernel: [   18.774656] PCI: Using host bridge windows from ACPI; if necessary, use "pci=nocrs" and report a bug
Jul 14 11:20:15 172.20.224.104 kernel: [   18.774659] PCI: Using E820 reservations for host bridge windows
Jul 14 11:20:15 172.20.224.104 kernel: [   18.817729] ACPI: Enabled 1 GPEs in block 00 to 7F
Jul 14 11:20:15 172.20.224.104 kernel: [   19.051793] ACPI: PCI Root Bridge [PC00] (domain 0000 [bus 00-14])
Jul 14 11:20:15 172.20.224.104 kernel: [   19.051804] acpi PNP0A08:00: _OSC: OS supports [ExtendedConfig ASPM ClockPM Segments MSI EDR HPX-Type3]
Jul 14 11:20:15 172.20.224.104 kernel: [   19.054005] acpi PNP0A08:00: _OSC: platform does not support [SHPCHotplug AER LTR DPC]
Jul 14 11:20:15 172.20.224.104 kernel: [   19.054231] acpi PNP0A08:00: _OSC: OS now controls [PCIeHotplug PME PCIeCapability]
Jul 14 11:20:15 172.20.224.104 kernel: [   19.054234] acpi PNP0A08:00: FADT indicates ASPM is unsupported, using BIOS configuration
Jul 14 11:20:15 172.20.224.104 kernel: [   19.054854] PCI host bridge to bus 0000:00
Jul 14 11:20:15 172.20.224.104 kernel: [   19.054859] pci_bus 0000:00: root bus resource [bus 00-14]
Jul 14 11:20:15 172.20.224.104 kernel: [   19.054862] pci_bus 0000:00: root bus resource [io  0x0000-0x0cf7 window]
Jul 14 11:20:15 172.20.224.104 kernel: [   19.054865] pci_bus 0000:00: root bus resource [io  0x1000-0x3fff window]
Jul 14 11:20:15 172.20.224.104 kernel: [   19.054867] pci_bus 0000:00: root bus resource [mem 0x000a0000-0x000bffff window]
Jul 14 11:20:15 172.20.224.104 kernel: [   19.054872] pci_bus 0000:00: root bus resource [mem 0x000c8000-0x000cffff window]
Jul 14 11:20:15 172.20.224.104 kernel: [   19.054874] pci_bus 0000:00: root bus resource [mem 0x90040000-0xaaffffff window]
Jul 14 11:20:15 172.20.224.104 kernel: [   19.054876] pci_bus 0000:00: root bus resource [mem 0xfe010000-0xfe010fff window]
Jul 14 11:20:15 172.20.224.104 kernel: [   19.054879] pci_bus 0000:00: root bus resource [mem 0x200000000000-0x20ffffffffff window]
Jul 14 11:20:15 172.20.224.104 kernel: [   19.054986] pci 0000:00:00.0: [8086:09a2] type 00 class 0x088000
Jul 14 11:20:15 172.20.224.104 kernel: [   19.055265] pci 0000:00:00.1: [8086:09a4] type 00 class 0x088000
Jul 14 11:20:15 172.20.224.104 kernel: [   19.055524] pci 0000:00:00.2: [8086:09a3] type 00 class 0x088000
Jul 14 11:20:15 172.20.224.104 kernel: [   19.055870] pci 0000:00:00.4: [8086:0b23] type 00 class 0x080700
Jul 14 11:20:15 172.20.224.104 kernel: [   19.056203] pci 0000:00:08.0: [8086:1bb8] type 01 class 0x060400
Jul 14 11:20:15 172.20.224.104 kernel: [   19.056224] pci 0000:00:08.0: reg 0x10: [mem 0x20ffff980000-0x20ffff99ffff 64bit]
Jul 14 11:20:15 172.20.224.104 kernel: [   19.056251] pci 0000:00:08.0: enabling Extended Tags
Jul 14 11:20:15 172.20.224.104 kernel: [   19.056318] pci 0000:00:08.0: PME# supported from D0 D3hot D3cold
Jul 14 11:20:15 172.20.224.104 kernel: [   19.056357] pci 0000:00:08.0: PTM enabled (root), 2ns granularity
Jul 14 11:20:15 172.20.224.104 kernel: [   19.057184] pci 0000:00:0a.0: [8086:1bba] type 01 class 0x060400
Jul 14 11:20:15 172.20.224.104 kernel: [   19.057205] pci 0000:00:0a.0: reg 0x10: [mem 0x20ffff960000-0x20ffff97ffff 64bit]
Jul 14 11:20:15 172.20.224.104 kernel: [   19.057231] pci 0000:00:0a.0: enabling Extended Tags
Jul 14 11:20:15 172.20.224.104 kernel: [   19.057297] pci 0000:00:0a.0: PME# supported from D0 D3hot D3cold
Jul 14 11:20:15 172.20.224.104 kernel: [   19.057334] pci 0000:00:0a.0: PTM enabled (root), 2ns granularity
Jul 14 11:20:15 172.20.224.104 kernel: [   19.058142] pci 0000:00:0c.0: [8086:1bbc] type 01 class 0x060400
Jul 14 11:20:15 172.20.224.104 kernel: [   19.058163] pci 0000:00:0c.0: reg 0x10: [mem 0x20ffff940000-0x20ffff95ffff 64bit]
Jul 14 11:20:15 172.20.224.104 kernel: [   19.058190] pci 0000:00:0c.0: enabling Extended Tags
Jul 14 11:20:15 172.20.224.104 kernel: [   19.058259] pci 0000:00:0c.0: PME# supported from D0 D3hot D3cold
Jul 14 11:20:15 172.20.224.104 kernel: [   19.058299] pci 0000:00:0c.0: PTM enabled (root), 2ns granularity
Jul 14 11:20:15 172.20.224.104 kernel: [   19.059118] pci 0000:00:0d.0: [8086:1bbd] type 01 class 0x060400
Jul 14 11:20:15 172.20.224.104 kernel: [   19.059139] pci 0000:00:0d.0: reg 0x10: [mem 0x20ffff920000-0x20ffff93ffff 64bit]
Jul 14 11:20:15 172.20.224.104 kernel: [   19.059166] pci 0000:00:0d.0: enabling Extended Tags
Jul 14 11:20:15 172.20.224.104 kernel: [   19.059235] pci 0000:00:0d.0: PME# supported from D0 D3hot D3cold
Jul 14 11:20:15 172.20.224.104 kernel: [   19.059275] pci 0000:00:0d.0: PTM enabled (root), 2ns granularity
Jul 14 11:20:15 172.20.224.104 kernel: [   19.060081] pci 0000:00:10.0: [8086:1bb0] type 01 class 0x060400
Jul 14 11:20:15 172.20.224.104 kernel: [   19.060102] pci 0000:00:10.0: reg 0x10: [mem 0x20ffff900000-0x20ffff91ffff 64bit]
Jul 14 11:20:15 172.20.224.104 kernel: [   19.060129] pci 0000:00:10.0: enabling Extended Tags
Jul 14 11:20:15 172.20.224.104 kernel: [   19.060197] pci 0000:00:10.0: PME# supported from D0 D3hot D3cold
Jul 14 11:20:15 172.20.224.104 kernel: [   19.060236] pci 0000:00:10.0: PTM enabled (root), 2ns granularity
Jul 14 11:20:15 172.20.224.104 kernel: [   19.061055] pci 0000:00:14.0: [8086:1bcd] type 00 class 0x0c0330
Jul 14 11:20:15 172.20.224.104 kernel: [   19.061077] pci 0000:00:14.0: reg 0x10: [mem 0x20ffff9a0000-0x20ffff9affff 64bit]
Jul 14 11:20:15 172.20.224.104 kernel: [   19.061161] pci 0000:00:14.0: PME# supported from D3hot D3cold
Jul 14 11:20:15 172.20.224.104 kernel: [   19.061588] pci 0000:00:14.2: [8086:1bce] type 00 class 0x050000
Jul 14 11:20:15 172.20.224.104 kernel: [   19.061611] pci 0000:00:14.2: reg 0x10: [mem 0x20ffff9b0000-0x20ffff9b3fff 64bit]
Jul 14 11:20:15 172.20.224.104 kernel: [   19.061626] pci 0000:00:14.2: reg 0x18: [mem 0x20ffff9b6000-0x20ffff9b6fff 64bit]
Jul 14 11:20:15 172.20.224.104 kernel: [   19.061911] pci 0000:00:14.4: [8086:1bfe] type 00 class 0x060000
Jul 14 11:20:15 172.20.224.104 kernel: [   19.062251] pci 0000:00:15.0: [8086:1bff] type 00 class 0x088000
Jul 14 11:20:15 172.20.224.104 kernel: [   19.062277] pci 0000:00:15.0: reg 0x10: [mem 0x20ffff9b5000-0x20ffff9b53ff 64bit]
Jul 14 11:20:15 172.20.224.104 kernel: [   19.062711] pci 0000:00:16.0: [8086:1be0] type 00 class 0x078000
Jul 14 11:20:15 172.20.224.104 kernel: [   19.062741] pci 0000:00:16.0: reg 0x10: [mem 0x20ffff9b4000-0x20ffff9b4fff 64bit]
Jul 14 11:20:15 172.20.224.104 kernel: [   19.062846] pci 0000:00:16.0: PME# supported from D3hot
Jul 14 11:20:15 172.20.224.104 kernel: [   19.063116] pci 0000:00:1f.0: [8086:1b81] type 00 class 0x060100
Jul 14 11:20:15 172.20.224.104 kernel: [   19.063514] pci 0000:00:1f.4: [8086:1bc9] type 00 class 0x0c0500
Jul 14 11:20:15 172.20.224.104 kernel: [   19.063545] pci 0000:00:1f.4: reg 0x10: [mem 0x00000000-0x000000ff 64bit]
Jul 14 11:20:15 172.20.224.104 kernel: [   19.063579] pci 0000:00:1f.4: reg 0x20: [io  0x0780-0x079f]
Jul 14 11:20:15 172.20.224.104 kernel: [   19.063903] pci 0000:00:1f.5: [8086:1bca] type 00 class 0x0c8000
Jul 14 11:20:15 172.20.224.104 kernel: [   19.063925] pci 0000:00:1f.5: reg 0x10: [mem 0xfe010000-0xfe010fff]
Jul 14 11:20:15 172.20.224.104 kernel: [   19.063938] pci 0000:00:1f.5: reg 0x14: [mem 0x9e000000-0x9fffffff]
Jul 14 11:20:15 172.20.224.104 kernel: [   19.064144] pci 0000:00:1f.7: [8086:1bcc] type 00 class 0x130000
Jul 14 11:20:15 172.20.224.104 kernel: [   19.064167] pci 0000:00:1f.7: reg 0x10: [mem 0x20ffff800000-0x20ffff8fffff 64bit]
Jul 14 11:20:15 172.20.224.104 kernel: [   19.064181] pci 0000:00:1f.7: reg 0x18: [mem 0x20ffff000000-0x20ffff7fffff 64bit]
Jul 14 11:20:15 172.20.224.104 kernel: [   19.064417] pci 0000:01:00.0: [1344:51c3] type 00 class 0x010802
Jul 14 11:20:15 172.20.224.104 kernel: [   19.064443] pci 0000:01:00.0: reg 0x10: [mem 0xa9540000-0xa957ffff 64bit]
Jul 14 11:20:15 172.20.224.104 kernel: [   19.064492] pci 0000:01:00.0: reg 0x30: [mem 0xa9500000-0xa953ffff pref]
Jul 14 11:20:15 172.20.224.104 kernel: [   19.064578] pci 0000:01:00.0: PME# supported from D0 D1 D3hot
