Jul 14 11:20:03 172.20.224.108 kernel: [    0.000000] Linux version 5.15.0-1076-nvidia (buildd@lcy02-amd64-026) (gcc (Ubuntu 11.4.0-1ubuntu1~22.04) 11.4.0, GNU ld (GNU Binutils for Ubuntu) 2.38) #77-Ubuntu SMP Tue Mar 25 23:43:36 UTC 2025 (Ubuntu 5.15.0-1076.77-nvidia 5.15.178)
Jul 14 11:20:03 172.20.224.108 kernel: [    0.000000] Command line: BOOT_IMAGE=(tftp)/category/vmlinuz.dgx-h200 nouveau.modeset=0 nvme_core.multipath=n console=tty0 rw BOOTIF=01-c4-70-bd-f7-fd-21 ip=172.20.224.108:172.20.224.14:0xac14e001:0xffffff00
Jul 14 11:20:03 172.20.224.108 kernel: [    0.000000] KERNEL supported cpus:
Jul 14 11:20:03 172.20.224.108 kernel: [    0.000000]   Intel GenuineIntel
Jul 14 11:20:03 172.20.224.108 kernel: [    0.000000]   AMD AuthenticAMD
Jul 14 11:20:03 172.20.224.108 kernel: [    0.000000]   Hygon HygonGenuine
Jul 14 11:20:03 172.20.224.108 kernel: [    0.000000]   Centaur CentaurHauls
Jul 14 11:20:03 172.20.224.108 kernel: [    0.000000]   zhaoxin   Shanghai  
Jul 14 11:20:03 172.20.224.108 kernel: [    0.000000] x86/tme: not enabled by BIOS
Jul 14 11:20:03 172.20.224.108 kernel: [    0.000000] x86/split lock detection: #AC: crashing the kernel on kernel split_locks and warning on user-space split_locks
Jul 14 11:20:03 172.20.224.108 kernel: [    0.000000] BIOS-provided physical RAM map:
Jul 14 11:20:03 172.20.224.108 kernel: [    0.000000] BIOS-e820: [mem 0x0000000000000000-0x000000000009ffff] usable
Jul 14 11:20:03 172.20.224.108 kernel: [    0.000000] BIOS-e820: [mem 0x00000000000a0000-0x00000000000fffff] reserved
Jul 14 11:20:03 172.20.224.108 kernel: [    0.000000] BIOS-e820: [mem 0x0000000000100000-0x000000006868cfff] usable
Jul 14 11:20:03 172.20.224.108 kernel: [    0.000000] BIOS-e820: [mem 0x000000006868d000-0x000000006868ffff] reserved
Jul 14 11:20:03 172.20.224.108 kernel: [    0.000000] BIOS-e820: [mem 0x0000000068690000-0x000000006f702fff] usable
Jul 14 11:20:03 172.20.224.108 kernel: [    0.000000] BIOS-e820: [mem 0x000000006f703000-0x0000000071802fff] reserved
Jul 14 11:20:03 172.20.224.108 kernel: [    0.000000] BIOS-e820: [mem 0x0000000071803000-0x0000000072102fff] ACPI data
Jul 14 11:20:03 172.20.224.108 kernel: [    0.000000] BIOS-e820: [mem 0x0000000072103000-0x000000007530efff] ACPI NVS
Jul 14 11:20:03 172.20.224.108 kernel: [    0.000000] BIOS-e820: [mem 0x000000007530f000-0x00000000777fefff] reserved
Jul 14 11:20:03 172.20.224.108 kernel: [    0.000000] BIOS-e820: [mem 0x00000000777ff000-0x00000000777fffff] usable
Jul 14 11:20:03 172.20.224.108 kernel: [    0.000000] BIOS-e820: [mem 0x0000000077800000-0x000000008fffffff] reserved
Jul 14 11:20:03 172.20.224.108 kernel: [    0.000000] BIOS-e820: [mem 0x00000000fe010000-0x00000000fe010fff] reserved
Jul 14 11:20:03 172.20.224.108 kernel: [    0.000000] BIOS-e820: [mem 0x00000000ff000000-0x00000000ffffffff] reserved
Jul 14 11:20:03 172.20.224.108 kernel: [    0.000000] BIOS-e820: [mem 0x0000000100000000-0x000002007fffffff] usable
Jul 14 11:20:03 172.20.224.108 kernel: [    0.000000] NX (Execute Disable) protection: active
Jul 14 11:20:03 172.20.224.108 kernel: [    0.000000] e820: update [mem 0x63f2c018-0x63f64e57] usable ==> usable
Jul 14 11:20:03 172.20.224.108 kernel: [    0.000000] e820: update [mem 0x63f2c018-0x63f64e57] usable ==> usable
Jul 14 11:20:03 172.20.224.108 kernel: [    0.000000] e820: update [mem 0x62db2018-0x62e71257] usable ==> usable
Jul 14 11:20:03 172.20.224.108 kernel: [    0.000000] e820: update [mem 0x62db2018-0x62e71257] usable ==> usable
Jul 14 11:20:03 172.20.224.108 kernel: [    0.000000] e820: update [mem 0x62b6e018-0x62c2d257] usable ==> usable
Jul 14 11:20:03 172.20.224.108 kernel: [    0.000000] e820: update [mem 0x62b6e018-0x62c2d257] usable ==> usable
Jul 14 11:20:03 172.20.224.108 kernel: [    0.000000] e820: update [mem 0x62aae018-0x62b6d257] usable ==> usable
Jul 14 11:20:03 172.20.224.108 kernel: [    0.000000] e820: update [mem 0x62aae018-0x62b6d257] usable ==> usable
Jul 14 11:20:03 172.20.224.108 kernel: [    0.000000] e820: update [mem 0x629ee018-0x62aad257] usable ==> usable
Jul 14 11:20:03 172.20.224.108 kernel: [    0.000000] e820: update [mem 0x629ee018-0x62aad257] usable ==> usable
Jul 14 11:20:03 172.20.224.108 kernel: [    0.000000] e820: update [mem 0x63ed8018-0x63f2b657] usable ==> usable
Jul 14 11:20:03 172.20.224.108 kernel: [    0.000000] e820: update [mem 0x63ed8018-0x63f2b657] usable ==> usable
Jul 14 11:20:03 172.20.224.108 kernel: [    0.000000] e820: update [mem 0x63e84018-0x63ed7657] usable ==> usable
Jul 14 11:20:03 172.20.224.108 kernel: [    0.000000] e820: update [mem 0x63e84018-0x63ed7657] usable ==> usable
Jul 14 11:20:03 172.20.224.108 kernel: [    0.000000] extended physical RAM map:
Jul 14 11:20:03 172.20.224.108 kernel: [    0.000000] reserve setup_data: [mem 0x0000000000000000-0x000000000009ffff] usable
Jul 14 11:20:03 172.20.224.108 kernel: [    0.000000] reserve setup_data: [mem 0x00000000000a0000-0x00000000000fffff] reserved
Jul 14 11:20:03 172.20.224.108 kernel: [    0.000000] reserve setup_data: [mem 0x0000000000100000-0x00000000629ee017] usable
Jul 14 11:20:03 172.20.224.108 kernel: [    0.000000] reserve setup_data: [mem 0x00000000629ee018-0x0000000062aad257] usable
Jul 14 11:20:03 172.20.224.108 kernel: [    0.000000] reserve setup_data: [mem 0x0000000062aad258-0x0000000062aae017] usable
Jul 14 11:20:03 172.20.224.108 kernel: [    0.000000] reserve setup_data: [mem 0x0000000062aae018-0x0000000062b6d257] usable
Jul 14 11:20:03 172.20.224.108 kernel: [    0.000000] reserve setup_data: [mem 0x0000000062b6d258-0x0000000062b6e017] usable
Jul 14 11:20:03 172.20.224.108 kernel: [    0.000000] reserve setup_data: [mem 0x0000000062b6e018-0x0000000062c2d257] usable
Jul 14 11:20:03 172.20.224.108 kernel: [    0.000000] reserve setup_data: [mem 0x0000000062c2d258-0x0000000062db2017] usable
Jul 14 11:20:03 172.20.224.108 kernel: [    0.000000] reserve setup_data: [mem 0x0000000062db2018-0x0000000062e71257] usable
Jul 14 11:20:03 172.20.224.108 kernel: [    0.000000] reserve setup_data: [mem 0x0000000062e71258-0x0000000063e84017] usable
Jul 14 11:20:03 172.20.224.108 kernel: [    0.000000] reserve setup_data: [mem 0x0000000063e84018-0x0000000063ed7657] usable
Jul 14 11:20:03 172.20.224.108 kernel: [    0.000000] reserve setup_data: [mem 0x0000000063ed7658-0x0000000063ed8017] usable
Jul 14 11:20:03 172.20.224.108 kernel: [    0.000000] reserve setup_data: [mem 0x0000000063ed8018-0x0000000063f2b657] usable
Jul 14 11:20:03 172.20.224.108 kernel: [    0.000000] reserve setup_data: [mem 0x0000000063f2b658-0x0000000063f2c017] usable
Jul 14 11:20:03 172.20.224.108 kernel: [    0.000000] reserve setup_data: [mem 0x0000000063f2c018-0x0000000063f64e57] usable
Jul 14 11:20:03 172.20.224.108 kernel: [    0.000000] reserve setup_data: [mem 0x0000000063f64e58-0x000000006868cfff] usable
Jul 14 11:20:03 172.20.224.108 kernel: [    0.000000] reserve setup_data: [mem 0x000000006868d000-0x000000006868ffff] reserved
Jul 14 11:20:03 172.20.224.108 kernel: [    0.000000] reserve setup_data: [mem 0x0000000068690000-0x000000006f702fff] usable
Jul 14 11:20:03 172.20.224.108 kernel: [    0.000000] reserve setup_data: [mem 0x000000006f703000-0x0000000071802fff] reserved
Jul 14 11:20:03 172.20.224.108 kernel: [    0.000000] reserve setup_data: [mem 0x0000000071803000-0x0000000072102fff] ACPI data
Jul 14 11:20:03 172.20.224.108 kernel: [    0.000000] reserve setup_data: [mem 0x0000000072103000-0x000000007530efff] ACPI NVS
Jul 14 11:20:03 172.20.224.108 kernel: [    0.000000] reserve setup_data: [mem 0x000000007530f000-0x00000000777fefff] reserved
Jul 14 11:20:03 172.20.224.108 kernel: [    0.000000] reserve setup_data: [mem 0x00000000777ff000-0x00000000777fffff] usable
Jul 14 11:20:03 172.20.224.108 kernel: [    0.000000] reserve setup_data: [mem 0x0000000077800000-0x000000008fffffff] reserved
Jul 14 11:20:03 172.20.224.108 kernel: [    0.000000] reserve setup_data: [mem 0x00000000fe010000-0x00000000fe010fff] reserved
Jul 14 11:20:03 172.20.224.108 kernel: [    0.000000] reserve setup_data: [mem 0x00000000ff000000-0x00000000ffffffff] reserved
Jul 14 11:20:03 172.20.224.108 kernel: [    0.000000] reserve setup_data: [mem 0x0000000100000000-0x000002007fffffff] usable
Jul 14 11:20:03 172.20.224.108 kernel: [    0.000000] efi: EFI v2.90 by American Megatrends
Jul 14 11:20:03 172.20.224.108 kernel: [    0.000000] efi: ACPI=0x72102000 ACPI 2.0=0x72102014 SMBIOS=0x77211000 SMBIOS 3.0=0x77210000 MEMATTR=0x632e2018 
Jul 14 11:20:03 172.20.224.108 kernel: [    0.000000] secureboot: Secure boot disabled
Jul 14 11:20:03 172.20.224.108 kernel: [    0.000000] SMBIOS 3.6.0 present.
Jul 14 11:20:03 172.20.224.108 kernel: [    0.000000] DMI: NVIDIA DGXH200/DGXH200, BIOS 1.6.7 02/20/2025
Jul 14 11:20:03 172.20.224.108 kernel: [    0.000000] tsc: Detected 2000.000 MHz processor
Jul 14 11:20:03 172.20.224.108 kernel: [    0.000021] e820: update [mem 0x00000000-0x00000fff] usable ==> reserved
Jul 14 11:20:03 172.20.224.108 kernel: [    0.000026] e820: remove [mem 0x000a0000-0x000fffff] usable
Jul 14 11:20:03 172.20.224.108 kernel: [    0.000042] last_pfn = 0x20080000 max_arch_pfn = 0x10000000000
Jul 14 11:20:03 172.20.224.108 kernel: [    0.000423] x86/PAT: Configuration [0-7]: WB  WC  UC- UC  WB  WP  UC- WT  
Jul 14 11:20:03 172.20.224.108 kernel: [    0.005487] total RAM covered: 4192256M
Jul 14 11:20:03 172.20.224.108 kernel: [    0.005593]  gran_size: 64K #011chunk_size: 64K #011num_reg: 10  #011lose cover RAM: 2048G
Jul 14 11:20:03 172.20.224.108 kernel: [    0.005597]  gran_size: 64K #011chunk_size: 128K #011num_reg: 10  #011lose cover RAM: 2048G
Jul 14 11:20:03 172.20.224.108 kernel: [    0.005599]  gran_size: 64K #011chunk_size: 256K #011num_reg: 10  #011lose cover RAM: 2048G
Jul 14 11:20:03 172.20.224.108 kernel: [    0.005602]  gran_size: 64K #011chunk_size: 512K #011num_reg: 10  #011lose cover RAM: 2048G
Jul 14 11:20:03 172.20.224.108 kernel: [    0.005604]  gran_size: 64K #011chunk_size: 1M #011num_reg: 10  #011lose cover RAM: 2048G
Jul 14 11:20:03 172.20.224.108 kernel: [    0.005606]  gran_size: 64K #011chunk_size: 2M #011num_reg: 10  #011lose cover RAM: 2048G
Jul 14 11:20:03 172.20.224.108 kernel: [    0.005608]  gran_size: 64K #011chunk_size: 4M #011num_reg: 10  #011lose cover RAM: 2048G
Jul 14 11:20:03 172.20.224.108 kernel: [    0.005610]  gran_size: 64K #011chunk_size: 8M #011num_reg: 10  #011lose cover RAM: 2048G
Jul 14 11:20:03 172.20.224.108 kernel: [    0.005612]  gran_size: 64K #011chunk_size: 16M #011num_reg: 10  #011lose cover RAM: 2048G
Jul 14 11:20:03 172.20.224.108 kernel: [    0.005614]  gran_size: 64K #011chunk_size: 32M #011num_reg: 10  #011lose cover RAM: 2048G
Jul 14 11:20:03 172.20.224.108 kernel: [    0.005616]  gran_size: 64K #011chunk_size: 64M #011num_reg: 10  #011lose cover RAM: 2048G
Jul 14 11:20:03 172.20.224.108 kernel: [    0.005618]  gran_size: 64K #011chunk_size: 128M #011num_reg: 10  #011lose cover RAM: 2048G
Jul 14 11:20:03 172.20.224.108 kernel: [    0.005620]  gran_size: 64K #011chunk_size: 256M #011num_reg: 10  #011lose cover RAM: 2048G
Jul 14 11:20:03 172.20.224.108 kernel: [    0.005622]  gran_size: 64K #011chunk_size: 512M #011num_reg: 10  #011lose cover RAM: 2048G
Jul 14 11:20:03 172.20.224.108 kernel: [    0.005624]  gran_size: 64K #011chunk_size: 1G #011num_reg: 10  #011lose cover RAM: 2048G
Jul 14 11:20:03 172.20.224.108 kernel: [    0.005627]  gran_size: 64K #011chunk_size: 2G #011num_reg: 10  #011lose cover RAM: 2048G
Jul 14 11:20:03 172.20.224.108 kernel: [    0.005629]  gran_size: 128K #011chunk_size: 128K #011num_reg: 10  #011lose cover RAM: 2048G
Jul 14 11:20:03 172.20.224.108 kernel: [    0.005631]  gran_size: 128K #011chunk_size: 256K #011num_reg: 10  #011lose cover RAM: 2048G
Jul 14 11:20:03 172.20.224.108 kernel: [    0.005633]  gran_size: 128K #011chunk_size: 512K #011num_reg: 10  #011lose cover RAM: 2048G
Jul 14 11:20:03 172.20.224.108 kernel: [    0.005635]  gran_size: 128K #011chunk_size: 1M #011num_reg: 10  #011lose cover RAM: 2048G
Jul 14 11:20:03 172.20.224.108 kernel: [    0.005637]  gran_size: 128K #011chunk_size: 2M #011num_reg: 10  #011lose cover RAM: 2048G
Jul 14 11:20:03 172.20.224.108 kernel: [    0.005639]  gran_size: 128K #011chunk_size: 4M #011num_reg: 10  #011lose cover RAM: 2048G
Jul 14 11:20:03 172.20.224.108 kernel: [    0.005641]  gran_size: 128K #011chunk_size: 8M #011num_reg: 10  #011lose cover RAM: 2048G
Jul 14 11:20:03 172.20.224.108 kernel: [    0.005643]  gran_size: 128K #011chunk_size: 16M #011num_reg: 10  #011lose cover RAM: 2048G
Jul 14 11:20:03 172.20.224.108 kernel: [    0.005645]  gran_size: 128K #011chunk_size: 32M #011num_reg: 10  #011lose cover RAM: 2048G
Jul 14 11:20:03 172.20.224.108 kernel: [    0.005647]  gran_size: 128K #011chunk_size: 64M #011num_reg: 10  #011lose cover RAM: 2048G
Jul 14 11:20:03 172.20.224.108 kernel: [    0.005649]  gran_size: 128K #011chunk_size: 128M #011num_reg: 10  #011lose cover RAM: 2048G
Jul 14 11:20:03 172.20.224.108 kernel: [    0.005652]  gran_size: 128K #011chunk_size: 256M #011num_reg: 10  #011lose cover RAM: 2048G
Jul 14 11:20:03 172.20.224.108 kernel: [    0.005654]  gran_size: 128K #011chunk_size: 512M #011num_reg: 10  #011lose cover RAM: 2048G
Jul 14 11:20:03 172.20.224.108 kernel: [    0.005656]  gran_size: 128K #011chunk_size: 1G #011num_reg: 10  #011lose cover RAM: 2048G
Jul 14 11:20:03 172.20.224.108 kernel: [    0.005658]  gran_size: 128K #011chunk_size: 2G #011num_reg: 10  #011lose cover RAM: 2048G
Jul 14 11:20:03 172.20.224.108 kernel: [    0.005660]  gran_size: 256K #011chunk_size: 256K #011num_reg: 10  #011lose cover RAM: 2048G
Jul 14 11:20:03 172.20.224.108 kernel: [    0.005662]  gran_size: 256K #011chunk_size: 512K #011num_reg: 10  #011lose cover RAM: 2048G
Jul 14 11:20:03 172.20.224.108 kernel: [    0.005664]  gran_size: 256K #011chunk_size: 1M #011num_reg: 10  #011lose cover RAM: 2048G
Jul 14 11:20:03 172.20.224.108 kernel: [    0.005666]  gran_size: 256K #011chunk_size: 2M #011num_reg: 10  #011lose cover RAM: 2048G
Jul 14 11:20:03 172.20.224.108 kernel: [    0.005668]  gran_size: 256K #011chunk_size: 4M #011num_reg: 10  #011lose cover RAM: 2048G
Jul 14 11:20:03 172.20.224.108 kernel: [    0.005670]  gran_size: 256K #011chunk_size: 8M #011num_reg: 10  #011lose cover RAM: 2048G
Jul 14 11:20:03 172.20.224.108 kernel: [    0.005672]  gran_size: 256K #011chunk_size: 16M #011num_reg: 10  #011lose cover RAM: 2048G
Jul 14 11:20:03 172.20.224.108 kernel: [    0.005674]  gran_size: 256K #011chunk_size: 32M #011num_reg: 10  #011lose cover RAM: 2048G
Jul 14 11:20:03 172.20.224.108 kernel: [    0.005676]  gran_size: 256K #011chunk_size: 64M #011num_reg: 10  #011lose cover RAM: 2048G
Jul 14 11:20:03 172.20.224.108 kernel: [    0.005678]  gran_size: 256K #011chunk_size: 128M #011num_reg: 10  #011lose cover RAM: 2048G
Jul 14 11:20:03 172.20.224.108 kernel: [    0.005680]  gran_size: 256K #011chunk_size: 256M #011num_reg: 10  #011lose cover RAM: 2048G
Jul 14 11:20:03 172.20.224.108 kernel: [    0.005682]  gran_size: 256K #011chunk_size: 512M #011num_reg: 10  #011lose cover RAM: 2048G
Jul 14 11:20:03 172.20.224.108 kernel: [    0.005684]  gran_size: 256K #011chunk_size: 1G #011num_reg: 10  #011lose cover RAM: 2048G
Jul 14 11:20:03 172.20.224.108 kernel: [    0.005686]  gran_size: 256K #011chunk_size: 2G #011num_reg: 10  #011lose cover RAM: 2048G
Jul 14 11:20:03 172.20.224.108 kernel: [    0.005689]  gran_size: 512K #011chunk_size: 512K #011num_reg: 10  #011lose cover RAM: 2048G
Jul 14 11:20:03 172.20.224.108 kernel: [    0.005691]  gran_size: 512K #011chunk_size: 1M #011num_reg: 10  #011lose cover RAM: 2048G
Jul 14 11:20:03 172.20.224.108 kernel: [    0.005693]  gran_size: 512K #011chunk_size: 2M #011num_reg: 10  #011lose cover RAM: 2048G
Jul 14 11:20:03 172.20.224.108 kernel: [    0.005695]  gran_size: 512K #011chunk_size: 4M #011num_reg: 10  #011lose cover RAM: 2048G
Jul 14 11:20:03 172.20.224.108 kernel: [    0.005697]  gran_size: 512K #011chunk_size: 8M #011num_reg: 10  #011lose cover RAM: 2048G
Jul 14 11:20:03 172.20.224.108 kernel: [    0.005699]  gran_size: 512K #011chunk_size: 16M #011num_reg: 10  #011lose cover RAM: 2048G
Jul 14 11:20:03 172.20.224.108 kernel: [    0.005701]  gran_size: 512K #011chunk_size: 32M #011num_reg: 10  #011lose cover RAM: 2048G
Jul 14 11:20:03 172.20.224.108 kernel: [    0.005703]  gran_size: 512K #011chunk_size: 64M #011num_reg: 10  #011lose cover RAM: 2048G
Jul 14 11:20:03 172.20.224.108 kernel: [    0.005705]  gran_size: 512K #011chunk_size: 128M #011num_reg: 10  #011lose cover RAM: 2048G
Jul 14 11:20:03 172.20.224.108 kernel: [    0.005707]  gran_size: 512K #011chunk_size: 256M #011num_reg: 10  #011lose cover RAM: 2048G
Jul 14 11:20:03 172.20.224.108 kernel: [    0.005709]  gran_size: 512K #011chunk_size: 512M #011num_reg: 10  #011lose cover RAM: 2048G
Jul 14 11:20:03 172.20.224.108 kernel: [    0.005711]  gran_size: 512K #011chunk_size: 1G #011num_reg: 10  #011lose cover RAM: 2048G
Jul 14 11:20:03 172.20.224.108 kernel: [    0.005713]  gran_size: 512K #011chunk_size: 2G #011num_reg: 10  #011lose cover RAM: 2048G
Jul 14 11:20:03 172.20.224.108 kernel: [    0.005715]  gran_size: 1M #011chunk_size: 1M #011num_reg: 10  #011lose cover RAM: 2048G
Jul 14 11:20:03 172.20.224.108 kernel: [    0.005717]  gran_size: 1M #011chunk_size: 2M #011num_reg: 10  #011lose cover RAM: 2048G
Jul 14 11:20:03 172.20.224.108 kernel: [    0.005720]  gran_size: 1M #011chunk_size: 4M #011num_reg: 10  #011lose cover RAM: 2048G
Jul 14 11:20:03 172.20.224.108 kernel: [    0.005721]  gran_size: 1M #011chunk_size: 8M #011num_reg: 10  #011lose cover RAM: 2048G
Jul 14 11:20:03 172.20.224.108 kernel: [    0.005724]  gran_size: 1M #011chunk_size: 16M #011num_reg: 10  #011lose cover RAM: 2048G
Jul 14 11:20:03 172.20.224.108 kernel: [    0.005726]  gran_size: 1M #011chunk_size: 32M #011num_reg: 10  #011lose cover RAM: 2048G
Jul 14 11:20:03 172.20.224.108 kernel: [    0.005728]  gran_size: 1M #011chunk_size: 64M #011num_reg: 10  #011lose cover RAM: 2048G
Jul 14 11:20:03 172.20.224.108 kernel: [    0.005730]  gran_size: 1M #011chunk_size: 128M #011num_reg: 10  #011lose cover RAM: 2048G
Jul 14 11:20:03 172.20.224.108 kernel: [    0.005732]  gran_size: 1M #011chunk_size: 256M #011num_reg: 10  #011lose cover RAM: 2048G
Jul 14 11:20:03 172.20.224.108 kernel: [    0.005734]  gran_size: 1M #011chunk_size: 512M #011num_reg: 10  #011lose cover RAM: 2048G
Jul 14 11:20:03 172.20.224.108 kernel: [    0.005736]  gran_size: 1M #011chunk_size: 1G #011num_reg: 10  #011lose cover RAM: 2048G
Jul 14 11:20:03 172.20.224.108 kernel: [    0.005738]  gran_size: 1M #011chunk_size: 2G #011num_reg: 10  #011lose cover RAM: 2048G
Jul 14 11:20:03 172.20.224.108 kernel: [    0.005740]  gran_size: 2M #011chunk_size: 2M #011num_reg: 10  #011lose cover RAM: 2048G
Jul 14 11:20:03 172.20.224.108 kernel: [    0.005742]  gran_size: 2M #011chunk_size: 4M #011num_reg: 10  #011lose cover RAM: 2048G
Jul 14 11:20:03 172.20.224.108 kernel: [    0.005744]  gran_size: 2M #011chunk_size: 8M #011num_reg: 10  #011lose cover RAM: 2048G
Jul 14 11:20:03 172.20.224.108 kernel: [    0.005746]  gran_size: 2M #011chunk_size: 16M #011num_reg: 10  #011lose cover RAM: 2048G
Jul 14 11:20:03 172.20.224.108 kernel: [    0.005748]  gran_size: 2M #011chunk_size: 32M #011num_reg: 10  #011lose cover RAM: 2048G
Jul 14 11:20:03 172.20.224.108 kernel: [    0.005750]  gran_size: 2M #011chunk_size: 64M #011num_reg: 10  #011lose cover RAM: 2048G
Jul 14 11:20:03 172.20.224.108 kernel: [    0.005752]  gran_size: 2M #011chunk_size: 128M #011num_reg: 10  #011lose cover RAM: 2048G
Jul 14 11:20:03 172.20.224.108 kernel: [    0.005754]  gran_size: 2M #011chunk_size: 256M #011num_reg: 10  #011lose cover RAM: 2048G
Jul 14 11:20:03 172.20.224.108 kernel: [    0.005756]  gran_size: 2M #011chunk_size: 512M #011num_reg: 10  #011lose cover RAM: 2048G
Jul 14 11:20:03 172.20.224.108 kernel: [    0.005758]  gran_size: 2M #011chunk_size: 1G #011num_reg: 10  #011lose cover RAM: 2048G
Jul 14 11:20:03 172.20.224.108 kernel: [    0.005761]  gran_size: 2M #011chunk_size: 2G #011num_reg: 10  #011lose cover RAM: 2048G
Jul 14 11:20:03 172.20.224.108 kernel: [    0.005763]  gran_size: 4M #011chunk_size: 4M #011num_reg: 10  #011lose cover RAM: 2048G
Jul 14 11:20:03 172.20.224.108 kernel: [    0.005765]  gran_size: 4M #011chunk_size: 8M #011num_reg: 10  #011lose cover RAM: 2048G
Jul 14 11:20:03 172.20.224.108 kernel: [    0.005767]  gran_size: 4M #011chunk_size: 16M #011num_reg: 10  #011lose cover RAM: 2048G
Jul 14 11:20:03 172.20.224.108 kernel: [    0.005769]  gran_size: 4M #011chunk_size: 32M #011num_reg: 10  #011lose cover RAM: 2048G
Jul 14 11:20:03 172.20.224.108 kernel: [    0.005771]  gran_size: 4M #011chunk_size: 64M #011num_reg: 10  #011lose cover RAM: 2048G
Jul 14 11:20:03 172.20.224.108 kernel: [    0.005773]  gran_size: 4M #011chunk_size: 128M #011num_reg: 10  #011lose cover RAM: 2048G
Jul 14 11:20:03 172.20.224.108 kernel: [    0.005775]  gran_size: 4M #011chunk_size: 256M #011num_reg: 10  #011lose cover RAM: 2048G
Jul 14 11:20:03 172.20.224.108 kernel: [    0.005777]  gran_size: 4M #011chunk_size: 512M #011num_reg: 10  #011lose cover RAM: 2048G
Jul 14 11:20:03 172.20.224.108 kernel: [    0.005779]  gran_size: 4M #011chunk_size: 1G #011num_reg: 10  #011lose cover RAM: 2048G
Jul 14 11:20:03 172.20.224.108 kernel: [    0.005781]  gran_size: 4M #011chunk_size: 2G #011num_reg: 10  #011lose cover RAM: 2048G
Jul 14 11:20:03 172.20.224.108 kernel: [    0.005783]  gran_size: 8M #011chunk_size: 8M #011num_reg: 10  #011lose cover RAM: 2048G
Jul 14 11:20:03 172.20.224.108 kernel: [    0.005785]  gran_size: 8M #011chunk_size: 16M #011num_reg: 10  #011lose cover RAM: 2048G
Jul 14 11:20:03 172.20.224.108 kernel: [    0.005787]  gran_size: 8M #011chunk_size: 32M #011num_reg: 10  #011lose cover RAM: 2048G
Jul 14 11:20:03 172.20.224.108 kernel: [    0.005789]  gran_size: 8M #011chunk_size: 64M #011num_reg: 10  #011lose cover RAM: 2048G
Jul 14 11:20:03 172.20.224.108 kernel: [    0.005791]  gran_size: 8M #011chunk_size: 128M #011num_reg: 10  #011lose cover RAM: 2048G
Jul 14 11:20:03 172.20.224.108 kernel: [    0.005793]  gran_size: 8M #011chunk_size: 256M #011num_reg: 10  #011lose cover RAM: 2048G
Jul 14 11:20:03 172.20.224.108 kernel: [    0.005795]  gran_size: 8M #011chunk_size: 512M #011num_reg: 10  #011lose cover RAM: 2048G
Jul 14 11:20:03 172.20.224.108 kernel: [    0.005797]  gran_size: 8M #011chunk_size: 1G #011num_reg: 10  #011lose cover RAM: 2048G
Jul 14 11:20:03 172.20.224.108 kernel: [    0.005799]  gran_size: 8M #011chunk_size: 2G #011num_reg: 10  #011lose cover RAM: 2048G
Jul 14 11:20:03 172.20.224.108 kernel: [    0.005801]  gran_size: 16M #011chunk_size: 16M #011num_reg: 10  #011lose cover RAM: 2048G
Jul 14 11:20:03 172.20.224.108 kernel: [    0.005804]  gran_size: 16M #011chunk_size: 32M #011num_reg: 10  #011lose cover RAM: 2048G
Jul 14 11:20:03 172.20.224.108 kernel: [    0.005806]  gran_size: 16M #011chunk_size: 64M #011num_reg: 10  #011lose cover RAM: 2048G
Jul 14 11:20:03 172.20.224.108 kernel: [    0.005808]  gran_size: 16M #011chunk_size: 128M #011num_reg: 10  #011lose cover RAM: 2048G
Jul 14 11:20:03 172.20.224.108 kernel: [    0.005810]  gran_size: 16M #011chunk_size: 256M #011num_reg: 10  #011lose cover RAM: 2048G
Jul 14 11:20:03 172.20.224.108 kernel: [    0.005812]  gran_size: 16M #011chunk_size: 512M #011num_reg: 10  #011lose cover RAM: 2048G
Jul 14 11:20:03 172.20.224.108 kernel: [    0.005814]  gran_size: 16M #011chunk_size: 1G #011num_reg: 10  #011lose cover RAM: 2048G
Jul 14 11:20:03 172.20.224.108 kernel: [    0.005816]  gran_size: 16M #011chunk_size: 2G #011num_reg: 10  #011lose cover RAM: 2048G
Jul 14 11:20:03 172.20.224.108 kernel: [    0.005818]  gran_size: 32M #011chunk_size: 32M #011num_reg: 10  #011lose cover RAM: 2048G
Jul 14 11:20:03 172.20.224.108 kernel: [    0.005820]  gran_size: 32M #011chunk_size: 64M #011num_reg: 10  #011lose cover RAM: 2048G
Jul 14 11:20:03 172.20.224.108 kernel: [    0.005822]  gran_size: 32M #011chunk_size: 128M #011num_reg: 10  #011lose cover RAM: 2048G
Jul 14 11:20:03 172.20.224.108 kernel: [    0.005824]  gran_size: 32M #011chunk_size: 256M #011num_reg: 10  #011lose cover RAM: 2048G
Jul 14 11:20:03 172.20.224.108 kernel: [    0.005826]  gran_size: 32M #011chunk_size: 512M #011num_reg: 10  #011lose cover RAM: 2048G
Jul 14 11:20:03 172.20.224.108 kernel: [    0.005828]  gran_size: 32M #011chunk_size: 1G #011num_reg: 10  #011lose cover RAM: 2048G
Jul 14 11:20:03 172.20.224.108 kernel: [    0.005830]  gran_size: 32M #011chunk_size: 2G #011num_reg: 10  #011lose cover RAM: 2048G
Jul 14 11:20:03 172.20.224.108 kernel: [    0.005832]  gran_size: 64M #011chunk_size: 64M #011num_reg: 10  #011lose cover RAM: 2048G
Jul 14 11:20:03 172.20.224.108 kernel: [    0.005835]  gran_size: 64M #011chunk_size: 128M #011num_reg: 10  #011lose cover RAM: 2048G
Jul 14 11:20:03 172.20.224.108 kernel: [    0.005837]  gran_size: 64M #011chunk_size: 256M #011num_reg: 10  #011lose cover RAM: 2048G
Jul 14 11:20:03 172.20.224.108 kernel: [    0.005839]  gran_size: 64M #011chunk_size: 512M #011num_reg: 10  #011lose cover RAM: 2048G
Jul 14 11:20:03 172.20.224.108 kernel: [    0.005841]  gran_size: 64M #011chunk_size: 1G #011num_reg: 10  #011lose cover RAM: 2048G
Jul 14 11:20:03 172.20.224.108 kernel: [    0.005843]  gran_size: 64M #011chunk_size: 2G #011num_reg: 10  #011lose cover RAM: 2048G
Jul 14 11:20:03 172.20.224.108 kernel: [    0.005845]  gran_size: 128M #011chunk_size: 128M #011num_reg: 10  #011lose cover RAM: 2048G
Jul 14 11:20:03 172.20.224.108 kernel: [    0.005847]  gran_size: 128M #011chunk_size: 256M #011num_reg: 10  #011lose cover RAM: 2048G
Jul 14 11:20:03 172.20.224.108 kernel: [    0.005849]  gran_size: 128M #011chunk_size: 512M #011num_reg: 10  #011lose cover RAM: 2048G
Jul 14 11:20:03 172.20.224.108 kernel: [    0.005851]  gran_size: 128M #011chunk_size: 1G #011num_reg: 10  #011lose cover RAM: 2048G
Jul 14 11:20:03 172.20.224.108 kernel: [    0.005853]  gran_size: 128M #011chunk_size: 2G #011num_reg: 10  #011lose cover RAM: 2048G
Jul 14 11:20:03 172.20.224.108 kernel: [    0.005855]  gran_size: 256M #011chunk_size: 256M #011num_reg: 10  #011lose cover RAM: 2048G
Jul 14 11:20:03 172.20.224.108 kernel: [    0.005857]  gran_size: 256M #011chunk_size: 512M #011num_reg: 10  #011lose cover RAM: 2048G
Jul 14 11:20:03 172.20.224.108 kernel: [    0.005859]  gran_size: 256M #011chunk_size: 1G #011num_reg: 10  #011lose cover RAM: 2048G
Jul 14 11:20:03 172.20.224.108 kernel: [    0.005861]  gran_size: 256M #011chunk_size: 2G #011num_reg: 10  #011lose cover RAM: 2048G
Jul 14 11:20:03 172.20.224.108 kernel: [    0.005863]  gran_size: 512M #011chunk_size: 512M #011num_reg: 10  #011lose cover RAM: 2048G
Jul 14 11:20:03 172.20.224.108 kernel: [    0.005865]  gran_size: 512M #011chunk_size: 1G #011num_reg: 10  #011lose cover RAM: 2048G
Jul 14 11:20:03 172.20.224.108 kernel: [    0.005867]  gran_size: 512M #011chunk_size: 2G #011num_reg: 10  #011lose cover RAM: 2048G
Jul 14 11:20:03 172.20.224.108 kernel: [    0.005869]  gran_size: 1G #011chunk_size: 1G #011num_reg: 10  #011lose cover RAM: 2048G
Jul 14 11:20:03 172.20.224.108 kernel: [    0.005872]  gran_size: 1G #011chunk_size: 2G #011num_reg: 10  #011lose cover RAM: 2048G
Jul 14 11:20:03 172.20.224.108 kernel: [    0.005874]  gran_size: 2G #011chunk_size: 2G #011num_reg: 10  #011lose cover RAM: 2048G
Jul 14 11:20:03 172.20.224.108 kernel: [    0.005876] mtrr_cleanup: can not find optimal value
Jul 14 11:20:03 172.20.224.108 kernel: [    0.005877] please specify mtrr_gran_size/mtrr_chunk_size
Jul 14 11:20:03 172.20.224.108 kernel: [    0.005880] e820: update [mem 0x80000000-0xffffffff] usable ==> reserved
Jul 14 11:20:03 172.20.224.108 kernel: [    0.005885] x2apic: enabled by BIOS, switching to x2apic ops
Jul 14 11:20:03 172.20.224.108 kernel: [    0.005887] last_pfn = 0x77800 max_arch_pfn = 0x10000000000
Jul 14 11:20:03 172.20.224.108 kernel: [    0.016123] Using GB pages for direct mapping
Jul 14 11:20:03 172.20.224.108 kernel: [    0.016470] secureboot: Secure boot disabled
Jul 14 11:20:03 172.20.224.108 kernel: [    0.016472] RAMDISK: [mem 0x5ad5a000-0x61840fff]
Jul 14 11:20:03 172.20.224.108 kernel: [    0.016475] ACPI: Early table checksum verification disabled
Jul 14 11:20:03 172.20.224.108 kernel: [    0.016479] ACPI: RSDP 0x0000000072102014 000024 (v02 ALASKA)
Jul 14 11:20:03 172.20.224.108 kernel: [    0.016485] ACPI: XSDT 0x0000000072101728 0000EC (v01 ALASKA A M I    01072009 AMI  01000013)
Jul 14 11:20:03 172.20.224.108 kernel: [    0.016491] ACPI: FACP 0x0000000072100000 000114 (v06 ALASKA A M I    01072009 INTL 20091013)
Jul 14 11:20:03 172.20.224.108 kernel: [    0.016499] ACPI: DSDT 0x0000000072033000 0CB7DD (v02 ALASKA A M I    01072009 INTL 20091013)
Jul 14 11:20:03 172.20.224.108 kernel: [    0.016503] ACPI: FACS 0x000000007530D000 000040
Jul 14 11:20:03 172.20.224.108 kernel: [    0.016507] ACPI: SPMI 0x00000000720FF000 000041 (v05 ALASKA A M I    00000000 AMI. 00000000)
Jul 14 11:20:03 172.20.224.108 kernel: [    0.016511] ACPI: FIDT 0x0000000072032000 00009C (v01 ALASKA A M I    01072009 AMI  00010013)
Jul 14 11:20:03 172.20.224.108 kernel: [    0.016516] ACPI: SSDT 0x0000000072031000 00074C (v02 INTEL  RAS_ACPI 00000001 INTL 20210331)
Jul 14 11:20:03 172.20.224.108 kernel: [    0.016520] ACPI: ERST 0x0000000072030000 000230 (v01 ALASKA A M I    00000001 INTL 00000001)
Jul 14 11:20:03 172.20.224.108 kernel: [    0.016524] ACPI: MCFG 0x000000007202F000 00003C (v01 ALASKA A M I    01072009 MSFT 00000097)
Jul 14 11:20:03 172.20.224.108 kernel: [    0.016528] ACPI: HPET 0x000000007202E000 000038 (v01 ALASKA A M I    00000001 INTL 20091013)
Jul 14 11:20:03 172.20.224.108 kernel: [    0.016532] ACPI: MSCT 0x000000007202D000 000090 (v01 ALASKA A M I    00000001 INTL 20091013)
Jul 14 11:20:03 172.20.224.108 kernel: [    0.016537] ACPI: WDDT 0x000000007202C000 000040 (v01 ALASKA A M I    00000000 INTL 20091013)
Jul 14 11:20:03 172.20.224.108 kernel: [    0.016541] ACPI: APIC 0x000000007202A000 000E5E (v04 ALASKA A M I    00000000 INTL 20091013)
Jul 14 11:20:03 172.20.224.108 kernel: [    0.016545] ACPI: SRAT 0x0000000072022000 007830 (v03 ALASKA A M I    00000002 AMI  01000013)
Jul 14 11:20:03 172.20.224.108 kernel: [    0.016549] ACPI: SLIT 0x0000000072021000 000030 (v01 ALASKA A M I    01072009 AMI  01000013)
Jul 14 11:20:03 172.20.224.108 kernel: [    0.016553] ACPI: HMAT 0x0000000072020000 000158 (v02 ALASKA A M I    01072009 AMI  01000013)
Jul 14 11:20:03 172.20.224.108 kernel: [    0.016557] ACPI: OEM4 0x0000000071E98000 187A51 (v02 INTEL  CPU  CST 00003000 INTL 20210331)
Jul 14 11:20:03 172.20.224.108 kernel: [    0.016562] ACPI: OEM1 0x0000000071D84000 113479 (v02 INTEL  CPU EIST 00003000 INTL 20210331)
Jul 14 11:20:03 172.20.224.108 kernel: [    0.016566] ACPI: OEM2 0x0000000071D3D000 046031 (v02 INTEL  CPU  HWP 00003000 INTL 20210331)
Jul 14 11:20:03 172.20.224.108 kernel: [    0.016570] ACPI: SSDT 0x0000000071CD3000 069895 (v02 INTEL  SSDT  PM 00004000 INTL 20210331)
Jul 14 11:20:03 172.20.224.108 kernel: [    0.016575] ACPI: SSDT 0x0000000071CD2000 000957 (v02 ALASKA A M I    00000000 INTL 20091013)
Jul 14 11:20:03 172.20.224.108 kernel: [    0.016579] ACPI: HEST 0x0000000071CD1000 00013C (v01 ALASKA A M I    00000001 INTL 00000001)
Jul 14 11:20:03 172.20.224.108 kernel: [    0.016583] ACPI: BERT 0x0000000071CD0000 000030 (v01 ALASKA A M I    00000001 INTL 00000001)
Jul 14 11:20:03 172.20.224.108 kernel: [    0.016587] ACPI: SSDT 0x0000000071CCF000 00076E (v02 INTEL  ADDRXLAT 00000001 INTL 20210331)
Jul 14 11:20:03 172.20.224.108 kernel: [    0.016591] ACPI: DMAR 0x0000000071CCE000 000528 (v01 ALASKA A M I    00000001 INTL 20091013)
Jul 14 11:20:03 172.20.224.108 kernel: [    0.016596] ACPI: FPDT 0x0000000071CCD000 000044 (v01 ALASKA A M I    01072009 AMI  01000013)
Jul 14 11:20:03 172.20.224.108 kernel: [    0.016600] ACPI: SPCR 0x0000000071CCC000 000050 (v02 ALASKA A M I    01072009 AMI  00050020)
Jul 14 11:20:03 172.20.224.108 kernel: [    0.016604] ACPI: WSMT 0x000000007202B000 000028 (v01 ALASKA A M I    01072009 AMI  00010013)
Jul 14 11:20:03 172.20.224.108 kernel: [    0.016607] ACPI: Reserving FACP table memory at [mem 0x72100000-0x72100113]
Jul 14 11:20:03 172.20.224.108 kernel: [    0.016610] ACPI: Reserving DSDT table memory at [mem 0x72033000-0x720fe7dc]
Jul 14 11:20:03 172.20.224.108 kernel: [    0.016612] ACPI: Reserving FACS table memory at [mem 0x7530d000-0x7530d03f]
Jul 14 11:20:03 172.20.224.108 kernel: [    0.016614] ACPI: Reserving SPMI table memory at [mem 0x720ff000-0x720ff040]
Jul 14 11:20:03 172.20.224.108 kernel: [    0.016615] ACPI: Reserving FIDT table memory at [mem 0x72032000-0x7203209b]
Jul 14 11:20:03 172.20.224.108 kernel: [    0.016617] ACPI: Reserving SSDT table memory at [mem 0x72031000-0x7203174b]
Jul 14 11:20:03 172.20.224.108 kernel: [    0.016619] ACPI: Reserving ERST table memory at [mem 0x72030000-0x7203022f]
Jul 14 11:20:03 172.20.224.108 kernel: [    0.016620] ACPI: Reserving MCFG table memory at [mem 0x7202f000-0x7202f03b]
Jul 14 11:20:03 172.20.224.108 kernel: [    0.016622] ACPI: Reserving HPET table memory at [mem 0x7202e000-0x7202e037]
Jul 14 11:20:03 172.20.224.108 kernel: [    0.016624] ACPI: Reserving MSCT table memory at [mem 0x7202d000-0x7202d08f]
Jul 14 11:20:03 172.20.224.108 kernel: [    0.016625] ACPI: Reserving WDDT table memory at [mem 0x7202c000-0x7202c03f]
Jul 14 11:20:03 172.20.224.108 kernel: [    0.016627] ACPI: Reserving APIC table memory at [mem 0x7202a000-0x7202ae5d]
Jul 14 11:20:03 172.20.224.108 kernel: [    0.016628] ACPI: Reserving SRAT table memory at [mem 0x72022000-0x7202982f]
Jul 14 11:20:03 172.20.224.108 kernel: [    0.016630] ACPI: Reserving SLIT table memory at [mem 0x72021000-0x7202102f]
Jul 14 11:20:03 172.20.224.108 kernel: [    0.016632] ACPI: Reserving HMAT table memory at [mem 0x72020000-0x72020157]
Jul 14 11:20:03 172.20.224.108 kernel: [    0.016633] ACPI: Reserving OEM4 table memory at [mem 0x71e98000-0x7201fa50]
Jul 14 11:20:03 172.20.224.108 kernel: [    0.016635] ACPI: Reserving OEM1 table memory at [mem 0x71d84000-0x71e97478]
Jul 14 11:20:03 172.20.224.108 kernel: [    0.016637] ACPI: Reserving OEM2 table memory at [mem 0x71d3d000-0x71d83030]
Jul 14 11:20:03 172.20.224.108 kernel: [    0.016638] ACPI: Reserving SSDT table memory at [mem 0x71cd3000-0x71d3c894]
Jul 14 11:20:03 172.20.224.108 kernel: [    0.016640] ACPI: Reserving SSDT table memory at [mem 0x71cd2000-0x71cd2956]
Jul 14 11:20:03 172.20.224.108 kernel: [    0.016642] ACPI: Reserving HEST table memory at [mem 0x71cd1000-0x71cd113b]
Jul 14 11:20:03 172.20.224.108 kernel: [    0.016643] ACPI: Reserving BERT table memory at [mem 0x71cd0000-0x71cd002f]
Jul 14 11:20:03 172.20.224.108 kernel: [    0.016645] ACPI: Reserving SSDT table memory at [mem 0x71ccf000-0x71ccf76d]
Jul 14 11:20:03 172.20.224.108 kernel: [    0.016647] ACPI: Reserving DMAR table memory at [mem 0x71cce000-0x71cce527]
Jul 14 11:20:03 172.20.224.108 kernel: [    0.016648] ACPI: Reserving FPDT table memory at [mem 0x71ccd000-0x71ccd043]
Jul 14 11:20:03 172.20.224.108 kernel: [    0.016650] ACPI: Reserving SPCR table memory at [mem 0x71ccc000-0x71ccc04f]
Jul 14 11:20:03 172.20.224.108 kernel: [    0.016651] ACPI: Reserving WSMT table memory at [mem 0x7202b000-0x7202b027]
Jul 14 11:20:03 172.20.224.108 kernel: [    0.016664] Setting APIC routing to cluster x2apic.
Jul 14 11:20:03 172.20.224.108 kernel: [    0.016732] SRAT: PXM 0 -> APIC 0x0000 -> Node 0
Jul 14 11:20:03 172.20.224.108 kernel: [    0.016734] SRAT: PXM 0 -> APIC 0x0001 -> Node 0
Jul 14 11:20:03 172.20.224.108 kernel: [    0.016736] SRAT: PXM 0 -> APIC 0x0002 -> Node 0
Jul 14 11:20:03 172.20.224.108 kernel: [    0.016737] SRAT: PXM 0 -> APIC 0x0003 -> Node 0
Jul 14 11:20:03 172.20.224.108 kernel: [    0.016738] SRAT: PXM 0 -> APIC 0x0004 -> Node 0
Jul 14 11:20:03 172.20.224.108 kernel: [    0.016740] SRAT: PXM 0 -> APIC 0x0005 -> Node 0
Jul 14 11:20:03 172.20.224.108 kernel: [    0.016741] SRAT: PXM 0 -> APIC 0x0006 -> Node 0
Jul 14 11:20:03 172.20.224.108 kernel: [    0.016742] SRAT: PXM 0 -> APIC 0x0007 -> Node 0
Jul 14 11:20:03 172.20.224.108 kernel: [    0.016743] SRAT: PXM 0 -> APIC 0x0008 -> Node 0
Jul 14 11:20:03 172.20.224.108 kernel: [    0.016744] SRAT: PXM 0 -> APIC 0x0009 -> Node 0
Jul 14 11:20:03 172.20.224.108 kernel: [    0.016746] SRAT: PXM 0 -> APIC 0x000a -> Node 0
Jul 14 11:20:03 172.20.224.108 kernel: [    0.016747] SRAT: PXM 0 -> APIC 0x000b -> Node 0
Jul 14 11:20:03 172.20.224.108 kernel: [    0.016748] SRAT: PXM 0 -> APIC 0x000c -> Node 0
Jul 14 11:20:03 172.20.224.108 kernel: [    0.016749] SRAT: PXM 0 -> APIC 0x000d -> Node 0
Jul 14 11:20:03 172.20.224.108 kernel: [    0.016750] SRAT: PXM 0 -> APIC 0x000e -> Node 0
Jul 14 11:20:03 172.20.224.108 kernel: [    0.016751] SRAT: PXM 0 -> APIC 0x000f -> Node 0
Jul 14 11:20:03 172.20.224.108 kernel: [    0.016753] SRAT: PXM 0 -> APIC 0x0010 -> Node 0
Jul 14 11:20:03 172.20.224.108 kernel: [    0.016754] SRAT: PXM 0 -> APIC 0x0011 -> Node 0
Jul 14 11:20:03 172.20.224.108 kernel: [    0.016755] SRAT: PXM 0 -> APIC 0x0012 -> Node 0
Jul 14 11:20:03 172.20.224.108 kernel: [    0.016757] SRAT: PXM 0 -> APIC 0x0013 -> Node 0
Jul 14 11:20:03 172.20.224.108 kernel: [    0.016758] SRAT: PXM 0 -> APIC 0x0014 -> Node 0
Jul 14 11:20:03 172.20.224.108 kernel: [    0.016759] SRAT: PXM 0 -> APIC 0x0015 -> Node 0
Jul 14 11:20:03 172.20.224.108 kernel: [    0.016760] SRAT: PXM 0 -> APIC 0x0016 -> Node 0
Jul 14 11:20:03 172.20.224.108 kernel: [    0.016761] SRAT: PXM 0 -> APIC 0x0017 -> Node 0
Jul 14 11:20:03 172.20.224.108 kernel: [    0.016763] SRAT: PXM 0 -> APIC 0x0018 -> Node 0
Jul 14 11:20:03 172.20.224.108 kernel: [    0.016764] SRAT: PXM 0 -> APIC 0x0019 -> Node 0
Jul 14 11:20:03 172.20.224.108 kernel: [    0.016765] SRAT: PXM 0 -> APIC 0x001a -> Node 0
Jul 14 11:20:03 172.20.224.108 kernel: [    0.016766] SRAT: PXM 0 -> APIC 0x001b -> Node 0
Jul 14 11:20:03 172.20.224.108 kernel: [    0.016767] SRAT: PXM 0 -> APIC 0x001c -> Node 0
Jul 14 11:20:03 172.20.224.108 kernel: [    0.016769] SRAT: PXM 0 -> APIC 0x001d -> Node 0
Jul 14 11:20:03 172.20.224.108 kernel: [    0.016770] SRAT: PXM 0 -> APIC 0x001e -> Node 0
Jul 14 11:20:03 172.20.224.108 kernel: [    0.016771] SRAT: PXM 0 -> APIC 0x001f -> Node 0
Jul 14 11:20:03 172.20.224.108 kernel: [    0.016772] SRAT: PXM 0 -> APIC 0x0020 -> Node 0
Jul 14 11:20:03 172.20.224.108 kernel: [    0.016773] SRAT: PXM 0 -> APIC 0x0021 -> Node 0
Jul 14 11:20:03 172.20.224.108 kernel: [    0.016775] SRAT: PXM 0 -> APIC 0x0022 -> Node 0
Jul 14 11:20:03 172.20.224.108 kernel: [    0.016776] SRAT: PXM 0 -> APIC 0x0023 -> Node 0
Jul 14 11:20:03 172.20.224.108 kernel: [    0.016777] SRAT: PXM 0 -> APIC 0x0024 -> Node 0
Jul 14 11:20:03 172.20.224.108 kernel: [    0.016778] SRAT: PXM 0 -> APIC 0x0025 -> Node 0
Jul 14 11:20:03 172.20.224.108 kernel: [    0.016779] SRAT: PXM 0 -> APIC 0x0026 -> Node 0
Jul 14 11:20:03 172.20.224.108 kernel: [    0.016781] SRAT: PXM 0 -> APIC 0x0027 -> Node 0
Jul 14 11:20:03 172.20.224.108 kernel: [    0.016782] SRAT: PXM 0 -> APIC 0x0028 -> Node 0
Jul 14 11:20:03 172.20.224.108 kernel: [    0.016783] SRAT: PXM 0 -> APIC 0x0029 -> Node 0
Jul 14 11:20:03 172.20.224.108 kernel: [    0.016784] SRAT: PXM 0 -> APIC 0x002a -> Node 0
Jul 14 11:20:03 172.20.224.108 kernel: [    0.016785] SRAT: PXM 0 -> APIC 0x002b -> Node 0
Jul 14 11:20:03 172.20.224.108 kernel: [    0.016787] SRAT: PXM 0 -> APIC 0x002c -> Node 0
Jul 14 11:20:03 172.20.224.108 kernel: [    0.016788] SRAT: PXM 0 -> APIC 0x002d -> Node 0
Jul 14 11:20:03 172.20.224.108 kernel: [    0.016789] SRAT: PXM 0 -> APIC 0x002e -> Node 0
Jul 14 11:20:03 172.20.224.108 kernel: [    0.016790] SRAT: PXM 0 -> APIC 0x002f -> Node 0
Jul 14 11:20:03 172.20.224.108 kernel: [    0.016791] SRAT: PXM 0 -> APIC 0x0030 -> Node 0
Jul 14 11:20:03 172.20.224.108 kernel: [    0.016793] SRAT: PXM 0 -> APIC 0x0031 -> Node 0
Jul 14 11:20:03 172.20.224.108 kernel: [    0.016794] SRAT: PXM 0 -> APIC 0x0032 -> Node 0
Jul 14 11:20:03 172.20.224.108 kernel: [    0.016795] SRAT: PXM 0 -> APIC 0x0033 -> Node 0
Jul 14 11:20:03 172.20.224.108 kernel: [    0.016796] SRAT: PXM 0 -> APIC 0x0034 -> Node 0
Jul 14 11:20:03 172.20.224.108 kernel: [    0.016797] SRAT: PXM 0 -> APIC 0x0035 -> Node 0
Jul 14 11:20:03 172.20.224.108 kernel: [    0.016799] SRAT: PXM 0 -> APIC 0x0036 -> Node 0
Jul 14 11:20:03 172.20.224.108 kernel: [    0.016800] SRAT: PXM 0 -> APIC 0x0037 -> Node 0
Jul 14 11:20:03 172.20.224.108 kernel: [    0.016801] SRAT: PXM 0 -> APIC 0x0038 -> Node 0
Jul 14 11:20:03 172.20.224.108 kernel: [    0.016802] SRAT: PXM 0 -> APIC 0x0039 -> Node 0
Jul 14 11:20:03 172.20.224.108 kernel: [    0.016803] SRAT: PXM 0 -> APIC 0x003a -> Node 0
Jul 14 11:20:03 172.20.224.108 kernel: [    0.016805] SRAT: PXM 0 -> APIC 0x003b -> Node 0
Jul 14 11:20:03 172.20.224.108 kernel: [    0.016806] SRAT: PXM 0 -> APIC 0x003c -> Node 0
Jul 14 11:20:03 172.20.224.108 kernel: [    0.016807] SRAT: PXM 0 -> APIC 0x003d -> Node 0
Jul 14 11:20:03 172.20.224.108 kernel: [    0.016808] SRAT: PXM 0 -> APIC 0x003e -> Node 0
Jul 14 11:20:03 172.20.224.108 kernel: [    0.016809] SRAT: PXM 0 -> APIC 0x003f -> Node 0
Jul 14 11:20:03 172.20.224.108 kernel: [    0.016811] SRAT: PXM 0 -> APIC 0x0040 -> Node 0
Jul 14 11:20:03 172.20.224.108 kernel: [    0.016812] SRAT: PXM 0 -> APIC 0x0041 -> Node 0
Jul 14 11:20:03 172.20.224.108 kernel: [    0.016813] SRAT: PXM 0 -> APIC 0x0042 -> Node 0
Jul 14 11:20:03 172.20.224.108 kernel: [    0.016814] SRAT: PXM 0 -> APIC 0x0043 -> Node 0
Jul 14 11:20:03 172.20.224.108 kernel: [    0.016815] SRAT: PXM 0 -> APIC 0x0044 -> Node 0
Jul 14 11:20:03 172.20.224.108 kernel: [    0.016817] SRAT: PXM 0 -> APIC 0x0045 -> Node 0
Jul 14 11:20:03 172.20.224.108 kernel: [    0.016818] SRAT: PXM 0 -> APIC 0x0046 -> Node 0
Jul 14 11:20:03 172.20.224.108 kernel: [    0.016819] SRAT: PXM 0 -> APIC 0x0047 -> Node 0
Jul 14 11:20:03 172.20.224.108 kernel: [    0.016820] SRAT: PXM 0 -> APIC 0x0048 -> Node 0
Jul 14 11:20:03 172.20.224.108 kernel: [    0.016821] SRAT: PXM 0 -> APIC 0x0049 -> Node 0
Jul 14 11:20:03 172.20.224.108 kernel: [    0.016823] SRAT: PXM 0 -> APIC 0x004a -> Node 0
Jul 14 11:20:03 172.20.224.108 kernel: [    0.016824] SRAT: PXM 0 -> APIC 0x004b -> Node 0
Jul 14 11:20:03 172.20.224.108 kernel: [    0.016825] SRAT: PXM 0 -> APIC 0x004c -> Node 0
Jul 14 11:20:03 172.20.224.108 kernel: [    0.016826] SRAT: PXM 0 -> APIC 0x004d -> Node 0
Jul 14 11:20:03 172.20.224.108 kernel: [    0.016827] SRAT: PXM 0 -> APIC 0x004e -> Node 0
Jul 14 11:20:03 172.20.224.108 kernel: [    0.016829] SRAT: PXM 0 -> APIC 0x004f -> Node 0
Jul 14 11:20:03 172.20.224.108 kernel: [    0.016830] SRAT: PXM 0 -> APIC 0x0050 -> Node 0
Jul 14 11:20:03 172.20.224.108 kernel: [    0.016831] SRAT: PXM 0 -> APIC 0x0051 -> Node 0
Jul 14 11:20:03 172.20.224.108 kernel: [    0.016832] SRAT: PXM 0 -> APIC 0x0052 -> Node 0
Jul 14 11:20:03 172.20.224.108 kernel: [    0.016833] SRAT: PXM 0 -> APIC 0x0053 -> Node 0
Jul 14 11:20:03 172.20.224.108 kernel: [    0.016835] SRAT: PXM 0 -> APIC 0x0054 -> Node 0
Jul 14 11:20:03 172.20.224.108 kernel: [    0.016836] SRAT: PXM 0 -> APIC 0x0055 -> Node 0
Jul 14 11:20:03 172.20.224.108 kernel: [    0.016837] SRAT: PXM 0 -> APIC 0x0056 -> Node 0
Jul 14 11:20:03 172.20.224.108 kernel: [    0.016838] SRAT: PXM 0 -> APIC 0x0057 -> Node 0
Jul 14 11:20:03 172.20.224.108 kernel: [    0.016839] SRAT: PXM 0 -> APIC 0x0058 -> Node 0
Jul 14 11:20:03 172.20.224.108 kernel: [    0.016841] SRAT: PXM 0 -> APIC 0x0059 -> Node 0
Jul 14 11:20:03 172.20.224.108 kernel: [    0.016842] SRAT: PXM 0 -> APIC 0x005a -> Node 0
Jul 14 11:20:03 172.20.224.108 kernel: [    0.016843] SRAT: PXM 0 -> APIC 0x005b -> Node 0
Jul 14 11:20:03 172.20.224.108 kernel: [    0.016844] SRAT: PXM 0 -> APIC 0x005c -> Node 0
Jul 14 11:20:03 172.20.224.108 kernel: [    0.016845] SRAT: PXM 0 -> APIC 0x005d -> Node 0
Jul 14 11:20:03 172.20.224.108 kernel: [    0.016847] SRAT: PXM 0 -> APIC 0x005e -> Node 0
Jul 14 11:20:03 172.20.224.108 kernel: [    0.016848] SRAT: PXM 0 -> APIC 0x005f -> Node 0
Jul 14 11:20:03 172.20.224.108 kernel: [    0.016849] SRAT: PXM 0 -> APIC 0x0060 -> Node 0
Jul 14 11:20:03 172.20.224.108 kernel: [    0.016850] SRAT: PXM 0 -> APIC 0x0061 -> Node 0
Jul 14 11:20:03 172.20.224.108 kernel: [    0.016851] SRAT: PXM 0 -> APIC 0x0062 -> Node 0
Jul 14 11:20:03 172.20.224.108 kernel: [    0.016853] SRAT: PXM 0 -> APIC 0x0063 -> Node 0
Jul 14 11:20:03 172.20.224.108 kernel: [    0.016854] SRAT: PXM 0 -> APIC 0x0064 -> Node 0
Jul 14 11:20:03 172.20.224.108 kernel: [    0.016855] SRAT: PXM 0 -> APIC 0x0065 -> Node 0
Jul 14 11:20:03 172.20.224.108 kernel: [    0.016856] SRAT: PXM 0 -> APIC 0x0066 -> Node 0
Jul 14 11:20:03 172.20.224.108 kernel: [    0.016857] SRAT: PXM 0 -> APIC 0x0067 -> Node 0
Jul 14 11:20:03 172.20.224.108 kernel: [    0.016859] SRAT: PXM 0 -> APIC 0x0068 -> Node 0
Jul 14 11:20:03 172.20.224.108 kernel: [    0.016860] SRAT: PXM 0 -> APIC 0x0069 -> Node 0
Jul 14 11:20:03 172.20.224.108 kernel: [    0.016861] SRAT: PXM 0 -> APIC 0x006a -> Node 0
Jul 14 11:20:03 172.20.224.108 kernel: [    0.016862] SRAT: PXM 0 -> APIC 0x006b -> Node 0
Jul 14 11:20:03 172.20.224.108 kernel: [    0.016863] SRAT: PXM 0 -> APIC 0x006c -> Node 0
Jul 14 11:20:03 172.20.224.108 kernel: [    0.016865] SRAT: PXM 0 -> APIC 0x006d -> Node 0
Jul 14 11:20:03 172.20.224.108 kernel: [    0.016866] SRAT: PXM 0 -> APIC 0x006e -> Node 0
Jul 14 11:20:03 172.20.224.108 kernel: [    0.016867] SRAT: PXM 0 -> APIC 0x006f -> Node 0
Jul 14 11:20:03 172.20.224.108 kernel: [    0.016868] SRAT: PXM 1 -> APIC 0x0080 -> Node 1
Jul 14 11:20:03 172.20.224.108 kernel: [    0.016870] SRAT: PXM 1 -> APIC 0x0081 -> Node 1
Jul 14 11:20:03 172.20.224.108 kernel: [    0.016871] SRAT: PXM 1 -> APIC 0x0082 -> Node 1
Jul 14 11:20:03 172.20.224.108 kernel: [    0.016872] SRAT: PXM 1 -> APIC 0x0083 -> Node 1
Jul 14 11:20:03 172.20.224.108 kernel: [    0.016873] SRAT: PXM 1 -> APIC 0x0084 -> Node 1
Jul 14 11:20:03 172.20.224.108 kernel: [    0.016874] SRAT: PXM 1 -> APIC 0x0085 -> Node 1
Jul 14 11:20:03 172.20.224.108 kernel: [    0.016876] SRAT: PXM 1 -> APIC 0x0086 -> Node 1
Jul 14 11:20:03 172.20.224.108 kernel: [    0.016877] SRAT: PXM 1 -> APIC 0x0087 -> Node 1
Jul 14 11:20:03 172.20.224.108 kernel: [    0.016878] SRAT: PXM 1 -> APIC 0x0088 -> Node 1
Jul 14 11:20:03 172.20.224.108 kernel: [    0.016879] SRAT: PXM 1 -> APIC 0x0089 -> Node 1
Jul 14 11:20:03 172.20.224.108 kernel: [    0.016880] SRAT: PXM 1 -> APIC 0x008a -> Node 1
Jul 14 11:20:03 172.20.224.108 kernel: [    0.016881] SRAT: PXM 1 -> APIC 0x008b -> Node 1
Jul 14 11:20:03 172.20.224.108 kernel: [    0.016883] SRAT: PXM 1 -> APIC 0x008c -> Node 1
Jul 14 11:20:03 172.20.224.108 kernel: [    0.016884] SRAT: PXM 1 -> APIC 0x008d -> Node 1
Jul 14 11:20:03 172.20.224.108 kernel: [    0.016885] SRAT: PXM 1 -> APIC 0x008e -> Node 1
Jul 14 11:20:03 172.20.224.108 kernel: [    0.016886] SRAT: PXM 1 -> APIC 0x008f -> Node 1
Jul 14 11:20:03 172.20.224.108 kernel: [    0.016887] SRAT: PXM 1 -> APIC 0x0090 -> Node 1
Jul 14 11:20:03 172.20.224.108 kernel: [    0.016889] SRAT: PXM 1 -> APIC 0x0091 -> Node 1
Jul 14 11:20:03 172.20.224.108 kernel: [    0.016890] SRAT: PXM 1 -> APIC 0x0092 -> Node 1
Jul 14 11:20:03 172.20.224.108 kernel: [    0.016891] SRAT: PXM 1 -> APIC 0x0093 -> Node 1
Jul 14 11:20:03 172.20.224.108 kernel: [    0.016892] SRAT: PXM 1 -> APIC 0x0094 -> Node 1
Jul 14 11:20:03 172.20.224.108 kernel: [    0.016893] SRAT: PXM 1 -> APIC 0x0095 -> Node 1
Jul 14 11:20:03 172.20.224.108 kernel: [    0.016895] SRAT: PXM 1 -> APIC 0x0096 -> Node 1
Jul 14 11:20:03 172.20.224.108 kernel: [    0.016896] SRAT: PXM 1 -> APIC 0x0097 -> Node 1
Jul 14 11:20:03 172.20.224.108 kernel: [    0.016897] SRAT: PXM 1 -> APIC 0x0098 -> Node 1
Jul 14 11:20:03 172.20.224.108 kernel: [    0.016898] SRAT: PXM 1 -> APIC 0x0099 -> Node 1
Jul 14 11:20:03 172.20.224.108 kernel: [    0.016899] SRAT: PXM 1 -> APIC 0x009a -> Node 1
Jul 14 11:20:03 172.20.224.108 kernel: [    0.016901] SRAT: PXM 1 -> APIC 0x009b -> Node 1
Jul 14 11:20:03 172.20.224.108 kernel: [    0.016902] SRAT: PXM 1 -> APIC 0x009c -> Node 1
Jul 14 11:20:03 172.20.224.108 kernel: [    0.016903] SRAT: PXM 1 -> APIC 0x009d -> Node 1
Jul 14 11:20:03 172.20.224.108 kernel: [    0.016904] SRAT: PXM 1 -> APIC 0x009e -> Node 1
Jul 14 11:20:03 172.20.224.108 kernel: [    0.016905] SRAT: PXM 1 -> APIC 0x009f -> Node 1
Jul 14 11:20:03 172.20.224.108 kernel: [    0.016907] SRAT: PXM 1 -> APIC 0x00a0 -> Node 1
Jul 14 11:20:03 172.20.224.108 kernel: [    0.016908] SRAT: PXM 1 -> APIC 0x00a1 -> Node 1
Jul 14 11:20:03 172.20.224.108 kernel: [    0.016909] SRAT: PXM 1 -> APIC 0x00a2 -> Node 1
Jul 14 11:20:03 172.20.224.108 kernel: [    0.016910] SRAT: PXM 1 -> APIC 0x00a3 -> Node 1
Jul 14 11:20:03 172.20.224.108 kernel: [    0.016911] SRAT: PXM 1 -> APIC 0x00a4 -> Node 1
Jul 14 11:20:03 172.20.224.108 kernel: [    0.016912] SRAT: PXM 1 -> APIC 0x00a5 -> Node 1
Jul 14 11:20:03 172.20.224.108 kernel: [    0.016914] SRAT: PXM 1 -> APIC 0x00a6 -> Node 1
Jul 14 11:20:03 172.20.224.108 kernel: [    0.016915] SRAT: PXM 1 -> APIC 0x00a7 -> Node 1
Jul 14 11:20:03 172.20.224.108 kernel: [    0.016916] SRAT: PXM 1 -> APIC 0x00a8 -> Node 1
Jul 14 11:20:03 172.20.224.108 kernel: [    0.016917] SRAT: PXM 1 -> APIC 0x00a9 -> Node 1
Jul 14 11:20:03 172.20.224.108 kernel: [    0.016918] SRAT: PXM 1 -> APIC 0x00aa -> Node 1
Jul 14 11:20:03 172.20.224.108 kernel: [    0.016920] SRAT: PXM 1 -> APIC 0x00ab -> Node 1
Jul 14 11:20:03 172.20.224.108 kernel: [    0.016921] SRAT: PXM 1 -> APIC 0x00ac -> Node 1
Jul 14 11:20:03 172.20.224.108 kernel: [    0.016922] SRAT: PXM 1 -> APIC 0x00ad -> Node 1
Jul 14 11:20:03 172.20.224.108 kernel: [    0.016923] SRAT: PXM 1 -> APIC 0x00ae -> Node 1
Jul 14 11:20:03 172.20.224.108 kernel: [    0.016924] SRAT: PXM 1 -> APIC 0x00af -> Node 1
Jul 14 11:20:03 172.20.224.108 kernel: [    0.016926] SRAT: PXM 1 -> APIC 0x00b0 -> Node 1
Jul 14 11:20:03 172.20.224.108 kernel: [    0.016927] SRAT: PXM 1 -> APIC 0x00b1 -> Node 1
Jul 14 11:20:03 172.20.224.108 kernel: [    0.016928] SRAT: PXM 1 -> APIC 0x00b2 -> Node 1
Jul 14 11:20:03 172.20.224.108 kernel: [    0.016929] SRAT: PXM 1 -> APIC 0x00b3 -> Node 1
Jul 14 11:20:03 172.20.224.108 kernel: [    0.016930] SRAT: PXM 1 -> APIC 0x00b4 -> Node 1
Jul 14 11:20:03 172.20.224.108 kernel: [    0.016932] SRAT: PXM 1 -> APIC 0x00b5 -> Node 1
Jul 14 11:20:03 172.20.224.108 kernel: [    0.016933] SRAT: PXM 1 -> APIC 0x00b6 -> Node 1
Jul 14 11:20:03 172.20.224.108 kernel: [    0.016934] SRAT: PXM 1 -> APIC 0x00b7 -> Node 1
Jul 14 11:20:03 172.20.224.108 kernel: [    0.016935] SRAT: PXM 1 -> APIC 0x00b8 -> Node 1
Jul 14 11:20:03 172.20.224.108 kernel: [    0.016936] SRAT: PXM 1 -> APIC 0x00b9 -> Node 1
Jul 14 11:20:03 172.20.224.108 kernel: [    0.016937] SRAT: PXM 1 -> APIC 0x00ba -> Node 1
Jul 14 11:20:03 172.20.224.108 kernel: [    0.016939] SRAT: PXM 1 -> APIC 0x00bb -> Node 1
Jul 14 11:20:03 172.20.224.108 kernel: [    0.016940] SRAT: PXM 1 -> APIC 0x00bc -> Node 1
Jul 14 11:20:03 172.20.224.108 kernel: [    0.016941] SRAT: PXM 1 -> APIC 0x00bd -> Node 1
Jul 14 11:20:03 172.20.224.108 kernel: [    0.016942] SRAT: PXM 1 -> APIC 0x00be -> Node 1
Jul 14 11:20:03 172.20.224.108 kernel: [    0.016943] SRAT: PXM 1 -> APIC 0x00bf -> Node 1
Jul 14 11:20:03 172.20.224.108 kernel: [    0.016945] SRAT: PXM 1 -> APIC 0x00c0 -> Node 1
Jul 14 11:20:03 172.20.224.108 kernel: [    0.016946] SRAT: PXM 1 -> APIC 0x00c1 -> Node 1
Jul 14 11:20:03 172.20.224.108 kernel: [    0.016947] SRAT: PXM 1 -> APIC 0x00c2 -> Node 1
Jul 14 11:20:03 172.20.224.108 kernel: [    0.016948] SRAT: PXM 1 -> APIC 0x00c3 -> Node 1
Jul 14 11:20:03 172.20.224.108 kernel: [    0.016949] SRAT: PXM 1 -> APIC 0x00c4 -> Node 1
Jul 14 11:20:03 172.20.224.108 kernel: [    0.016951] SRAT: PXM 1 -> APIC 0x00c5 -> Node 1
Jul 14 11:20:03 172.20.224.108 kernel: [    0.016952] SRAT: PXM 1 -> APIC 0x00c6 -> Node 1
Jul 14 11:20:03 172.20.224.108 kernel: [    0.016953] SRAT: PXM 1 -> APIC 0x00c7 -> Node 1
Jul 14 11:20:03 172.20.224.108 kernel: [    0.016954] SRAT: PXM 1 -> APIC 0x00c8 -> Node 1
Jul 14 11:20:03 172.20.224.108 kernel: [    0.016955] SRAT: PXM 1 -> APIC 0x00c9 -> Node 1
Jul 14 11:20:03 172.20.224.108 kernel: [    0.016957] SRAT: PXM 1 -> APIC 0x00ca -> Node 1
Jul 14 11:20:03 172.20.224.108 kernel: [    0.016958] SRAT: PXM 1 -> APIC 0x00cb -> Node 1
Jul 14 11:20:03 172.20.224.108 kernel: [    0.016959] SRAT: PXM 1 -> APIC 0x00cc -> Node 1
Jul 14 11:20:03 172.20.224.108 kernel: [    0.016960] SRAT: PXM 1 -> APIC 0x00cd -> Node 1
Jul 14 11:20:03 172.20.224.108 kernel: [    0.016961] SRAT: PXM 1 -> APIC 0x00ce -> Node 1
Jul 14 11:20:03 172.20.224.108 kernel: [    0.016962] SRAT: PXM 1 -> APIC 0x00cf -> Node 1
Jul 14 11:20:03 172.20.224.108 kernel: [    0.016964] SRAT: PXM 1 -> APIC 0x00d0 -> Node 1
Jul 14 11:20:03 172.20.224.108 kernel: [    0.016965] SRAT: PXM 1 -> APIC 0x00d1 -> Node 1
Jul 14 11:20:03 172.20.224.108 kernel: [    0.016966] SRAT: PXM 1 -> APIC 0x00d2 -> Node 1
Jul 14 11:20:03 172.20.224.108 kernel: [    0.016967] SRAT: PXM 1 -> APIC 0x00d3 -> Node 1
Jul 14 11:20:03 172.20.224.108 kernel: [    0.016968] SRAT: PXM 1 -> APIC 0x00d4 -> Node 1
Jul 14 11:20:03 172.20.224.108 kernel: [    0.016970] SRAT: PXM 1 -> APIC 0x00d5 -> Node 1
Jul 14 11:20:03 172.20.224.108 kernel: [    0.016971] SRAT: PXM 1 -> APIC 0x00d6 -> Node 1
Jul 14 11:20:03 172.20.224.108 kernel: [    0.016972] SRAT: PXM 1 -> APIC 0x00d7 -> Node 1
Jul 14 11:20:03 172.20.224.108 kernel: [    0.016973] SRAT: PXM 1 -> APIC 0x00d8 -> Node 1
Jul 14 11:20:03 172.20.224.108 kernel: [    0.016974] SRAT: PXM 1 -> APIC 0x00d9 -> Node 1
Jul 14 11:20:03 172.20.224.108 kernel: [    0.016976] SRAT: PXM 1 -> APIC 0x00da -> Node 1
Jul 14 11:20:03 172.20.224.108 kernel: [    0.016977] SRAT: PXM 1 -> APIC 0x00db -> Node 1
Jul 14 11:20:03 172.20.224.108 kernel: [    0.016978] SRAT: PXM 1 -> APIC 0x00dc -> Node 1
Jul 14 11:20:03 172.20.224.108 kernel: [    0.016979] SRAT: PXM 1 -> APIC 0x00dd -> Node 1
Jul 14 11:20:03 172.20.224.108 kernel: [    0.016980] SRAT: PXM 1 -> APIC 0x00de -> Node 1
Jul 14 11:20:03 172.20.224.108 kernel: [    0.016982] SRAT: PXM 1 -> APIC 0x00df -> Node 1
Jul 14 11:20:03 172.20.224.108 kernel: [    0.016983] SRAT: PXM 1 -> APIC 0x00e0 -> Node 1
Jul 14 11:20:03 172.20.224.108 kernel: [    0.016984] SRAT: PXM 1 -> APIC 0x00e1 -> Node 1
Jul 14 11:20:03 172.20.224.108 kernel: [    0.016985] SRAT: PXM 1 -> APIC 0x00e2 -> Node 1
Jul 14 11:20:03 172.20.224.108 kernel: [    0.016986] SRAT: PXM 1 -> APIC 0x00e3 -> Node 1
Jul 14 11:20:03 172.20.224.108 kernel: [    0.016987] SRAT: PXM 1 -> APIC 0x00e4 -> Node 1
Jul 14 11:20:03 172.20.224.108 kernel: [    0.016989] SRAT: PXM 1 -> APIC 0x00e5 -> Node 1
Jul 14 11:20:03 172.20.224.108 kernel: [    0.016990] SRAT: PXM 1 -> APIC 0x00e6 -> Node 1
Jul 14 11:20:03 172.20.224.108 kernel: [    0.016991] SRAT: PXM 1 -> APIC 0x00e7 -> Node 1
Jul 14 11:20:03 172.20.224.108 kernel: [    0.016992] SRAT: PXM 1 -> APIC 0x00e8 -> Node 1
Jul 14 11:20:03 172.20.224.108 kernel: [    0.016993] SRAT: PXM 1 -> APIC 0x00e9 -> Node 1
Jul 14 11:20:03 172.20.224.108 kernel: [    0.016995] SRAT: PXM 1 -> APIC 0x00ea -> Node 1
Jul 14 11:20:03 172.20.224.108 kernel: [    0.016996] SRAT: PXM 1 -> APIC 0x00eb -> Node 1
Jul 14 11:20:03 172.20.224.108 kernel: [    0.016997] SRAT: PXM 1 -> APIC 0x00ec -> Node 1
Jul 14 11:20:03 172.20.224.108 kernel: [    0.016998] SRAT: PXM 1 -> APIC 0x00ed -> Node 1
Jul 14 11:20:03 172.20.224.108 kernel: [    0.016999] SRAT: PXM 1 -> APIC 0x00ee -> Node 1
Jul 14 11:20:03 172.20.224.108 kernel: [    0.017001] SRAT: PXM 1 -> APIC 0x00ef -> Node 1
Jul 14 11:20:03 172.20.224.108 kernel: [    0.017019] ACPI: SRAT: Node 0 PXM 0 [mem 0x00000000-0x7fffffff]
Jul 14 11:20:03 172.20.224.108 kernel: [    0.017022] ACPI: SRAT: Node 0 PXM 0 [mem 0x100000000-0x1007fffffff]
Jul 14 11:20:03 172.20.224.108 kernel: [    0.017024] ACPI: SRAT: Node 1 PXM 1 [mem 0x10080000000-0x2007fffffff]
Jul 14 11:20:03 172.20.224.108 kernel: [    0.017042] NUMA: Initialized distance table, cnt=2
Jul 14 11:20:03 172.20.224.108 kernel: [    0.017044] NUMA: Node 0 [mem 0x00000000-0x7fffffff] + [mem 0x100000000-0x1007fffffff] -> [mem 0x00000000-0x1007fffffff]
Jul 14 11:20:03 172.20.224.108 kernel: [    0.017059] NODE_DATA(0) allocated [mem 0x1007ffd6000-0x1007fffffff]
Jul 14 11:20:03 172.20.224.108 kernel: [    0.017078] NODE_DATA(1) allocated [mem 0x2007ffd2000-0x2007fffbfff]
Jul 14 11:20:03 172.20.224.108 kernel: [    0.020553] Zone ranges:
Jul 14 11:20:03 172.20.224.108 kernel: [    0.020555]   DMA      [mem 0x0000000000001000-0x0000000000ffffff]
Jul 14 11:20:03 172.20.224.108 kernel: [    0.020558]   DMA32    [mem 0x0000000001000000-0x00000000ffffffff]
Jul 14 11:20:03 172.20.224.108 kernel: [    0.020561]   Normal   [mem 0x0000000100000000-0x000002007fffffff]
Jul 14 11:20:03 172.20.224.108 kernel: [    0.020563]   Device   empty
Jul 14 11:20:03 172.20.224.108 kernel: [    0.020565] Movable zone start for each node
Jul 14 11:20:03 172.20.224.108 kernel: [    0.020569] Early memory node ranges
Jul 14 11:20:03 172.20.224.108 kernel: [    0.020570]   node   0: [mem 0x0000000000001000-0x000000000009ffff]
Jul 14 11:20:03 172.20.224.108 kernel: [    0.020572]   node   0: [mem 0x0000000000100000-0x000000006868cfff]
Jul 14 11:20:03 172.20.224.108 kernel: [    0.020574]   node   0: [mem 0x0000000068690000-0x000000006f702fff]
Jul 14 11:20:03 172.20.224.108 kernel: [    0.020576]   node   0: [mem 0x00000000777ff000-0x00000000777fffff]
Jul 14 11:20:03 172.20.224.108 kernel: [    0.020577]   node   0: [mem 0x0000000100000000-0x000001007fffffff]
Jul 14 11:20:03 172.20.224.108 kernel: [    0.020718]   node   1: [mem 0x0000010080000000-0x000002007fffffff]
Jul 14 11:20:03 172.20.224.108 kernel: [    0.020859] Initmem setup node 0 [mem 0x0000000000001000-0x000001007fffffff]
Jul 14 11:20:03 172.20.224.108 kernel: [    0.020865] Initmem setup node 1 [mem 0x0000010080000000-0x000002007fffffff]
Jul 14 11:20:03 172.20.224.108 kernel: [    0.020870] On node 0, zone DMA: 1 pages in unavailable ranges
Jul 14 11:20:03 172.20.224.108 kernel: [    0.020914] On node 0, zone DMA: 96 pages in unavailable ranges
Jul 14 11:20:03 172.20.224.108 kernel: [    0.025501] On node 0, zone DMA32: 3 pages in unavailable ranges
Jul 14 11:20:03 172.20.224.108 kernel: [    0.026004] On node 0, zone DMA32: 33020 pages in unavailable ranges
Jul 14 11:20:03 172.20.224.108 kernel: [    2.749572] On node 0, zone Normal: 2048 pages in unavailable ranges
Jul 14 11:20:03 172.20.224.108 kernel: [    6.248697] ACPI: PM-Timer IO Port: 0x508
Jul 14 11:20:03 172.20.224.108 kernel: [    6.248746] ACPI: X2APIC_NMI (uid[0xffffffff] high edge lint[0x1])
Jul 14 11:20:03 172.20.224.108 kernel: [    6.248751] ACPI: LAPIC_NMI (acpi_id[0xff] high edge lint[0x1])
Jul 14 11:20:03 172.20.224.108 kernel: [    6.248772] IOAPIC[0]: apic_id 8, version 32, address 0xfec00000, GSI 0-23
Jul 14 11:20:03 172.20.224.108 kernel: [    6.248777] ACPI: INT_SRC_OVR (bus 0 bus_irq 0 global_irq 2 dfl dfl)
Jul 14 11:20:03 172.20.224.108 kernel: [    6.248780] ACPI: INT_SRC_OVR (bus 0 bus_irq 9 global_irq 9 high level)
Jul 14 11:20:03 172.20.224.108 kernel: [    6.248786] ACPI: Using ACPI (MADT) for SMP configuration information
Jul 14 11:20:03 172.20.224.108 kernel: [    6.248788] ACPI: HPET id: 0x8086a701 base: 0xfed00000
Jul 14 11:20:03 172.20.224.108 kernel: [    6.248794] ACPI: SPCR: console: uart,io,0x3f8,115200
Jul 14 11:20:03 172.20.224.108 kernel: [    6.248796] TSC deadline timer available
Jul 14 11:20:03 172.20.224.108 kernel: [    6.248798] smpboot: Allowing 224 CPUs, 0 hotplug CPUs
Jul 14 11:20:03 172.20.224.108 kernel: [    6.248831] PM: hibernation: Registered nosave memory: [mem 0x00000000-0x00000fff]
Jul 14 11:20:03 172.20.224.108 kernel: [    6.248834] PM: hibernation: Registered nosave memory: [mem 0x000a0000-0x000fffff]
Jul 14 11:20:03 172.20.224.108 kernel: [    6.248837] PM: hibernation: Registered nosave memory: [mem 0x629ee000-0x629eefff]
Jul 14 11:20:03 172.20.224.108 kernel: [    6.248840] PM: hibernation: Registered nosave memory: [mem 0x62aad000-0x62aadfff]
Jul 14 11:20:03 172.20.224.108 kernel: [    6.248842] PM: hibernation: Registered nosave memory: [mem 0x62aae000-0x62aaefff]
Jul 14 11:20:03 172.20.224.108 kernel: [    6.248844] PM: hibernation: Registered nosave memory: [mem 0x62b6d000-0x62b6dfff]
Jul 14 11:20:03 172.20.224.108 kernel: [    6.248846] PM: hibernation: Registered nosave memory: [mem 0x62b6e000-0x62b6efff]
Jul 14 11:20:03 172.20.224.108 kernel: [    6.248848] PM: hibernation: Registered nosave memory: [mem 0x62c2d000-0x62c2dfff]
Jul 14 11:20:03 172.20.224.108 kernel: [    6.248851] PM: hibernation: Registered nosave memory: [mem 0x62db2000-0x62db2fff]
Jul 14 11:20:03 172.20.224.108 kernel: [    6.248853] PM: hibernation: Registered nosave memory: [mem 0x62e71000-0x62e71fff]
Jul 14 11:20:03 172.20.224.108 kernel: [    6.248856] PM: hibernation: Registered nosave memory: [mem 0x63e84000-0x63e84fff]
Jul 14 11:20:03 172.20.224.108 kernel: [    6.248859] PM: hibernation: Registered nosave memory: [mem 0x63ed7000-0x63ed7fff]
Jul 14 11:20:03 172.20.224.108 kernel: [    6.248860] PM: hibernation: Registered nosave memory: [mem 0x63ed8000-0x63ed8fff]
Jul 14 11:20:03 172.20.224.108 kernel: [    6.248863] PM: hibernation: Registered nosave memory: [mem 0x63f2b000-0x63f2bfff]
Jul 14 11:20:03 172.20.224.108 kernel: [    6.248864] PM: hibernation: Registered nosave memory: [mem 0x63f2c000-0x63f2cfff]
Jul 14 11:20:03 172.20.224.108 kernel: [    6.248867] PM: hibernation: Registered nosave memory: [mem 0x63f64000-0x63f64fff]
Jul 14 11:20:03 172.20.224.108 kernel: [    6.248870] PM: hibernation: Registered nosave memory: [mem 0x6868d000-0x6868ffff]
Jul 14 11:20:03 172.20.224.108 kernel: [    6.248872] PM: hibernation: Registered nosave memory: [mem 0x6f703000-0x71802fff]
Jul 14 11:20:03 172.20.224.108 kernel: [    6.248874] PM: hibernation: Registered nosave memory: [mem 0x71803000-0x72102fff]
Jul 14 11:20:03 172.20.224.108 kernel: [    6.248875] PM: hibernation: Registered nosave memory: [mem 0x72103000-0x7530efff]
Jul 14 11:20:03 172.20.224.108 kernel: [    6.248876] PM: hibernation: Registered nosave memory: [mem 0x7530f000-0x777fefff]
Jul 14 11:20:03 172.20.224.108 kernel: [    6.248879] PM: hibernation: Registered nosave memory: [mem 0x77800000-0x8fffffff]
Jul 14 11:20:03 172.20.224.108 kernel: [    6.248880] PM: hibernation: Registered nosave memory: [mem 0x90000000-0xfe00ffff]
Jul 14 11:20:03 172.20.224.108 kernel: [    6.248881] PM: hibernation: Registered nosave memory: [mem 0xfe010000-0xfe010fff]
Jul 14 11:20:03 172.20.224.108 kernel: [    6.248882] PM: hibernation: Registered nosave memory: [mem 0xfe011000-0xfeffffff]
Jul 14 11:20:03 172.20.224.108 kernel: [    6.248884] PM: hibernation: Registered nosave memory: [mem 0xff000000-0xffffffff]
Jul 14 11:20:03 172.20.224.108 kernel: [    6.248886] [mem 0x90000000-0xfe00ffff] available for PCI devices
Jul 14 11:20:03 172.20.224.108 kernel: [    6.248889] Booting paravirtualized kernel on bare hardware
Jul 14 11:20:03 172.20.224.108 kernel: [    6.248892] clocksource: refined-jiffies: mask: 0xffffffff max_cycles: 0xffffffff, max_idle_ns: 7645519600211568 ns
Jul 14 11:20:03 172.20.224.108 kernel: [    6.248902] setup_percpu: NR_CPUS:8192 nr_cpumask_bits:224 nr_cpu_ids:224 nr_node_ids:2
Jul 14 11:20:03 172.20.224.108 kernel: [    6.260599] percpu: Embedded 62 pages/cpu s217088 r8192 d28672 u262144
Jul 14 11:20:03 172.20.224.108 kernel: [    6.260619] pcpu-alloc: s217088 r8192 d28672 u262144 alloc=1*2097152
Jul 14 11:20:03 172.20.224.108 kernel: [    6.260622] pcpu-alloc: [0] 000 001 002 003 004 005 006 007 
Jul 14 11:20:03 172.20.224.108 kernel: [    6.260630] pcpu-alloc: [0] 008 009 010 011 012 013 014 015 
Jul 14 11:20:03 172.20.224.108 kernel: [    6.260637] pcpu-alloc: [0] 016 017 018 019 020 021 022 023 
Jul 14 11:20:03 172.20.224.108 kernel: [    6.260643] pcpu-alloc: [0] 024 025 026 027 028 029 030 031 
Jul 14 11:20:03 172.20.224.108 kernel: [    6.260649] pcpu-alloc: [0] 032 033 034 035 036 037 038 039 
Jul 14 11:20:03 172.20.224.108 kernel: [    6.260655] pcpu-alloc: [0] 040 041 042 043 044 045 046 047 
Jul 14 11:20:03 172.20.224.108 kernel: [    6.260661] pcpu-alloc: [0] 048 049 050 051 052 053 054 055 
Jul 14 11:20:03 172.20.224.108 kernel: [    6.260667] pcpu-alloc: [0] 112 113 114 115 116 117 118 119 
Jul 14 11:20:03 172.20.224.108 kernel: [    6.260674] pcpu-alloc: [0] 120 121 122 123 124 125 126 127 
Jul 14 11:20:03 172.20.224.108 kernel: [    6.260680] pcpu-alloc: [0] 128 129 130 131 132 133 134 135 
Jul 14 11:20:03 172.20.224.108 kernel: [    6.260686] pcpu-alloc: [0] 136 137 138 139 140 141 142 143 
Jul 14 11:20:03 172.20.224.108 kernel: [    6.260692] pcpu-alloc: [0] 144 145 146 147 148 149 150 151 
Jul 14 11:20:03 172.20.224.108 kernel: [    6.260698] pcpu-alloc: [0] 152 153 154 155 156 157 158 159 
Jul 14 11:20:03 172.20.224.108 kernel: [    6.260704] pcpu-alloc: [0] 160 161 162 163 164 165 166 167 
Jul 14 11:20:03 172.20.224.108 kernel: [    6.260710] pcpu-alloc: [1] 056 057 058 059 060 061 062 063 
Jul 14 11:20:03 172.20.224.108 kernel: [    6.260717] pcpu-alloc: [1] 064 065 066 067 068 069 070 071 
Jul 14 11:20:03 172.20.224.108 kernel: [    6.260723] pcpu-alloc: [1] 072 073 074 075 076 077 078 079 
Jul 14 11:20:03 172.20.224.108 kernel: [    6.260729] pcpu-alloc: [1] 080 081 082 083 084 085 086 087 
Jul 14 11:20:03 172.20.224.108 kernel: [    6.260735] pcpu-alloc: [1] 088 089 090 091 092 093 094 095 
Jul 14 11:20:03 172.20.224.108 kernel: [    6.260741] pcpu-alloc: [1] 096 097 098 099 100 101 102 103 
Jul 14 11:20:03 172.20.224.108 kernel: [    6.260747] pcpu-alloc: [1] 104 105 106 107 108 109 110 111 
Jul 14 11:20:03 172.20.224.108 kernel: [    6.260753] pcpu-alloc: [1] 168 169 170 171 172 173 174 175 
Jul 14 11:20:03 172.20.224.108 kernel: [    6.260759] pcpu-alloc: [1] 176 177 178 179 180 181 182 183 
Jul 14 11:20:03 172.20.224.108 kernel: [    6.260765] pcpu-alloc: [1] 184 185 186 187 188 189 190 191 
Jul 14 11:20:03 172.20.224.108 kernel: [    6.260772] pcpu-alloc: [1] 192 193 194 195 196 197 198 199 
Jul 14 11:20:03 172.20.224.108 kernel: [    6.260778] pcpu-alloc: [1] 200 201 202 203 204 205 206 207 
Jul 14 11:20:03 172.20.224.108 kernel: [    6.260784] pcpu-alloc: [1] 208 209 210 211 212 213 214 215 
Jul 14 11:20:03 172.20.224.108 kernel: [    6.260790] pcpu-alloc: [1] 216 217 218 219 220 221 222 223 
Jul 14 11:20:03 172.20.224.108 kernel: [    6.260882] Built 2 zonelists, mobility grouping on.  Total pages: 528415268
Jul 14 11:20:03 172.20.224.108 kernel: [    6.260885] Policy zone: Normal
Jul 14 11:20:03 172.20.224.108 kernel: [    6.260887] Kernel command line: BOOT_IMAGE=(tftp)/category/vmlinuz.dgx-h200 nouveau.modeset=0 nvme_core.multipath=n console=tty0 rw BOOTIF=01-c4-70-bd-f7-fd-21 ip=172.20.224.108:172.20.224.14:0xac14e001:0xffffff00
Jul 14 11:20:03 172.20.224.108 kernel: [    6.261010] Unknown kernel command line parameters "BOOT_IMAGE=(tftp)/category/vmlinuz.dgx-h200 BOOTIF=01-c4-70-bd-f7-fd-21 ip=172.20.224.108:172.20.224.14:0xac14e001:0xffffff00", will be passed to user space.
Jul 14 11:20:03 172.20.224.108 kernel: [    6.261013] printk: log_buf_len individual max cpu contribution: 4096 bytes
Jul 14 11:20:03 172.20.224.108 kernel: [    6.261014] printk: log_buf_len total cpu_extra contributions: 913408 bytes
Jul 14 11:20:03 172.20.224.108 kernel: [    6.261016] printk: log_buf_len min size: 262144 bytes
Jul 14 11:20:03 172.20.224.108 kernel: [    6.263333] printk: log_buf_len: 2097152 bytes
Jul 14 11:20:03 172.20.224.108 kernel: [    6.263335] printk: early log buf free: 222360(84%)
Jul 14 11:20:03 172.20.224.108 kernel: [    6.270798] mem auto-init: stack:off, heap alloc:on, heap free:off
Jul 14 11:20:03 172.20.224.108 kernel: [   11.316549] Memory: 2113160308K/2147211904K available (16392K kernel code, 4400K rwdata, 11004K rodata, 3376K init, 18688K bss, 34051392K reserved, 0K cma-reserved)
Jul 14 11:20:03 172.20.224.108 kernel: [   11.319838] SLUB: HWalign=64, Order=0-3, MinObjects=0, CPUs=224, Nodes=2
Jul 14 11:20:03 172.20.224.108 kernel: [   11.319947] ftrace: allocating 50824 entries in 199 pages
Jul 14 11:20:03 172.20.224.108 kernel: [   11.356477] ftrace: allocated 199 pages with 5 groups
Jul 14 11:20:03 172.20.224.108 kernel: [   11.357701] rcu: Hierarchical RCU implementation.
Jul 14 11:20:03 172.20.224.108 kernel: [   11.357703] rcu: #011RCU restricting CPUs from NR_CPUS=8192 to nr_cpu_ids=224.
Jul 14 11:20:03 172.20.224.108 kernel: [   11.357713] #011Rude variant of Tasks RCU enabled.
Jul 14 11:20:03 172.20.224.108 kernel: [   11.357714] #011Tracing variant of Tasks RCU enabled.
Jul 14 11:20:03 172.20.224.108 kernel: [   11.357716] rcu: RCU calculated value of scheduler-enlistment delay is 25 jiffies.
Jul 14 11:20:03 172.20.224.108 kernel: [   11.357717] rcu: Adjusting geometry for rcu_fanout_leaf=16, nr_cpu_ids=224
Jul 14 11:20:03 172.20.224.108 kernel: [   11.363647] NR_IRQS: 524544, nr_irqs: 2216, preallocated irqs: 16
Jul 14 11:20:03 172.20.224.108 kernel: [   11.364354] random: crng init done
Jul 14 11:20:03 172.20.224.108 kernel: [   11.364840] Console: colour dummy device 80x25
Jul 14 11:20:03 172.20.224.108 kernel: [   11.365619] printk: console [tty0] enabled
Jul 14 11:20:03 172.20.224.108 kernel: [   11.366023] mempolicy: Enabling automatic NUMA balancing. Configure with numa_balancing= or the kernel.numa_balancing sysctl
Jul 14 11:20:03 172.20.224.108 kernel: [   11.366033] ACPI: Core revision 20210730
Jul 14 11:20:03 172.20.224.108 kernel: [   11.368515] clocksource: hpet: mask: 0xffffffff max_cycles: 0xffffffff, max_idle_ns: 76450417870 ns
Jul 14 11:20:03 172.20.224.108 kernel: [   11.368571] APIC: Switch to symmetric I/O mode setup
Jul 14 11:20:03 172.20.224.108 kernel: [   11.368575] DMAR: Host address width 52
Jul 14 11:20:03 172.20.224.108 kernel: [   11.368578] DMAR: DRHD base: 0x000000da7fc000 flags: 0x0
Jul 14 11:20:03 172.20.224.108 kernel: [   11.368586] DMAR: dmar0: reg_base_addr da7fc000 ver 6:0 cap 19ed008c40780c66 ecap 3ee9e86f050df
Jul 14 11:20:03 172.20.224.108 kernel: [   11.368591] DMAR: DRHD base: 0x000000ea7fc000 flags: 0x0
Jul 14 11:20:03 172.20.224.108 kernel: [   11.368596] DMAR: dmar1: reg_base_addr ea7fc000 ver 6:0 cap 19ed008c40780c66 ecap 3ee9e86f050df
Jul 14 11:20:03 172.20.224.108 kernel: [   11.368600] DMAR: DRHD base: 0x000000ef7fc000 flags: 0x0
Jul 14 11:20:03 172.20.224.108 kernel: [   11.368605] DMAR: dmar2: reg_base_addr ef7fc000 ver 6:0 cap 19ed008c40780c66 ecap 3ee9e86f050df
Jul 14 11:20:03 172.20.224.108 kernel: [   11.368609] DMAR: DRHD base: 0x000000f47fc000 flags: 0x0
Jul 14 11:20:03 172.20.224.108 kernel: [   11.368615] DMAR: dmar3: reg_base_addr f47fc000 ver 6:0 cap 19ed008c40780c66 ecap 3ee9e86f050df
Jul 14 11:20:03 172.20.224.108 kernel: [   11.368620] DMAR: DRHD base: 0x000000f97fc000 flags: 0x0
Jul 14 11:20:03 172.20.224.108 kernel: [   11.368624] DMAR: dmar4: reg_base_addr f97fc000 ver 6:0 cap 19ed008c40780c66 ecap 3ee9e86f050df
Jul 14 11:20:03 172.20.224.108 kernel: [   11.368628] DMAR: DRHD base: 0x000000d57fc000 flags: 0x0
Jul 14 11:20:03 172.20.224.108 kernel: [   11.368632] DMAR: dmar5: reg_base_addr d57fc000 ver 6:0 cap 19ed008c40780c66 ecap 3ee9e86f050df
Jul 14 11:20:03 172.20.224.108 kernel: [   11.368637] DMAR: DRHD base: 0x000000f9ffc000 flags: 0x0
Jul 14 11:20:03 172.20.224.108 kernel: [   11.368641] DMAR: dmar6: reg_base_addr f9ffc000 ver 6:0 cap 19ed008c40780c66 ecap 3ef9ea6f050df
Jul 14 11:20:03 172.20.224.108 kernel: [   11.368646] DMAR: DRHD base: 0x000000fa7fc000 flags: 0x0
Jul 14 11:20:03 172.20.224.108 kernel: [   11.368650] DMAR: dmar7: reg_base_addr fa7fc000 ver 6:0 cap 19ed008c40780c66 ecap 3ef9ea6f050df
Jul 14 11:20:03 172.20.224.108 kernel: [   11.368654] DMAR: DRHD base: 0x000000faffc000 flags: 0x0
Jul 14 11:20:03 172.20.224.108 kernel: [   11.368667] DMAR: dmar8: reg_base_addr faffc000 ver 6:0 cap 19ed008c40780c66 ecap 3ef9ea6f050df
Jul 14 11:20:03 172.20.224.108 kernel: [   11.368671] DMAR: DRHD base: 0x000000fb7fc000 flags: 0x0
Jul 14 11:20:03 172.20.224.108 kernel: [   11.368676] DMAR: dmar9: reg_base_addr fb7fc000 ver 6:0 cap 19ed008c40780c66 ecap 3ef9ea6f050df
Jul 14 11:20:03 172.20.224.108 kernel: [   11.368680] DMAR: DRHD base: 0x000000afffc000 flags: 0x0
Jul 14 11:20:03 172.20.224.108 kernel: [   11.368684] DMAR: dmar10: reg_base_addr afffc000 ver 6:0 cap 19ed008c40780c66 ecap 3ee9e86f050df
Jul 14 11:20:03 172.20.224.108 kernel: [   11.368689] DMAR: DRHD base: 0x000000bfffc000 flags: 0x0
Jul 14 11:20:03 172.20.224.108 kernel: [   11.368695] DMAR: dmar11: reg_base_addr bfffc000 ver 6:0 cap 19ed008c40780c66 ecap 3ee9e86f050df
Jul 14 11:20:03 172.20.224.108 kernel: [   11.368699] DMAR: DRHD base: 0x000000c4ffc000 flags: 0x0
Jul 14 11:20:03 172.20.224.108 kernel: [   11.368703] DMAR: dmar12: reg_base_addr c4ffc000 ver 6:0 cap 19ed008c40780c66 ecap 3ee9e86f050df
Jul 14 11:20:03 172.20.224.108 kernel: [   11.368707] DMAR: DRHD base: 0x000000c9ffc000 flags: 0x0
Jul 14 11:20:03 172.20.224.108 kernel: [   11.368711] DMAR: dmar13: reg_base_addr c9ffc000 ver 6:0 cap 19ed008c40780c66 ecap 3ee9e86f050df
Jul 14 11:20:03 172.20.224.108 kernel: [   11.368715] DMAR: DRHD base: 0x000000ceffc000 flags: 0x0
Jul 14 11:20:03 172.20.224.108 kernel: [   11.368720] DMAR: dmar14: reg_base_addr ceffc000 ver 6:0 cap 19ed008c40780c66 ecap 3ee9e86f050df
Jul 14 11:20:03 172.20.224.108 kernel: [   11.368723] DMAR: DRHD base: 0x000000cf7fc000 flags: 0x0
Jul 14 11:20:03 172.20.224.108 kernel: [   11.368728] DMAR: dmar15: reg_base_addr cf7fc000 ver 6:0 cap 19ed008c40780c66 ecap 3ef9ea6f050df
Jul 14 11:20:03 172.20.224.108 kernel: [   11.368732] DMAR: DRHD base: 0x000000cfffc000 flags: 0x0
Jul 14 11:20:03 172.20.224.108 kernel: [   11.368736] DMAR: dmar16: reg_base_addr cfffc000 ver 6:0 cap 19ed008c40780c66 ecap 3ef9ea6f050df
Jul 14 11:20:03 172.20.224.108 kernel: [   11.368740] DMAR: DRHD base: 0x000000d07fc000 flags: 0x0
Jul 14 11:20:03 172.20.224.108 kernel: [   11.368744] DMAR: dmar17: reg_base_addr d07fc000 ver 6:0 cap 19ed008c40780c66 ecap 3ef9ea6f050df
Jul 14 11:20:03 172.20.224.108 kernel: [   11.368748] DMAR: DRHD base: 0x000000d0ffc000 flags: 0x0
Jul 14 11:20:03 172.20.224.108 kernel: [   11.368752] DMAR: dmar18: reg_base_addr d0ffc000 ver 6:0 cap 19ed008c40780c66 ecap 3ef9ea6f050df
Jul 14 11:20:03 172.20.224.108 kernel: [   11.368756] DMAR: DRHD base: 0x000000aaffc000 flags: 0x1
Jul 14 11:20:03 172.20.224.108 kernel: [   11.368760] DMAR: dmar19: reg_base_addr aaffc000 ver 6:0 cap 19ed008c40780c66 ecap 3ee9e86f050df
Jul 14 11:20:03 172.20.224.108 kernel: [   11.368765] DMAR: RMRR base: 0x00000077290000 end: 0x000000772b2fff
Jul 14 11:20:03 172.20.224.108 kernel: [   11.368768] DMAR: RMRR base: 0x00000076f46000 end: 0x0000007718ffff
Jul 14 11:20:03 172.20.224.108 kernel: [   11.368771] DMAR: ATSR flags: 0x0
Jul 14 11:20:03 172.20.224.108 kernel: [   11.368774] DMAR: RHSA base: 0x000000aaffc000 proximity domain: 0x0
Jul 14 11:20:03 172.20.224.108 kernel: [   11.368777] DMAR: RHSA base: 0x000000afffc000 proximity domain: 0x0
Jul 14 11:20:03 172.20.224.108 kernel: [   11.368779] DMAR: RHSA base: 0x000000bfffc000 proximity domain: 0x0
Jul 14 11:20:03 172.20.224.108 kernel: [   11.368781] DMAR: RHSA base: 0x000000c4ffc000 proximity domain: 0x0
Jul 14 11:20:03 172.20.224.108 kernel: [   11.368783] DMAR: RHSA base: 0x000000c9ffc000 proximity domain: 0x0
Jul 14 11:20:03 172.20.224.108 kernel: [   11.368786] DMAR: RHSA base: 0x000000ceffc000 proximity domain: 0x0
Jul 14 11:20:03 172.20.224.108 kernel: [   11.368788] DMAR: RHSA base: 0x000000cf7fc000 proximity domain: 0x0
Jul 14 11:20:03 172.20.224.108 kernel: [   11.368790] DMAR: RHSA base: 0x000000cfffc000 proximity domain: 0x0
Jul 14 11:20:03 172.20.224.108 kernel: [   11.368792] DMAR: RHSA base: 0x000000d07fc000 proximity domain: 0x0
Jul 14 11:20:03 172.20.224.108 kernel: [   11.368794] DMAR: RHSA base: 0x000000d0ffc000 proximity domain: 0x0
Jul 14 11:20:03 172.20.224.108 kernel: [   11.368796] DMAR: RHSA base: 0x000000da7fc000 proximity domain: 0x1
Jul 14 11:20:03 172.20.224.108 kernel: [   11.368799] DMAR: RHSA base: 0x000000ea7fc000 proximity domain: 0x1
Jul 14 11:20:03 172.20.224.108 kernel: [   11.368801] DMAR: RHSA base: 0x000000ef7fc000 proximity domain: 0x1
Jul 14 11:20:03 172.20.224.108 kernel: [   11.368803] DMAR: RHSA base: 0x000000f47fc000 proximity domain: 0x1
Jul 14 11:20:03 172.20.224.108 kernel: [   11.368805] DMAR: RHSA base: 0x000000f97fc000 proximity domain: 0x1
Jul 14 11:20:03 172.20.224.108 kernel: [   11.368807] DMAR: RHSA base: 0x000000d57fc000 proximity domain: 0x1
Jul 14 11:20:03 172.20.224.108 kernel: [   11.368809] DMAR: RHSA base: 0x000000f9ffc000 proximity domain: 0x1
Jul 14 11:20:03 172.20.224.108 kernel: [   11.368812] DMAR: RHSA base: 0x000000fa7fc000 proximity domain: 0x1
Jul 14 11:20:03 172.20.224.108 kernel: [   11.368814] DMAR: RHSA base: 0x000000faffc000 proximity domain: 0x1
Jul 14 11:20:03 172.20.224.108 kernel: [   11.368816] DMAR: RHSA base: 0x000000fb7fc000 proximity domain: 0x1
Jul 14 11:20:03 172.20.224.108 kernel: [   11.368818] DMAR: SATC flags: 0x0
Jul 14 11:20:03 172.20.224.108 kernel: [   11.368822] DMAR-IR: IOAPIC id 8 under DRHD base  0xaaffc000 IOMMU 19
Jul 14 11:20:03 172.20.224.108 kernel: [   11.368825] DMAR-IR: HPET id 0 under DRHD base 0xaaffc000
Jul 14 11:20:03 172.20.224.108 kernel: [   11.368828] DMAR-IR: Queued invalidation will be enabled to support x2apic and Intr-remapping.
Jul 14 11:20:03 172.20.224.108 kernel: [   11.375277] DMAR-IR: Enabled IRQ remapping in x2apic mode
Jul 14 11:20:03 172.20.224.108 kernel: [   11.376525] ..TIMER: vector=0x30 apic1=0 pin1=2 apic2=-1 pin2=-1
Jul 14 11:20:03 172.20.224.108 kernel: [   11.392561] clocksource: tsc-early: mask: 0xffffffffffffffff max_cycles: 0x39a85c9bff6, max_idle_ns: 881590591483 ns
Jul 14 11:20:03 172.20.224.108 kernel: [   11.392571] Calibrating delay loop (skipped), value calculated using timer frequency.. 4000.00 BogoMIPS (lpj=8000000)
Jul 14 11:20:03 172.20.224.108 kernel: [   11.392647] x86/cpu: SGX disabled by BIOS.
Jul 14 11:20:03 172.20.224.108 kernel: [   11.392656] CPU0: Thermal monitoring enabled (TM1)
Jul 14 11:20:03 172.20.224.108 kernel: [   11.392661] x86/cpu: User Mode Instruction Prevention (UMIP) activated
Jul 14 11:20:03 172.20.224.108 kernel: [   11.393076] process: using mwait in idle threads
Jul 14 11:20:03 172.20.224.108 kernel: [   11.393081] Last level iTLB entries: 4KB 0, 2MB 0, 4MB 0
Jul 14 11:20:03 172.20.224.108 kernel: [   11.393084] Last level dTLB entries: 4KB 0, 2MB 0, 4MB 0, 1GB 0
Jul 14 11:20:03 172.20.224.108 kernel: [   11.393092] Spectre V1 : Mitigation: usercopy/swapgs barriers and __user pointer sanitization
Jul 14 11:20:03 172.20.224.108 kernel: [   11.393098] Spectre V2 : Mitigation: Enhanced / Automatic IBRS
Jul 14 11:20:03 172.20.224.108 kernel: [   11.393101] Spectre V2 : Spectre v2 / SpectreRSB mitigation: Filling RSB on context switch
Jul 14 11:20:03 172.20.224.108 kernel: [   11.393104] Spectre V2 : Spectre v2 / PBRSB-eIBRS: Retire a single CALL on VMEXIT
Jul 14 11:20:03 172.20.224.108 kernel: [   11.393107] Spectre V2 : mitigation: Enabling conditional Indirect Branch Prediction Barrier
Jul 14 11:20:03 172.20.224.108 kernel: [   11.393111] Speculative Store Bypass: Mitigation: Speculative Store Bypass disabled via prctl and seccomp
Jul 14 11:20:03 172.20.224.108 kernel: [   11.393173] x86/fpu: Supporting XSAVE feature 0x001: 'x87 floating point registers'
Jul 14 11:20:03 172.20.224.108 kernel: [   11.393177] x86/fpu: Supporting XSAVE feature 0x002: 'SSE registers'
Jul 14 11:20:03 172.20.224.108 kernel: [   11.393179] x86/fpu: Supporting XSAVE feature 0x004: 'AVX registers'
Jul 14 11:20:03 172.20.224.108 kernel: [   11.393181] x86/fpu: Supporting XSAVE feature 0x020: 'AVX-512 opmask'
Jul 14 11:20:03 172.20.224.108 kernel: [   11.393184] x86/fpu: Supporting XSAVE feature 0x040: 'AVX-512 Hi256'
Jul 14 11:20:03 172.20.224.108 kernel: [   11.393186] x86/fpu: Supporting XSAVE feature 0x080: 'AVX-512 ZMM_Hi256'
Jul 14 11:20:03 172.20.224.108 kernel: [   11.393188] x86/fpu: Supporting XSAVE feature 0x200: 'Protection Keys User registers'
Jul 14 11:20:03 172.20.224.108 kernel: [   11.393191] x86/fpu: Supporting XSAVE feature 0x400: 'PASID state'
Jul 14 11:20:03 172.20.224.108 kernel: [   11.393193] x86/fpu: Supporting XSAVE feature 0x20000: 'AMX Tile config'
Jul 14 11:20:03 172.20.224.108 kernel: [   11.393196] x86/fpu: Supporting XSAVE feature 0x40000: 'AMX Tile data'
Jul 14 11:20:03 172.20.224.108 kernel: [   11.393208] x86/fpu: xstate_offset[2]:  576, xstate_sizes[2]:  256
Jul 14 11:20:03 172.20.224.108 kernel: [   11.393211] x86/fpu: xstate_offset[5]:  832, xstate_sizes[5]:   64
Jul 14 11:20:03 172.20.224.108 kernel: [   11.393214] x86/fpu: xstate_offset[6]:  896, xstate_sizes[6]:  512
Jul 14 11:20:03 172.20.224.108 kernel: [   11.393216] x86/fpu: xstate_offset[7]: 1408, xstate_sizes[7]: 1024
Jul 14 11:20:03 172.20.224.108 kernel: [   11.393218] x86/fpu: xstate_offset[9]: 2432, xstate_sizes[9]:    8
Jul 14 11:20:03 172.20.224.108 kernel: [   11.393221] x86/fpu: xstate_offset[10]: 2440, xstate_sizes[10]:    8
Jul 14 11:20:03 172.20.224.108 kernel: [   11.393223] x86/fpu: xstate_offset[17]: 2496, xstate_sizes[17]:   64
Jul 14 11:20:03 172.20.224.108 kernel: [   11.393226] x86/fpu: xstate_offset[18]: 2560, xstate_sizes[18]: 8192
Jul 14 11:20:03 172.20.224.108 kernel: [   11.393228] x86/fpu: Enabled xstate features 0x606e7, context size is 10752 bytes, using 'compacted' format.
Jul 14 11:20:03 172.20.224.108 kernel: [   11.419280] Freeing SMP alternatives memory: 44K
Jul 14 11:20:03 172.20.224.108 kernel: [   11.419286] pid_max: default: 229376 minimum: 1792
Jul 14 11:20:03 172.20.224.108 kernel: [   11.424797] LSM: Security Framework initializing
Jul 14 11:20:03 172.20.224.108 kernel: [   11.424832] landlock: Up and running.
Jul 14 11:20:03 172.20.224.108 kernel: [   11.424834] Yama: becoming mindful.
Jul 14 11:20:03 172.20.224.108 kernel: [   11.424893] AppArmor: AppArmor initialized
Jul 14 11:20:03 172.20.224.108 kernel: [   11.475837] Dentry cache hash table entries: 33554432 (order: 16, 268435456 bytes, vmalloc)
Jul 14 11:20:03 172.20.224.108 kernel: [   11.500864] Inode-cache hash table entries: 16777216 (order: 15, 134217728 bytes, vmalloc)
Jul 14 11:20:03 172.20.224.108 kernel: [   11.501730] Mount-cache hash table entries: 524288 (order: 10, 4194304 bytes, vmalloc)
Jul 14 11:20:03 172.20.224.108 kernel: [   11.502513] Mountpoint-cache hash table entries: 524288 (order: 10, 4194304 bytes, vmalloc)
Jul 14 11:20:03 172.20.224.108 kernel: [   11.503807] smpboot: Estimated ratio of average max frequency by base frequency (times 1024): 1587
Jul 14 11:20:03 172.20.224.108 kernel: [   11.503833] smpboot: CPU0: Intel(R) Xeon(R) Platinum 8480C (family: 0x6, model: 0x8f, stepping: 0x8)
Jul 14 11:20:03 172.20.224.108 kernel: [   11.504202] Performance Events: XSAVE Architectural LBR, PEBS fmt4+-baseline,  AnyThread deprecated, Sapphire Rapids events, 32-deep LBR, full-width counters, Intel PMU driver.
Jul 14 11:20:03 172.20.224.108 kernel: [   11.504246] ... version:                5
Jul 14 11:20:03 172.20.224.108 kernel: [   11.504248] ... bit width:              48
Jul 14 11:20:03 172.20.224.108 kernel: [   11.504249] ... generic registers:      8
Jul 14 11:20:03 172.20.224.108 kernel: [   11.504250] ... value mask:             0000ffffffffffff
Jul 14 11:20:03 172.20.224.108 kernel: [   11.504252] ... max period:             00007fffffffffff
Jul 14 11:20:03 172.20.224.108 kernel: [   11.504254] ... fixed-purpose events:   4
Jul 14 11:20:03 172.20.224.108 kernel: [   11.504255] ... event mask:             0001000f000000ff
Jul 14 11:20:03 172.20.224.108 kernel: [   11.504464] signal: max sigframe size: 11952
Jul 14 11:20:03 172.20.224.108 kernel: [   11.504490] rcu: Hierarchical SRCU implementation.
Jul 14 11:20:03 172.20.224.108 kernel: [   11.517656] NMI watchdog: Enabled. Permanently consumes one hw-PMU counter.
Jul 14 11:20:03 172.20.224.108 kernel: [   11.519963] smp: Bringing up secondary CPUs ...
Jul 14 11:20:03 172.20.224.108 kernel: [   11.520097] x86: Booting SMP configuration:
Jul 14 11:20:03 172.20.224.108 kernel: [   11.520099] .... node  #0, CPUs:          #1   #2   #3   #4   #5   #6   #7   #8   #9  #10  #11  #12  #13  #14  #15  #16  #17  #18  #19  #20  #21  #22  #23  #24  #25  #26  #27  #28  #29  #30  #31  #32  #33  #34  #35  #36  #37  #38  #39  #40  #41  #42  #43  #44  #45  #46  #47  #48  #49  #50  #51  #52  #53  #54  #55
Jul 14 11:20:03 172.20.224.108 kernel: [   12.991076] .... node  #1, CPUs:    #56
Jul 14 11:20:03 172.20.224.108 kernel: [    0.004225] smpboot: CPU 56 Converting physical 0 to logical die 1
Jul 14 11:20:03 172.20.224.108 kernel: [   13.052746]   #57  #58  #59  #60  #61  #62  #63  #64  #65  #66  #67  #68  #69  #70  #71  #72  #73  #74  #75  #76  #77  #78  #79  #80  #81  #82  #83  #84  #85  #86  #87  #88  #89  #90  #91  #92  #93  #94  #95  #96  #97  #98  #99 #100 #101 #102 #103 #104 #105 #106 #107 #108 #109 #110 #111
Jul 14 11:20:03 172.20.224.108 kernel: [   14.514786] .... node  #0, CPUs:   #112 #113 #114 #115 #116 #117 #118 #119 #120 #121 #122 #123 #124 #125 #126 #127 #128 #129 #130 #131 #132 #133 #134 #135 #136 #137 #138 #139 #140 #141 #142 #143 #144 #145 #146 #147 #148 #149 #150 #151 #152 #153 #154 #155 #156 #157 #158 #159 #160 #161 #162 #163 #164 #165 #166 #167
Jul 14 11:20:03 172.20.224.108 kernel: [   15.996878] .... node  #1, CPUs:   #168 #169 #170 #171 #172 #173 #174 #175 #176 #177 #178 #179 #180 #181 #182 #183 #184 #185 #186 #187 #188 #189 #190 #191 #192 #193 #194 #195 #196 #197 #198 #199 #200 #201 #202 #203 #204 #205 #206 #207 #208 #209 #210 #211 #212 #213 #214 #215 #216 #217 #218 #219 #220 #221 #222 #223
Jul 14 11:20:03 172.20.224.108 kernel: [   17.496798] smp: Brought up 2 nodes, 224 CPUs
Jul 14 11:20:03 172.20.224.108 kernel: [   17.496798] smpboot: Max logical packages: 2
Jul 14 11:20:03 172.20.224.108 kernel: [   17.496798] smpboot: Total of 224 processors activated (894365.69 BogoMIPS)
Jul 14 11:20:03 172.20.224.108 kernel: [   17.614544] devtmpfs: initialized
Jul 14 11:20:03 172.20.224.108 kernel: [   17.614544] x86/mm: Memory block size: 2048MB
Jul 14 11:20:03 172.20.224.108 kernel: [   17.621821] ACPI: PM: Registering ACPI NVS region [mem 0x72103000-0x7530efff] (52477952 bytes)
Jul 14 11:20:03 172.20.224.108 kernel: [   17.621821] clocksource: jiffies: mask: 0xffffffff max_cycles: 0xffffffff, max_idle_ns: 7645041785100000 ns
Jul 14 11:20:03 172.20.224.108 kernel: [   17.622122] futex hash table entries: 65536 (order: 10, 4194304 bytes, vmalloc)
Jul 14 11:20:03 172.20.224.108 kernel: [   17.622839] pinctrl core: initialized pinctrl subsystem
Jul 14 11:20:03 172.20.224.108 kernel: [   17.623048] PM: RTC time: 02:19:41, date: 2025-07-14
Jul 14 11:20:03 172.20.224.108 kernel: [   17.624797] NET: Registered PF_NETLINK/PF_ROUTE protocol family
Jul 14 11:20:03 172.20.224.108 kernel: [   17.625676] DMA: preallocated 4096 KiB GFP_KERNEL pool for atomic allocations
Jul 14 11:20:03 172.20.224.108 kernel: [   17.626195] DMA: preallocated 4096 KiB GFP_KERNEL|GFP_DMA pool for atomic allocations
Jul 14 11:20:03 172.20.224.108 kernel: [   17.626709] DMA: preallocated 4096 KiB GFP_KERNEL|GFP_DMA32 pool for atomic allocations
Jul 14 11:20:03 172.20.224.108 kernel: [   17.626721] audit: initializing netlink subsys (disabled)
Jul 14 11:20:03 172.20.224.108 kernel: [   17.626728] audit: type=2000 audit(1752459579.260:1): state=initialized audit_enabled=0 res=1
Jul 14 11:20:03 172.20.224.108 kernel: [   17.626728] thermal_sys: Registered thermal governor 'fair_share'
Jul 14 11:20:03 172.20.224.108 kernel: [   17.626728] thermal_sys: Registered thermal governor 'bang_bang'
Jul 14 11:20:03 172.20.224.108 kernel: [   17.626728] thermal_sys: Registered thermal governor 'step_wise'
Jul 14 11:20:03 172.20.224.108 kernel: [   17.626728] thermal_sys: Registered thermal governor 'user_space'
Jul 14 11:20:03 172.20.224.108 kernel: [   17.626728] thermal_sys: Registered thermal governor 'power_allocator'
Jul 14 11:20:03 172.20.224.108 kernel: [   17.626728] EISA bus registered
Jul 14 11:20:03 172.20.224.108 kernel: [   17.626728] cpuidle: using governor ladder
Jul 14 11:20:03 172.20.224.108 kernel: [   17.626728] cpuidle: using governor menu
Jul 14 11:20:03 172.20.224.108 kernel: [   17.628734] ACPI FADT declares the system doesn't support PCIe ASPM, so disable it
Jul 14 11:20:03 172.20.224.108 kernel: [   17.628737] ACPI: bus type PCI registered
Jul 14 11:20:03 172.20.224.108 kernel: [   17.628740] acpiphp: ACPI Hot Plug PCI Controller Driver version: 0.5
Jul 14 11:20:03 172.20.224.108 kernel: [   17.628998] PCI: MMCONFIG for domain 0000 [bus 00-ff] at [mem 0x80000000-0x8fffffff] (base 0x80000000)
Jul 14 11:20:03 172.20.224.108 kernel: [   17.629006] PCI: MMCONFIG at [mem 0x80000000-0x8fffffff] reserved in E820
Jul 14 11:20:03 172.20.224.108 kernel: [   17.629017] pmd_set_huge: Cannot satisfy [mem 0x80000000-0x80200000] with a huge-page mapping due to MTRR override.
Jul 14 11:20:03 172.20.224.108 kernel: [   17.629374] PCI: Using configuration type 1 for base access
Jul 14 11:20:03 172.20.224.108 kernel: [   17.636182] ENERGY_PERF_BIAS: Set to 'normal', was 'performance'
Jul 14 11:20:03 172.20.224.108 kernel: [   17.641884] kprobes: kprobe jump-optimization is enabled. All kprobes are optimized if possible.
Jul 14 11:20:03 172.20.224.108 kernel: [   17.641890] HugeTLB registered 1.00 GiB page size, pre-allocated 0 pages
Jul 14 11:20:03 172.20.224.108 kernel: [   17.641890] HugeTLB registered 2.00 MiB page size, pre-allocated 0 pages
Jul 14 11:20:03 172.20.224.108 kernel: [   17.644777] fbcon: Taking over console
Jul 14 11:20:03 172.20.224.108 kernel: [   17.644882] ACPI: Added _OSI(Module Device)
Jul 14 11:20:03 172.20.224.108 kernel: [   17.644885] ACPI: Added _OSI(Processor Device)
Jul 14 11:20:03 172.20.224.108 kernel: [   17.644886] ACPI: Added _OSI(3.0 _SCP Extensions)
Jul 14 11:20:03 172.20.224.108 kernel: [   17.644888] ACPI: Added _OSI(Processor Aggregator Device)
Jul 14 11:20:03 172.20.224.108 kernel: [   17.644890] ACPI: Added _OSI(Linux-Dell-Video)
Jul 14 11:20:03 172.20.224.108 kernel: [   17.644892] ACPI: Added _OSI(Linux-Lenovo-NV-HDMI-Audio)
Jul 14 11:20:03 172.20.224.108 kernel: [   17.644894] ACPI: Added _OSI(Linux-HPI-Hybrid-Graphics)
Jul 14 11:20:03 172.20.224.108 kernel: [   17.944215] ACPI: 5 ACPI AML tables successfully acquired and loaded
Jul 14 11:20:03 172.20.224.108 kernel: [   17.962479] ACPI: \_SB_.SCK0.C000: _OSC native thermal LVT Acked
Jul 14 11:20:03 172.20.224.108 kernel: [   17.963963] ACPI: Dynamic OEM Table Load:
Jul 14 11:20:03 172.20.224.108 kernel: [   18.203648] ACPI: Dynamic OEM Table Load:
Jul 14 11:20:03 172.20.224.108 kernel: [   18.239129] ACPI: Dynamic OEM Table Load:
Jul 14 11:20:03 172.20.224.108 kernel: [   18.764879] ACPI: Interpreter enabled
Jul 14 11:20:03 172.20.224.108 kernel: [   18.764924] ACPI: PM: (supports S0 S5)
Jul 14 11:20:03 172.20.224.108 kernel: [   18.764927] ACPI: Using IOAPIC for interrupt routing
Jul 14 11:20:03 172.20.224.108 kernel: [   18.765027] HEST: Table parsing has been initialized.
Jul 14 11:20:03 172.20.224.108 kernel: [   18.765168] GHES: APEI firmware first mode is enabled by APEI bit and WHEA _OSC.
Jul 14 11:20:03 172.20.224.108 kernel: [   18.765173] PCI: Using host bridge windows from ACPI; if necessary, use "pci=nocrs" and report a bug
Jul 14 11:20:03 172.20.224.108 kernel: [   18.765176] PCI: Using E820 reservations for host bridge windows
Jul 14 11:20:03 172.20.224.108 kernel: [   18.808038] ACPI: Enabled 1 GPEs in block 00 to 7F
Jul 14 11:20:03 172.20.224.108 kernel: [   19.041612] ACPI: PCI Root Bridge [PC00] (domain 0000 [bus 00-14])
Jul 14 11:20:03 172.20.224.108 kernel: [   19.041624] acpi PNP0A08:00: _OSC: OS supports [ExtendedConfig ASPM ClockPM Segments MSI EDR HPX-Type3]
Jul 14 11:20:03 172.20.224.108 kernel: [   19.043807] acpi PNP0A08:00: _OSC: platform does not support [SHPCHotplug AER LTR DPC]
Jul 14 11:20:03 172.20.224.108 kernel: [   19.044033] acpi PNP0A08:00: _OSC: OS now controls [PCIeHotplug PME PCIeCapability]
Jul 14 11:20:03 172.20.224.108 kernel: [   19.044036] acpi PNP0A08:00: FADT indicates ASPM is unsupported, using BIOS configuration
Jul 14 11:20:03 172.20.224.108 kernel: [   19.044662] PCI host bridge to bus 0000:00
Jul 14 11:20:03 172.20.224.108 kernel: [   19.044666] pci_bus 0000:00: root bus resource [bus 00-14]
Jul 14 11:20:03 172.20.224.108 kernel: [   19.044669] pci_bus 0000:00: root bus resource [io  0x0000-0x0cf7 window]
Jul 14 11:20:03 172.20.224.108 kernel: [   19.044672] pci_bus 0000:00: root bus resource [io  0x1000-0x3fff window]
Jul 14 11:20:03 172.20.224.108 kernel: [   19.044674] pci_bus 0000:00: root bus resource [mem 0x000a0000-0x000bffff window]
Jul 14 11:20:03 172.20.224.108 kernel: [   19.044677] pci_bus 0000:00: root bus resource [mem 0x000c8000-0x000cffff window]
Jul 14 11:20:03 172.20.224.108 kernel: [   19.044679] pci_bus 0000:00: root bus resource [mem 0x90040000-0xaaffffff window]
Jul 14 11:20:03 172.20.224.108 kernel: [   19.044681] pci_bus 0000:00: root bus resource [mem 0xfe010000-0xfe010fff window]
Jul 14 11:20:03 172.20.224.108 kernel: [   19.044684] pci_bus 0000:00: root bus resource [mem 0x200000000000-0x20ffffffffff window]
Jul 14 11:20:03 172.20.224.108 kernel: [   19.044790] pci 0000:00:00.0: [8086:09a2] type 00 class 0x088000
Jul 14 11:20:03 172.20.224.108 kernel: [   19.045074] pci 0000:00:00.1: [8086:09a4] type 00 class 0x088000
Jul 14 11:20:03 172.20.224.108 kernel: [   19.045333] pci 0000:00:00.2: [8086:09a3] type 00 class 0x088000
Jul 14 11:20:03 172.20.224.108 kernel: [   19.045678] pci 0000:00:00.4: [8086:0b23] type 00 class 0x080700
Jul 14 11:20:03 172.20.224.108 kernel: [   19.046012] pci 0000:00:08.0: [8086:1bb8] type 01 class 0x060400
Jul 14 11:20:03 172.20.224.108 kernel: [   19.046033] pci 0000:00:08.0: reg 0x10: [mem 0x20ffff980000-0x20ffff99ffff 64bit]
Jul 14 11:20:03 172.20.224.108 kernel: [   19.046060] pci 0000:00:08.0: enabling Extended Tags
Jul 14 11:20:03 172.20.224.108 kernel: [   19.046128] pci 0000:00:08.0: PME# supported from D0 D3hot D3cold
Jul 14 11:20:03 172.20.224.108 kernel: [   19.046167] pci 0000:00:08.0: PTM enabled (root), 2ns granularity
Jul 14 11:20:03 172.20.224.108 kernel: [   19.046997] pci 0000:00:0a.0: [8086:1bba] type 01 class 0x060400
Jul 14 11:20:03 172.20.224.108 kernel: [   19.047017] pci 0000:00:0a.0: reg 0x10: [mem 0x20ffff960000-0x20ffff97ffff 64bit]
Jul 14 11:20:03 172.20.224.108 kernel: [   19.047043] pci 0000:00:0a.0: enabling Extended Tags
Jul 14 11:20:03 172.20.224.108 kernel: [   19.047109] pci 0000:00:0a.0: PME# supported from D0 D3hot D3cold
Jul 14 11:20:03 172.20.224.108 kernel: [   19.047147] pci 0000:00:0a.0: PTM enabled (root), 2ns granularity
Jul 14 11:20:03 172.20.224.108 kernel: [   19.047955] pci 0000:00:0c.0: [8086:1bbc] type 01 class 0x060400
Jul 14 11:20:03 172.20.224.108 kernel: [   19.047976] pci 0000:00:0c.0: reg 0x10: [mem 0x20ffff940000-0x20ffff95ffff 64bit]
Jul 14 11:20:03 172.20.224.108 kernel: [   19.048003] pci 0000:00:0c.0: enabling Extended Tags
Jul 14 11:20:03 172.20.224.108 kernel: [   19.048071] pci 0000:00:0c.0: PME# supported from D0 D3hot D3cold
Jul 14 11:20:03 172.20.224.108 kernel: [   19.048111] pci 0000:00:0c.0: PTM enabled (root), 2ns granularity
Jul 14 11:20:03 172.20.224.108 kernel: [   19.048937] pci 0000:00:0d.0: [8086:1bbd] type 01 class 0x060400
Jul 14 11:20:03 172.20.224.108 kernel: [   19.048958] pci 0000:00:0d.0: reg 0x10: [mem 0x20ffff920000-0x20ffff93ffff 64bit]
Jul 14 11:20:03 172.20.224.108 kernel: [   19.048985] pci 0000:00:0d.0: enabling Extended Tags
Jul 14 11:20:03 172.20.224.108 kernel: [   19.049054] pci 0000:00:0d.0: PME# supported from D0 D3hot D3cold
Jul 14 11:20:03 172.20.224.108 kernel: [   19.049094] pci 0000:00:0d.0: PTM enabled (root), 2ns granularity
Jul 14 11:20:03 172.20.224.108 kernel: [   19.049906] pci 0000:00:10.0: [8086:1bb0] type 01 class 0x060400
Jul 14 11:20:03 172.20.224.108 kernel: [   19.049927] pci 0000:00:10.0: reg 0x10: [mem 0x20ffff900000-0x20ffff91ffff 64bit]
Jul 14 11:20:03 172.20.224.108 kernel: [   19.049954] pci 0000:00:10.0: enabling Extended Tags
Jul 14 11:20:03 172.20.224.108 kernel: [   19.050022] pci 0000:00:10.0: PME# supported from D0 D3hot D3cold
Jul 14 11:20:03 172.20.224.108 kernel: [   19.050061] pci 0000:00:10.0: PTM enabled (root), 2ns granularity
Jul 14 11:20:03 172.20.224.108 kernel: [   19.050876] pci 0000:00:14.0: [8086:1bcd] type 00 class 0x0c0330
Jul 14 11:20:03 172.20.224.108 kernel: [   19.050899] pci 0000:00:14.0: reg 0x10: [mem 0x20ffff9a0000-0x20ffff9affff 64bit]
Jul 14 11:20:03 172.20.224.108 kernel: [   19.050982] pci 0000:00:14.0: PME# supported from D3hot D3cold
Jul 14 11:20:03 172.20.224.108 kernel: [   19.051409] pci 0000:00:14.2: [8086:1bce] type 00 class 0x050000
Jul 14 11:20:03 172.20.224.108 kernel: [   19.051432] pci 0000:00:14.2: reg 0x10: [mem 0x20ffff9b0000-0x20ffff9b3fff 64bit]
Jul 14 11:20:03 172.20.224.108 kernel: [   19.051447] pci 0000:00:14.2: reg 0x18: [mem 0x20ffff9b6000-0x20ffff9b6fff 64bit]
Jul 14 11:20:03 172.20.224.108 kernel: [   19.051729] pci 0000:00:14.4: [8086:1bfe] type 00 class 0x060000
Jul 14 11:20:03 172.20.224.108 kernel: [   19.052069] pci 0000:00:15.0: [8086:1bff] type 00 class 0x088000
Jul 14 11:20:03 172.20.224.108 kernel: [   19.052095] pci 0000:00:15.0: reg 0x10: [mem 0x20ffff9b5000-0x20ffff9b53ff 64bit]
Jul 14 11:20:03 172.20.224.108 kernel: [   19.052530] pci 0000:00:16.0: [8086:1be0] type 00 class 0x078000
Jul 14 11:20:03 172.20.224.108 kernel: [   19.052560] pci 0000:00:16.0: reg 0x10: [mem 0x20ffff9b4000-0x20ffff9b4fff 64bit]
Jul 14 11:20:03 172.20.224.108 kernel: [   19.052664] pci 0000:00:16.0: PME# supported from D3hot
Jul 14 11:20:03 172.20.224.108 kernel: [   19.052939] pci 0000:00:1f.0: [8086:1b81] type 00 class 0x060100
Jul 14 11:20:03 172.20.224.108 kernel: [   19.053329] pci 0000:00:1f.4: [8086:1bc9] type 00 class 0x0c0500
Jul 14 11:20:03 172.20.224.108 kernel: [   19.053361] pci 0000:00:1f.4: reg 0x10: [mem 0x00000000-0x000000ff 64bit]
Jul 14 11:20:03 172.20.224.108 kernel: [   19.053396] pci 0000:00:1f.4: reg 0x20: [io  0x0780-0x079f]
Jul 14 11:20:03 172.20.224.108 kernel: [   19.053723] pci 0000:00:1f.5: [8086:1bca] type 00 class 0x0c8000
Jul 14 11:20:03 172.20.224.108 kernel: [   19.053746] pci 0000:00:1f.5: reg 0x10: [mem 0xfe010000-0xfe010fff]
Jul 14 11:20:03 172.20.224.108 kernel: [   19.053759] pci 0000:00:1f.5: reg 0x14: [mem 0x9e000000-0x9fffffff]
Jul 14 11:20:03 172.20.224.108 kernel: [   19.053964] pci 0000:00:1f.7: [8086:1bcc] type 00 class 0x130000
Jul 14 11:20:03 172.20.224.108 kernel: [   19.053987] pci 0000:00:1f.7: reg 0x10: [mem 0x20ffff800000-0x20ffff8fffff 64bit]
Jul 14 11:20:03 172.20.224.108 kernel: [   19.054001] pci 0000:00:1f.7: reg 0x18: [mem 0x20ffff000000-0x20ffff7fffff 64bit]
Jul 14 11:20:03 172.20.224.108 kernel: [   19.054234] pci 0000:01:00.0: [1344:51c3] type 00 class 0x010802
Jul 14 11:20:03 172.20.224.108 kernel: [   19.054261] pci 0000:01:00.0: reg 0x10: [mem 0xa9540000-0xa957ffff 64bit]
Jul 14 11:20:03 172.20.224.108 kernel: [   19.054310] pci 0000:01:00.0: reg 0x30: [mem 0xa9500000-0xa953ffff pref]
Jul 14 11:20:03 172.20.224.108 kernel: [   19.054396] pci 0000:01:00.0: PME# supported from D0 D1 D3hot
