Aug  5 19:33:11 172.20.224.107 kernel: [    0.000000] Linux version 5.15.0-1076-nvidia (buildd@lcy02-amd64-026) (gcc (Ubuntu 11.4.0-1ubuntu1~22.04) 11.4.0, GNU ld (GNU Binutils for Ubuntu) 2.38) #77-Ubuntu SMP Tue Mar 25 23:43:36 UTC 2025 (Ubuntu 5.15.0-1076.77-nvidia 5.15.178)
Aug  5 19:33:11 172.20.224.107 kernel: [    0.000000] Command line: BOOT_IMAGE=(tftp)/category/vmlinuz.dgx-h200 nouveau.modeset=0 nvme_core.multipath=n console=tty0 rw BOOTIF=01-c4-70-bd-d9-64-81 ip=172.20.224.107:172.20.224.14:0xac14e001:0xffffff00
Aug  5 19:33:11 172.20.224.107 kernel: [    0.000000] KERNEL supported cpus:
Aug  5 19:33:11 172.20.224.107 kernel: [    0.000000]   Intel GenuineIntel
Aug  5 19:33:11 172.20.224.107 kernel: [    0.000000]   AMD AuthenticAMD
Aug  5 19:33:11 172.20.224.107 kernel: [    0.000000]   Hygon HygonGenuine
Aug  5 19:33:11 172.20.224.107 kernel: [    0.000000]   Centaur CentaurHauls
Aug  5 19:33:11 172.20.224.107 kernel: [    0.000000]   zhaoxin   Shanghai  
Aug  5 19:33:11 172.20.224.107 kernel: [    0.000000] x86/tme: not enabled by BIOS
Aug  5 19:33:11 172.20.224.107 kernel: [    0.000000] x86/split lock detection: #AC: crashing the kernel on kernel split_locks and warning on user-space split_locks
Aug  5 19:33:11 172.20.224.107 kernel: [    0.000000] BIOS-provided physical RAM map:
Aug  5 19:33:11 172.20.224.107 kernel: [    0.000000] BIOS-e820: [mem 0x0000000000000000-0x000000000009ffff] usable
Aug  5 19:33:11 172.20.224.107 kernel: [    0.000000] BIOS-e820: [mem 0x00000000000a0000-0x00000000000fffff] reserved
Aug  5 19:33:11 172.20.224.107 kernel: [    0.000000] BIOS-e820: [mem 0x0000000000100000-0x000000006868cfff] usable
Aug  5 19:33:11 172.20.224.107 kernel: [    0.000000] BIOS-e820: [mem 0x000000006868d000-0x000000006868ffff] reserved
Aug  5 19:33:11 172.20.224.107 kernel: [    0.000000] BIOS-e820: [mem 0x0000000068690000-0x000000006f702fff] usable
Aug  5 19:33:11 172.20.224.107 kernel: [    0.000000] BIOS-e820: [mem 0x000000006f703000-0x0000000071802fff] reserved
Aug  5 19:33:11 172.20.224.107 kernel: [    0.000000] BIOS-e820: [mem 0x0000000071803000-0x0000000072102fff] ACPI data
Aug  5 19:33:11 172.20.224.107 kernel: [    0.000000] BIOS-e820: [mem 0x0000000072103000-0x000000007530efff] ACPI NVS
Aug  5 19:33:11 172.20.224.107 kernel: [    0.000000] BIOS-e820: [mem 0x000000007530f000-0x00000000777fefff] reserved
Aug  5 19:33:11 172.20.224.107 kernel: [    0.000000] BIOS-e820: [mem 0x00000000777ff000-0x00000000777fffff] usable
Aug  5 19:33:11 172.20.224.107 kernel: [    0.000000] BIOS-e820: [mem 0x0000000077800000-0x000000008fffffff] reserved
Aug  5 19:33:11 172.20.224.107 kernel: [    0.000000] BIOS-e820: [mem 0x00000000fe010000-0x00000000fe010fff] reserved
Aug  5 19:33:11 172.20.224.107 kernel: [    0.000000] BIOS-e820: [mem 0x00000000ff000000-0x00000000ffffffff] reserved
Aug  5 19:33:11 172.20.224.107 kernel: [    0.000000] BIOS-e820: [mem 0x0000000100000000-0x000002007fffffff] usable
Aug  5 19:33:11 172.20.224.107 kernel: [    0.000000] NX (Execute Disable) protection: active
Aug  5 19:33:11 172.20.224.107 kernel: [    0.000000] e820: update [mem 0x63f2e018-0x63f66e57] usable ==> usable
Aug  5 19:33:11 172.20.224.107 kernel: [    0.000000] e820: update [mem 0x63f2e018-0x63f66e57] usable ==> usable
Aug  5 19:33:11 172.20.224.107 kernel: [    0.000000] e820: update [mem 0x62db5018-0x62e74257] usable ==> usable
Aug  5 19:33:11 172.20.224.107 kernel: [    0.000000] e820: update [mem 0x62db5018-0x62e74257] usable ==> usable
Aug  5 19:33:11 172.20.224.107 kernel: [    0.000000] e820: update [mem 0x62b71018-0x62c30257] usable ==> usable
Aug  5 19:33:11 172.20.224.107 kernel: [    0.000000] e820: update [mem 0x62b71018-0x62c30257] usable ==> usable
Aug  5 19:33:11 172.20.224.107 kernel: [    0.000000] e820: update [mem 0x62ab1018-0x62b70257] usable ==> usable
Aug  5 19:33:11 172.20.224.107 kernel: [    0.000000] e820: update [mem 0x62ab1018-0x62b70257] usable ==> usable
Aug  5 19:33:11 172.20.224.107 kernel: [    0.000000] e820: update [mem 0x629f1018-0x62ab0257] usable ==> usable
Aug  5 19:33:11 172.20.224.107 kernel: [    0.000000] e820: update [mem 0x629f1018-0x62ab0257] usable ==> usable
Aug  5 19:33:11 172.20.224.107 kernel: [    0.000000] e820: update [mem 0x63eda018-0x63f2d657] usable ==> usable
Aug  5 19:33:11 172.20.224.107 kernel: [    0.000000] e820: update [mem 0x63eda018-0x63f2d657] usable ==> usable
Aug  5 19:33:11 172.20.224.107 kernel: [    0.000000] e820: update [mem 0x63e86018-0x63ed9657] usable ==> usable
Aug  5 19:33:11 172.20.224.107 kernel: [    0.000000] e820: update [mem 0x63e86018-0x63ed9657] usable ==> usable
Aug  5 19:33:11 172.20.224.107 kernel: [    0.000000] extended physical RAM map:
Aug  5 19:33:11 172.20.224.107 kernel: [    0.000000] reserve setup_data: [mem 0x0000000000000000-0x000000000009ffff] usable
Aug  5 19:33:11 172.20.224.107 kernel: [    0.000000] reserve setup_data: [mem 0x00000000000a0000-0x00000000000fffff] reserved
Aug  5 19:33:11 172.20.224.107 kernel: [    0.000000] reserve setup_data: [mem 0x0000000000100000-0x00000000629f1017] usable
Aug  5 19:33:11 172.20.224.107 kernel: [    0.000000] reserve setup_data: [mem 0x00000000629f1018-0x0000000062ab0257] usable
Aug  5 19:33:11 172.20.224.107 kernel: [    0.000000] reserve setup_data: [mem 0x0000000062ab0258-0x0000000062ab1017] usable
Aug  5 19:33:11 172.20.224.107 kernel: [    0.000000] reserve setup_data: [mem 0x0000000062ab1018-0x0000000062b70257] usable
Aug  5 19:33:11 172.20.224.107 kernel: [    0.000000] reserve setup_data: [mem 0x0000000062b70258-0x0000000062b71017] usable
Aug  5 19:33:11 172.20.224.107 kernel: [    0.000000] reserve setup_data: [mem 0x0000000062b71018-0x0000000062c30257] usable
Aug  5 19:33:11 172.20.224.107 kernel: [    0.000000] reserve setup_data: [mem 0x0000000062c30258-0x0000000062db5017] usable
Aug  5 19:33:11 172.20.224.107 kernel: [    0.000000] reserve setup_data: [mem 0x0000000062db5018-0x0000000062e74257] usable
Aug  5 19:33:11 172.20.224.107 kernel: [    0.000000] reserve setup_data: [mem 0x0000000062e74258-0x0000000063e86017] usable
Aug  5 19:33:11 172.20.224.107 kernel: [    0.000000] reserve setup_data: [mem 0x0000000063e86018-0x0000000063ed9657] usable
Aug  5 19:33:11 172.20.224.107 kernel: [    0.000000] reserve setup_data: [mem 0x0000000063ed9658-0x0000000063eda017] usable
Aug  5 19:33:11 172.20.224.107 kernel: [    0.000000] reserve setup_data: [mem 0x0000000063eda018-0x0000000063f2d657] usable
Aug  5 19:33:11 172.20.224.107 kernel: [    0.000000] reserve setup_data: [mem 0x0000000063f2d658-0x0000000063f2e017] usable
Aug  5 19:33:11 172.20.224.107 kernel: [    0.000000] reserve setup_data: [mem 0x0000000063f2e018-0x0000000063f66e57] usable
Aug  5 19:33:11 172.20.224.107 kernel: [    0.000000] reserve setup_data: [mem 0x0000000063f66e58-0x000000006868cfff] usable
Aug  5 19:33:11 172.20.224.107 kernel: [    0.000000] reserve setup_data: [mem 0x000000006868d000-0x000000006868ffff] reserved
Aug  5 19:33:11 172.20.224.107 kernel: [    0.000000] reserve setup_data: [mem 0x0000000068690000-0x000000006f702fff] usable
Aug  5 19:33:11 172.20.224.107 kernel: [    0.000000] reserve setup_data: [mem 0x000000006f703000-0x0000000071802fff] reserved
Aug  5 19:33:11 172.20.224.107 kernel: [    0.000000] reserve setup_data: [mem 0x0000000071803000-0x0000000072102fff] ACPI data
Aug  5 19:33:11 172.20.224.107 kernel: [    0.000000] reserve setup_data: [mem 0x0000000072103000-0x000000007530efff] ACPI NVS
Aug  5 19:33:11 172.20.224.107 kernel: [    0.000000] reserve setup_data: [mem 0x000000007530f000-0x00000000777fefff] reserved
Aug  5 19:33:11 172.20.224.107 kernel: [    0.000000] reserve setup_data: [mem 0x00000000777ff000-0x00000000777fffff] usable
Aug  5 19:33:11 172.20.224.107 kernel: [    0.000000] reserve setup_data: [mem 0x0000000077800000-0x000000008fffffff] reserved
Aug  5 19:33:11 172.20.224.107 kernel: [    0.000000] reserve setup_data: [mem 0x00000000fe010000-0x00000000fe010fff] reserved
Aug  5 19:33:11 172.20.224.107 kernel: [    0.000000] reserve setup_data: [mem 0x00000000ff000000-0x00000000ffffffff] reserved
Aug  5 19:33:11 172.20.224.107 kernel: [    0.000000] reserve setup_data: [mem 0x0000000100000000-0x000002007fffffff] usable
Aug  5 19:33:11 172.20.224.107 kernel: [    0.000000] efi: EFI v2.90 by American Megatrends
Aug  5 19:33:11 172.20.224.107 kernel: [    0.000000] efi: ACPI=0x72102000 ACPI 2.0=0x72102014 SMBIOS=0x77211000 SMBIOS 3.0=0x77210000 MEMATTR=0x632e1018 
Aug  5 19:33:11 172.20.224.107 kernel: [    0.000000] secureboot: Secure boot disabled
Aug  5 19:33:11 172.20.224.107 kernel: [    0.000000] SMBIOS 3.6.0 present.
Aug  5 19:33:11 172.20.224.107 kernel: [    0.000000] DMI: NVIDIA DGXH200/DGXH200, BIOS 1.6.7 02/20/2025
Aug  5 19:33:11 172.20.224.107 kernel: [    0.000000] tsc: Detected 2000.000 MHz processor
Aug  5 19:33:11 172.20.224.107 kernel: [    0.000022] e820: update [mem 0x00000000-0x00000fff] usable ==> reserved
Aug  5 19:33:11 172.20.224.107 kernel: [    0.000026] e820: remove [mem 0x000a0000-0x000fffff] usable
Aug  5 19:33:11 172.20.224.107 kernel: [    0.000043] last_pfn = 0x20080000 max_arch_pfn = 0x10000000000
Aug  5 19:33:11 172.20.224.107 kernel: [    0.000426] x86/PAT: Configuration [0-7]: WB  WC  UC- UC  WB  WP  UC- WT  
Aug  5 19:33:11 172.20.224.107 kernel: [    0.005510] total RAM covered: 4192256M
Aug  5 19:33:11 172.20.224.107 kernel: [    0.005613]  gran_size: 64K #011chunk_size: 64K #011num_reg: 10  #011lose cover RAM: 2048G
Aug  5 19:33:11 172.20.224.107 kernel: [    0.005617]  gran_size: 64K #011chunk_size: 128K #011num_reg: 10  #011lose cover RAM: 2048G
Aug  5 19:33:11 172.20.224.107 kernel: [    0.005619]  gran_size: 64K #011chunk_size: 256K #011num_reg: 10  #011lose cover RAM: 2048G
Aug  5 19:33:11 172.20.224.107 kernel: [    0.005622]  gran_size: 64K #011chunk_size: 512K #011num_reg: 10  #011lose cover RAM: 2048G
Aug  5 19:33:11 172.20.224.107 kernel: [    0.005624]  gran_size: 64K #011chunk_size: 1M #011num_reg: 10  #011lose cover RAM: 2048G
Aug  5 19:33:11 172.20.224.107 kernel: [    0.005626]  gran_size: 64K #011chunk_size: 2M #011num_reg: 10  #011lose cover RAM: 2048G
Aug  5 19:33:11 172.20.224.107 kernel: [    0.005628]  gran_size: 64K #011chunk_size: 4M #011num_reg: 10  #011lose cover RAM: 2048G
Aug  5 19:33:11 172.20.224.107 kernel: [    0.005630]  gran_size: 64K #011chunk_size: 8M #011num_reg: 10  #011lose cover RAM: 2048G
Aug  5 19:33:11 172.20.224.107 kernel: [    0.005632]  gran_size: 64K #011chunk_size: 16M #011num_reg: 10  #011lose cover RAM: 2048G
Aug  5 19:33:11 172.20.224.107 kernel: [    0.005634]  gran_size: 64K #011chunk_size: 32M #011num_reg: 10  #011lose cover RAM: 2048G
Aug  5 19:33:11 172.20.224.107 kernel: [    0.005636]  gran_size: 64K #011chunk_size: 64M #011num_reg: 10  #011lose cover RAM: 2048G
Aug  5 19:33:11 172.20.224.107 kernel: [    0.005638]  gran_size: 64K #011chunk_size: 128M #011num_reg: 10  #011lose cover RAM: 2048G
Aug  5 19:33:11 172.20.224.107 kernel: [    0.005640]  gran_size: 64K #011chunk_size: 256M #011num_reg: 10  #011lose cover RAM: 2048G
Aug  5 19:33:11 172.20.224.107 kernel: [    0.005642]  gran_size: 64K #011chunk_size: 512M #011num_reg: 10  #011lose cover RAM: 2048G
Aug  5 19:33:11 172.20.224.107 kernel: [    0.005644]  gran_size: 64K #011chunk_size: 1G #011num_reg: 10  #011lose cover RAM: 2048G
Aug  5 19:33:11 172.20.224.107 kernel: [    0.005647]  gran_size: 64K #011chunk_size: 2G #011num_reg: 10  #011lose cover RAM: 2048G
Aug  5 19:33:11 172.20.224.107 kernel: [    0.005649]  gran_size: 128K #011chunk_size: 128K #011num_reg: 10  #011lose cover RAM: 2048G
Aug  5 19:33:11 172.20.224.107 kernel: [    0.005651]  gran_size: 128K #011chunk_size: 256K #011num_reg: 10  #011lose cover RAM: 2048G
Aug  5 19:33:11 172.20.224.107 kernel: [    0.005653]  gran_size: 128K #011chunk_size: 512K #011num_reg: 10  #011lose cover RAM: 2048G
Aug  5 19:33:11 172.20.224.107 kernel: [    0.005655]  gran_size: 128K #011chunk_size: 1M #011num_reg: 10  #011lose cover RAM: 2048G
Aug  5 19:33:11 172.20.224.107 kernel: [    0.005657]  gran_size: 128K #011chunk_size: 2M #011num_reg: 10  #011lose cover RAM: 2048G
Aug  5 19:33:11 172.20.224.107 kernel: [    0.005659]  gran_size: 128K #011chunk_size: 4M #011num_reg: 10  #011lose cover RAM: 2048G
Aug  5 19:33:11 172.20.224.107 kernel: [    0.005661]  gran_size: 128K #011chunk_size: 8M #011num_reg: 10  #011lose cover RAM: 2048G
Aug  5 19:33:11 172.20.224.107 kernel: [    0.005663]  gran_size: 128K #011chunk_size: 16M #011num_reg: 10  #011lose cover RAM: 2048G
Aug  5 19:33:11 172.20.224.107 kernel: [    0.005665]  gran_size: 128K #011chunk_size: 32M #011num_reg: 10  #011lose cover RAM: 2048G
Aug  5 19:33:11 172.20.224.107 kernel: [    0.005667]  gran_size: 128K #011chunk_size: 64M #011num_reg: 10  #011lose cover RAM: 2048G
Aug  5 19:33:11 172.20.224.107 kernel: [    0.005669]  gran_size: 128K #011chunk_size: 128M #011num_reg: 10  #011lose cover RAM: 2048G
Aug  5 19:33:11 172.20.224.107 kernel: [    0.005671]  gran_size: 128K #011chunk_size: 256M #011num_reg: 10  #011lose cover RAM: 2048G
Aug  5 19:33:11 172.20.224.107 kernel: [    0.005673]  gran_size: 128K #011chunk_size: 512M #011num_reg: 10  #011lose cover RAM: 2048G
Aug  5 19:33:11 172.20.224.107 kernel: [    0.005675]  gran_size: 128K #011chunk_size: 1G #011num_reg: 10  #011lose cover RAM: 2048G
Aug  5 19:33:11 172.20.224.107 kernel: [    0.005677]  gran_size: 128K #011chunk_size: 2G #011num_reg: 10  #011lose cover RAM: 2048G
Aug  5 19:33:11 172.20.224.107 kernel: [    0.005679]  gran_size: 256K #011chunk_size: 256K #011num_reg: 10  #011lose cover RAM: 2048G
Aug  5 19:33:11 172.20.224.107 kernel: [    0.005681]  gran_size: 256K #011chunk_size: 512K #011num_reg: 10  #011lose cover RAM: 2048G
Aug  5 19:33:11 172.20.224.107 kernel: [    0.005683]  gran_size: 256K #011chunk_size: 1M #011num_reg: 10  #011lose cover RAM: 2048G
Aug  5 19:33:11 172.20.224.107 kernel: [    0.005685]  gran_size: 256K #011chunk_size: 2M #011num_reg: 10  #011lose cover RAM: 2048G
Aug  5 19:33:11 172.20.224.107 kernel: [    0.005688]  gran_size: 256K #011chunk_size: 4M #011num_reg: 10  #011lose cover RAM: 2048G
Aug  5 19:33:11 172.20.224.107 kernel: [    0.005690]  gran_size: 256K #011chunk_size: 8M #011num_reg: 10  #011lose cover RAM: 2048G
Aug  5 19:33:11 172.20.224.107 kernel: [    0.005691]  gran_size: 256K #011chunk_size: 16M #011num_reg: 10  #011lose cover RAM: 2048G
Aug  5 19:33:11 172.20.224.107 kernel: [    0.005694]  gran_size: 256K #011chunk_size: 32M #011num_reg: 10  #011lose cover RAM: 2048G
Aug  5 19:33:11 172.20.224.107 kernel: [    0.005696]  gran_size: 256K #011chunk_size: 64M #011num_reg: 10  #011lose cover RAM: 2048G
Aug  5 19:33:11 172.20.224.107 kernel: [    0.005698]  gran_size: 256K #011chunk_size: 128M #011num_reg: 10  #011lose cover RAM: 2048G
Aug  5 19:33:11 172.20.224.107 kernel: [    0.005700]  gran_size: 256K #011chunk_size: 256M #011num_reg: 10  #011lose cover RAM: 2048G
Aug  5 19:33:11 172.20.224.107 kernel: [    0.005702]  gran_size: 256K #011chunk_size: 512M #011num_reg: 10  #011lose cover RAM: 2048G
Aug  5 19:33:11 172.20.224.107 kernel: [    0.005704]  gran_size: 256K #011chunk_size: 1G #011num_reg: 10  #011lose cover RAM: 2048G
Aug  5 19:33:11 172.20.224.107 kernel: [    0.005706]  gran_size: 256K #011chunk_size: 2G #011num_reg: 10  #011lose cover RAM: 2048G
Aug  5 19:33:11 172.20.224.107 kernel: [    0.005708]  gran_size: 512K #011chunk_size: 512K #011num_reg: 10  #011lose cover RAM: 2048G
Aug  5 19:33:11 172.20.224.107 kernel: [    0.005710]  gran_size: 512K #011chunk_size: 1M #011num_reg: 10  #011lose cover RAM: 2048G
Aug  5 19:33:11 172.20.224.107 kernel: [    0.005712]  gran_size: 512K #011chunk_size: 2M #011num_reg: 10  #011lose cover RAM: 2048G
Aug  5 19:33:11 172.20.224.107 kernel: [    0.005714]  gran_size: 512K #011chunk_size: 4M #011num_reg: 10  #011lose cover RAM: 2048G
Aug  5 19:33:11 172.20.224.107 kernel: [    0.005716]  gran_size: 512K #011chunk_size: 8M #011num_reg: 10  #011lose cover RAM: 2048G
Aug  5 19:33:11 172.20.224.107 kernel: [    0.005718]  gran_size: 512K #011chunk_size: 16M #011num_reg: 10  #011lose cover RAM: 2048G
Aug  5 19:33:11 172.20.224.107 kernel: [    0.005720]  gran_size: 512K #011chunk_size: 32M #011num_reg: 10  #011lose cover RAM: 2048G
Aug  5 19:33:11 172.20.224.107 kernel: [    0.005722]  gran_size: 512K #011chunk_size: 64M #011num_reg: 10  #011lose cover RAM: 2048G
Aug  5 19:33:11 172.20.224.107 kernel: [    0.005724]  gran_size: 512K #011chunk_size: 128M #011num_reg: 10  #011lose cover RAM: 2048G
Aug  5 19:33:11 172.20.224.107 kernel: [    0.005726]  gran_size: 512K #011chunk_size: 256M #011num_reg: 10  #011lose cover RAM: 2048G
Aug  5 19:33:11 172.20.224.107 kernel: [    0.005728]  gran_size: 512K #011chunk_size: 512M #011num_reg: 10  #011lose cover RAM: 2048G
Aug  5 19:33:11 172.20.224.107 kernel: [    0.005730]  gran_size: 512K #011chunk_size: 1G #011num_reg: 10  #011lose cover RAM: 2048G
Aug  5 19:33:11 172.20.224.107 kernel: [    0.005732]  gran_size: 512K #011chunk_size: 2G #011num_reg: 10  #011lose cover RAM: 2048G
Aug  5 19:33:11 172.20.224.107 kernel: [    0.005734]  gran_size: 1M #011chunk_size: 1M #011num_reg: 10  #011lose cover RAM: 2048G
Aug  5 19:33:11 172.20.224.107 kernel: [    0.005736]  gran_size: 1M #011chunk_size: 2M #011num_reg: 10  #011lose cover RAM: 2048G
Aug  5 19:33:11 172.20.224.107 kernel: [    0.005738]  gran_size: 1M #011chunk_size: 4M #011num_reg: 10  #011lose cover RAM: 2048G
Aug  5 19:33:11 172.20.224.107 kernel: [    0.005740]  gran_size: 1M #011chunk_size: 8M #011num_reg: 10  #011lose cover RAM: 2048G
Aug  5 19:33:11 172.20.224.107 kernel: [    0.005742]  gran_size: 1M #011chunk_size: 16M #011num_reg: 10  #011lose cover RAM: 2048G
Aug  5 19:33:11 172.20.224.107 kernel: [    0.005745]  gran_size: 1M #011chunk_size: 32M #011num_reg: 10  #011lose cover RAM: 2048G
Aug  5 19:33:11 172.20.224.107 kernel: [    0.005747]  gran_size: 1M #011chunk_size: 64M #011num_reg: 10  #011lose cover RAM: 2048G
Aug  5 19:33:11 172.20.224.107 kernel: [    0.005749]  gran_size: 1M #011chunk_size: 128M #011num_reg: 10  #011lose cover RAM: 2048G
Aug  5 19:33:11 172.20.224.107 kernel: [    0.005751]  gran_size: 1M #011chunk_size: 256M #011num_reg: 10  #011lose cover RAM: 2048G
Aug  5 19:33:11 172.20.224.107 kernel: [    0.005753]  gran_size: 1M #011chunk_size: 512M #011num_reg: 10  #011lose cover RAM: 2048G
Aug  5 19:33:11 172.20.224.107 kernel: [    0.005755]  gran_size: 1M #011chunk_size: 1G #011num_reg: 10  #011lose cover RAM: 2048G
Aug  5 19:33:11 172.20.224.107 kernel: [    0.005757]  gran_size: 1M #011chunk_size: 2G #011num_reg: 10  #011lose cover RAM: 2048G
Aug  5 19:33:11 172.20.224.107 kernel: [    0.005759]  gran_size: 2M #011chunk_size: 2M #011num_reg: 10  #011lose cover RAM: 2048G
Aug  5 19:33:11 172.20.224.107 kernel: [    0.005761]  gran_size: 2M #011chunk_size: 4M #011num_reg: 10  #011lose cover RAM: 2048G
Aug  5 19:33:11 172.20.224.107 kernel: [    0.005763]  gran_size: 2M #011chunk_size: 8M #011num_reg: 10  #011lose cover RAM: 2048G
Aug  5 19:33:11 172.20.224.107 kernel: [    0.005765]  gran_size: 2M #011chunk_size: 16M #011num_reg: 10  #011lose cover RAM: 2048G
Aug  5 19:33:11 172.20.224.107 kernel: [    0.005767]  gran_size: 2M #011chunk_size: 32M #011num_reg: 10  #011lose cover RAM: 2048G
Aug  5 19:33:11 172.20.224.107 kernel: [    0.005769]  gran_size: 2M #011chunk_size: 64M #011num_reg: 10  #011lose cover RAM: 2048G
Aug  5 19:33:11 172.20.224.107 kernel: [    0.005771]  gran_size: 2M #011chunk_size: 128M #011num_reg: 10  #011lose cover RAM: 2048G
Aug  5 19:33:11 172.20.224.107 kernel: [    0.005773]  gran_size: 2M #011chunk_size: 256M #011num_reg: 10  #011lose cover RAM: 2048G
Aug  5 19:33:11 172.20.224.107 kernel: [    0.005775]  gran_size: 2M #011chunk_size: 512M #011num_reg: 10  #011lose cover RAM: 2048G
Aug  5 19:33:11 172.20.224.107 kernel: [    0.005777]  gran_size: 2M #011chunk_size: 1G #011num_reg: 10  #011lose cover RAM: 2048G
Aug  5 19:33:11 172.20.224.107 kernel: [    0.005779]  gran_size: 2M #011chunk_size: 2G #011num_reg: 10  #011lose cover RAM: 2048G
Aug  5 19:33:11 172.20.224.107 kernel: [    0.005781]  gran_size: 4M #011chunk_size: 4M #011num_reg: 10  #011lose cover RAM: 2048G
Aug  5 19:33:11 172.20.224.107 kernel: [    0.005783]  gran_size: 4M #011chunk_size: 8M #011num_reg: 10  #011lose cover RAM: 2048G
Aug  5 19:33:11 172.20.224.107 kernel: [    0.005785]  gran_size: 4M #011chunk_size: 16M #011num_reg: 10  #011lose cover RAM: 2048G
Aug  5 19:33:11 172.20.224.107 kernel: [    0.005787]  gran_size: 4M #011chunk_size: 32M #011num_reg: 10  #011lose cover RAM: 2048G
Aug  5 19:33:11 172.20.224.107 kernel: [    0.005789]  gran_size: 4M #011chunk_size: 64M #011num_reg: 10  #011lose cover RAM: 2048G
Aug  5 19:33:11 172.20.224.107 kernel: [    0.005791]  gran_size: 4M #011chunk_size: 128M #011num_reg: 10  #011lose cover RAM: 2048G
Aug  5 19:33:11 172.20.224.107 kernel: [    0.005793]  gran_size: 4M #011chunk_size: 256M #011num_reg: 10  #011lose cover RAM: 2048G
Aug  5 19:33:11 172.20.224.107 kernel: [    0.005795]  gran_size: 4M #011chunk_size: 512M #011num_reg: 10  #011lose cover RAM: 2048G
Aug  5 19:33:11 172.20.224.107 kernel: [    0.005797]  gran_size: 4M #011chunk_size: 1G #011num_reg: 10  #011lose cover RAM: 2048G
Aug  5 19:33:11 172.20.224.107 kernel: [    0.005799]  gran_size: 4M #011chunk_size: 2G #011num_reg: 10  #011lose cover RAM: 2048G
Aug  5 19:33:11 172.20.224.107 kernel: [    0.005801]  gran_size: 8M #011chunk_size: 8M #011num_reg: 10  #011lose cover RAM: 2048G
Aug  5 19:33:11 172.20.224.107 kernel: [    0.005803]  gran_size: 8M #011chunk_size: 16M #011num_reg: 10  #011lose cover RAM: 2048G
Aug  5 19:33:11 172.20.224.107 kernel: [    0.005805]  gran_size: 8M #011chunk_size: 32M #011num_reg: 10  #011lose cover RAM: 2048G
Aug  5 19:33:11 172.20.224.107 kernel: [    0.005807]  gran_size: 8M #011chunk_size: 64M #011num_reg: 10  #011lose cover RAM: 2048G
Aug  5 19:33:11 172.20.224.107 kernel: [    0.005809]  gran_size: 8M #011chunk_size: 128M #011num_reg: 10  #011lose cover RAM: 2048G
Aug  5 19:33:11 172.20.224.107 kernel: [    0.005811]  gran_size: 8M #011chunk_size: 256M #011num_reg: 10  #011lose cover RAM: 2048G
Aug  5 19:33:11 172.20.224.107 kernel: [    0.005813]  gran_size: 8M #011chunk_size: 512M #011num_reg: 10  #011lose cover RAM: 2048G
Aug  5 19:33:11 172.20.224.107 kernel: [    0.005815]  gran_size: 8M #011chunk_size: 1G #011num_reg: 10  #011lose cover RAM: 2048G
Aug  5 19:33:11 172.20.224.107 kernel: [    0.005817]  gran_size: 8M #011chunk_size: 2G #011num_reg: 10  #011lose cover RAM: 2048G
Aug  5 19:33:11 172.20.224.107 kernel: [    0.005819]  gran_size: 16M #011chunk_size: 16M #011num_reg: 10  #011lose cover RAM: 2048G
Aug  5 19:33:11 172.20.224.107 kernel: [    0.005821]  gran_size: 16M #011chunk_size: 32M #011num_reg: 10  #011lose cover RAM: 2048G
Aug  5 19:33:11 172.20.224.107 kernel: [    0.005823]  gran_size: 16M #011chunk_size: 64M #011num_reg: 10  #011lose cover RAM: 2048G
Aug  5 19:33:11 172.20.224.107 kernel: [    0.005826]  gran_size: 16M #011chunk_size: 128M #011num_reg: 10  #011lose cover RAM: 2048G
Aug  5 19:33:11 172.20.224.107 kernel: [    0.005828]  gran_size: 16M #011chunk_size: 256M #011num_reg: 10  #011lose cover RAM: 2048G
Aug  5 19:33:11 172.20.224.107 kernel: [    0.005830]  gran_size: 16M #011chunk_size: 512M #011num_reg: 10  #011lose cover RAM: 2048G
Aug  5 19:33:11 172.20.224.107 kernel: [    0.005832]  gran_size: 16M #011chunk_size: 1G #011num_reg: 10  #011lose cover RAM: 2048G
Aug  5 19:33:11 172.20.224.107 kernel: [    0.005834]  gran_size: 16M #011chunk_size: 2G #011num_reg: 10  #011lose cover RAM: 2048G
Aug  5 19:33:11 172.20.224.107 kernel: [    0.005836]  gran_size: 32M #011chunk_size: 32M #011num_reg: 10  #011lose cover RAM: 2048G
Aug  5 19:33:11 172.20.224.107 kernel: [    0.005838]  gran_size: 32M #011chunk_size: 64M #011num_reg: 10  #011lose cover RAM: 2048G
Aug  5 19:33:11 172.20.224.107 kernel: [    0.005840]  gran_size: 32M #011chunk_size: 128M #011num_reg: 10  #011lose cover RAM: 2048G
Aug  5 19:33:11 172.20.224.107 kernel: [    0.005842]  gran_size: 32M #011chunk_size: 256M #011num_reg: 10  #011lose cover RAM: 2048G
Aug  5 19:33:11 172.20.224.107 kernel: [    0.005844]  gran_size: 32M #011chunk_size: 512M #011num_reg: 10  #011lose cover RAM: 2048G
Aug  5 19:33:11 172.20.224.107 kernel: [    0.005846]  gran_size: 32M #011chunk_size: 1G #011num_reg: 10  #011lose cover RAM: 2048G
Aug  5 19:33:11 172.20.224.107 kernel: [    0.005848]  gran_size: 32M #011chunk_size: 2G #011num_reg: 10  #011lose cover RAM: 2048G
Aug  5 19:33:11 172.20.224.107 kernel: [    0.005850]  gran_size: 64M #011chunk_size: 64M #011num_reg: 10  #011lose cover RAM: 2048G
Aug  5 19:33:11 172.20.224.107 kernel: [    0.005852]  gran_size: 64M #011chunk_size: 128M #011num_reg: 10  #011lose cover RAM: 2048G
Aug  5 19:33:11 172.20.224.107 kernel: [    0.005854]  gran_size: 64M #011chunk_size: 256M #011num_reg: 10  #011lose cover RAM: 2048G
Aug  5 19:33:11 172.20.224.107 kernel: [    0.005856]  gran_size: 64M #011chunk_size: 512M #011num_reg: 10  #011lose cover RAM: 2048G
Aug  5 19:33:11 172.20.224.107 kernel: [    0.005858]  gran_size: 64M #011chunk_size: 1G #011num_reg: 10  #011lose cover RAM: 2048G
Aug  5 19:33:11 172.20.224.107 kernel: [    0.005860]  gran_size: 64M #011chunk_size: 2G #011num_reg: 10  #011lose cover RAM: 2048G
Aug  5 19:33:11 172.20.224.107 kernel: [    0.005862]  gran_size: 128M #011chunk_size: 128M #011num_reg: 10  #011lose cover RAM: 2048G
Aug  5 19:33:11 172.20.224.107 kernel: [    0.005864]  gran_size: 128M #011chunk_size: 256M #011num_reg: 10  #011lose cover RAM: 2048G
Aug  5 19:33:11 172.20.224.107 kernel: [    0.005866]  gran_size: 128M #011chunk_size: 512M #011num_reg: 10  #011lose cover RAM: 2048G
Aug  5 19:33:11 172.20.224.107 kernel: [    0.005868]  gran_size: 128M #011chunk_size: 1G #011num_reg: 10  #011lose cover RAM: 2048G
Aug  5 19:33:11 172.20.224.107 kernel: [    0.005870]  gran_size: 128M #011chunk_size: 2G #011num_reg: 10  #011lose cover RAM: 2048G
Aug  5 19:33:11 172.20.224.107 kernel: [    0.005872]  gran_size: 256M #011chunk_size: 256M #011num_reg: 10  #011lose cover RAM: 2048G
Aug  5 19:33:11 172.20.224.107 kernel: [    0.005874]  gran_size: 256M #011chunk_size: 512M #011num_reg: 10  #011lose cover RAM: 2048G
Aug  5 19:33:11 172.20.224.107 kernel: [    0.005876]  gran_size: 256M #011chunk_size: 1G #011num_reg: 10  #011lose cover RAM: 2048G
Aug  5 19:33:11 172.20.224.107 kernel: [    0.005879]  gran_size: 256M #011chunk_size: 2G #011num_reg: 10  #011lose cover RAM: 2048G
Aug  5 19:33:11 172.20.224.107 kernel: [    0.005881]  gran_size: 512M #011chunk_size: 512M #011num_reg: 10  #011lose cover RAM: 2048G
Aug  5 19:33:11 172.20.224.107 kernel: [    0.005883]  gran_size: 512M #011chunk_size: 1G #011num_reg: 10  #011lose cover RAM: 2048G
Aug  5 19:33:11 172.20.224.107 kernel: [    0.005885]  gran_size: 512M #011chunk_size: 2G #011num_reg: 10  #011lose cover RAM: 2048G
Aug  5 19:33:11 172.20.224.107 kernel: [    0.005887]  gran_size: 1G #011chunk_size: 1G #011num_reg: 10  #011lose cover RAM: 2048G
Aug  5 19:33:11 172.20.224.107 kernel: [    0.005889]  gran_size: 1G #011chunk_size: 2G #011num_reg: 10  #011lose cover RAM: 2048G
Aug  5 19:33:11 172.20.224.107 kernel: [    0.005891]  gran_size: 2G #011chunk_size: 2G #011num_reg: 10  #011lose cover RAM: 2048G
Aug  5 19:33:11 172.20.224.107 kernel: [    0.005893] mtrr_cleanup: can not find optimal value
Aug  5 19:33:11 172.20.224.107 kernel: [    0.005894] please specify mtrr_gran_size/mtrr_chunk_size
Aug  5 19:33:11 172.20.224.107 kernel: [    0.005898] e820: update [mem 0x80000000-0xffffffff] usable ==> reserved
Aug  5 19:33:11 172.20.224.107 kernel: [    0.005903] x2apic: enabled by BIOS, switching to x2apic ops
Aug  5 19:33:11 172.20.224.107 kernel: [    0.005904] last_pfn = 0x77800 max_arch_pfn = 0x10000000000
Aug  5 19:33:11 172.20.224.107 kernel: [    0.016830] Using GB pages for direct mapping
Aug  5 19:33:11 172.20.224.107 kernel: [    0.017169] secureboot: Secure boot disabled
Aug  5 19:33:11 172.20.224.107 kernel: [    0.017170] RAMDISK: [mem 0x5ad5d000-0x61843fff]
Aug  5 19:33:11 172.20.224.107 kernel: [    0.017174] ACPI: Early table checksum verification disabled
Aug  5 19:33:11 172.20.224.107 kernel: [    0.017178] ACPI: RSDP 0x0000000072102014 000024 (v02 ALASKA)
Aug  5 19:33:11 172.20.224.107 kernel: [    0.017184] ACPI: XSDT 0x0000000072101728 0000EC (v01 ALASKA A M I    01072009 AMI  01000013)
Aug  5 19:33:11 172.20.224.107 kernel: [    0.017191] ACPI: FACP 0x0000000072100000 000114 (v06 ALASKA A M I    01072009 INTL 20091013)
Aug  5 19:33:11 172.20.224.107 kernel: [    0.017198] ACPI: DSDT 0x0000000072033000 0CB7DD (v02 ALASKA A M I    01072009 INTL 20091013)
Aug  5 19:33:11 172.20.224.107 kernel: [    0.017203] ACPI: FACS 0x000000007530D000 000040
Aug  5 19:33:11 172.20.224.107 kernel: [    0.017207] ACPI: SPMI 0x00000000720FF000 000041 (v05 ALASKA A M I    00000000 AMI. 00000000)
Aug  5 19:33:11 172.20.224.107 kernel: [    0.017212] ACPI: FIDT 0x0000000072032000 00009C (v01 ALASKA A M I    01072009 AMI  00010013)
Aug  5 19:33:11 172.20.224.107 kernel: [    0.017216] ACPI: SSDT 0x0000000072031000 00074C (v02 INTEL  RAS_ACPI 00000001 INTL 20210331)
Aug  5 19:33:11 172.20.224.107 kernel: [    0.017220] ACPI: ERST 0x0000000072030000 000230 (v01 ALASKA A M I    00000001 INTL 00000001)
Aug  5 19:33:11 172.20.224.107 kernel: [    0.017224] ACPI: MCFG 0x000000007202F000 00003C (v01 ALASKA A M I    01072009 MSFT 00000097)
Aug  5 19:33:11 172.20.224.107 kernel: [    0.017229] ACPI: HPET 0x000000007202E000 000038 (v01 ALASKA A M I    00000001 INTL 20091013)
Aug  5 19:33:11 172.20.224.107 kernel: [    0.017233] ACPI: MSCT 0x000000007202D000 000090 (v01 ALASKA A M I    00000001 INTL 20091013)
Aug  5 19:33:11 172.20.224.107 kernel: [    0.017237] ACPI: WDDT 0x000000007202C000 000040 (v01 ALASKA A M I    00000000 INTL 20091013)
Aug  5 19:33:11 172.20.224.107 kernel: [    0.017241] ACPI: APIC 0x000000007202A000 000E5E (v04 ALASKA A M I    00000000 INTL 20091013)
Aug  5 19:33:11 172.20.224.107 kernel: [    0.017245] ACPI: SRAT 0x0000000072022000 007830 (v03 ALASKA A M I    00000002 AMI  01000013)
Aug  5 19:33:11 172.20.224.107 kernel: [    0.017249] ACPI: SLIT 0x0000000072021000 000030 (v01 ALASKA A M I    01072009 AMI  01000013)
Aug  5 19:33:11 172.20.224.107 kernel: [    0.017253] ACPI: HMAT 0x0000000072020000 000158 (v02 ALASKA A M I    01072009 AMI  01000013)
Aug  5 19:33:11 172.20.224.107 kernel: [    0.017257] ACPI: OEM4 0x0000000071E98000 187A51 (v02 INTEL  CPU  CST 00003000 INTL 20210331)
Aug  5 19:33:11 172.20.224.107 kernel: [    0.017262] ACPI: OEM1 0x0000000071D84000 113479 (v02 INTEL  CPU EIST 00003000 INTL 20210331)
Aug  5 19:33:11 172.20.224.107 kernel: [    0.017266] ACPI: OEM2 0x0000000071D3D000 046031 (v02 INTEL  CPU  HWP 00003000 INTL 20210331)
Aug  5 19:33:11 172.20.224.107 kernel: [    0.017270] ACPI: SSDT 0x0000000071CD3000 069895 (v02 INTEL  SSDT  PM 00004000 INTL 20210331)
Aug  5 19:33:11 172.20.224.107 kernel: [    0.017275] ACPI: SSDT 0x0000000071CD2000 000957 (v02 ALASKA A M I    00000000 INTL 20091013)
Aug  5 19:33:11 172.20.224.107 kernel: [    0.017279] ACPI: HEST 0x0000000071CD1000 00013C (v01 ALASKA A M I    00000001 INTL 00000001)
Aug  5 19:33:11 172.20.224.107 kernel: [    0.017283] ACPI: BERT 0x0000000071CD0000 000030 (v01 ALASKA A M I    00000001 INTL 00000001)
Aug  5 19:33:11 172.20.224.107 kernel: [    0.017287] ACPI: SSDT 0x0000000071CCF000 00076E (v02 INTEL  ADDRXLAT 00000001 INTL 20210331)
Aug  5 19:33:11 172.20.224.107 kernel: [    0.017291] ACPI: DMAR 0x0000000071CCE000 000528 (v01 ALASKA A M I    00000001 INTL 20091013)
Aug  5 19:33:11 172.20.224.107 kernel: [    0.017295] ACPI: FPDT 0x0000000071CCD000 000044 (v01 ALASKA A M I    01072009 AMI  01000013)
Aug  5 19:33:11 172.20.224.107 kernel: [    0.017299] ACPI: SPCR 0x0000000071CCC000 000050 (v02 ALASKA A M I    01072009 AMI  00050020)
Aug  5 19:33:11 172.20.224.107 kernel: [    0.017303] ACPI: WSMT 0x000000007202B000 000028 (v01 ALASKA A M I    01072009 AMI  00010013)
Aug  5 19:33:11 172.20.224.107 kernel: [    0.017307] ACPI: Reserving FACP table memory at [mem 0x72100000-0x72100113]
Aug  5 19:33:11 172.20.224.107 kernel: [    0.017310] ACPI: Reserving DSDT table memory at [mem 0x72033000-0x720fe7dc]
Aug  5 19:33:11 172.20.224.107 kernel: [    0.017312] ACPI: Reserving FACS table memory at [mem 0x7530d000-0x7530d03f]
Aug  5 19:33:11 172.20.224.107 kernel: [    0.017314] ACPI: Reserving SPMI table memory at [mem 0x720ff000-0x720ff040]
Aug  5 19:33:11 172.20.224.107 kernel: [    0.017315] ACPI: Reserving FIDT table memory at [mem 0x72032000-0x7203209b]
Aug  5 19:33:11 172.20.224.107 kernel: [    0.017317] ACPI: Reserving SSDT table memory at [mem 0x72031000-0x7203174b]
Aug  5 19:33:11 172.20.224.107 kernel: [    0.017318] ACPI: Reserving ERST table memory at [mem 0x72030000-0x7203022f]
Aug  5 19:33:11 172.20.224.107 kernel: [    0.017320] ACPI: Reserving MCFG table memory at [mem 0x7202f000-0x7202f03b]
Aug  5 19:33:11 172.20.224.107 kernel: [    0.017322] ACPI: Reserving HPET table memory at [mem 0x7202e000-0x7202e037]
Aug  5 19:33:11 172.20.224.107 kernel: [    0.017323] ACPI: Reserving MSCT table memory at [mem 0x7202d000-0x7202d08f]
Aug  5 19:33:11 172.20.224.107 kernel: [    0.017325] ACPI: Reserving WDDT table memory at [mem 0x7202c000-0x7202c03f]
Aug  5 19:33:11 172.20.224.107 kernel: [    0.017327] ACPI: Reserving APIC table memory at [mem 0x7202a000-0x7202ae5d]
Aug  5 19:33:11 172.20.224.107 kernel: [    0.017328] ACPI: Reserving SRAT table memory at [mem 0x72022000-0x7202982f]
Aug  5 19:33:11 172.20.224.107 kernel: [    0.017330] ACPI: Reserving SLIT table memory at [mem 0x72021000-0x7202102f]
Aug  5 19:33:11 172.20.224.107 kernel: [    0.017331] ACPI: Reserving HMAT table memory at [mem 0x72020000-0x72020157]
Aug  5 19:33:11 172.20.224.107 kernel: [    0.017333] ACPI: Reserving OEM4 table memory at [mem 0x71e98000-0x7201fa50]
Aug  5 19:33:11 172.20.224.107 kernel: [    0.017335] ACPI: Reserving OEM1 table memory at [mem 0x71d84000-0x71e97478]
Aug  5 19:33:11 172.20.224.107 kernel: [    0.017336] ACPI: Reserving OEM2 table memory at [mem 0x71d3d000-0x71d83030]
Aug  5 19:33:11 172.20.224.107 kernel: [    0.017338] ACPI: Reserving SSDT table memory at [mem 0x71cd3000-0x71d3c894]
Aug  5 19:33:11 172.20.224.107 kernel: [    0.017340] ACPI: Reserving SSDT table memory at [mem 0x71cd2000-0x71cd2956]
Aug  5 19:33:11 172.20.224.107 kernel: [    0.017341] ACPI: Reserving HEST table memory at [mem 0x71cd1000-0x71cd113b]
Aug  5 19:33:11 172.20.224.107 kernel: [    0.017343] ACPI: Reserving BERT table memory at [mem 0x71cd0000-0x71cd002f]
Aug  5 19:33:11 172.20.224.107 kernel: [    0.017345] ACPI: Reserving SSDT table memory at [mem 0x71ccf000-0x71ccf76d]
Aug  5 19:33:11 172.20.224.107 kernel: [    0.017346] ACPI: Reserving DMAR table memory at [mem 0x71cce000-0x71cce527]
Aug  5 19:33:11 172.20.224.107 kernel: [    0.017348] ACPI: Reserving FPDT table memory at [mem 0x71ccd000-0x71ccd043]
Aug  5 19:33:11 172.20.224.107 kernel: [    0.017350] ACPI: Reserving SPCR table memory at [mem 0x71ccc000-0x71ccc04f]
Aug  5 19:33:11 172.20.224.107 kernel: [    0.017351] ACPI: Reserving WSMT table memory at [mem 0x7202b000-0x7202b027]
Aug  5 19:33:11 172.20.224.107 kernel: [    0.017364] Setting APIC routing to cluster x2apic.
Aug  5 19:33:11 172.20.224.107 kernel: [    0.017437] SRAT: PXM 0 -> APIC 0x0000 -> Node 0
Aug  5 19:33:11 172.20.224.107 kernel: [    0.017439] SRAT: PXM 0 -> APIC 0x0001 -> Node 0
Aug  5 19:33:11 172.20.224.107 kernel: [    0.017441] SRAT: PXM 0 -> APIC 0x0002 -> Node 0
Aug  5 19:33:11 172.20.224.107 kernel: [    0.017442] SRAT: PXM 0 -> APIC 0x0003 -> Node 0
Aug  5 19:33:11 172.20.224.107 kernel: [    0.017443] SRAT: PXM 0 -> APIC 0x0004 -> Node 0
Aug  5 19:33:11 172.20.224.107 kernel: [    0.017444] SRAT: PXM 0 -> APIC 0x0005 -> Node 0
Aug  5 19:33:11 172.20.224.107 kernel: [    0.017446] SRAT: PXM 0 -> APIC 0x0006 -> Node 0
Aug  5 19:33:11 172.20.224.107 kernel: [    0.017447] SRAT: PXM 0 -> APIC 0x0007 -> Node 0
Aug  5 19:33:11 172.20.224.107 kernel: [    0.017448] SRAT: PXM 0 -> APIC 0x0008 -> Node 0
Aug  5 19:33:11 172.20.224.107 kernel: [    0.017449] SRAT: PXM 0 -> APIC 0x0009 -> Node 0
Aug  5 19:33:11 172.20.224.107 kernel: [    0.017451] SRAT: PXM 0 -> APIC 0x000a -> Node 0
Aug  5 19:33:11 172.20.224.107 kernel: [    0.017452] SRAT: PXM 0 -> APIC 0x000b -> Node 0
Aug  5 19:33:11 172.20.224.107 kernel: [    0.017453] SRAT: PXM 0 -> APIC 0x000c -> Node 0
Aug  5 19:33:11 172.20.224.107 kernel: [    0.017454] SRAT: PXM 0 -> APIC 0x000d -> Node 0
Aug  5 19:33:11 172.20.224.107 kernel: [    0.017456] SRAT: PXM 0 -> APIC 0x000e -> Node 0
Aug  5 19:33:11 172.20.224.107 kernel: [    0.017457] SRAT: PXM 0 -> APIC 0x000f -> Node 0
Aug  5 19:33:11 172.20.224.107 kernel: [    0.017458] SRAT: PXM 0 -> APIC 0x0010 -> Node 0
Aug  5 19:33:11 172.20.224.107 kernel: [    0.017460] SRAT: PXM 0 -> APIC 0x0011 -> Node 0
Aug  5 19:33:11 172.20.224.107 kernel: [    0.017461] SRAT: PXM 0 -> APIC 0x0012 -> Node 0
Aug  5 19:33:11 172.20.224.107 kernel: [    0.017462] SRAT: PXM 0 -> APIC 0x0013 -> Node 0
Aug  5 19:33:11 172.20.224.107 kernel: [    0.017463] SRAT: PXM 0 -> APIC 0x0014 -> Node 0
Aug  5 19:33:11 172.20.224.107 kernel: [    0.017465] SRAT: PXM 0 -> APIC 0x0015 -> Node 0
Aug  5 19:33:11 172.20.224.107 kernel: [    0.017466] SRAT: PXM 0 -> APIC 0x0016 -> Node 0
Aug  5 19:33:11 172.20.224.107 kernel: [    0.017467] SRAT: PXM 0 -> APIC 0x0017 -> Node 0
Aug  5 19:33:11 172.20.224.107 kernel: [    0.017468] SRAT: PXM 0 -> APIC 0x0018 -> Node 0
Aug  5 19:33:11 172.20.224.107 kernel: [    0.017469] SRAT: PXM 0 -> APIC 0x0019 -> Node 0
Aug  5 19:33:11 172.20.224.107 kernel: [    0.017471] SRAT: PXM 0 -> APIC 0x001a -> Node 0
Aug  5 19:33:11 172.20.224.107 kernel: [    0.017472] SRAT: PXM 0 -> APIC 0x001b -> Node 0
Aug  5 19:33:11 172.20.224.107 kernel: [    0.017473] SRAT: PXM 0 -> APIC 0x001c -> Node 0
Aug  5 19:33:11 172.20.224.107 kernel: [    0.017474] SRAT: PXM 0 -> APIC 0x001d -> Node 0
Aug  5 19:33:11 172.20.224.107 kernel: [    0.017476] SRAT: PXM 0 -> APIC 0x001e -> Node 0
Aug  5 19:33:11 172.20.224.107 kernel: [    0.017477] SRAT: PXM 0 -> APIC 0x001f -> Node 0
Aug  5 19:33:11 172.20.224.107 kernel: [    0.017478] SRAT: PXM 0 -> APIC 0x0020 -> Node 0
Aug  5 19:33:11 172.20.224.107 kernel: [    0.017479] SRAT: PXM 0 -> APIC 0x0021 -> Node 0
Aug  5 19:33:11 172.20.224.107 kernel: [    0.017481] SRAT: PXM 0 -> APIC 0x0022 -> Node 0
Aug  5 19:33:11 172.20.224.107 kernel: [    0.017482] SRAT: PXM 0 -> APIC 0x0023 -> Node 0
Aug  5 19:33:11 172.20.224.107 kernel: [    0.017483] SRAT: PXM 0 -> APIC 0x0024 -> Node 0
Aug  5 19:33:11 172.20.224.107 kernel: [    0.017484] SRAT: PXM 0 -> APIC 0x0025 -> Node 0
Aug  5 19:33:11 172.20.224.107 kernel: [    0.017485] SRAT: PXM 0 -> APIC 0x0026 -> Node 0
Aug  5 19:33:11 172.20.224.107 kernel: [    0.017487] SRAT: PXM 0 -> APIC 0x0027 -> Node 0
Aug  5 19:33:11 172.20.224.107 kernel: [    0.017488] SRAT: PXM 0 -> APIC 0x0028 -> Node 0
Aug  5 19:33:11 172.20.224.107 kernel: [    0.017489] SRAT: PXM 0 -> APIC 0x0029 -> Node 0
Aug  5 19:33:11 172.20.224.107 kernel: [    0.017490] SRAT: PXM 0 -> APIC 0x002a -> Node 0
Aug  5 19:33:11 172.20.224.107 kernel: [    0.017491] SRAT: PXM 0 -> APIC 0x002b -> Node 0
Aug  5 19:33:11 172.20.224.107 kernel: [    0.017493] SRAT: PXM 0 -> APIC 0x002c -> Node 0
Aug  5 19:33:11 172.20.224.107 kernel: [    0.017494] SRAT: PXM 0 -> APIC 0x002d -> Node 0
Aug  5 19:33:11 172.20.224.107 kernel: [    0.017495] SRAT: PXM 0 -> APIC 0x002e -> Node 0
Aug  5 19:33:11 172.20.224.107 kernel: [    0.017496] SRAT: PXM 0 -> APIC 0x002f -> Node 0
Aug  5 19:33:11 172.20.224.107 kernel: [    0.017498] SRAT: PXM 0 -> APIC 0x0030 -> Node 0
Aug  5 19:33:11 172.20.224.107 kernel: [    0.017499] SRAT: PXM 0 -> APIC 0x0031 -> Node 0
Aug  5 19:33:11 172.20.224.107 kernel: [    0.017500] SRAT: PXM 0 -> APIC 0x0032 -> Node 0
Aug  5 19:33:11 172.20.224.107 kernel: [    0.017501] SRAT: PXM 0 -> APIC 0x0033 -> Node 0
Aug  5 19:33:11 172.20.224.107 kernel: [    0.017502] SRAT: PXM 0 -> APIC 0x0034 -> Node 0
Aug  5 19:33:11 172.20.224.107 kernel: [    0.017504] SRAT: PXM 0 -> APIC 0x0035 -> Node 0
Aug  5 19:33:11 172.20.224.107 kernel: [    0.017505] SRAT: PXM 0 -> APIC 0x0036 -> Node 0
Aug  5 19:33:11 172.20.224.107 kernel: [    0.017506] SRAT: PXM 0 -> APIC 0x0037 -> Node 0
Aug  5 19:33:11 172.20.224.107 kernel: [    0.017507] SRAT: PXM 0 -> APIC 0x0038 -> Node 0
Aug  5 19:33:11 172.20.224.107 kernel: [    0.017509] SRAT: PXM 0 -> APIC 0x0039 -> Node 0
Aug  5 19:33:11 172.20.224.107 kernel: [    0.017510] SRAT: PXM 0 -> APIC 0x003a -> Node 0
Aug  5 19:33:11 172.20.224.107 kernel: [    0.017511] SRAT: PXM 0 -> APIC 0x003b -> Node 0
Aug  5 19:33:11 172.20.224.107 kernel: [    0.017512] SRAT: PXM 0 -> APIC 0x003c -> Node 0
Aug  5 19:33:11 172.20.224.107 kernel: [    0.017513] SRAT: PXM 0 -> APIC 0x003d -> Node 0
Aug  5 19:33:11 172.20.224.107 kernel: [    0.017515] SRAT: PXM 0 -> APIC 0x003e -> Node 0
Aug  5 19:33:11 172.20.224.107 kernel: [    0.017516] SRAT: PXM 0 -> APIC 0x003f -> Node 0
Aug  5 19:33:11 172.20.224.107 kernel: [    0.017517] SRAT: PXM 0 -> APIC 0x0040 -> Node 0
Aug  5 19:33:11 172.20.224.107 kernel: [    0.017518] SRAT: PXM 0 -> APIC 0x0041 -> Node 0
Aug  5 19:33:11 172.20.224.107 kernel: [    0.017519] SRAT: PXM 0 -> APIC 0x0042 -> Node 0
Aug  5 19:33:11 172.20.224.107 kernel: [    0.017521] SRAT: PXM 0 -> APIC 0x0043 -> Node 0
Aug  5 19:33:11 172.20.224.107 kernel: [    0.017522] SRAT: PXM 0 -> APIC 0x0044 -> Node 0
Aug  5 19:33:11 172.20.224.107 kernel: [    0.017523] SRAT: PXM 0 -> APIC 0x0045 -> Node 0
Aug  5 19:33:11 172.20.224.107 kernel: [    0.017524] SRAT: PXM 0 -> APIC 0x0046 -> Node 0
Aug  5 19:33:11 172.20.224.107 kernel: [    0.017526] SRAT: PXM 0 -> APIC 0x0047 -> Node 0
Aug  5 19:33:11 172.20.224.107 kernel: [    0.017527] SRAT: PXM 0 -> APIC 0x0048 -> Node 0
Aug  5 19:33:11 172.20.224.107 kernel: [    0.017528] SRAT: PXM 0 -> APIC 0x0049 -> Node 0
Aug  5 19:33:11 172.20.224.107 kernel: [    0.017529] SRAT: PXM 0 -> APIC 0x004a -> Node 0
Aug  5 19:33:11 172.20.224.107 kernel: [    0.017530] SRAT: PXM 0 -> APIC 0x004b -> Node 0
Aug  5 19:33:11 172.20.224.107 kernel: [    0.017532] SRAT: PXM 0 -> APIC 0x004c -> Node 0
Aug  5 19:33:11 172.20.224.107 kernel: [    0.017533] SRAT: PXM 0 -> APIC 0x004d -> Node 0
Aug  5 19:33:11 172.20.224.107 kernel: [    0.017534] SRAT: PXM 0 -> APIC 0x004e -> Node 0
Aug  5 19:33:11 172.20.224.107 kernel: [    0.017535] SRAT: PXM 0 -> APIC 0x004f -> Node 0
Aug  5 19:33:11 172.20.224.107 kernel: [    0.017537] SRAT: PXM 0 -> APIC 0x0050 -> Node 0
Aug  5 19:33:11 172.20.224.107 kernel: [    0.017538] SRAT: PXM 0 -> APIC 0x0051 -> Node 0
Aug  5 19:33:11 172.20.224.107 kernel: [    0.017539] SRAT: PXM 0 -> APIC 0x0052 -> Node 0
Aug  5 19:33:11 172.20.224.107 kernel: [    0.017540] SRAT: PXM 0 -> APIC 0x0053 -> Node 0
Aug  5 19:33:11 172.20.224.107 kernel: [    0.017541] SRAT: PXM 0 -> APIC 0x0054 -> Node 0
Aug  5 19:33:11 172.20.224.107 kernel: [    0.017543] SRAT: PXM 0 -> APIC 0x0055 -> Node 0
Aug  5 19:33:11 172.20.224.107 kernel: [    0.017544] SRAT: PXM 0 -> APIC 0x0056 -> Node 0
Aug  5 19:33:11 172.20.224.107 kernel: [    0.017545] SRAT: PXM 0 -> APIC 0x0057 -> Node 0
Aug  5 19:33:11 172.20.224.107 kernel: [    0.017546] SRAT: PXM 0 -> APIC 0x0058 -> Node 0
Aug  5 19:33:11 172.20.224.107 kernel: [    0.017547] SRAT: PXM 0 -> APIC 0x0059 -> Node 0
Aug  5 19:33:11 172.20.224.107 kernel: [    0.017549] SRAT: PXM 0 -> APIC 0x005a -> Node 0
Aug  5 19:33:11 172.20.224.107 kernel: [    0.017550] SRAT: PXM 0 -> APIC 0x005b -> Node 0
Aug  5 19:33:11 172.20.224.107 kernel: [    0.017551] SRAT: PXM 0 -> APIC 0x005c -> Node 0
Aug  5 19:33:11 172.20.224.107 kernel: [    0.017552] SRAT: PXM 0 -> APIC 0x005d -> Node 0
Aug  5 19:33:11 172.20.224.107 kernel: [    0.017554] SRAT: PXM 0 -> APIC 0x005e -> Node 0
Aug  5 19:33:11 172.20.224.107 kernel: [    0.017555] SRAT: PXM 0 -> APIC 0x005f -> Node 0
Aug  5 19:33:11 172.20.224.107 kernel: [    0.017556] SRAT: PXM 0 -> APIC 0x0060 -> Node 0
Aug  5 19:33:11 172.20.224.107 kernel: [    0.017557] SRAT: PXM 0 -> APIC 0x0061 -> Node 0
Aug  5 19:33:11 172.20.224.107 kernel: [    0.017558] SRAT: PXM 0 -> APIC 0x0062 -> Node 0
Aug  5 19:33:11 172.20.224.107 kernel: [    0.017559] SRAT: PXM 0 -> APIC 0x0063 -> Node 0
Aug  5 19:33:11 172.20.224.107 kernel: [    0.017561] SRAT: PXM 0 -> APIC 0x0064 -> Node 0
Aug  5 19:33:11 172.20.224.107 kernel: [    0.017562] SRAT: PXM 0 -> APIC 0x0065 -> Node 0
Aug  5 19:33:11 172.20.224.107 kernel: [    0.017563] SRAT: PXM 0 -> APIC 0x0066 -> Node 0
Aug  5 19:33:11 172.20.224.107 kernel: [    0.017564] SRAT: PXM 0 -> APIC 0x0067 -> Node 0
Aug  5 19:33:11 172.20.224.107 kernel: [    0.017566] SRAT: PXM 0 -> APIC 0x0068 -> Node 0
Aug  5 19:33:11 172.20.224.107 kernel: [    0.017567] SRAT: PXM 0 -> APIC 0x0069 -> Node 0
Aug  5 19:33:11 172.20.224.107 kernel: [    0.017568] SRAT: PXM 0 -> APIC 0x006a -> Node 0
Aug  5 19:33:11 172.20.224.107 kernel: [    0.017569] SRAT: PXM 0 -> APIC 0x006b -> Node 0
Aug  5 19:33:11 172.20.224.107 kernel: [    0.017570] SRAT: PXM 0 -> APIC 0x006c -> Node 0
Aug  5 19:33:11 172.20.224.107 kernel: [    0.017572] SRAT: PXM 0 -> APIC 0x006d -> Node 0
Aug  5 19:33:11 172.20.224.107 kernel: [    0.017573] SRAT: PXM 0 -> APIC 0x006e -> Node 0
Aug  5 19:33:11 172.20.224.107 kernel: [    0.017574] SRAT: PXM 0 -> APIC 0x006f -> Node 0
Aug  5 19:33:11 172.20.224.107 kernel: [    0.017575] SRAT: PXM 1 -> APIC 0x0080 -> Node 1
Aug  5 19:33:11 172.20.224.107 kernel: [    0.017577] SRAT: PXM 1 -> APIC 0x0081 -> Node 1
Aug  5 19:33:11 172.20.224.107 kernel: [    0.017578] SRAT: PXM 1 -> APIC 0x0082 -> Node 1
Aug  5 19:33:11 172.20.224.107 kernel: [    0.017579] SRAT: PXM 1 -> APIC 0x0083 -> Node 1
Aug  5 19:33:11 172.20.224.107 kernel: [    0.017580] SRAT: PXM 1 -> APIC 0x0084 -> Node 1
Aug  5 19:33:11 172.20.224.107 kernel: [    0.017581] SRAT: PXM 1 -> APIC 0x0085 -> Node 1
Aug  5 19:33:11 172.20.224.107 kernel: [    0.017583] SRAT: PXM 1 -> APIC 0x0086 -> Node 1
Aug  5 19:33:11 172.20.224.107 kernel: [    0.017584] SRAT: PXM 1 -> APIC 0x0087 -> Node 1
Aug  5 19:33:11 172.20.224.107 kernel: [    0.017585] SRAT: PXM 1 -> APIC 0x0088 -> Node 1
Aug  5 19:33:11 172.20.224.107 kernel: [    0.017586] SRAT: PXM 1 -> APIC 0x0089 -> Node 1
Aug  5 19:33:11 172.20.224.107 kernel: [    0.017587] SRAT: PXM 1 -> APIC 0x008a -> Node 1
Aug  5 19:33:11 172.20.224.107 kernel: [    0.017589] SRAT: PXM 1 -> APIC 0x008b -> Node 1
Aug  5 19:33:11 172.20.224.107 kernel: [    0.017590] SRAT: PXM 1 -> APIC 0x008c -> Node 1
Aug  5 19:33:11 172.20.224.107 kernel: [    0.017591] SRAT: PXM 1 -> APIC 0x008d -> Node 1
Aug  5 19:33:11 172.20.224.107 kernel: [    0.017592] SRAT: PXM 1 -> APIC 0x008e -> Node 1
Aug  5 19:33:11 172.20.224.107 kernel: [    0.017593] SRAT: PXM 1 -> APIC 0x008f -> Node 1
Aug  5 19:33:11 172.20.224.107 kernel: [    0.017595] SRAT: PXM 1 -> APIC 0x0090 -> Node 1
Aug  5 19:33:11 172.20.224.107 kernel: [    0.017596] SRAT: PXM 1 -> APIC 0x0091 -> Node 1
Aug  5 19:33:11 172.20.224.107 kernel: [    0.017597] SRAT: PXM 1 -> APIC 0x0092 -> Node 1
Aug  5 19:33:11 172.20.224.107 kernel: [    0.017598] SRAT: PXM 1 -> APIC 0x0093 -> Node 1
Aug  5 19:33:11 172.20.224.107 kernel: [    0.017599] SRAT: PXM 1 -> APIC 0x0094 -> Node 1
Aug  5 19:33:11 172.20.224.107 kernel: [    0.017601] SRAT: PXM 1 -> APIC 0x0095 -> Node 1
Aug  5 19:33:11 172.20.224.107 kernel: [    0.017602] SRAT: PXM 1 -> APIC 0x0096 -> Node 1
Aug  5 19:33:11 172.20.224.107 kernel: [    0.017603] SRAT: PXM 1 -> APIC 0x0097 -> Node 1
Aug  5 19:33:11 172.20.224.107 kernel: [    0.017604] SRAT: PXM 1 -> APIC 0x0098 -> Node 1
Aug  5 19:33:11 172.20.224.107 kernel: [    0.017605] SRAT: PXM 1 -> APIC 0x0099 -> Node 1
Aug  5 19:33:11 172.20.224.107 kernel: [    0.017607] SRAT: PXM 1 -> APIC 0x009a -> Node 1
Aug  5 19:33:11 172.20.224.107 kernel: [    0.017608] SRAT: PXM 1 -> APIC 0x009b -> Node 1
Aug  5 19:33:11 172.20.224.107 kernel: [    0.017609] SRAT: PXM 1 -> APIC 0x009c -> Node 1
Aug  5 19:33:11 172.20.224.107 kernel: [    0.017610] SRAT: PXM 1 -> APIC 0x009d -> Node 1
Aug  5 19:33:11 172.20.224.107 kernel: [    0.017612] SRAT: PXM 1 -> APIC 0x009e -> Node 1
Aug  5 19:33:11 172.20.224.107 kernel: [    0.017613] SRAT: PXM 1 -> APIC 0x009f -> Node 1
Aug  5 19:33:11 172.20.224.107 kernel: [    0.017614] SRAT: PXM 1 -> APIC 0x00a0 -> Node 1
Aug  5 19:33:11 172.20.224.107 kernel: [    0.017615] SRAT: PXM 1 -> APIC 0x00a1 -> Node 1
Aug  5 19:33:11 172.20.224.107 kernel: [    0.017616] SRAT: PXM 1 -> APIC 0x00a2 -> Node 1
Aug  5 19:33:11 172.20.224.107 kernel: [    0.017618] SRAT: PXM 1 -> APIC 0x00a3 -> Node 1
Aug  5 19:33:11 172.20.224.107 kernel: [    0.017619] SRAT: PXM 1 -> APIC 0x00a4 -> Node 1
Aug  5 19:33:11 172.20.224.107 kernel: [    0.017620] SRAT: PXM 1 -> APIC 0x00a5 -> Node 1
Aug  5 19:33:11 172.20.224.107 kernel: [    0.017621] SRAT: PXM 1 -> APIC 0x00a6 -> Node 1
Aug  5 19:33:11 172.20.224.107 kernel: [    0.017622] SRAT: PXM 1 -> APIC 0x00a7 -> Node 1
Aug  5 19:33:11 172.20.224.107 kernel: [    0.017624] SRAT: PXM 1 -> APIC 0x00a8 -> Node 1
Aug  5 19:33:11 172.20.224.107 kernel: [    0.017625] SRAT: PXM 1 -> APIC 0x00a9 -> Node 1
Aug  5 19:33:11 172.20.224.107 kernel: [    0.017626] SRAT: PXM 1 -> APIC 0x00aa -> Node 1
Aug  5 19:33:11 172.20.224.107 kernel: [    0.017627] SRAT: PXM 1 -> APIC 0x00ab -> Node 1
Aug  5 19:33:11 172.20.224.107 kernel: [    0.017629] SRAT: PXM 1 -> APIC 0x00ac -> Node 1
Aug  5 19:33:11 172.20.224.107 kernel: [    0.017630] SRAT: PXM 1 -> APIC 0x00ad -> Node 1
Aug  5 19:33:11 172.20.224.107 kernel: [    0.017631] SRAT: PXM 1 -> APIC 0x00ae -> Node 1
Aug  5 19:33:11 172.20.224.107 kernel: [    0.017632] SRAT: PXM 1 -> APIC 0x00af -> Node 1
Aug  5 19:33:11 172.20.224.107 kernel: [    0.017634] SRAT: PXM 1 -> APIC 0x00b0 -> Node 1
Aug  5 19:33:11 172.20.224.107 kernel: [    0.017635] SRAT: PXM 1 -> APIC 0x00b1 -> Node 1
Aug  5 19:33:11 172.20.224.107 kernel: [    0.017636] SRAT: PXM 1 -> APIC 0x00b2 -> Node 1
Aug  5 19:33:11 172.20.224.107 kernel: [    0.017637] SRAT: PXM 1 -> APIC 0x00b3 -> Node 1
Aug  5 19:33:11 172.20.224.107 kernel: [    0.017638] SRAT: PXM 1 -> APIC 0x00b4 -> Node 1
Aug  5 19:33:11 172.20.224.107 kernel: [    0.017640] SRAT: PXM 1 -> APIC 0x00b5 -> Node 1
Aug  5 19:33:11 172.20.224.107 kernel: [    0.017641] SRAT: PXM 1 -> APIC 0x00b6 -> Node 1
Aug  5 19:33:11 172.20.224.107 kernel: [    0.017642] SRAT: PXM 1 -> APIC 0x00b7 -> Node 1
Aug  5 19:33:11 172.20.224.107 kernel: [    0.017643] SRAT: PXM 1 -> APIC 0x00b8 -> Node 1
Aug  5 19:33:11 172.20.224.107 kernel: [    0.017644] SRAT: PXM 1 -> APIC 0x00b9 -> Node 1
Aug  5 19:33:11 172.20.224.107 kernel: [    0.017646] SRAT: PXM 1 -> APIC 0x00ba -> Node 1
Aug  5 19:33:11 172.20.224.107 kernel: [    0.017647] SRAT: PXM 1 -> APIC 0x00bb -> Node 1
Aug  5 19:33:11 172.20.224.107 kernel: [    0.017648] SRAT: PXM 1 -> APIC 0x00bc -> Node 1
Aug  5 19:33:11 172.20.224.107 kernel: [    0.017649] SRAT: PXM 1 -> APIC 0x00bd -> Node 1
Aug  5 19:33:11 172.20.224.107 kernel: [    0.017650] SRAT: PXM 1 -> APIC 0x00be -> Node 1
Aug  5 19:33:11 172.20.224.107 kernel: [    0.017652] SRAT: PXM 1 -> APIC 0x00bf -> Node 1
Aug  5 19:33:11 172.20.224.107 kernel: [    0.017653] SRAT: PXM 1 -> APIC 0x00c0 -> Node 1
Aug  5 19:33:11 172.20.224.107 kernel: [    0.017654] SRAT: PXM 1 -> APIC 0x00c1 -> Node 1
Aug  5 19:33:11 172.20.224.107 kernel: [    0.017655] SRAT: PXM 1 -> APIC 0x00c2 -> Node 1
Aug  5 19:33:11 172.20.224.107 kernel: [    0.017656] SRAT: PXM 1 -> APIC 0x00c3 -> Node 1
Aug  5 19:33:11 172.20.224.107 kernel: [    0.017658] SRAT: PXM 1 -> APIC 0x00c4 -> Node 1
Aug  5 19:33:11 172.20.224.107 kernel: [    0.017659] SRAT: PXM 1 -> APIC 0x00c5 -> Node 1
Aug  5 19:33:11 172.20.224.107 kernel: [    0.017660] SRAT: PXM 1 -> APIC 0x00c6 -> Node 1
Aug  5 19:33:11 172.20.224.107 kernel: [    0.017661] SRAT: PXM 1 -> APIC 0x00c7 -> Node 1
Aug  5 19:33:11 172.20.224.107 kernel: [    0.017663] SRAT: PXM 1 -> APIC 0x00c8 -> Node 1
Aug  5 19:33:11 172.20.224.107 kernel: [    0.017664] SRAT: PXM 1 -> APIC 0x00c9 -> Node 1
Aug  5 19:33:11 172.20.224.107 kernel: [    0.017665] SRAT: PXM 1 -> APIC 0x00ca -> Node 1
Aug  5 19:33:11 172.20.224.107 kernel: [    0.017666] SRAT: PXM 1 -> APIC 0x00cb -> Node 1
Aug  5 19:33:11 172.20.224.107 kernel: [    0.017667] SRAT: PXM 1 -> APIC 0x00cc -> Node 1
Aug  5 19:33:11 172.20.224.107 kernel: [    0.017669] SRAT: PXM 1 -> APIC 0x00cd -> Node 1
Aug  5 19:33:11 172.20.224.107 kernel: [    0.017670] SRAT: PXM 1 -> APIC 0x00ce -> Node 1
Aug  5 19:33:11 172.20.224.107 kernel: [    0.017671] SRAT: PXM 1 -> APIC 0x00cf -> Node 1
Aug  5 19:33:11 172.20.224.107 kernel: [    0.017672] SRAT: PXM 1 -> APIC 0x00d0 -> Node 1
Aug  5 19:33:11 172.20.224.107 kernel: [    0.017673] SRAT: PXM 1 -> APIC 0x00d1 -> Node 1
Aug  5 19:33:11 172.20.224.107 kernel: [    0.017675] SRAT: PXM 1 -> APIC 0x00d2 -> Node 1
Aug  5 19:33:11 172.20.224.107 kernel: [    0.017676] SRAT: PXM 1 -> APIC 0x00d3 -> Node 1
Aug  5 19:33:11 172.20.224.107 kernel: [    0.017677] SRAT: PXM 1 -> APIC 0x00d4 -> Node 1
Aug  5 19:33:11 172.20.224.107 kernel: [    0.017678] SRAT: PXM 1 -> APIC 0x00d5 -> Node 1
Aug  5 19:33:11 172.20.224.107 kernel: [    0.017679] SRAT: PXM 1 -> APIC 0x00d6 -> Node 1
Aug  5 19:33:11 172.20.224.107 kernel: [    0.017681] SRAT: PXM 1 -> APIC 0x00d7 -> Node 1
Aug  5 19:33:11 172.20.224.107 kernel: [    0.017682] SRAT: PXM 1 -> APIC 0x00d8 -> Node 1
Aug  5 19:33:11 172.20.224.107 kernel: [    0.017683] SRAT: PXM 1 -> APIC 0x00d9 -> Node 1
Aug  5 19:33:11 172.20.224.107 kernel: [    0.017684] SRAT: PXM 1 -> APIC 0x00da -> Node 1
Aug  5 19:33:11 172.20.224.107 kernel: [    0.017685] SRAT: PXM 1 -> APIC 0x00db -> Node 1
Aug  5 19:33:11 172.20.224.107 kernel: [    0.017687] SRAT: PXM 1 -> APIC 0x00dc -> Node 1
Aug  5 19:33:11 172.20.224.107 kernel: [    0.017688] SRAT: PXM 1 -> APIC 0x00dd -> Node 1
Aug  5 19:33:11 172.20.224.107 kernel: [    0.017689] SRAT: PXM 1 -> APIC 0x00de -> Node 1
Aug  5 19:33:11 172.20.224.107 kernel: [    0.017690] SRAT: PXM 1 -> APIC 0x00df -> Node 1
Aug  5 19:33:11 172.20.224.107 kernel: [    0.017691] SRAT: PXM 1 -> APIC 0x00e0 -> Node 1
Aug  5 19:33:11 172.20.224.107 kernel: [    0.017693] SRAT: PXM 1 -> APIC 0x00e1 -> Node 1
Aug  5 19:33:11 172.20.224.107 kernel: [    0.017694] SRAT: PXM 1 -> APIC 0x00e2 -> Node 1
Aug  5 19:33:11 172.20.224.107 kernel: [    0.017695] SRAT: PXM 1 -> APIC 0x00e3 -> Node 1
Aug  5 19:33:11 172.20.224.107 kernel: [    0.017696] SRAT: PXM 1 -> APIC 0x00e4 -> Node 1
Aug  5 19:33:11 172.20.224.107 kernel: [    0.017697] SRAT: PXM 1 -> APIC 0x00e5 -> Node 1
Aug  5 19:33:11 172.20.224.107 kernel: [    0.017699] SRAT: PXM 1 -> APIC 0x00e6 -> Node 1
Aug  5 19:33:11 172.20.224.107 kernel: [    0.017700] SRAT: PXM 1 -> APIC 0x00e7 -> Node 1
Aug  5 19:33:11 172.20.224.107 kernel: [    0.017701] SRAT: PXM 1 -> APIC 0x00e8 -> Node 1
Aug  5 19:33:11 172.20.224.107 kernel: [    0.017702] SRAT: PXM 1 -> APIC 0x00e9 -> Node 1
Aug  5 19:33:11 172.20.224.107 kernel: [    0.017703] SRAT: PXM 1 -> APIC 0x00ea -> Node 1
Aug  5 19:33:11 172.20.224.107 kernel: [    0.017705] SRAT: PXM 1 -> APIC 0x00eb -> Node 1
Aug  5 19:33:11 172.20.224.107 kernel: [    0.017706] SRAT: PXM 1 -> APIC 0x00ec -> Node 1
Aug  5 19:33:11 172.20.224.107 kernel: [    0.017707] SRAT: PXM 1 -> APIC 0x00ed -> Node 1
Aug  5 19:33:11 172.20.224.107 kernel: [    0.017708] SRAT: PXM 1 -> APIC 0x00ee -> Node 1
Aug  5 19:33:11 172.20.224.107 kernel: [    0.017709] SRAT: PXM 1 -> APIC 0x00ef -> Node 1
Aug  5 19:33:11 172.20.224.107 kernel: [    0.017728] ACPI: SRAT: Node 0 PXM 0 [mem 0x00000000-0x7fffffff]
Aug  5 19:33:11 172.20.224.107 kernel: [    0.017731] ACPI: SRAT: Node 0 PXM 0 [mem 0x100000000-0x1007fffffff]
Aug  5 19:33:11 172.20.224.107 kernel: [    0.017733] ACPI: SRAT: Node 1 PXM 1 [mem 0x10080000000-0x2007fffffff]
Aug  5 19:33:11 172.20.224.107 kernel: [    0.017750] NUMA: Initialized distance table, cnt=2
Aug  5 19:33:11 172.20.224.107 kernel: [    0.017752] NUMA: Node 0 [mem 0x00000000-0x7fffffff] + [mem 0x100000000-0x1007fffffff] -> [mem 0x00000000-0x1007fffffff]
Aug  5 19:33:11 172.20.224.107 kernel: [    0.017768] NODE_DATA(0) allocated [mem 0x1007ffd6000-0x1007fffffff]
Aug  5 19:33:11 172.20.224.107 kernel: [    0.017787] NODE_DATA(1) allocated [mem 0x2007ffd2000-0x2007fffbfff]
Aug  5 19:33:11 172.20.224.107 kernel: [    0.021260] Zone ranges:
Aug  5 19:33:11 172.20.224.107 kernel: [    0.021262]   DMA      [mem 0x0000000000001000-0x0000000000ffffff]
Aug  5 19:33:11 172.20.224.107 kernel: [    0.021265]   DMA32    [mem 0x0000000001000000-0x00000000ffffffff]
Aug  5 19:33:11 172.20.224.107 kernel: [    0.021268]   Normal   [mem 0x0000000100000000-0x000002007fffffff]
Aug  5 19:33:11 172.20.224.107 kernel: [    0.021270]   Device   empty
Aug  5 19:33:11 172.20.224.107 kernel: [    0.021271] Movable zone start for each node
Aug  5 19:33:11 172.20.224.107 kernel: [    0.021275] Early memory node ranges
Aug  5 19:33:11 172.20.224.107 kernel: [    0.021276]   node   0: [mem 0x0000000000001000-0x000000000009ffff]
Aug  5 19:33:11 172.20.224.107 kernel: [    0.021278]   node   0: [mem 0x0000000000100000-0x000000006868cfff]
Aug  5 19:33:11 172.20.224.107 kernel: [    0.021280]   node   0: [mem 0x0000000068690000-0x000000006f702fff]
Aug  5 19:33:11 172.20.224.107 kernel: [    0.021282]   node   0: [mem 0x00000000777ff000-0x00000000777fffff]
Aug  5 19:33:11 172.20.224.107 kernel: [    0.021283]   node   0: [mem 0x0000000100000000-0x000001007fffffff]
Aug  5 19:33:11 172.20.224.107 kernel: [    0.021416]   node   1: [mem 0x0000010080000000-0x000002007fffffff]
Aug  5 19:33:11 172.20.224.107 kernel: [    0.021549] Initmem setup node 0 [mem 0x0000000000001000-0x000001007fffffff]
Aug  5 19:33:11 172.20.224.107 kernel: [    0.021555] Initmem setup node 1 [mem 0x0000010080000000-0x000002007fffffff]
Aug  5 19:33:11 172.20.224.107 kernel: [    0.021560] On node 0, zone DMA: 1 pages in unavailable ranges
Aug  5 19:33:11 172.20.224.107 kernel: [    0.021602] On node 0, zone DMA: 96 pages in unavailable ranges
Aug  5 19:33:11 172.20.224.107 kernel: [    0.026155] On node 0, zone DMA32: 3 pages in unavailable ranges
Aug  5 19:33:11 172.20.224.107 kernel: [    0.026779] On node 0, zone DMA32: 33020 pages in unavailable ranges
Aug  5 19:33:11 172.20.224.107 kernel: [    2.746728] On node 0, zone Normal: 2048 pages in unavailable ranges
Aug  5 19:33:11 172.20.224.107 kernel: [    6.316525] ACPI: PM-Timer IO Port: 0x508
Aug  5 19:33:11 172.20.224.107 kernel: [    6.316572] ACPI: X2APIC_NMI (uid[0xffffffff] high edge lint[0x1])
Aug  5 19:33:11 172.20.224.107 kernel: [    6.316579] ACPI: LAPIC_NMI (acpi_id[0xff] high edge lint[0x1])
Aug  5 19:33:11 172.20.224.107 kernel: [    6.316600] IOAPIC[0]: apic_id 8, version 32, address 0xfec00000, GSI 0-23
Aug  5 19:33:11 172.20.224.107 kernel: [    6.316605] ACPI: INT_SRC_OVR (bus 0 bus_irq 0 global_irq 2 dfl dfl)
Aug  5 19:33:11 172.20.224.107 kernel: [    6.316608] ACPI: INT_SRC_OVR (bus 0 bus_irq 9 global_irq 9 high level)
Aug  5 19:33:11 172.20.224.107 kernel: [    6.316614] ACPI: Using ACPI (MADT) for SMP configuration information
Aug  5 19:33:11 172.20.224.107 kernel: [    6.316616] ACPI: HPET id: 0x8086a701 base: 0xfed00000
Aug  5 19:33:11 172.20.224.107 kernel: [    6.316623] ACPI: SPCR: console: uart,io,0x3f8,115200
Aug  5 19:33:11 172.20.224.107 kernel: [    6.316625] TSC deadline timer available
Aug  5 19:33:11 172.20.224.107 kernel: [    6.316627] smpboot: Allowing 224 CPUs, 0 hotplug CPUs
Aug  5 19:33:11 172.20.224.107 kernel: [    6.316658] PM: hibernation: Registered nosave memory: [mem 0x00000000-0x00000fff]
Aug  5 19:33:11 172.20.224.107 kernel: [    6.316662] PM: hibernation: Registered nosave memory: [mem 0x000a0000-0x000fffff]
Aug  5 19:33:11 172.20.224.107 kernel: [    6.316665] PM: hibernation: Registered nosave memory: [mem 0x629f1000-0x629f1fff]
Aug  5 19:33:11 172.20.224.107 kernel: [    6.316668] PM: hibernation: Registered nosave memory: [mem 0x62ab0000-0x62ab0fff]
Aug  5 19:33:11 172.20.224.107 kernel: [    6.316669] PM: hibernation: Registered nosave memory: [mem 0x62ab1000-0x62ab1fff]
Aug  5 19:33:11 172.20.224.107 kernel: [    6.316672] PM: hibernation: Registered nosave memory: [mem 0x62b70000-0x62b70fff]
Aug  5 19:33:11 172.20.224.107 kernel: [    6.316673] PM: hibernation: Registered nosave memory: [mem 0x62b71000-0x62b71fff]
Aug  5 19:33:11 172.20.224.107 kernel: [    6.316676] PM: hibernation: Registered nosave memory: [mem 0x62c30000-0x62c30fff]
Aug  5 19:33:11 172.20.224.107 kernel: [    6.316678] PM: hibernation: Registered nosave memory: [mem 0x62db5000-0x62db5fff]
Aug  5 19:33:11 172.20.224.107 kernel: [    6.316681] PM: hibernation: Registered nosave memory: [mem 0x62e74000-0x62e74fff]
Aug  5 19:33:11 172.20.224.107 kernel: [    6.316684] PM: hibernation: Registered nosave memory: [mem 0x63e86000-0x63e86fff]
Aug  5 19:33:11 172.20.224.107 kernel: [    6.316687] PM: hibernation: Registered nosave memory: [mem 0x63ed9000-0x63ed9fff]
Aug  5 19:33:11 172.20.224.107 kernel: [    6.316688] PM: hibernation: Registered nosave memory: [mem 0x63eda000-0x63edafff]
Aug  5 19:33:11 172.20.224.107 kernel: [    6.316691] PM: hibernation: Registered nosave memory: [mem 0x63f2d000-0x63f2dfff]
Aug  5 19:33:11 172.20.224.107 kernel: [    6.316692] PM: hibernation: Registered nosave memory: [mem 0x63f2e000-0x63f2efff]
Aug  5 19:33:11 172.20.224.107 kernel: [    6.316695] PM: hibernation: Registered nosave memory: [mem 0x63f66000-0x63f66fff]
Aug  5 19:33:11 172.20.224.107 kernel: [    6.316697] PM: hibernation: Registered nosave memory: [mem 0x6868d000-0x6868ffff]
Aug  5 19:33:11 172.20.224.107 kernel: [    6.316700] PM: hibernation: Registered nosave memory: [mem 0x6f703000-0x71802fff]
Aug  5 19:33:11 172.20.224.107 kernel: [    6.316701] PM: hibernation: Registered nosave memory: [mem 0x71803000-0x72102fff]
Aug  5 19:33:11 172.20.224.107 kernel: [    6.316703] PM: hibernation: Registered nosave memory: [mem 0x72103000-0x7530efff]
Aug  5 19:33:11 172.20.224.107 kernel: [    6.316704] PM: hibernation: Registered nosave memory: [mem 0x7530f000-0x777fefff]
Aug  5 19:33:11 172.20.224.107 kernel: [    6.316706] PM: hibernation: Registered nosave memory: [mem 0x77800000-0x8fffffff]
Aug  5 19:33:11 172.20.224.107 kernel: [    6.316708] PM: hibernation: Registered nosave memory: [mem 0x90000000-0xfe00ffff]
Aug  5 19:33:11 172.20.224.107 kernel: [    6.316709] PM: hibernation: Registered nosave memory: [mem 0xfe010000-0xfe010fff]
Aug  5 19:33:11 172.20.224.107 kernel: [    6.316710] PM: hibernation: Registered nosave memory: [mem 0xfe011000-0xfeffffff]
Aug  5 19:33:11 172.20.224.107 kernel: [    6.316712] PM: hibernation: Registered nosave memory: [mem 0xff000000-0xffffffff]
Aug  5 19:33:11 172.20.224.107 kernel: [    6.316714] [mem 0x90000000-0xfe00ffff] available for PCI devices
Aug  5 19:33:11 172.20.224.107 kernel: [    6.316716] Booting paravirtualized kernel on bare hardware
Aug  5 19:33:11 172.20.224.107 kernel: [    6.316719] clocksource: refined-jiffies: mask: 0xffffffff max_cycles: 0xffffffff, max_idle_ns: 7645519600211568 ns
Aug  5 19:33:11 172.20.224.107 kernel: [    6.316729] setup_percpu: NR_CPUS:8192 nr_cpumask_bits:224 nr_cpu_ids:224 nr_node_ids:2
Aug  5 19:33:11 172.20.224.107 kernel: [    6.328500] percpu: Embedded 62 pages/cpu s217088 r8192 d28672 u262144
Aug  5 19:33:11 172.20.224.107 kernel: [    6.328520] pcpu-alloc: s217088 r8192 d28672 u262144 alloc=1*2097152
Aug  5 19:33:11 172.20.224.107 kernel: [    6.328524] pcpu-alloc: [0] 000 001 002 003 004 005 006 007 
Aug  5 19:33:11 172.20.224.107 kernel: [    6.328532] pcpu-alloc: [0] 008 009 010 011 012 013 014 015 
Aug  5 19:33:11 172.20.224.107 kernel: [    6.328538] pcpu-alloc: [0] 016 017 018 019 020 021 022 023 
Aug  5 19:33:11 172.20.224.107 kernel: [    6.328545] pcpu-alloc: [0] 024 025 026 027 028 029 030 031 
Aug  5 19:33:11 172.20.224.107 kernel: [    6.328551] pcpu-alloc: [0] 032 033 034 035 036 037 038 039 
Aug  5 19:33:11 172.20.224.107 kernel: [    6.328557] pcpu-alloc: [0] 040 041 042 043 044 045 046 047 
Aug  5 19:33:11 172.20.224.107 kernel: [    6.328563] pcpu-alloc: [0] 048 049 050 051 052 053 054 055 
Aug  5 19:33:11 172.20.224.107 kernel: [    6.328570] pcpu-alloc: [0] 112 113 114 115 116 117 118 119 
Aug  5 19:33:11 172.20.224.107 kernel: [    6.328576] pcpu-alloc: [0] 120 121 122 123 124 125 126 127 
Aug  5 19:33:11 172.20.224.107 kernel: [    6.328582] pcpu-alloc: [0] 128 129 130 131 132 133 134 135 
Aug  5 19:33:11 172.20.224.107 kernel: [    6.328589] pcpu-alloc: [0] 136 137 138 139 140 141 142 143 
Aug  5 19:33:11 172.20.224.107 kernel: [    6.328595] pcpu-alloc: [0] 144 145 146 147 148 149 150 151 
Aug  5 19:33:11 172.20.224.107 kernel: [    6.328601] pcpu-alloc: [0] 152 153 154 155 156 157 158 159 
Aug  5 19:33:11 172.20.224.107 kernel: [    6.328607] pcpu-alloc: [0] 160 161 162 163 164 165 166 167 
Aug  5 19:33:11 172.20.224.107 kernel: [    6.328614] pcpu-alloc: [1] 056 057 058 059 060 061 062 063 
Aug  5 19:33:11 172.20.224.107 kernel: [    6.328620] pcpu-alloc: [1] 064 065 066 067 068 069 070 071 
Aug  5 19:33:11 172.20.224.107 kernel: [    6.328626] pcpu-alloc: [1] 072 073 074 075 076 077 078 079 
Aug  5 19:33:11 172.20.224.107 kernel: [    6.328632] pcpu-alloc: [1] 080 081 082 083 084 085 086 087 
Aug  5 19:33:11 172.20.224.107 kernel: [    6.328638] pcpu-alloc: [1] 088 089 090 091 092 093 094 095 
Aug  5 19:33:11 172.20.224.107 kernel: [    6.328644] pcpu-alloc: [1] 096 097 098 099 100 101 102 103 
Aug  5 19:33:11 172.20.224.107 kernel: [    6.328651] pcpu-alloc: [1] 104 105 106 107 108 109 110 111 
Aug  5 19:33:11 172.20.224.107 kernel: [    6.328657] pcpu-alloc: [1] 168 169 170 171 172 173 174 175 
Aug  5 19:33:11 172.20.224.107 kernel: [    6.328663] pcpu-alloc: [1] 176 177 178 179 180 181 182 183 
Aug  5 19:33:11 172.20.224.107 kernel: [    6.328669] pcpu-alloc: [1] 184 185 186 187 188 189 190 191 
Aug  5 19:33:11 172.20.224.107 kernel: [    6.328676] pcpu-alloc: [1] 192 193 194 195 196 197 198 199 
Aug  5 19:33:11 172.20.224.107 kernel: [    6.328682] pcpu-alloc: [1] 200 201 202 203 204 205 206 207 
Aug  5 19:33:11 172.20.224.107 kernel: [    6.328688] pcpu-alloc: [1] 208 209 210 211 212 213 214 215 
Aug  5 19:33:11 172.20.224.107 kernel: [    6.328694] pcpu-alloc: [1] 216 217 218 219 220 221 222 223 
Aug  5 19:33:11 172.20.224.107 kernel: [    6.328790] Built 2 zonelists, mobility grouping on.  Total pages: 528415268
Aug  5 19:33:11 172.20.224.107 kernel: [    6.328793] Policy zone: Normal
Aug  5 19:33:11 172.20.224.107 kernel: [    6.328796] Kernel command line: BOOT_IMAGE=(tftp)/category/vmlinuz.dgx-h200 nouveau.modeset=0 nvme_core.multipath=n console=tty0 rw BOOTIF=01-c4-70-bd-d9-64-81 ip=172.20.224.107:172.20.224.14:0xac14e001:0xffffff00
Aug  5 19:33:11 172.20.224.107 kernel: [    6.328921] Unknown kernel command line parameters "BOOT_IMAGE=(tftp)/category/vmlinuz.dgx-h200 BOOTIF=01-c4-70-bd-d9-64-81 ip=172.20.224.107:172.20.224.14:0xac14e001:0xffffff00", will be passed to user space.
Aug  5 19:33:11 172.20.224.107 kernel: [    6.328924] printk: log_buf_len individual max cpu contribution: 4096 bytes
Aug  5 19:33:11 172.20.224.107 kernel: [    6.328925] printk: log_buf_len total cpu_extra contributions: 913408 bytes
Aug  5 19:33:11 172.20.224.107 kernel: [    6.328927] printk: log_buf_len min size: 262144 bytes
Aug  5 19:33:11 172.20.224.107 kernel: [    6.331252] printk: log_buf_len: 2097152 bytes
Aug  5 19:33:11 172.20.224.107 kernel: [    6.331254] printk: early log buf free: 222360(84%)
Aug  5 19:33:11 172.20.224.107 kernel: [    6.338655] mem auto-init: stack:off, heap alloc:on, heap free:off
Aug  5 19:33:11 172.20.224.107 kernel: [   11.388111] Memory: 2113151340K/2147211904K available (16392K kernel code, 4400K rwdata, 11004K rodata, 3376K init, 18688K bss, 34060360K reserved, 0K cma-reserved)
Aug  5 19:33:11 172.20.224.107 kernel: [   11.391422] SLUB: HWalign=64, Order=0-3, MinObjects=0, CPUs=224, Nodes=2
Aug  5 19:33:11 172.20.224.107 kernel: [   11.391528] ftrace: allocating 50824 entries in 199 pages
Aug  5 19:33:11 172.20.224.107 kernel: [   11.428200] ftrace: allocated 199 pages with 5 groups
Aug  5 19:33:11 172.20.224.107 kernel: [   11.429503] rcu: Hierarchical RCU implementation.
Aug  5 19:33:11 172.20.224.107 kernel: [   11.429505] rcu: #011RCU restricting CPUs from NR_CPUS=8192 to nr_cpu_ids=224.
Aug  5 19:33:11 172.20.224.107 kernel: [   11.429508] #011Rude variant of Tasks RCU enabled.
Aug  5 19:33:11 172.20.224.107 kernel: [   11.429509] #011Tracing variant of Tasks RCU enabled.
Aug  5 19:33:11 172.20.224.107 kernel: [   11.429510] rcu: RCU calculated value of scheduler-enlistment delay is 25 jiffies.
Aug  5 19:33:11 172.20.224.107 kernel: [   11.429511] rcu: Adjusting geometry for rcu_fanout_leaf=16, nr_cpu_ids=224
Aug  5 19:33:11 172.20.224.107 kernel: [   11.435426] NR_IRQS: 524544, nr_irqs: 2216, preallocated irqs: 16
Aug  5 19:33:11 172.20.224.107 kernel: [   11.436169] random: crng init done
Aug  5 19:33:11 172.20.224.107 kernel: [   11.436632] Console: colour dummy device 80x25
Aug  5 19:33:11 172.20.224.107 kernel: [   11.437360] printk: console [tty0] enabled
Aug  5 19:33:11 172.20.224.107 kernel: [   11.437765] mempolicy: Enabling automatic NUMA balancing. Configure with numa_balancing= or the kernel.numa_balancing sysctl
Aug  5 19:33:11 172.20.224.107 kernel: [   11.437774] ACPI: Core revision 20210730
Aug  5 19:33:11 172.20.224.107 kernel: [   11.440257] clocksource: hpet: mask: 0xffffffff max_cycles: 0xffffffff, max_idle_ns: 76450417870 ns
Aug  5 19:33:11 172.20.224.107 kernel: [   11.440315] APIC: Switch to symmetric I/O mode setup
Aug  5 19:33:11 172.20.224.107 kernel: [   11.440320] DMAR: Host address width 52
Aug  5 19:33:11 172.20.224.107 kernel: [   11.440322] DMAR: DRHD base: 0x000000da7fc000 flags: 0x0
Aug  5 19:33:11 172.20.224.107 kernel: [   11.440330] DMAR: dmar0: reg_base_addr da7fc000 ver 6:0 cap 19ed008c40780c66 ecap 3ee9e86f050df
Aug  5 19:33:11 172.20.224.107 kernel: [   11.440336] DMAR: DRHD base: 0x000000ea7fc000 flags: 0x0
Aug  5 19:33:11 172.20.224.107 kernel: [   11.440340] DMAR: dmar1: reg_base_addr ea7fc000 ver 6:0 cap 19ed008c40780c66 ecap 3ee9e86f050df
Aug  5 19:33:11 172.20.224.107 kernel: [   11.440345] DMAR: DRHD base: 0x000000ef7fc000 flags: 0x0
Aug  5 19:33:11 172.20.224.107 kernel: [   11.440350] DMAR: dmar2: reg_base_addr ef7fc000 ver 6:0 cap 19ed008c40780c66 ecap 3ee9e86f050df
Aug  5 19:33:11 172.20.224.107 kernel: [   11.440354] DMAR: DRHD base: 0x000000f47fc000 flags: 0x0
Aug  5 19:33:11 172.20.224.107 kernel: [   11.440360] DMAR: dmar3: reg_base_addr f47fc000 ver 6:0 cap 19ed008c40780c66 ecap 3ee9e86f050df
Aug  5 19:33:11 172.20.224.107 kernel: [   11.440364] DMAR: DRHD base: 0x000000f97fc000 flags: 0x0
Aug  5 19:33:11 172.20.224.107 kernel: [   11.440368] DMAR: dmar4: reg_base_addr f97fc000 ver 6:0 cap 19ed008c40780c66 ecap 3ee9e86f050df
Aug  5 19:33:11 172.20.224.107 kernel: [   11.440373] DMAR: DRHD base: 0x000000d57fc000 flags: 0x0
Aug  5 19:33:11 172.20.224.107 kernel: [   11.440377] DMAR: dmar5: reg_base_addr d57fc000 ver 6:0 cap 19ed008c40780c66 ecap 3ee9e86f050df
Aug  5 19:33:11 172.20.224.107 kernel: [   11.440381] DMAR: DRHD base: 0x000000f9ffc000 flags: 0x0
Aug  5 19:33:11 172.20.224.107 kernel: [   11.440385] DMAR: dmar6: reg_base_addr f9ffc000 ver 6:0 cap 19ed008c40780c66 ecap 3ef9ea6f050df
Aug  5 19:33:11 172.20.224.107 kernel: [   11.440390] DMAR: DRHD base: 0x000000fa7fc000 flags: 0x0
Aug  5 19:33:11 172.20.224.107 kernel: [   11.440394] DMAR: dmar7: reg_base_addr fa7fc000 ver 6:0 cap 19ed008c40780c66 ecap 3ef9ea6f050df
Aug  5 19:33:11 172.20.224.107 kernel: [   11.440399] DMAR: DRHD base: 0x000000faffc000 flags: 0x0
Aug  5 19:33:11 172.20.224.107 kernel: [   11.440411] DMAR: dmar8: reg_base_addr faffc000 ver 6:0 cap 19ed008c40780c66 ecap 3ef9ea6f050df
Aug  5 19:33:11 172.20.224.107 kernel: [   11.440416] DMAR: DRHD base: 0x000000fb7fc000 flags: 0x0
Aug  5 19:33:11 172.20.224.107 kernel: [   11.440420] DMAR: dmar9: reg_base_addr fb7fc000 ver 6:0 cap 19ed008c40780c66 ecap 3ef9ea6f050df
Aug  5 19:33:11 172.20.224.107 kernel: [   11.440424] DMAR: DRHD base: 0x000000afffc000 flags: 0x0
Aug  5 19:33:11 172.20.224.107 kernel: [   11.440429] DMAR: dmar10: reg_base_addr afffc000 ver 6:0 cap 19ed008c40780c66 ecap 3ee9e86f050df
Aug  5 19:33:11 172.20.224.107 kernel: [   11.440433] DMAR: DRHD base: 0x000000bfffc000 flags: 0x0
Aug  5 19:33:11 172.20.224.107 kernel: [   11.440439] DMAR: dmar11: reg_base_addr bfffc000 ver 6:0 cap 19ed008c40780c66 ecap 3ee9e86f050df
Aug  5 19:33:11 172.20.224.107 kernel: [   11.440443] DMAR: DRHD base: 0x000000c4ffc000 flags: 0x0
Aug  5 19:33:11 172.20.224.107 kernel: [   11.440447] DMAR: dmar12: reg_base_addr c4ffc000 ver 6:0 cap 19ed008c40780c66 ecap 3ee9e86f050df
Aug  5 19:33:11 172.20.224.107 kernel: [   11.440451] DMAR: DRHD base: 0x000000c9ffc000 flags: 0x0
Aug  5 19:33:11 172.20.224.107 kernel: [   11.440456] DMAR: dmar13: reg_base_addr c9ffc000 ver 6:0 cap 19ed008c40780c66 ecap 3ee9e86f050df
Aug  5 19:33:11 172.20.224.107 kernel: [   11.440460] DMAR: DRHD base: 0x000000ceffc000 flags: 0x0
Aug  5 19:33:11 172.20.224.107 kernel: [   11.440464] DMAR: dmar14: reg_base_addr ceffc000 ver 6:0 cap 19ed008c40780c66 ecap 3ee9e86f050df
Aug  5 19:33:11 172.20.224.107 kernel: [   11.440468] DMAR: DRHD base: 0x000000cf7fc000 flags: 0x0
Aug  5 19:33:11 172.20.224.107 kernel: [   11.440472] DMAR: dmar15: reg_base_addr cf7fc000 ver 6:0 cap 19ed008c40780c66 ecap 3ef9ea6f050df
Aug  5 19:33:11 172.20.224.107 kernel: [   11.440476] DMAR: DRHD base: 0x000000cfffc000 flags: 0x0
Aug  5 19:33:11 172.20.224.107 kernel: [   11.440480] DMAR: dmar16: reg_base_addr cfffc000 ver 6:0 cap 19ed008c40780c66 ecap 3ef9ea6f050df
Aug  5 19:33:11 172.20.224.107 kernel: [   11.440484] DMAR: DRHD base: 0x000000d07fc000 flags: 0x0
Aug  5 19:33:11 172.20.224.107 kernel: [   11.440488] DMAR: dmar17: reg_base_addr d07fc000 ver 6:0 cap 19ed008c40780c66 ecap 3ef9ea6f050df
Aug  5 19:33:11 172.20.224.107 kernel: [   11.440492] DMAR: DRHD base: 0x000000d0ffc000 flags: 0x0
Aug  5 19:33:11 172.20.224.107 kernel: [   11.440497] DMAR: dmar18: reg_base_addr d0ffc000 ver 6:0 cap 19ed008c40780c66 ecap 3ef9ea6f050df
Aug  5 19:33:11 172.20.224.107 kernel: [   11.440501] DMAR: DRHD base: 0x000000aaffc000 flags: 0x1
Aug  5 19:33:11 172.20.224.107 kernel: [   11.440505] DMAR: dmar19: reg_base_addr aaffc000 ver 6:0 cap 19ed008c40780c66 ecap 3ee9e86f050df
Aug  5 19:33:11 172.20.224.107 kernel: [   11.440509] DMAR: RMRR base: 0x00000077290000 end: 0x000000772b2fff
Aug  5 19:33:11 172.20.224.107 kernel: [   11.440513] DMAR: RMRR base: 0x00000076f46000 end: 0x0000007718ffff
Aug  5 19:33:11 172.20.224.107 kernel: [   11.440515] DMAR: ATSR flags: 0x0
Aug  5 19:33:11 172.20.224.107 kernel: [   11.440518] DMAR: RHSA base: 0x000000aaffc000 proximity domain: 0x0
Aug  5 19:33:11 172.20.224.107 kernel: [   11.440521] DMAR: RHSA base: 0x000000afffc000 proximity domain: 0x0
Aug  5 19:33:11 172.20.224.107 kernel: [   11.440523] DMAR: RHSA base: 0x000000bfffc000 proximity domain: 0x0
Aug  5 19:33:11 172.20.224.107 kernel: [   11.440525] DMAR: RHSA base: 0x000000c4ffc000 proximity domain: 0x0
Aug  5 19:33:11 172.20.224.107 kernel: [   11.440527] DMAR: RHSA base: 0x000000c9ffc000 proximity domain: 0x0
Aug  5 19:33:11 172.20.224.107 kernel: [   11.440530] DMAR: RHSA base: 0x000000ceffc000 proximity domain: 0x0
Aug  5 19:33:11 172.20.224.107 kernel: [   11.440532] DMAR: RHSA base: 0x000000cf7fc000 proximity domain: 0x0
Aug  5 19:33:11 172.20.224.107 kernel: [   11.440534] DMAR: RHSA base: 0x000000cfffc000 proximity domain: 0x0
Aug  5 19:33:11 172.20.224.107 kernel: [   11.440536] DMAR: RHSA base: 0x000000d07fc000 proximity domain: 0x0
Aug  5 19:33:11 172.20.224.107 kernel: [   11.440538] DMAR: RHSA base: 0x000000d0ffc000 proximity domain: 0x0
Aug  5 19:33:11 172.20.224.107 kernel: [   11.440540] DMAR: RHSA base: 0x000000da7fc000 proximity domain: 0x1
Aug  5 19:33:11 172.20.224.107 kernel: [   11.440542] DMAR: RHSA base: 0x000000ea7fc000 proximity domain: 0x1
Aug  5 19:33:11 172.20.224.107 kernel: [   11.440544] DMAR: RHSA base: 0x000000ef7fc000 proximity domain: 0x1
Aug  5 19:33:11 172.20.224.107 kernel: [   11.440546] DMAR: RHSA base: 0x000000f47fc000 proximity domain: 0x1
Aug  5 19:33:11 172.20.224.107 kernel: [   11.440549] DMAR: RHSA base: 0x000000f97fc000 proximity domain: 0x1
Aug  5 19:33:11 172.20.224.107 kernel: [   11.440551] DMAR: RHSA base: 0x000000d57fc000 proximity domain: 0x1
Aug  5 19:33:11 172.20.224.107 kernel: [   11.440553] DMAR: RHSA base: 0x000000f9ffc000 proximity domain: 0x1
Aug  5 19:33:11 172.20.224.107 kernel: [   11.440555] DMAR: RHSA base: 0x000000fa7fc000 proximity domain: 0x1
Aug  5 19:33:11 172.20.224.107 kernel: [   11.440557] DMAR: RHSA base: 0x000000faffc000 proximity domain: 0x1
Aug  5 19:33:11 172.20.224.107 kernel: [   11.440559] DMAR: RHSA base: 0x000000fb7fc000 proximity domain: 0x1
Aug  5 19:33:11 172.20.224.107 kernel: [   11.440561] DMAR: SATC flags: 0x0
Aug  5 19:33:11 172.20.224.107 kernel: [   11.440566] DMAR-IR: IOAPIC id 8 under DRHD base  0xaaffc000 IOMMU 19
Aug  5 19:33:11 172.20.224.107 kernel: [   11.440569] DMAR-IR: HPET id 0 under DRHD base 0xaaffc000
Aug  5 19:33:11 172.20.224.107 kernel: [   11.440572] DMAR-IR: Queued invalidation will be enabled to support x2apic and Intr-remapping.
Aug  5 19:33:11 172.20.224.107 kernel: [   11.447107] DMAR-IR: Enabled IRQ remapping in x2apic mode
Aug  5 19:33:11 172.20.224.107 kernel: [   11.448355] ..TIMER: vector=0x30 apic1=0 pin1=2 apic2=-1 pin2=-1
Aug  5 19:33:11 172.20.224.107 kernel: [   11.468302] clocksource: tsc-early: mask: 0xffffffffffffffff max_cycles: 0x39a85c9bff6, max_idle_ns: 881590591483 ns
Aug  5 19:33:11 172.20.224.107 kernel: [   11.468312] Calibrating delay loop (skipped), value calculated using timer frequency.. 4000.00 BogoMIPS (lpj=8000000)
Aug  5 19:33:11 172.20.224.107 kernel: [   11.468391] x86/cpu: SGX disabled by BIOS.
Aug  5 19:33:11 172.20.224.107 kernel: [   11.468400] CPU0: Thermal monitoring enabled (TM1)
Aug  5 19:33:11 172.20.224.107 kernel: [   11.468404] x86/cpu: User Mode Instruction Prevention (UMIP) activated
Aug  5 19:33:11 172.20.224.107 kernel: [   11.468821] process: using mwait in idle threads
Aug  5 19:33:11 172.20.224.107 kernel: [   11.468826] Last level iTLB entries: 4KB 0, 2MB 0, 4MB 0
Aug  5 19:33:11 172.20.224.107 kernel: [   11.468828] Last level dTLB entries: 4KB 0, 2MB 0, 4MB 0, 1GB 0
Aug  5 19:33:11 172.20.224.107 kernel: [   11.468836] Spectre V1 : Mitigation: usercopy/swapgs barriers and __user pointer sanitization
Aug  5 19:33:11 172.20.224.107 kernel: [   11.468842] Spectre V2 : Mitigation: Enhanced / Automatic IBRS
Aug  5 19:33:11 172.20.224.107 kernel: [   11.468845] Spectre V2 : Spectre v2 / SpectreRSB mitigation: Filling RSB on context switch
Aug  5 19:33:11 172.20.224.107 kernel: [   11.468848] Spectre V2 : Spectre v2 / PBRSB-eIBRS: Retire a single CALL on VMEXIT
Aug  5 19:33:11 172.20.224.107 kernel: [   11.468852] Spectre V2 : mitigation: Enabling conditional Indirect Branch Prediction Barrier
Aug  5 19:33:11 172.20.224.107 kernel: [   11.468856] Speculative Store Bypass: Mitigation: Speculative Store Bypass disabled via prctl and seccomp
Aug  5 19:33:11 172.20.224.107 kernel: [   11.468918] x86/fpu: Supporting XSAVE feature 0x001: 'x87 floating point registers'
Aug  5 19:33:11 172.20.224.107 kernel: [   11.468921] x86/fpu: Supporting XSAVE feature 0x002: 'SSE registers'
Aug  5 19:33:11 172.20.224.107 kernel: [   11.468924] x86/fpu: Supporting XSAVE feature 0x004: 'AVX registers'
Aug  5 19:33:11 172.20.224.107 kernel: [   11.468926] x86/fpu: Supporting XSAVE feature 0x020: 'AVX-512 opmask'
Aug  5 19:33:11 172.20.224.107 kernel: [   11.468928] x86/fpu: Supporting XSAVE feature 0x040: 'AVX-512 Hi256'
Aug  5 19:33:11 172.20.224.107 kernel: [   11.468930] x86/fpu: Supporting XSAVE feature 0x080: 'AVX-512 ZMM_Hi256'
Aug  5 19:33:11 172.20.224.107 kernel: [   11.468933] x86/fpu: Supporting XSAVE feature 0x200: 'Protection Keys User registers'
Aug  5 19:33:11 172.20.224.107 kernel: [   11.468936] x86/fpu: Supporting XSAVE feature 0x400: 'PASID state'
Aug  5 19:33:11 172.20.224.107 kernel: [   11.468938] x86/fpu: Supporting XSAVE feature 0x20000: 'AMX Tile config'
Aug  5 19:33:11 172.20.224.107 kernel: [   11.468941] x86/fpu: Supporting XSAVE feature 0x40000: 'AMX Tile data'
Aug  5 19:33:11 172.20.224.107 kernel: [   11.468953] x86/fpu: xstate_offset[2]:  576, xstate_sizes[2]:  256
Aug  5 19:33:11 172.20.224.107 kernel: [   11.468956] x86/fpu: xstate_offset[5]:  832, xstate_sizes[5]:   64
Aug  5 19:33:11 172.20.224.107 kernel: [   11.468959] x86/fpu: xstate_offset[6]:  896, xstate_sizes[6]:  512
Aug  5 19:33:11 172.20.224.107 kernel: [   11.468961] x86/fpu: xstate_offset[7]: 1408, xstate_sizes[7]: 1024
Aug  5 19:33:11 172.20.224.107 kernel: [   11.468963] x86/fpu: xstate_offset[9]: 2432, xstate_sizes[9]:    8
Aug  5 19:33:11 172.20.224.107 kernel: [   11.468966] x86/fpu: xstate_offset[10]: 2440, xstate_sizes[10]:    8
Aug  5 19:33:11 172.20.224.107 kernel: [   11.468969] x86/fpu: xstate_offset[17]: 2496, xstate_sizes[17]:   64
Aug  5 19:33:11 172.20.224.107 kernel: [   11.468971] x86/fpu: xstate_offset[18]: 2560, xstate_sizes[18]: 8192
Aug  5 19:33:11 172.20.224.107 kernel: [   11.468974] x86/fpu: Enabled xstate features 0x606e7, context size is 10752 bytes, using 'compacted' format.
Aug  5 19:33:11 172.20.224.107 kernel: [   11.495310] Freeing SMP alternatives memory: 44K
Aug  5 19:33:11 172.20.224.107 kernel: [   11.495317] pid_max: default: 229376 minimum: 1792
Aug  5 19:33:11 172.20.224.107 kernel: [   11.502515] LSM: Security Framework initializing
Aug  5 19:33:11 172.20.224.107 kernel: [   11.502550] landlock: Up and running.
Aug  5 19:33:11 172.20.224.107 kernel: [   11.502552] Yama: becoming mindful.
Aug  5 19:33:11 172.20.224.107 kernel: [   11.502610] AppArmor: AppArmor initialized
Aug  5 19:33:11 172.20.224.107 kernel: [   11.552479] Dentry cache hash table entries: 33554432 (order: 16, 268435456 bytes, vmalloc)
Aug  5 19:33:11 172.20.224.107 kernel: [   11.576900] Inode-cache hash table entries: 16777216 (order: 15, 134217728 bytes, vmalloc)
Aug  5 19:33:11 172.20.224.107 kernel: [   11.577830] Mount-cache hash table entries: 524288 (order: 10, 4194304 bytes, vmalloc)
Aug  5 19:33:11 172.20.224.107 kernel: [   11.578618] Mountpoint-cache hash table entries: 524288 (order: 10, 4194304 bytes, vmalloc)
Aug  5 19:33:11 172.20.224.107 kernel: [   11.579952] smpboot: Estimated ratio of average max frequency by base frequency (times 1024): 1587
Aug  5 19:33:11 172.20.224.107 kernel: [   11.579978] smpboot: CPU0: Intel(R) Xeon(R) Platinum 8480C (family: 0x6, model: 0x8f, stepping: 0x8)
Aug  5 19:33:11 172.20.224.107 kernel: [   11.580310] Performance Events: XSAVE Architectural LBR, PEBS fmt4+-baseline,  AnyThread deprecated, Sapphire Rapids events, 32-deep LBR, full-width counters, Intel PMU driver.
Aug  5 19:33:11 172.20.224.107 kernel: [   11.580310] ... version:                5
Aug  5 19:33:11 172.20.224.107 kernel: [   11.580310] ... bit width:              48
Aug  5 19:33:11 172.20.224.107 kernel: [   11.580310] ... generic registers:      8
Aug  5 19:33:11 172.20.224.107 kernel: [   11.580310] ... value mask:             0000ffffffffffff
Aug  5 19:33:11 172.20.224.107 kernel: [   11.580310] ... max period:             00007fffffffffff
Aug  5 19:33:11 172.20.224.107 kernel: [   11.580310] ... fixed-purpose events:   4
Aug  5 19:33:11 172.20.224.107 kernel: [   11.580310] ... event mask:             0001000f000000ff
Aug  5 19:33:11 172.20.224.107 kernel: [   11.580310] signal: max sigframe size: 11952
Aug  5 19:33:11 172.20.224.107 kernel: [   11.580310] rcu: Hierarchical SRCU implementation.
Aug  5 19:33:11 172.20.224.107 kernel: [   11.593297] NMI watchdog: Enabled. Permanently consumes one hw-PMU counter.
Aug  5 19:33:11 172.20.224.107 kernel: [   11.595576] smp: Bringing up secondary CPUs ...
Aug  5 19:33:11 172.20.224.107 kernel: [   11.595708] x86: Booting SMP configuration:
Aug  5 19:33:11 172.20.224.107 kernel: [   11.595710] .... node  #0, CPUs:          #1   #2   #3   #4   #5   #6   #7   #8   #9  #10  #11  #12  #13  #14  #15  #16  #17  #18  #19  #20  #21  #22  #23  #24  #25  #26  #27  #28  #29  #30  #31  #32  #33  #34  #35  #36  #37  #38  #39  #40  #41  #42  #43  #44  #45  #46  #47  #48  #49  #50  #51  #52  #53  #54  #55
Aug  5 19:33:11 172.20.224.107 kernel: [   13.067644] .... node  #1, CPUs:    #56
Aug  5 19:33:11 172.20.224.107 kernel: [    0.008151] smpboot: CPU 56 Converting physical 0 to logical die 1
Aug  5 19:33:11 172.20.224.107 kernel: [   13.128479]   #57  #58  #59  #60  #61  #62  #63  #64  #65  #66  #67  #68  #69  #70  #71  #72  #73  #74  #75  #76  #77  #78  #79  #80  #81  #82  #83  #84  #85  #86  #87  #88  #89  #90  #91  #92  #93  #94  #95  #96  #97  #98  #99 #100 #101 #102 #103 #104 #105 #106 #107 #108 #109 #110 #111
Aug  5 19:33:11 172.20.224.107 kernel: [   14.588602] .... node  #0, CPUs:   #112 #113 #114 #115 #116 #117 #118 #119 #120 #121 #122 #123 #124 #125 #126 #127 #128 #129 #130 #131 #132 #133 #134 #135 #136 #137 #138 #139 #140 #141 #142 #143 #144 #145 #146 #147 #148 #149 #150 #151 #152 #153 #154 #155 #156 #157 #158 #159 #160 #161 #162 #163 #164 #165 #166 #167
Aug  5 19:33:11 172.20.224.107 kernel: [   16.073424] .... node  #1, CPUs:   #168 #169 #170 #171 #172 #173 #174 #175 #176 #177 #178 #179 #180 #181 #182 #183 #184 #185 #186 #187 #188 #189 #190 #191 #192 #193 #194 #195 #196 #197 #198 #199 #200 #201 #202 #203 #204 #205 #206 #207 #208 #209 #210 #211 #212 #213 #214 #215 #216 #217 #218 #219 #220 #221 #222 #223
Aug  5 19:33:11 172.20.224.107 kernel: [   17.571688] smp: Brought up 2 nodes, 224 CPUs
Aug  5 19:33:11 172.20.224.107 kernel: [   17.571688] smpboot: Max logical packages: 2
Aug  5 19:33:11 172.20.224.107 kernel: [   17.571688] smpboot: Total of 224 processors activated (894365.69 BogoMIPS)
Aug  5 19:33:11 172.20.224.107 kernel: [   17.691151] devtmpfs: initialized
Aug  5 19:33:11 172.20.224.107 kernel: [   17.691151] x86/mm: Memory block size: 2048MB
Aug  5 19:33:11 172.20.224.107 kernel: [   17.698438] ACPI: PM: Registering ACPI NVS region [mem 0x72103000-0x7530efff] (52477952 bytes)
Aug  5 19:33:11 172.20.224.107 kernel: [   17.698438] clocksource: jiffies: mask: 0xffffffff max_cycles: 0xffffffff, max_idle_ns: 7645041785100000 ns
Aug  5 19:33:11 172.20.224.107 kernel: [   17.698438] futex hash table entries: 65536 (order: 10, 4194304 bytes, vmalloc)
Aug  5 19:33:11 172.20.224.107 kernel: [   17.700757] pinctrl core: initialized pinctrl subsystem
Aug  5 19:33:11 172.20.224.107 kernel: [   17.700965] PM: RTC time: 10:32:52, date: 2025-08-05
Aug  5 19:33:11 172.20.224.107 kernel: [   17.701411] NET: Registered PF_NETLINK/PF_ROUTE protocol family
Aug  5 19:33:11 172.20.224.107 kernel: [   17.702265] DMA: preallocated 4096 KiB GFP_KERNEL pool for atomic allocations
Aug  5 19:33:11 172.20.224.107 kernel: [   17.702785] DMA: preallocated 4096 KiB GFP_KERNEL|GFP_DMA pool for atomic allocations
Aug  5 19:33:11 172.20.224.107 kernel: [   17.703301] DMA: preallocated 4096 KiB GFP_KERNEL|GFP_DMA32 pool for atomic allocations
Aug  5 19:33:11 172.20.224.107 kernel: [   17.703312] audit: initializing netlink subsys (disabled)
Aug  5 19:33:11 172.20.224.107 kernel: [   17.703320] audit: type=2000 audit(1754389971.260:1): state=initialized audit_enabled=0 res=1
Aug  5 19:33:11 172.20.224.107 kernel: [   17.703320] thermal_sys: Registered thermal governor 'fair_share'
Aug  5 19:33:11 172.20.224.107 kernel: [   17.703320] thermal_sys: Registered thermal governor 'bang_bang'
Aug  5 19:33:11 172.20.224.107 kernel: [   17.703320] thermal_sys: Registered thermal governor 'step_wise'
Aug  5 19:33:11 172.20.224.107 kernel: [   17.703320] thermal_sys: Registered thermal governor 'user_space'
Aug  5 19:33:11 172.20.224.107 kernel: [   17.703320] thermal_sys: Registered thermal governor 'power_allocator'
Aug  5 19:33:11 172.20.224.107 kernel: [   17.703320] EISA bus registered
Aug  5 19:33:11 172.20.224.107 kernel: [   17.703320] cpuidle: using governor ladder
Aug  5 19:33:11 172.20.224.107 kernel: [   17.703320] cpuidle: using governor menu
Aug  5 19:33:11 172.20.224.107 kernel: [   17.704477] ACPI FADT declares the system doesn't support PCIe ASPM, so disable it
Aug  5 19:33:11 172.20.224.107 kernel: [   17.704480] ACPI: bus type PCI registered
Aug  5 19:33:11 172.20.224.107 kernel: [   17.704483] acpiphp: ACPI Hot Plug PCI Controller Driver version: 0.5
Aug  5 19:33:11 172.20.224.107 kernel: [   17.704741] PCI: MMCONFIG for domain 0000 [bus 00-ff] at [mem 0x80000000-0x8fffffff] (base 0x80000000)
Aug  5 19:33:11 172.20.224.107 kernel: [   17.704749] PCI: MMCONFIG at [mem 0x80000000-0x8fffffff] reserved in E820
Aug  5 19:33:11 172.20.224.107 kernel: [   17.704761] pmd_set_huge: Cannot satisfy [mem 0x80000000-0x80200000] with a huge-page mapping due to MTRR override.
Aug  5 19:33:11 172.20.224.107 kernel: [   17.705113] PCI: Using configuration type 1 for base access
Aug  5 19:33:11 172.20.224.107 kernel: [   17.712788] ENERGY_PERF_BIAS: Set to 'normal', was 'performance'
Aug  5 19:33:11 172.20.224.107 kernel: [   17.720594] kprobes: kprobe jump-optimization is enabled. All kprobes are optimized if possible.
Aug  5 19:33:11 172.20.224.107 kernel: [   17.720594] HugeTLB registered 1.00 GiB page size, pre-allocated 0 pages
Aug  5 19:33:11 172.20.224.107 kernel: [   17.720594] HugeTLB registered 2.00 MiB page size, pre-allocated 0 pages
Aug  5 19:33:11 172.20.224.107 kernel: [   17.724493] fbcon: Taking over console
Aug  5 19:33:11 172.20.224.107 kernel: [   17.724597] ACPI: Added _OSI(Module Device)
Aug  5 19:33:11 172.20.224.107 kernel: [   17.724600] ACPI: Added _OSI(Processor Device)
Aug  5 19:33:11 172.20.224.107 kernel: [   17.724602] ACPI: Added _OSI(3.0 _SCP Extensions)
Aug  5 19:33:11 172.20.224.107 kernel: [   17.724603] ACPI: Added _OSI(Processor Aggregator Device)
Aug  5 19:33:11 172.20.224.107 kernel: [   17.724606] ACPI: Added _OSI(Linux-Dell-Video)
Aug  5 19:33:11 172.20.224.107 kernel: [   17.724608] ACPI: Added _OSI(Linux-Lenovo-NV-HDMI-Audio)
Aug  5 19:33:11 172.20.224.107 kernel: [   17.724609] ACPI: Added _OSI(Linux-HPI-Hybrid-Graphics)
Aug  5 19:33:11 172.20.224.107 kernel: [   18.018252] ACPI: 5 ACPI AML tables successfully acquired and loaded
Aug  5 19:33:11 172.20.224.107 kernel: [   18.038154] ACPI: \_SB_.SCK0.C000: _OSC native thermal LVT Acked
Aug  5 19:33:11 172.20.224.107 kernel: [   18.039620] ACPI: Dynamic OEM Table Load:
Aug  5 19:33:11 172.20.224.107 kernel: [   18.278351] ACPI: Dynamic OEM Table Load:
Aug  5 19:33:11 172.20.224.107 kernel: [   18.320599] ACPI: Dynamic OEM Table Load:
Aug  5 19:33:11 172.20.224.107 kernel: [   18.844263] ACPI: Interpreter enabled
Aug  5 19:33:11 172.20.224.107 kernel: [   18.844308] ACPI: PM: (supports S0 S5)
Aug  5 19:33:11 172.20.224.107 kernel: [   18.844311] ACPI: Using IOAPIC for interrupt routing
Aug  5 19:33:11 172.20.224.107 kernel: [   18.844406] HEST: Table parsing has been initialized.
Aug  5 19:33:11 172.20.224.107 kernel: [   18.844551] GHES: APEI firmware first mode is enabled by APEI bit and WHEA _OSC.
Aug  5 19:33:11 172.20.224.107 kernel: [   18.844556] PCI: Using host bridge windows from ACPI; if necessary, use "pci=nocrs" and report a bug
Aug  5 19:33:11 172.20.224.107 kernel: [   18.844559] PCI: Using E820 reservations for host bridge windows
Aug  5 19:33:11 172.20.224.107 kernel: [   18.887251] ACPI: Enabled 1 GPEs in block 00 to 7F
Aug  5 19:33:11 172.20.224.107 kernel: [   19.120214] ACPI: PCI Root Bridge [PC00] (domain 0000 [bus 00-14])
Aug  5 19:33:11 172.20.224.107 kernel: [   19.120225] acpi PNP0A08:00: _OSC: OS supports [ExtendedConfig ASPM ClockPM Segments MSI EDR HPX-Type3]
Aug  5 19:33:11 172.20.224.107 kernel: [   19.122412] acpi PNP0A08:00: _OSC: platform does not support [SHPCHotplug AER LTR DPC]
Aug  5 19:33:11 172.20.224.107 kernel: [   19.122637] acpi PNP0A08:00: _OSC: OS now controls [PCIeHotplug PME PCIeCapability]
Aug  5 19:33:11 172.20.224.107 kernel: [   19.122640] acpi PNP0A08:00: FADT indicates ASPM is unsupported, using BIOS configuration
Aug  5 19:33:11 172.20.224.107 kernel: [   19.123275] PCI host bridge to bus 0000:00
Aug  5 19:33:11 172.20.224.107 kernel: [   19.123280] pci_bus 0000:00: root bus resource [bus 00-14]
Aug  5 19:33:11 172.20.224.107 kernel: [   19.123283] pci_bus 0000:00: root bus resource [io  0x0000-0x0cf7 window]
Aug  5 19:33:11 172.20.224.107 kernel: [   19.123286] pci_bus 0000:00: root bus resource [io  0x1000-0x3fff window]
Aug  5 19:33:11 172.20.224.107 kernel: [   19.123288] pci_bus 0000:00: root bus resource [mem 0x000a0000-0x000bffff window]
Aug  5 19:33:11 172.20.224.107 kernel: [   19.123291] pci_bus 0000:00: root bus resource [mem 0x000c8000-0x000cffff window]
Aug  5 19:33:11 172.20.224.107 kernel: [   19.123293] pci_bus 0000:00: root bus resource [mem 0x90040000-0xaaffffff window]
Aug  5 19:33:11 172.20.224.107 kernel: [   19.123296] pci_bus 0000:00: root bus resource [mem 0xfe010000-0xfe010fff window]
Aug  5 19:33:11 172.20.224.107 kernel: [   19.123298] pci_bus 0000:00: root bus resource [mem 0x200000000000-0x20ffffffffff window]
Aug  5 19:33:11 172.20.224.107 kernel: [   19.123406] pci 0000:00:00.0: [8086:09a2] type 00 class 0x088000
Aug  5 19:33:11 172.20.224.107 kernel: [   19.123685] pci 0000:00:00.1: [8086:09a4] type 00 class 0x088000
Aug  5 19:33:11 172.20.224.107 kernel: [   19.123945] pci 0000:00:00.2: [8086:09a3] type 00 class 0x088000
Aug  5 19:33:11 172.20.224.107 kernel: [   19.124294] pci 0000:00:00.4: [8086:0b23] type 00 class 0x080700
Aug  5 19:33:11 172.20.224.107 kernel: [   19.124628] pci 0000:00:08.0: [8086:1bb8] type 01 class 0x060400
Aug  5 19:33:11 172.20.224.107 kernel: [   19.124649] pci 0000:00:08.0: reg 0x10: [mem 0x20ffff980000-0x20ffff99ffff 64bit]
Aug  5 19:33:11 172.20.224.107 kernel: [   19.124676] pci 0000:00:08.0: enabling Extended Tags
Aug  5 19:33:11 172.20.224.107 kernel: [   19.124744] pci 0000:00:08.0: PME# supported from D0 D3hot D3cold
Aug  5 19:33:11 172.20.224.107 kernel: [   19.124783] pci 0000:00:08.0: PTM enabled (root), 2ns granularity
Aug  5 19:33:11 172.20.224.107 kernel: [   19.125602] pci 0000:00:0a.0: [8086:1bba] type 01 class 0x060400
Aug  5 19:33:11 172.20.224.107 kernel: [   19.125622] pci 0000:00:0a.0: reg 0x10: [mem 0x20ffff960000-0x20ffff97ffff 64bit]
Aug  5 19:33:11 172.20.224.107 kernel: [   19.125648] pci 0000:00:0a.0: enabling Extended Tags
Aug  5 19:33:11 172.20.224.107 kernel: [   19.125714] pci 0000:00:0a.0: PME# supported from D0 D3hot D3cold
Aug  5 19:33:11 172.20.224.107 kernel: [   19.125752] pci 0000:00:0a.0: PTM enabled (root), 2ns granularity
Aug  5 19:33:11 172.20.224.107 kernel: [   19.126550] pci 0000:00:0c.0: [8086:1bbc] type 01 class 0x060400
Aug  5 19:33:11 172.20.224.107 kernel: [   19.126571] pci 0000:00:0c.0: reg 0x10: [mem 0x20ffff940000-0x20ffff95ffff 64bit]
Aug  5 19:33:11 172.20.224.107 kernel: [   19.126598] pci 0000:00:0c.0: enabling Extended Tags
Aug  5 19:33:11 172.20.224.107 kernel: [   19.126666] pci 0000:00:0c.0: PME# supported from D0 D3hot D3cold
Aug  5 19:33:11 172.20.224.107 kernel: [   19.126705] pci 0000:00:0c.0: PTM enabled (root), 2ns granularity
Aug  5 19:33:11 172.20.224.107 kernel: [   19.127521] pci 0000:00:0d.0: [8086:1bbd] type 01 class 0x060400
Aug  5 19:33:11 172.20.224.107 kernel: [   19.127542] pci 0000:00:0d.0: reg 0x10: [mem 0x20ffff920000-0x20ffff93ffff 64bit]
Aug  5 19:33:11 172.20.224.107 kernel: [   19.127568] pci 0000:00:0d.0: enabling Extended Tags
Aug  5 19:33:11 172.20.224.107 kernel: [   19.127637] pci 0000:00:0d.0: PME# supported from D0 D3hot D3cold
Aug  5 19:33:11 172.20.224.107 kernel: [   19.127677] pci 0000:00:0d.0: PTM enabled (root), 2ns granularity
Aug  5 19:33:11 172.20.224.107 kernel: [   19.128479] pci 0000:00:10.0: [8086:1bb0] type 01 class 0x060400
Aug  5 19:33:11 172.20.224.107 kernel: [   19.128501] pci 0000:00:10.0: reg 0x10: [mem 0x20ffff900000-0x20ffff91ffff 64bit]
Aug  5 19:33:11 172.20.224.107 kernel: [   19.128527] pci 0000:00:10.0: enabling Extended Tags
Aug  5 19:33:11 172.20.224.107 kernel: [   19.128595] pci 0000:00:10.0: PME# supported from D0 D3hot D3cold
Aug  5 19:33:11 172.20.224.107 kernel: [   19.128634] pci 0000:00:10.0: PTM enabled (root), 2ns granularity
Aug  5 19:33:11 172.20.224.107 kernel: [   19.129447] pci 0000:00:14.0: [8086:1bcd] type 00 class 0x0c0330
Aug  5 19:33:11 172.20.224.107 kernel: [   19.129469] pci 0000:00:14.0: reg 0x10: [mem 0x20ffff9a0000-0x20ffff9affff 64bit]
Aug  5 19:33:11 172.20.224.107 kernel: [   19.129552] pci 0000:00:14.0: PME# supported from D3hot D3cold
Aug  5 19:33:11 172.20.224.107 kernel: [   19.129976] pci 0000:00:14.2: [8086:1bce] type 00 class 0x050000
Aug  5 19:33:11 172.20.224.107 kernel: [   19.129999] pci 0000:00:14.2: reg 0x10: [mem 0x20ffff9b0000-0x20ffff9b3fff 64bit]
Aug  5 19:33:11 172.20.224.107 kernel: [   19.130014] pci 0000:00:14.2: reg 0x18: [mem 0x20ffff9b6000-0x20ffff9b6fff 64bit]
Aug  5 19:33:11 172.20.224.107 kernel: [   19.130294] pci 0000:00:14.4: [8086:1bfe] type 00 class 0x060000
Aug  5 19:33:11 172.20.224.107 kernel: [   19.130634] pci 0000:00:15.0: [8086:1bff] type 00 class 0x088000
Aug  5 19:33:11 172.20.224.107 kernel: [   19.130659] pci 0000:00:15.0: reg 0x10: [mem 0x20ffff9b5000-0x20ffff9b53ff 64bit]
Aug  5 19:33:11 172.20.224.107 kernel: [   19.131095] pci 0000:00:16.0: [8086:1be0] type 00 class 0x078000
Aug  5 19:33:11 172.20.224.107 kernel: [   19.131126] pci 0000:00:16.0: reg 0x10: [mem 0x20ffff9b4000-0x20ffff9b4fff 64bit]
Aug  5 19:33:11 172.20.224.107 kernel: [   19.131229] pci 0000:00:16.0: PME# supported from D3hot
Aug  5 19:33:11 172.20.224.107 kernel: [   19.131500] pci 0000:00:1f.0: [8086:1b81] type 00 class 0x060100
Aug  5 19:33:11 172.20.224.107 kernel: [   19.131900] pci 0000:00:1f.4: [8086:1bc9] type 00 class 0x0c0500
Aug  5 19:33:11 172.20.224.107 kernel: [   19.131931] pci 0000:00:1f.4: reg 0x10: [mem 0x00000000-0x000000ff 64bit]
Aug  5 19:33:11 172.20.224.107 kernel: [   19.131966] pci 0000:00:1f.4: reg 0x20: [io  0x0780-0x079f]
Aug  5 19:33:11 172.20.224.107 kernel: [   19.132292] pci 0000:00:1f.5: [8086:1bca] type 00 class 0x0c8000
Aug  5 19:33:11 172.20.224.107 kernel: [   19.132314] pci 0000:00:1f.5: reg 0x10: [mem 0xfe010000-0xfe010fff]
Aug  5 19:33:11 172.20.224.107 kernel: [   19.132327] pci 0000:00:1f.5: reg 0x14: [mem 0x9e000000-0x9fffffff]
Aug  5 19:33:11 172.20.224.107 kernel: [   19.132534] pci 0000:00:1f.7: [8086:1bcc] type 00 class 0x130000
Aug  5 19:33:11 172.20.224.107 kernel: [   19.132557] pci 0000:00:1f.7: reg 0x10: [mem 0x20ffff800000-0x20ffff8fffff 64bit]
Aug  5 19:33:11 172.20.224.107 kernel: [   19.132572] pci 0000:00:1f.7: reg 0x18: [mem 0x20ffff000000-0x20ffff7fffff 64bit]
Aug  5 19:33:11 172.20.224.107 kernel: [   19.132806] pci 0000:01:00.0: [1344:51c3] type 00 class 0x010802
Aug  5 19:33:11 172.20.224.107 kernel: [   19.132832] pci 0000:01:00.0: reg 0x10: [mem 0xa9540000-0xa957ffff 64bit]
Aug  5 19:33:11 172.20.224.107 kernel: [   19.132881] pci 0000:01:00.0: reg 0x30: [mem 0xa9500000-0xa953ffff pref]
Aug  5 19:33:11 172.20.224.107 kernel: [   19.132966] pci 0000:01:00.0: PME# supported from D0 D1 D3hot
