Jul 14 11:20:17 172.20.224.102 kernel: [    0.000000] Linux version 5.15.0-1076-nvidia (buildd@lcy02-amd64-026) (gcc (Ubuntu 11.4.0-1ubuntu1~22.04) 11.4.0, GNU ld (GNU Binutils for Ubuntu) 2.38) #77-Ubuntu SMP Tue Mar 25 23:43:36 UTC 2025 (Ubuntu 5.15.0-1076.77-nvidia 5.15.178)
Jul 14 11:20:17 172.20.224.102 kernel: [    0.000000] Command line: BOOT_IMAGE=(tftp)/category/vmlinuz.dgx-h200 nouveau.modeset=0 nvme_core.multipath=n console=tty0 rw BOOTIF=01-c4-70-bd-d9-6c-71 ip=172.20.224.102:172.20.224.14:0xac14e001:0xffffff00
Jul 14 11:20:17 172.20.224.102 kernel: [    0.000000] KERNEL supported cpus:
Jul 14 11:20:17 172.20.224.102 kernel: [    0.000000]   Intel GenuineIntel
Jul 14 11:20:17 172.20.224.102 kernel: [    0.000000]   AMD AuthenticAMD
Jul 14 11:20:17 172.20.224.102 kernel: [    0.000000]   Hygon HygonGenuine
Jul 14 11:20:17 172.20.224.102 kernel: [    0.000000]   Centaur CentaurHauls
Jul 14 11:20:17 172.20.224.102 kernel: [    0.000000]   zhaoxin   Shanghai  
Jul 14 11:20:17 172.20.224.102 kernel: [    0.000000] x86/tme: not enabled by BIOS
Jul 14 11:20:17 172.20.224.102 kernel: [    0.000000] x86/split lock detection: #AC: crashing the kernel on kernel split_locks and warning on user-space split_locks
Jul 14 11:20:17 172.20.224.102 kernel: [    0.000000] BIOS-provided physical RAM map:
Jul 14 11:20:17 172.20.224.102 kernel: [    0.000000] BIOS-e820: [mem 0x0000000000000000-0x000000000009ffff] usable
Jul 14 11:20:17 172.20.224.102 kernel: [    0.000000] BIOS-e820: [mem 0x00000000000a0000-0x00000000000fffff] reserved
Jul 14 11:20:17 172.20.224.102 kernel: [    0.000000] BIOS-e820: [mem 0x0000000000100000-0x000000006868cfff] usable
Jul 14 11:20:17 172.20.224.102 kernel: [    0.000000] BIOS-e820: [mem 0x000000006868d000-0x000000006868ffff] reserved
Jul 14 11:20:17 172.20.224.102 kernel: [    0.000000] BIOS-e820: [mem 0x0000000068690000-0x000000006f702fff] usable
Jul 14 11:20:17 172.20.224.102 kernel: [    0.000000] BIOS-e820: [mem 0x000000006f703000-0x0000000071802fff] reserved
Jul 14 11:20:17 172.20.224.102 kernel: [    0.000000] BIOS-e820: [mem 0x0000000071803000-0x0000000072102fff] ACPI data
Jul 14 11:20:17 172.20.224.102 kernel: [    0.000000] BIOS-e820: [mem 0x0000000072103000-0x000000007530efff] ACPI NVS
Jul 14 11:20:17 172.20.224.102 kernel: [    0.000000] BIOS-e820: [mem 0x000000007530f000-0x00000000777fefff] reserved
Jul 14 11:20:17 172.20.224.102 kernel: [    0.000000] BIOS-e820: [mem 0x00000000777ff000-0x00000000777fffff] usable
Jul 14 11:20:17 172.20.224.102 kernel: [    0.000000] BIOS-e820: [mem 0x0000000077800000-0x000000008fffffff] reserved
Jul 14 11:20:17 172.20.224.102 kernel: [    0.000000] BIOS-e820: [mem 0x00000000fe010000-0x00000000fe010fff] reserved
Jul 14 11:20:17 172.20.224.102 kernel: [    0.000000] BIOS-e820: [mem 0x00000000ff000000-0x00000000ffffffff] reserved
Jul 14 11:20:17 172.20.224.102 kernel: [    0.000000] BIOS-e820: [mem 0x0000000100000000-0x000002007fffffff] usable
Jul 14 11:20:17 172.20.224.102 kernel: [    0.000000] NX (Execute Disable) protection: active
Jul 14 11:20:17 172.20.224.102 kernel: [    0.000000] e820: update [mem 0x63f2d018-0x63f65e57] usable ==> usable
Jul 14 11:20:17 172.20.224.102 kernel: [    0.000000] e820: update [mem 0x63f2d018-0x63f65e57] usable ==> usable
Jul 14 11:20:17 172.20.224.102 kernel: [    0.000000] e820: update [mem 0x62db5018-0x62e74257] usable ==> usable
Jul 14 11:20:17 172.20.224.102 kernel: [    0.000000] e820: update [mem 0x62db5018-0x62e74257] usable ==> usable
Jul 14 11:20:17 172.20.224.102 kernel: [    0.000000] e820: update [mem 0x62b71018-0x62c30257] usable ==> usable
Jul 14 11:20:17 172.20.224.102 kernel: [    0.000000] e820: update [mem 0x62b71018-0x62c30257] usable ==> usable
Jul 14 11:20:17 172.20.224.102 kernel: [    0.000000] e820: update [mem 0x62ab1018-0x62b70257] usable ==> usable
Jul 14 11:20:17 172.20.224.102 kernel: [    0.000000] e820: update [mem 0x62ab1018-0x62b70257] usable ==> usable
Jul 14 11:20:17 172.20.224.102 kernel: [    0.000000] e820: update [mem 0x629f1018-0x62ab0257] usable ==> usable
Jul 14 11:20:17 172.20.224.102 kernel: [    0.000000] e820: update [mem 0x629f1018-0x62ab0257] usable ==> usable
Jul 14 11:20:17 172.20.224.102 kernel: [    0.000000] e820: update [mem 0x63ed9018-0x63f2c657] usable ==> usable
Jul 14 11:20:17 172.20.224.102 kernel: [    0.000000] e820: update [mem 0x63ed9018-0x63f2c657] usable ==> usable
Jul 14 11:20:17 172.20.224.102 kernel: [    0.000000] e820: update [mem 0x63e85018-0x63ed8657] usable ==> usable
Jul 14 11:20:17 172.20.224.102 kernel: [    0.000000] e820: update [mem 0x63e85018-0x63ed8657] usable ==> usable
Jul 14 11:20:17 172.20.224.102 kernel: [    0.000000] extended physical RAM map:
Jul 14 11:20:17 172.20.224.102 kernel: [    0.000000] reserve setup_data: [mem 0x0000000000000000-0x000000000009ffff] usable
Jul 14 11:20:17 172.20.224.102 kernel: [    0.000000] reserve setup_data: [mem 0x00000000000a0000-0x00000000000fffff] reserved
Jul 14 11:20:17 172.20.224.102 kernel: [    0.000000] reserve setup_data: [mem 0x0000000000100000-0x00000000629f1017] usable
Jul 14 11:20:17 172.20.224.102 kernel: [    0.000000] reserve setup_data: [mem 0x00000000629f1018-0x0000000062ab0257] usable
Jul 14 11:20:17 172.20.224.102 kernel: [    0.000000] reserve setup_data: [mem 0x0000000062ab0258-0x0000000062ab1017] usable
Jul 14 11:20:17 172.20.224.102 kernel: [    0.000000] reserve setup_data: [mem 0x0000000062ab1018-0x0000000062b70257] usable
Jul 14 11:20:17 172.20.224.102 kernel: [    0.000000] reserve setup_data: [mem 0x0000000062b70258-0x0000000062b71017] usable
Jul 14 11:20:17 172.20.224.102 kernel: [    0.000000] reserve setup_data: [mem 0x0000000062b71018-0x0000000062c30257] usable
Jul 14 11:20:17 172.20.224.102 kernel: [    0.000000] reserve setup_data: [mem 0x0000000062c30258-0x0000000062db5017] usable
Jul 14 11:20:17 172.20.224.102 kernel: [    0.000000] reserve setup_data: [mem 0x0000000062db5018-0x0000000062e74257] usable
Jul 14 11:20:17 172.20.224.102 kernel: [    0.000000] reserve setup_data: [mem 0x0000000062e74258-0x0000000063e85017] usable
Jul 14 11:20:17 172.20.224.102 kernel: [    0.000000] reserve setup_data: [mem 0x0000000063e85018-0x0000000063ed8657] usable
Jul 14 11:20:17 172.20.224.102 kernel: [    0.000000] reserve setup_data: [mem 0x0000000063ed8658-0x0000000063ed9017] usable
Jul 14 11:20:17 172.20.224.102 kernel: [    0.000000] reserve setup_data: [mem 0x0000000063ed9018-0x0000000063f2c657] usable
Jul 14 11:20:17 172.20.224.102 kernel: [    0.000000] reserve setup_data: [mem 0x0000000063f2c658-0x0000000063f2d017] usable
Jul 14 11:20:17 172.20.224.102 kernel: [    0.000000] reserve setup_data: [mem 0x0000000063f2d018-0x0000000063f65e57] usable
Jul 14 11:20:17 172.20.224.102 kernel: [    0.000000] reserve setup_data: [mem 0x0000000063f65e58-0x000000006868cfff] usable
Jul 14 11:20:17 172.20.224.102 kernel: [    0.000000] reserve setup_data: [mem 0x000000006868d000-0x000000006868ffff] reserved
Jul 14 11:20:17 172.20.224.102 kernel: [    0.000000] reserve setup_data: [mem 0x0000000068690000-0x000000006f702fff] usable
Jul 14 11:20:17 172.20.224.102 kernel: [    0.000000] reserve setup_data: [mem 0x000000006f703000-0x0000000071802fff] reserved
Jul 14 11:20:17 172.20.224.102 kernel: [    0.000000] reserve setup_data: [mem 0x0000000071803000-0x0000000072102fff] ACPI data
Jul 14 11:20:17 172.20.224.102 kernel: [    0.000000] reserve setup_data: [mem 0x0000000072103000-0x000000007530efff] ACPI NVS
Jul 14 11:20:17 172.20.224.102 kernel: [    0.000000] reserve setup_data: [mem 0x000000007530f000-0x00000000777fefff] reserved
Jul 14 11:20:17 172.20.224.102 kernel: [    0.000000] reserve setup_data: [mem 0x00000000777ff000-0x00000000777fffff] usable
Jul 14 11:20:17 172.20.224.102 kernel: [    0.000000] reserve setup_data: [mem 0x0000000077800000-0x000000008fffffff] reserved
Jul 14 11:20:17 172.20.224.102 kernel: [    0.000000] reserve setup_data: [mem 0x00000000fe010000-0x00000000fe010fff] reserved
Jul 14 11:20:17 172.20.224.102 kernel: [    0.000000] reserve setup_data: [mem 0x00000000ff000000-0x00000000ffffffff] reserved
Jul 14 11:20:17 172.20.224.102 kernel: [    0.000000] reserve setup_data: [mem 0x0000000100000000-0x000002007fffffff] usable
Jul 14 11:20:17 172.20.224.102 kernel: [    0.000000] efi: EFI v2.90 by American Megatrends
Jul 14 11:20:17 172.20.224.102 kernel: [    0.000000] efi: ACPI=0x72102000 ACPI 2.0=0x72102014 SMBIOS=0x77211000 SMBIOS 3.0=0x77210000 MEMATTR=0x632d9018 
Jul 14 11:20:17 172.20.224.102 kernel: [    0.000000] secureboot: Secure boot disabled
Jul 14 11:20:17 172.20.224.102 kernel: [    0.000000] SMBIOS 3.6.0 present.
Jul 14 11:20:17 172.20.224.102 kernel: [    0.000000] DMI: NVIDIA DGXH200/DGXH200, BIOS 1.6.7 02/20/2025
Jul 14 11:20:17 172.20.224.102 kernel: [    0.000000] tsc: Detected 2000.000 MHz processor
Jul 14 11:20:17 172.20.224.102 kernel: [    0.000022] e820: update [mem 0x00000000-0x00000fff] usable ==> reserved
Jul 14 11:20:17 172.20.224.102 kernel: [    0.000026] e820: remove [mem 0x000a0000-0x000fffff] usable
Jul 14 11:20:17 172.20.224.102 kernel: [    0.000042] last_pfn = 0x20080000 max_arch_pfn = 0x10000000000
Jul 14 11:20:17 172.20.224.102 kernel: [    0.000418] x86/PAT: Configuration [0-7]: WB  WC  UC- UC  WB  WP  UC- WT  
Jul 14 11:20:17 172.20.224.102 kernel: [    0.005515] total RAM covered: 4192256M
Jul 14 11:20:17 172.20.224.102 kernel: [    0.005618]  gran_size: 64K #011chunk_size: 64K #011num_reg: 10  #011lose cover RAM: 2048G
Jul 14 11:20:17 172.20.224.102 kernel: [    0.005622]  gran_size: 64K #011chunk_size: 128K #011num_reg: 10  #011lose cover RAM: 2048G
Jul 14 11:20:17 172.20.224.102 kernel: [    0.005624]  gran_size: 64K #011chunk_size: 256K #011num_reg: 10  #011lose cover RAM: 2048G
Jul 14 11:20:17 172.20.224.102 kernel: [    0.005627]  gran_size: 64K #011chunk_size: 512K #011num_reg: 10  #011lose cover RAM: 2048G
Jul 14 11:20:17 172.20.224.102 kernel: [    0.005629]  gran_size: 64K #011chunk_size: 1M #011num_reg: 10  #011lose cover RAM: 2048G
Jul 14 11:20:17 172.20.224.102 kernel: [    0.005631]  gran_size: 64K #011chunk_size: 2M #011num_reg: 10  #011lose cover RAM: 2048G
Jul 14 11:20:17 172.20.224.102 kernel: [    0.005633]  gran_size: 64K #011chunk_size: 4M #011num_reg: 10  #011lose cover RAM: 2048G
Jul 14 11:20:17 172.20.224.102 kernel: [    0.005635]  gran_size: 64K #011chunk_size: 8M #011num_reg: 10  #011lose cover RAM: 2048G
Jul 14 11:20:17 172.20.224.102 kernel: [    0.005637]  gran_size: 64K #011chunk_size: 16M #011num_reg: 10  #011lose cover RAM: 2048G
Jul 14 11:20:17 172.20.224.102 kernel: [    0.005639]  gran_size: 64K #011chunk_size: 32M #011num_reg: 10  #011lose cover RAM: 2048G
Jul 14 11:20:17 172.20.224.102 kernel: [    0.005641]  gran_size: 64K #011chunk_size: 64M #011num_reg: 10  #011lose cover RAM: 2048G
Jul 14 11:20:17 172.20.224.102 kernel: [    0.005643]  gran_size: 64K #011chunk_size: 128M #011num_reg: 10  #011lose cover RAM: 2048G
Jul 14 11:20:17 172.20.224.102 kernel: [    0.005645]  gran_size: 64K #011chunk_size: 256M #011num_reg: 10  #011lose cover RAM: 2048G
Jul 14 11:20:17 172.20.224.102 kernel: [    0.005647]  gran_size: 64K #011chunk_size: 512M #011num_reg: 10  #011lose cover RAM: 2048G
Jul 14 11:20:17 172.20.224.102 kernel: [    0.005649]  gran_size: 64K #011chunk_size: 1G #011num_reg: 10  #011lose cover RAM: 2048G
Jul 14 11:20:17 172.20.224.102 kernel: [    0.005651]  gran_size: 64K #011chunk_size: 2G #011num_reg: 10  #011lose cover RAM: 2048G
Jul 14 11:20:17 172.20.224.102 kernel: [    0.005653]  gran_size: 128K #011chunk_size: 128K #011num_reg: 10  #011lose cover RAM: 2048G
Jul 14 11:20:17 172.20.224.102 kernel: [    0.005656]  gran_size: 128K #011chunk_size: 256K #011num_reg: 10  #011lose cover RAM: 2048G
Jul 14 11:20:17 172.20.224.102 kernel: [    0.005658]  gran_size: 128K #011chunk_size: 512K #011num_reg: 10  #011lose cover RAM: 2048G
Jul 14 11:20:17 172.20.224.102 kernel: [    0.005660]  gran_size: 128K #011chunk_size: 1M #011num_reg: 10  #011lose cover RAM: 2048G
Jul 14 11:20:17 172.20.224.102 kernel: [    0.005662]  gran_size: 128K #011chunk_size: 2M #011num_reg: 10  #011lose cover RAM: 2048G
Jul 14 11:20:17 172.20.224.102 kernel: [    0.005664]  gran_size: 128K #011chunk_size: 4M #011num_reg: 10  #011lose cover RAM: 2048G
Jul 14 11:20:17 172.20.224.102 kernel: [    0.005666]  gran_size: 128K #011chunk_size: 8M #011num_reg: 10  #011lose cover RAM: 2048G
Jul 14 11:20:17 172.20.224.102 kernel: [    0.005668]  gran_size: 128K #011chunk_size: 16M #011num_reg: 10  #011lose cover RAM: 2048G
Jul 14 11:20:17 172.20.224.102 kernel: [    0.005670]  gran_size: 128K #011chunk_size: 32M #011num_reg: 10  #011lose cover RAM: 2048G
Jul 14 11:20:17 172.20.224.102 kernel: [    0.005672]  gran_size: 128K #011chunk_size: 64M #011num_reg: 10  #011lose cover RAM: 2048G
Jul 14 11:20:17 172.20.224.102 kernel: [    0.005674]  gran_size: 128K #011chunk_size: 128M #011num_reg: 10  #011lose cover RAM: 2048G
Jul 14 11:20:17 172.20.224.102 kernel: [    0.005676]  gran_size: 128K #011chunk_size: 256M #011num_reg: 10  #011lose cover RAM: 2048G
Jul 14 11:20:17 172.20.224.102 kernel: [    0.005678]  gran_size: 128K #011chunk_size: 512M #011num_reg: 10  #011lose cover RAM: 2048G
Jul 14 11:20:17 172.20.224.102 kernel: [    0.005680]  gran_size: 128K #011chunk_size: 1G #011num_reg: 10  #011lose cover RAM: 2048G
Jul 14 11:20:17 172.20.224.102 kernel: [    0.005682]  gran_size: 128K #011chunk_size: 2G #011num_reg: 10  #011lose cover RAM: 2048G
Jul 14 11:20:17 172.20.224.102 kernel: [    0.005684]  gran_size: 256K #011chunk_size: 256K #011num_reg: 10  #011lose cover RAM: 2048G
Jul 14 11:20:17 172.20.224.102 kernel: [    0.005686]  gran_size: 256K #011chunk_size: 512K #011num_reg: 10  #011lose cover RAM: 2048G
Jul 14 11:20:17 172.20.224.102 kernel: [    0.005688]  gran_size: 256K #011chunk_size: 1M #011num_reg: 10  #011lose cover RAM: 2048G
Jul 14 11:20:17 172.20.224.102 kernel: [    0.005690]  gran_size: 256K #011chunk_size: 2M #011num_reg: 10  #011lose cover RAM: 2048G
Jul 14 11:20:17 172.20.224.102 kernel: [    0.005692]  gran_size: 256K #011chunk_size: 4M #011num_reg: 10  #011lose cover RAM: 2048G
Jul 14 11:20:17 172.20.224.102 kernel: [    0.005694]  gran_size: 256K #011chunk_size: 8M #011num_reg: 10  #011lose cover RAM: 2048G
Jul 14 11:20:17 172.20.224.102 kernel: [    0.005696]  gran_size: 256K #011chunk_size: 16M #011num_reg: 10  #011lose cover RAM: 2048G
Jul 14 11:20:17 172.20.224.102 kernel: [    0.005698]  gran_size: 256K #011chunk_size: 32M #011num_reg: 10  #011lose cover RAM: 2048G
Jul 14 11:20:17 172.20.224.102 kernel: [    0.005700]  gran_size: 256K #011chunk_size: 64M #011num_reg: 10  #011lose cover RAM: 2048G
Jul 14 11:20:17 172.20.224.102 kernel: [    0.005702]  gran_size: 256K #011chunk_size: 128M #011num_reg: 10  #011lose cover RAM: 2048G
Jul 14 11:20:17 172.20.224.102 kernel: [    0.005705]  gran_size: 256K #011chunk_size: 256M #011num_reg: 10  #011lose cover RAM: 2048G
Jul 14 11:20:17 172.20.224.102 kernel: [    0.005707]  gran_size: 256K #011chunk_size: 512M #011num_reg: 10  #011lose cover RAM: 2048G
Jul 14 11:20:17 172.20.224.102 kernel: [    0.005709]  gran_size: 256K #011chunk_size: 1G #011num_reg: 10  #011lose cover RAM: 2048G
Jul 14 11:20:17 172.20.224.102 kernel: [    0.005711]  gran_size: 256K #011chunk_size: 2G #011num_reg: 10  #011lose cover RAM: 2048G
Jul 14 11:20:17 172.20.224.102 kernel: [    0.005713]  gran_size: 512K #011chunk_size: 512K #011num_reg: 10  #011lose cover RAM: 2048G
Jul 14 11:20:17 172.20.224.102 kernel: [    0.005715]  gran_size: 512K #011chunk_size: 1M #011num_reg: 10  #011lose cover RAM: 2048G
Jul 14 11:20:17 172.20.224.102 kernel: [    0.005717]  gran_size: 512K #011chunk_size: 2M #011num_reg: 10  #011lose cover RAM: 2048G
Jul 14 11:20:17 172.20.224.102 kernel: [    0.005719]  gran_size: 512K #011chunk_size: 4M #011num_reg: 10  #011lose cover RAM: 2048G
Jul 14 11:20:17 172.20.224.102 kernel: [    0.005721]  gran_size: 512K #011chunk_size: 8M #011num_reg: 10  #011lose cover RAM: 2048G
Jul 14 11:20:17 172.20.224.102 kernel: [    0.005723]  gran_size: 512K #011chunk_size: 16M #011num_reg: 10  #011lose cover RAM: 2048G
Jul 14 11:20:17 172.20.224.102 kernel: [    0.005725]  gran_size: 512K #011chunk_size: 32M #011num_reg: 10  #011lose cover RAM: 2048G
Jul 14 11:20:17 172.20.224.102 kernel: [    0.005727]  gran_size: 512K #011chunk_size: 64M #011num_reg: 10  #011lose cover RAM: 2048G
Jul 14 11:20:17 172.20.224.102 kernel: [    0.005729]  gran_size: 512K #011chunk_size: 128M #011num_reg: 10  #011lose cover RAM: 2048G
Jul 14 11:20:17 172.20.224.102 kernel: [    0.005731]  gran_size: 512K #011chunk_size: 256M #011num_reg: 10  #011lose cover RAM: 2048G
Jul 14 11:20:17 172.20.224.102 kernel: [    0.005733]  gran_size: 512K #011chunk_size: 512M #011num_reg: 10  #011lose cover RAM: 2048G
Jul 14 11:20:17 172.20.224.102 kernel: [    0.005735]  gran_size: 512K #011chunk_size: 1G #011num_reg: 10  #011lose cover RAM: 2048G
Jul 14 11:20:17 172.20.224.102 kernel: [    0.005737]  gran_size: 512K #011chunk_size: 2G #011num_reg: 10  #011lose cover RAM: 2048G
Jul 14 11:20:17 172.20.224.102 kernel: [    0.005739]  gran_size: 1M #011chunk_size: 1M #011num_reg: 10  #011lose cover RAM: 2048G
Jul 14 11:20:17 172.20.224.102 kernel: [    0.005741]  gran_size: 1M #011chunk_size: 2M #011num_reg: 10  #011lose cover RAM: 2048G
Jul 14 11:20:17 172.20.224.102 kernel: [    0.005743]  gran_size: 1M #011chunk_size: 4M #011num_reg: 10  #011lose cover RAM: 2048G
Jul 14 11:20:17 172.20.224.102 kernel: [    0.005745]  gran_size: 1M #011chunk_size: 8M #011num_reg: 10  #011lose cover RAM: 2048G
Jul 14 11:20:17 172.20.224.102 kernel: [    0.005747]  gran_size: 1M #011chunk_size: 16M #011num_reg: 10  #011lose cover RAM: 2048G
Jul 14 11:20:17 172.20.224.102 kernel: [    0.005750]  gran_size: 1M #011chunk_size: 32M #011num_reg: 10  #011lose cover RAM: 2048G
Jul 14 11:20:17 172.20.224.102 kernel: [    0.005752]  gran_size: 1M #011chunk_size: 64M #011num_reg: 10  #011lose cover RAM: 2048G
Jul 14 11:20:17 172.20.224.102 kernel: [    0.005754]  gran_size: 1M #011chunk_size: 128M #011num_reg: 10  #011lose cover RAM: 2048G
Jul 14 11:20:17 172.20.224.102 kernel: [    0.005756]  gran_size: 1M #011chunk_size: 256M #011num_reg: 10  #011lose cover RAM: 2048G
Jul 14 11:20:17 172.20.224.102 kernel: [    0.005758]  gran_size: 1M #011chunk_size: 512M #011num_reg: 10  #011lose cover RAM: 2048G
Jul 14 11:20:17 172.20.224.102 kernel: [    0.005760]  gran_size: 1M #011chunk_size: 1G #011num_reg: 10  #011lose cover RAM: 2048G
Jul 14 11:20:17 172.20.224.102 kernel: [    0.005762]  gran_size: 1M #011chunk_size: 2G #011num_reg: 10  #011lose cover RAM: 2048G
Jul 14 11:20:17 172.20.224.102 kernel: [    0.005764]  gran_size: 2M #011chunk_size: 2M #011num_reg: 10  #011lose cover RAM: 2048G
Jul 14 11:20:17 172.20.224.102 kernel: [    0.005766]  gran_size: 2M #011chunk_size: 4M #011num_reg: 10  #011lose cover RAM: 2048G
Jul 14 11:20:17 172.20.224.102 kernel: [    0.005768]  gran_size: 2M #011chunk_size: 8M #011num_reg: 10  #011lose cover RAM: 2048G
Jul 14 11:20:17 172.20.224.102 kernel: [    0.005770]  gran_size: 2M #011chunk_size: 16M #011num_reg: 10  #011lose cover RAM: 2048G
Jul 14 11:20:17 172.20.224.102 kernel: [    0.005772]  gran_size: 2M #011chunk_size: 32M #011num_reg: 10  #011lose cover RAM: 2048G
Jul 14 11:20:17 172.20.224.102 kernel: [    0.005774]  gran_size: 2M #011chunk_size: 64M #011num_reg: 10  #011lose cover RAM: 2048G
Jul 14 11:20:17 172.20.224.102 kernel: [    0.005776]  gran_size: 2M #011chunk_size: 128M #011num_reg: 10  #011lose cover RAM: 2048G
Jul 14 11:20:17 172.20.224.102 kernel: [    0.005778]  gran_size: 2M #011chunk_size: 256M #011num_reg: 10  #011lose cover RAM: 2048G
Jul 14 11:20:17 172.20.224.102 kernel: [    0.005780]  gran_size: 2M #011chunk_size: 512M #011num_reg: 10  #011lose cover RAM: 2048G
Jul 14 11:20:17 172.20.224.102 kernel: [    0.005782]  gran_size: 2M #011chunk_size: 1G #011num_reg: 10  #011lose cover RAM: 2048G
Jul 14 11:20:17 172.20.224.102 kernel: [    0.005784]  gran_size: 2M #011chunk_size: 2G #011num_reg: 10  #011lose cover RAM: 2048G
Jul 14 11:20:17 172.20.224.102 kernel: [    0.005786]  gran_size: 4M #011chunk_size: 4M #011num_reg: 10  #011lose cover RAM: 2048G
Jul 14 11:20:17 172.20.224.102 kernel: [    0.005788]  gran_size: 4M #011chunk_size: 8M #011num_reg: 10  #011lose cover RAM: 2048G
Jul 14 11:20:17 172.20.224.102 kernel: [    0.005790]  gran_size: 4M #011chunk_size: 16M #011num_reg: 10  #011lose cover RAM: 2048G
Jul 14 11:20:17 172.20.224.102 kernel: [    0.005792]  gran_size: 4M #011chunk_size: 32M #011num_reg: 10  #011lose cover RAM: 2048G
Jul 14 11:20:17 172.20.224.102 kernel: [    0.005794]  gran_size: 4M #011chunk_size: 64M #011num_reg: 10  #011lose cover RAM: 2048G
Jul 14 11:20:17 172.20.224.102 kernel: [    0.005796]  gran_size: 4M #011chunk_size: 128M #011num_reg: 10  #011lose cover RAM: 2048G
Jul 14 11:20:17 172.20.224.102 kernel: [    0.005798]  gran_size: 4M #011chunk_size: 256M #011num_reg: 10  #011lose cover RAM: 2048G
Jul 14 11:20:17 172.20.224.102 kernel: [    0.005800]  gran_size: 4M #011chunk_size: 512M #011num_reg: 10  #011lose cover RAM: 2048G
Jul 14 11:20:17 172.20.224.102 kernel: [    0.005802]  gran_size: 4M #011chunk_size: 1G #011num_reg: 10  #011lose cover RAM: 2048G
Jul 14 11:20:17 172.20.224.102 kernel: [    0.005804]  gran_size: 4M #011chunk_size: 2G #011num_reg: 10  #011lose cover RAM: 2048G
Jul 14 11:20:17 172.20.224.102 kernel: [    0.005806]  gran_size: 8M #011chunk_size: 8M #011num_reg: 10  #011lose cover RAM: 2048G
Jul 14 11:20:17 172.20.224.102 kernel: [    0.005808]  gran_size: 8M #011chunk_size: 16M #011num_reg: 10  #011lose cover RAM: 2048G
Jul 14 11:20:17 172.20.224.102 kernel: [    0.005810]  gran_size: 8M #011chunk_size: 32M #011num_reg: 10  #011lose cover RAM: 2048G
Jul 14 11:20:17 172.20.224.102 kernel: [    0.005812]  gran_size: 8M #011chunk_size: 64M #011num_reg: 10  #011lose cover RAM: 2048G
Jul 14 11:20:17 172.20.224.102 kernel: [    0.005814]  gran_size: 8M #011chunk_size: 128M #011num_reg: 10  #011lose cover RAM: 2048G
Jul 14 11:20:17 172.20.224.102 kernel: [    0.005816]  gran_size: 8M #011chunk_size: 256M #011num_reg: 10  #011lose cover RAM: 2048G
Jul 14 11:20:17 172.20.224.102 kernel: [    0.005819]  gran_size: 8M #011chunk_size: 512M #011num_reg: 10  #011lose cover RAM: 2048G
Jul 14 11:20:17 172.20.224.102 kernel: [    0.005821]  gran_size: 8M #011chunk_size: 1G #011num_reg: 10  #011lose cover RAM: 2048G
Jul 14 11:20:17 172.20.224.102 kernel: [    0.005823]  gran_size: 8M #011chunk_size: 2G #011num_reg: 10  #011lose cover RAM: 2048G
Jul 14 11:20:17 172.20.224.102 kernel: [    0.005825]  gran_size: 16M #011chunk_size: 16M #011num_reg: 10  #011lose cover RAM: 2048G
Jul 14 11:20:17 172.20.224.102 kernel: [    0.005827]  gran_size: 16M #011chunk_size: 32M #011num_reg: 10  #011lose cover RAM: 2048G
Jul 14 11:20:17 172.20.224.102 kernel: [    0.005829]  gran_size: 16M #011chunk_size: 64M #011num_reg: 10  #011lose cover RAM: 2048G
Jul 14 11:20:17 172.20.224.102 kernel: [    0.005831]  gran_size: 16M #011chunk_size: 128M #011num_reg: 10  #011lose cover RAM: 2048G
Jul 14 11:20:17 172.20.224.102 kernel: [    0.005834]  gran_size: 16M #011chunk_size: 256M #011num_reg: 10  #011lose cover RAM: 2048G
Jul 14 11:20:17 172.20.224.102 kernel: [    0.005836]  gran_size: 16M #011chunk_size: 512M #011num_reg: 10  #011lose cover RAM: 2048G
Jul 14 11:20:17 172.20.224.102 kernel: [    0.005838]  gran_size: 16M #011chunk_size: 1G #011num_reg: 10  #011lose cover RAM: 2048G
Jul 14 11:20:17 172.20.224.102 kernel: [    0.005840]  gran_size: 16M #011chunk_size: 2G #011num_reg: 10  #011lose cover RAM: 2048G
Jul 14 11:20:17 172.20.224.102 kernel: [    0.005842]  gran_size: 32M #011chunk_size: 32M #011num_reg: 10  #011lose cover RAM: 2048G
Jul 14 11:20:17 172.20.224.102 kernel: [    0.005845]  gran_size: 32M #011chunk_size: 64M #011num_reg: 10  #011lose cover RAM: 2048G
Jul 14 11:20:17 172.20.224.102 kernel: [    0.005847]  gran_size: 32M #011chunk_size: 128M #011num_reg: 10  #011lose cover RAM: 2048G
Jul 14 11:20:17 172.20.224.102 kernel: [    0.005849]  gran_size: 32M #011chunk_size: 256M #011num_reg: 10  #011lose cover RAM: 2048G
Jul 14 11:20:17 172.20.224.102 kernel: [    0.005851]  gran_size: 32M #011chunk_size: 512M #011num_reg: 10  #011lose cover RAM: 2048G
Jul 14 11:20:17 172.20.224.102 kernel: [    0.005853]  gran_size: 32M #011chunk_size: 1G #011num_reg: 10  #011lose cover RAM: 2048G
Jul 14 11:20:17 172.20.224.102 kernel: [    0.005855]  gran_size: 32M #011chunk_size: 2G #011num_reg: 10  #011lose cover RAM: 2048G
Jul 14 11:20:17 172.20.224.102 kernel: [    0.005857]  gran_size: 64M #011chunk_size: 64M #011num_reg: 10  #011lose cover RAM: 2048G
Jul 14 11:20:17 172.20.224.102 kernel: [    0.005860]  gran_size: 64M #011chunk_size: 128M #011num_reg: 10  #011lose cover RAM: 2048G
Jul 14 11:20:17 172.20.224.102 kernel: [    0.005862]  gran_size: 64M #011chunk_size: 256M #011num_reg: 10  #011lose cover RAM: 2048G
Jul 14 11:20:17 172.20.224.102 kernel: [    0.005864]  gran_size: 64M #011chunk_size: 512M #011num_reg: 10  #011lose cover RAM: 2048G
Jul 14 11:20:17 172.20.224.102 kernel: [    0.005866]  gran_size: 64M #011chunk_size: 1G #011num_reg: 10  #011lose cover RAM: 2048G
Jul 14 11:20:17 172.20.224.102 kernel: [    0.005868]  gran_size: 64M #011chunk_size: 2G #011num_reg: 10  #011lose cover RAM: 2048G
Jul 14 11:20:17 172.20.224.102 kernel: [    0.005870]  gran_size: 128M #011chunk_size: 128M #011num_reg: 10  #011lose cover RAM: 2048G
Jul 14 11:20:17 172.20.224.102 kernel: [    0.005873]  gran_size: 128M #011chunk_size: 256M #011num_reg: 10  #011lose cover RAM: 2048G
Jul 14 11:20:17 172.20.224.102 kernel: [    0.005875]  gran_size: 128M #011chunk_size: 512M #011num_reg: 10  #011lose cover RAM: 2048G
Jul 14 11:20:17 172.20.224.102 kernel: [    0.005877]  gran_size: 128M #011chunk_size: 1G #011num_reg: 10  #011lose cover RAM: 2048G
Jul 14 11:20:17 172.20.224.102 kernel: [    0.005879]  gran_size: 128M #011chunk_size: 2G #011num_reg: 10  #011lose cover RAM: 2048G
Jul 14 11:20:17 172.20.224.102 kernel: [    0.005881]  gran_size: 256M #011chunk_size: 256M #011num_reg: 10  #011lose cover RAM: 2048G
Jul 14 11:20:17 172.20.224.102 kernel: [    0.005883]  gran_size: 256M #011chunk_size: 512M #011num_reg: 10  #011lose cover RAM: 2048G
Jul 14 11:20:17 172.20.224.102 kernel: [    0.005885]  gran_size: 256M #011chunk_size: 1G #011num_reg: 10  #011lose cover RAM: 2048G
Jul 14 11:20:17 172.20.224.102 kernel: [    0.005888]  gran_size: 256M #011chunk_size: 2G #011num_reg: 10  #011lose cover RAM: 2048G
Jul 14 11:20:17 172.20.224.102 kernel: [    0.005890]  gran_size: 512M #011chunk_size: 512M #011num_reg: 10  #011lose cover RAM: 2048G
Jul 14 11:20:17 172.20.224.102 kernel: [    0.005892]  gran_size: 512M #011chunk_size: 1G #011num_reg: 10  #011lose cover RAM: 2048G
Jul 14 11:20:17 172.20.224.102 kernel: [    0.005894]  gran_size: 512M #011chunk_size: 2G #011num_reg: 10  #011lose cover RAM: 2048G
Jul 14 11:20:17 172.20.224.102 kernel: [    0.005896]  gran_size: 1G #011chunk_size: 1G #011num_reg: 10  #011lose cover RAM: 2048G
Jul 14 11:20:17 172.20.224.102 kernel: [    0.005898]  gran_size: 1G #011chunk_size: 2G #011num_reg: 10  #011lose cover RAM: 2048G
Jul 14 11:20:17 172.20.224.102 kernel: [    0.005901]  gran_size: 2G #011chunk_size: 2G #011num_reg: 10  #011lose cover RAM: 2048G
Jul 14 11:20:17 172.20.224.102 kernel: [    0.005903] mtrr_cleanup: can not find optimal value
Jul 14 11:20:17 172.20.224.102 kernel: [    0.005904] please specify mtrr_gran_size/mtrr_chunk_size
Jul 14 11:20:17 172.20.224.102 kernel: [    0.005908] e820: update [mem 0x80000000-0xffffffff] usable ==> reserved
Jul 14 11:20:17 172.20.224.102 kernel: [    0.005913] x2apic: enabled by BIOS, switching to x2apic ops
Jul 14 11:20:17 172.20.224.102 kernel: [    0.005914] last_pfn = 0x77800 max_arch_pfn = 0x10000000000
Jul 14 11:20:17 172.20.224.102 kernel: [    0.016799] Using GB pages for direct mapping
Jul 14 11:20:17 172.20.224.102 kernel: [    0.017198] secureboot: Secure boot disabled
Jul 14 11:20:17 172.20.224.102 kernel: [    0.017199] RAMDISK: [mem 0x5ad60000-0x61846fff]
Jul 14 11:20:17 172.20.224.102 kernel: [    0.017203] ACPI: Early table checksum verification disabled
Jul 14 11:20:17 172.20.224.102 kernel: [    0.017206] ACPI: RSDP 0x0000000072102014 000024 (v02 ALASKA)
Jul 14 11:20:17 172.20.224.102 kernel: [    0.017212] ACPI: XSDT 0x0000000072101728 0000EC (v01 ALASKA A M I    01072009 AMI  01000013)
Jul 14 11:20:17 172.20.224.102 kernel: [    0.017218] ACPI: FACP 0x0000000072100000 000114 (v06 ALASKA A M I    01072009 INTL 20091013)
Jul 14 11:20:17 172.20.224.102 kernel: [    0.017226] ACPI: DSDT 0x0000000072033000 0CB7DD (v02 ALASKA A M I    01072009 INTL 20091013)
Jul 14 11:20:17 172.20.224.102 kernel: [    0.017230] ACPI: FACS 0x000000007530D000 000040
Jul 14 11:20:17 172.20.224.102 kernel: [    0.017234] ACPI: SPMI 0x00000000720FF000 000041 (v05 ALASKA A M I    00000000 AMI. 00000000)
Jul 14 11:20:17 172.20.224.102 kernel: [    0.017239] ACPI: FIDT 0x0000000072032000 00009C (v01 ALASKA A M I    01072009 AMI  00010013)
Jul 14 11:20:17 172.20.224.102 kernel: [    0.017243] ACPI: SSDT 0x0000000072031000 00074C (v02 INTEL  RAS_ACPI 00000001 INTL 20210331)
Jul 14 11:20:17 172.20.224.102 kernel: [    0.017247] ACPI: ERST 0x0000000072030000 000230 (v01 ALASKA A M I    00000001 INTL 00000001)
Jul 14 11:20:17 172.20.224.102 kernel: [    0.017252] ACPI: MCFG 0x000000007202F000 00003C (v01 ALASKA A M I    01072009 MSFT 00000097)
Jul 14 11:20:17 172.20.224.102 kernel: [    0.017256] ACPI: HPET 0x000000007202E000 000038 (v01 ALASKA A M I    00000001 INTL 20091013)
Jul 14 11:20:17 172.20.224.102 kernel: [    0.017260] ACPI: MSCT 0x000000007202D000 000090 (v01 ALASKA A M I    00000001 INTL 20091013)
Jul 14 11:20:17 172.20.224.102 kernel: [    0.017264] ACPI: WDDT 0x000000007202C000 000040 (v01 ALASKA A M I    00000000 INTL 20091013)
Jul 14 11:20:17 172.20.224.102 kernel: [    0.017268] ACPI: APIC 0x000000007202A000 000E5E (v04 ALASKA A M I    00000000 INTL 20091013)
Jul 14 11:20:17 172.20.224.102 kernel: [    0.017272] ACPI: SRAT 0x0000000072022000 007830 (v03 ALASKA A M I    00000002 AMI  01000013)
Jul 14 11:20:17 172.20.224.102 kernel: [    0.017277] ACPI: SLIT 0x0000000072021000 000030 (v01 ALASKA A M I    01072009 AMI  01000013)
Jul 14 11:20:17 172.20.224.102 kernel: [    0.017281] ACPI: HMAT 0x0000000072020000 000158 (v02 ALASKA A M I    01072009 AMI  01000013)
Jul 14 11:20:17 172.20.224.102 kernel: [    0.017285] ACPI: OEM4 0x0000000071E98000 187A51 (v02 INTEL  CPU  CST 00003000 INTL 20210331)
Jul 14 11:20:17 172.20.224.102 kernel: [    0.017289] ACPI: OEM1 0x0000000071D84000 113479 (v02 INTEL  CPU EIST 00003000 INTL 20210331)
Jul 14 11:20:17 172.20.224.102 kernel: [    0.017294] ACPI: OEM2 0x0000000071D3D000 046031 (v02 INTEL  CPU  HWP 00003000 INTL 20210331)
Jul 14 11:20:17 172.20.224.102 kernel: [    0.017298] ACPI: SSDT 0x0000000071CD3000 069895 (v02 INTEL  SSDT  PM 00004000 INTL 20210331)
Jul 14 11:20:17 172.20.224.102 kernel: [    0.017302] ACPI: SSDT 0x0000000071CD2000 000957 (v02 ALASKA A M I    00000000 INTL 20091013)
Jul 14 11:20:17 172.20.224.102 kernel: [    0.017306] ACPI: HEST 0x0000000071CD1000 00013C (v01 ALASKA A M I    00000001 INTL 00000001)
Jul 14 11:20:17 172.20.224.102 kernel: [    0.017310] ACPI: BERT 0x0000000071CD0000 000030 (v01 ALASKA A M I    00000001 INTL 00000001)
Jul 14 11:20:17 172.20.224.102 kernel: [    0.017315] ACPI: SSDT 0x0000000071CCF000 00076E (v02 INTEL  ADDRXLAT 00000001 INTL 20210331)
Jul 14 11:20:17 172.20.224.102 kernel: [    0.017319] ACPI: DMAR 0x0000000071CCE000 000528 (v01 ALASKA A M I    00000001 INTL 20091013)
Jul 14 11:20:17 172.20.224.102 kernel: [    0.017323] ACPI: FPDT 0x0000000071CCD000 000044 (v01 ALASKA A M I    01072009 AMI  01000013)
Jul 14 11:20:17 172.20.224.102 kernel: [    0.017327] ACPI: SPCR 0x0000000071CCC000 000050 (v02 ALASKA A M I    01072009 AMI  00050020)
Jul 14 11:20:17 172.20.224.102 kernel: [    0.017331] ACPI: WSMT 0x000000007202B000 000028 (v01 ALASKA A M I    01072009 AMI  00010013)
Jul 14 11:20:17 172.20.224.102 kernel: [    0.017335] ACPI: Reserving FACP table memory at [mem 0x72100000-0x72100113]
Jul 14 11:20:17 172.20.224.102 kernel: [    0.017338] ACPI: Reserving DSDT table memory at [mem 0x72033000-0x720fe7dc]
Jul 14 11:20:17 172.20.224.102 kernel: [    0.017339] ACPI: Reserving FACS table memory at [mem 0x7530d000-0x7530d03f]
Jul 14 11:20:17 172.20.224.102 kernel: [    0.017341] ACPI: Reserving SPMI table memory at [mem 0x720ff000-0x720ff040]
Jul 14 11:20:17 172.20.224.102 kernel: [    0.017343] ACPI: Reserving FIDT table memory at [mem 0x72032000-0x7203209b]
Jul 14 11:20:17 172.20.224.102 kernel: [    0.017344] ACPI: Reserving SSDT table memory at [mem 0x72031000-0x7203174b]
Jul 14 11:20:17 172.20.224.102 kernel: [    0.017346] ACPI: Reserving ERST table memory at [mem 0x72030000-0x7203022f]
Jul 14 11:20:17 172.20.224.102 kernel: [    0.017348] ACPI: Reserving MCFG table memory at [mem 0x7202f000-0x7202f03b]
Jul 14 11:20:17 172.20.224.102 kernel: [    0.017349] ACPI: Reserving HPET table memory at [mem 0x7202e000-0x7202e037]
Jul 14 11:20:17 172.20.224.102 kernel: [    0.017351] ACPI: Reserving MSCT table memory at [mem 0x7202d000-0x7202d08f]
Jul 14 11:20:17 172.20.224.102 kernel: [    0.017352] ACPI: Reserving WDDT table memory at [mem 0x7202c000-0x7202c03f]
Jul 14 11:20:17 172.20.224.102 kernel: [    0.017354] ACPI: Reserving APIC table memory at [mem 0x7202a000-0x7202ae5d]
Jul 14 11:20:17 172.20.224.102 kernel: [    0.017356] ACPI: Reserving SRAT table memory at [mem 0x72022000-0x7202982f]
Jul 14 11:20:17 172.20.224.102 kernel: [    0.017357] ACPI: Reserving SLIT table memory at [mem 0x72021000-0x7202102f]
Jul 14 11:20:17 172.20.224.102 kernel: [    0.017359] ACPI: Reserving HMAT table memory at [mem 0x72020000-0x72020157]
Jul 14 11:20:17 172.20.224.102 kernel: [    0.017361] ACPI: Reserving OEM4 table memory at [mem 0x71e98000-0x7201fa50]
Jul 14 11:20:17 172.20.224.102 kernel: [    0.017362] ACPI: Reserving OEM1 table memory at [mem 0x71d84000-0x71e97478]
Jul 14 11:20:17 172.20.224.102 kernel: [    0.017364] ACPI: Reserving OEM2 table memory at [mem 0x71d3d000-0x71d83030]
Jul 14 11:20:17 172.20.224.102 kernel: [    0.017365] ACPI: Reserving SSDT table memory at [mem 0x71cd3000-0x71d3c894]
Jul 14 11:20:17 172.20.224.102 kernel: [    0.017367] ACPI: Reserving SSDT table memory at [mem 0x71cd2000-0x71cd2956]
Jul 14 11:20:17 172.20.224.102 kernel: [    0.017369] ACPI: Reserving HEST table memory at [mem 0x71cd1000-0x71cd113b]
Jul 14 11:20:17 172.20.224.102 kernel: [    0.017370] ACPI: Reserving BERT table memory at [mem 0x71cd0000-0x71cd002f]
Jul 14 11:20:17 172.20.224.102 kernel: [    0.017372] ACPI: Reserving SSDT table memory at [mem 0x71ccf000-0x71ccf76d]
Jul 14 11:20:17 172.20.224.102 kernel: [    0.017374] ACPI: Reserving DMAR table memory at [mem 0x71cce000-0x71cce527]
Jul 14 11:20:17 172.20.224.102 kernel: [    0.017375] ACPI: Reserving FPDT table memory at [mem 0x71ccd000-0x71ccd043]
Jul 14 11:20:17 172.20.224.102 kernel: [    0.017377] ACPI: Reserving SPCR table memory at [mem 0x71ccc000-0x71ccc04f]
Jul 14 11:20:17 172.20.224.102 kernel: [    0.017379] ACPI: Reserving WSMT table memory at [mem 0x7202b000-0x7202b027]
Jul 14 11:20:17 172.20.224.102 kernel: [    0.017390] Setting APIC routing to cluster x2apic.
Jul 14 11:20:17 172.20.224.102 kernel: [    0.017461] SRAT: PXM 0 -> APIC 0x0000 -> Node 0
Jul 14 11:20:17 172.20.224.102 kernel: [    0.017463] SRAT: PXM 0 -> APIC 0x0001 -> Node 0
Jul 14 11:20:17 172.20.224.102 kernel: [    0.017464] SRAT: PXM 0 -> APIC 0x0002 -> Node 0
Jul 14 11:20:17 172.20.224.102 kernel: [    0.017466] SRAT: PXM 0 -> APIC 0x0003 -> Node 0
Jul 14 11:20:17 172.20.224.102 kernel: [    0.017467] SRAT: PXM 0 -> APIC 0x0004 -> Node 0
Jul 14 11:20:17 172.20.224.102 kernel: [    0.017468] SRAT: PXM 0 -> APIC 0x0005 -> Node 0
Jul 14 11:20:17 172.20.224.102 kernel: [    0.017469] SRAT: PXM 0 -> APIC 0x0006 -> Node 0
Jul 14 11:20:17 172.20.224.102 kernel: [    0.017470] SRAT: PXM 0 -> APIC 0x0007 -> Node 0
Jul 14 11:20:17 172.20.224.102 kernel: [    0.017472] SRAT: PXM 0 -> APIC 0x0008 -> Node 0
Jul 14 11:20:17 172.20.224.102 kernel: [    0.017473] SRAT: PXM 0 -> APIC 0x0009 -> Node 0
Jul 14 11:20:17 172.20.224.102 kernel: [    0.017474] SRAT: PXM 0 -> APIC 0x000a -> Node 0
Jul 14 11:20:17 172.20.224.102 kernel: [    0.017475] SRAT: PXM 0 -> APIC 0x000b -> Node 0
Jul 14 11:20:17 172.20.224.102 kernel: [    0.017477] SRAT: PXM 0 -> APIC 0x000c -> Node 0
Jul 14 11:20:17 172.20.224.102 kernel: [    0.017478] SRAT: PXM 0 -> APIC 0x000d -> Node 0
Jul 14 11:20:17 172.20.224.102 kernel: [    0.017479] SRAT: PXM 0 -> APIC 0x000e -> Node 0
Jul 14 11:20:17 172.20.224.102 kernel: [    0.017480] SRAT: PXM 0 -> APIC 0x000f -> Node 0
Jul 14 11:20:17 172.20.224.102 kernel: [    0.017482] SRAT: PXM 0 -> APIC 0x0010 -> Node 0
Jul 14 11:20:17 172.20.224.102 kernel: [    0.017483] SRAT: PXM 0 -> APIC 0x0011 -> Node 0
Jul 14 11:20:17 172.20.224.102 kernel: [    0.017484] SRAT: PXM 0 -> APIC 0x0012 -> Node 0
Jul 14 11:20:17 172.20.224.102 kernel: [    0.017486] SRAT: PXM 0 -> APIC 0x0013 -> Node 0
Jul 14 11:20:17 172.20.224.102 kernel: [    0.017487] SRAT: PXM 0 -> APIC 0x0014 -> Node 0
Jul 14 11:20:17 172.20.224.102 kernel: [    0.017488] SRAT: PXM 0 -> APIC 0x0015 -> Node 0
Jul 14 11:20:17 172.20.224.102 kernel: [    0.017489] SRAT: PXM 0 -> APIC 0x0016 -> Node 0
Jul 14 11:20:17 172.20.224.102 kernel: [    0.017490] SRAT: PXM 0 -> APIC 0x0017 -> Node 0
Jul 14 11:20:17 172.20.224.102 kernel: [    0.017492] SRAT: PXM 0 -> APIC 0x0018 -> Node 0
Jul 14 11:20:17 172.20.224.102 kernel: [    0.017493] SRAT: PXM 0 -> APIC 0x0019 -> Node 0
Jul 14 11:20:17 172.20.224.102 kernel: [    0.017494] SRAT: PXM 0 -> APIC 0x001a -> Node 0
Jul 14 11:20:17 172.20.224.102 kernel: [    0.017496] SRAT: PXM 0 -> APIC 0x001b -> Node 0
Jul 14 11:20:17 172.20.224.102 kernel: [    0.017497] SRAT: PXM 0 -> APIC 0x001c -> Node 0
Jul 14 11:20:17 172.20.224.102 kernel: [    0.017498] SRAT: PXM 0 -> APIC 0x001d -> Node 0
Jul 14 11:20:17 172.20.224.102 kernel: [    0.017499] SRAT: PXM 0 -> APIC 0x001e -> Node 0
Jul 14 11:20:17 172.20.224.102 kernel: [    0.017501] SRAT: PXM 0 -> APIC 0x001f -> Node 0
Jul 14 11:20:17 172.20.224.102 kernel: [    0.017502] SRAT: PXM 0 -> APIC 0x0020 -> Node 0
Jul 14 11:20:17 172.20.224.102 kernel: [    0.017503] SRAT: PXM 0 -> APIC 0x0021 -> Node 0
Jul 14 11:20:17 172.20.224.102 kernel: [    0.017504] SRAT: PXM 0 -> APIC 0x0022 -> Node 0
Jul 14 11:20:17 172.20.224.102 kernel: [    0.017505] SRAT: PXM 0 -> APIC 0x0023 -> Node 0
Jul 14 11:20:17 172.20.224.102 kernel: [    0.017507] SRAT: PXM 0 -> APIC 0x0024 -> Node 0
Jul 14 11:20:17 172.20.224.102 kernel: [    0.017508] SRAT: PXM 0 -> APIC 0x0025 -> Node 0
Jul 14 11:20:17 172.20.224.102 kernel: [    0.017509] SRAT: PXM 0 -> APIC 0x0026 -> Node 0
Jul 14 11:20:17 172.20.224.102 kernel: [    0.017510] SRAT: PXM 0 -> APIC 0x0027 -> Node 0
Jul 14 11:20:17 172.20.224.102 kernel: [    0.017512] SRAT: PXM 0 -> APIC 0x0028 -> Node 0
Jul 14 11:20:17 172.20.224.102 kernel: [    0.017513] SRAT: PXM 0 -> APIC 0x0029 -> Node 0
Jul 14 11:20:17 172.20.224.102 kernel: [    0.017514] SRAT: PXM 0 -> APIC 0x002a -> Node 0
Jul 14 11:20:17 172.20.224.102 kernel: [    0.017515] SRAT: PXM 0 -> APIC 0x002b -> Node 0
Jul 14 11:20:17 172.20.224.102 kernel: [    0.017516] SRAT: PXM 0 -> APIC 0x002c -> Node 0
Jul 14 11:20:17 172.20.224.102 kernel: [    0.017518] SRAT: PXM 0 -> APIC 0x002d -> Node 0
Jul 14 11:20:17 172.20.224.102 kernel: [    0.017519] SRAT: PXM 0 -> APIC 0x002e -> Node 0
Jul 14 11:20:17 172.20.224.102 kernel: [    0.017520] SRAT: PXM 0 -> APIC 0x002f -> Node 0
Jul 14 11:20:17 172.20.224.102 kernel: [    0.017521] SRAT: PXM 0 -> APIC 0x0030 -> Node 0
Jul 14 11:20:17 172.20.224.102 kernel: [    0.017523] SRAT: PXM 0 -> APIC 0x0031 -> Node 0
Jul 14 11:20:17 172.20.224.102 kernel: [    0.017524] SRAT: PXM 0 -> APIC 0x0032 -> Node 0
Jul 14 11:20:17 172.20.224.102 kernel: [    0.017525] SRAT: PXM 0 -> APIC 0x0033 -> Node 0
Jul 14 11:20:17 172.20.224.102 kernel: [    0.017526] SRAT: PXM 0 -> APIC 0x0034 -> Node 0
Jul 14 11:20:17 172.20.224.102 kernel: [    0.017527] SRAT: PXM 0 -> APIC 0x0035 -> Node 0
Jul 14 11:20:17 172.20.224.102 kernel: [    0.017529] SRAT: PXM 0 -> APIC 0x0036 -> Node 0
Jul 14 11:20:17 172.20.224.102 kernel: [    0.017530] SRAT: PXM 0 -> APIC 0x0037 -> Node 0
Jul 14 11:20:17 172.20.224.102 kernel: [    0.017531] SRAT: PXM 0 -> APIC 0x0038 -> Node 0
Jul 14 11:20:17 172.20.224.102 kernel: [    0.017532] SRAT: PXM 0 -> APIC 0x0039 -> Node 0
Jul 14 11:20:17 172.20.224.102 kernel: [    0.017534] SRAT: PXM 0 -> APIC 0x003a -> Node 0
Jul 14 11:20:17 172.20.224.102 kernel: [    0.017535] SRAT: PXM 0 -> APIC 0x003b -> Node 0
Jul 14 11:20:17 172.20.224.102 kernel: [    0.017536] SRAT: PXM 0 -> APIC 0x003c -> Node 0
Jul 14 11:20:17 172.20.224.102 kernel: [    0.017537] SRAT: PXM 0 -> APIC 0x003d -> Node 0
Jul 14 11:20:17 172.20.224.102 kernel: [    0.017538] SRAT: PXM 0 -> APIC 0x003e -> Node 0
Jul 14 11:20:17 172.20.224.102 kernel: [    0.017540] SRAT: PXM 0 -> APIC 0x003f -> Node 0
Jul 14 11:20:17 172.20.224.102 kernel: [    0.017541] SRAT: PXM 0 -> APIC 0x0040 -> Node 0
Jul 14 11:20:17 172.20.224.102 kernel: [    0.017542] SRAT: PXM 0 -> APIC 0x0041 -> Node 0
Jul 14 11:20:17 172.20.224.102 kernel: [    0.017543] SRAT: PXM 0 -> APIC 0x0042 -> Node 0
Jul 14 11:20:17 172.20.224.102 kernel: [    0.017544] SRAT: PXM 0 -> APIC 0x0043 -> Node 0
Jul 14 11:20:17 172.20.224.102 kernel: [    0.017546] SRAT: PXM 0 -> APIC 0x0044 -> Node 0
Jul 14 11:20:17 172.20.224.102 kernel: [    0.017547] SRAT: PXM 0 -> APIC 0x0045 -> Node 0
Jul 14 11:20:17 172.20.224.102 kernel: [    0.017548] SRAT: PXM 0 -> APIC 0x0046 -> Node 0
Jul 14 11:20:17 172.20.224.102 kernel: [    0.017549] SRAT: PXM 0 -> APIC 0x0047 -> Node 0
Jul 14 11:20:17 172.20.224.102 kernel: [    0.017551] SRAT: PXM 0 -> APIC 0x0048 -> Node 0
Jul 14 11:20:17 172.20.224.102 kernel: [    0.017552] SRAT: PXM 0 -> APIC 0x0049 -> Node 0
Jul 14 11:20:17 172.20.224.102 kernel: [    0.017553] SRAT: PXM 0 -> APIC 0x004a -> Node 0
Jul 14 11:20:17 172.20.224.102 kernel: [    0.017554] SRAT: PXM 0 -> APIC 0x004b -> Node 0
Jul 14 11:20:17 172.20.224.102 kernel: [    0.017555] SRAT: PXM 0 -> APIC 0x004c -> Node 0
Jul 14 11:20:17 172.20.224.102 kernel: [    0.017557] SRAT: PXM 0 -> APIC 0x004d -> Node 0
Jul 14 11:20:17 172.20.224.102 kernel: [    0.017558] SRAT: PXM 0 -> APIC 0x004e -> Node 0
Jul 14 11:20:17 172.20.224.102 kernel: [    0.017559] SRAT: PXM 0 -> APIC 0x004f -> Node 0
Jul 14 11:20:17 172.20.224.102 kernel: [    0.017560] SRAT: PXM 0 -> APIC 0x0050 -> Node 0
Jul 14 11:20:17 172.20.224.102 kernel: [    0.017562] SRAT: PXM 0 -> APIC 0x0051 -> Node 0
Jul 14 11:20:17 172.20.224.102 kernel: [    0.017563] SRAT: PXM 0 -> APIC 0x0052 -> Node 0
Jul 14 11:20:17 172.20.224.102 kernel: [    0.017564] SRAT: PXM 0 -> APIC 0x0053 -> Node 0
Jul 14 11:20:17 172.20.224.102 kernel: [    0.017565] SRAT: PXM 0 -> APIC 0x0054 -> Node 0
Jul 14 11:20:17 172.20.224.102 kernel: [    0.017566] SRAT: PXM 0 -> APIC 0x0055 -> Node 0
Jul 14 11:20:17 172.20.224.102 kernel: [    0.017568] SRAT: PXM 0 -> APIC 0x0056 -> Node 0
Jul 14 11:20:17 172.20.224.102 kernel: [    0.017569] SRAT: PXM 0 -> APIC 0x0057 -> Node 0
Jul 14 11:20:17 172.20.224.102 kernel: [    0.017570] SRAT: PXM 0 -> APIC 0x0058 -> Node 0
Jul 14 11:20:17 172.20.224.102 kernel: [    0.017571] SRAT: PXM 0 -> APIC 0x0059 -> Node 0
Jul 14 11:20:17 172.20.224.102 kernel: [    0.017573] SRAT: PXM 0 -> APIC 0x005a -> Node 0
Jul 14 11:20:17 172.20.224.102 kernel: [    0.017574] SRAT: PXM 0 -> APIC 0x005b -> Node 0
Jul 14 11:20:17 172.20.224.102 kernel: [    0.017575] SRAT: PXM 0 -> APIC 0x005c -> Node 0
Jul 14 11:20:17 172.20.224.102 kernel: [    0.017576] SRAT: PXM 0 -> APIC 0x005d -> Node 0
Jul 14 11:20:17 172.20.224.102 kernel: [    0.017577] SRAT: PXM 0 -> APIC 0x005e -> Node 0
Jul 14 11:20:17 172.20.224.102 kernel: [    0.017579] SRAT: PXM 0 -> APIC 0x005f -> Node 0
Jul 14 11:20:17 172.20.224.102 kernel: [    0.017580] SRAT: PXM 0 -> APIC 0x0060 -> Node 0
Jul 14 11:20:17 172.20.224.102 kernel: [    0.017581] SRAT: PXM 0 -> APIC 0x0061 -> Node 0
Jul 14 11:20:17 172.20.224.102 kernel: [    0.017582] SRAT: PXM 0 -> APIC 0x0062 -> Node 0
Jul 14 11:20:17 172.20.224.102 kernel: [    0.017583] SRAT: PXM 0 -> APIC 0x0063 -> Node 0
Jul 14 11:20:17 172.20.224.102 kernel: [    0.017585] SRAT: PXM 0 -> APIC 0x0064 -> Node 0
Jul 14 11:20:17 172.20.224.102 kernel: [    0.017586] SRAT: PXM 0 -> APIC 0x0065 -> Node 0
Jul 14 11:20:17 172.20.224.102 kernel: [    0.017587] SRAT: PXM 0 -> APIC 0x0066 -> Node 0
Jul 14 11:20:17 172.20.224.102 kernel: [    0.017588] SRAT: PXM 0 -> APIC 0x0067 -> Node 0
Jul 14 11:20:17 172.20.224.102 kernel: [    0.017590] SRAT: PXM 0 -> APIC 0x0068 -> Node 0
Jul 14 11:20:17 172.20.224.102 kernel: [    0.017591] SRAT: PXM 0 -> APIC 0x0069 -> Node 0
Jul 14 11:20:17 172.20.224.102 kernel: [    0.017592] SRAT: PXM 0 -> APIC 0x006a -> Node 0
Jul 14 11:20:17 172.20.224.102 kernel: [    0.017593] SRAT: PXM 0 -> APIC 0x006b -> Node 0
Jul 14 11:20:17 172.20.224.102 kernel: [    0.017594] SRAT: PXM 0 -> APIC 0x006c -> Node 0
Jul 14 11:20:17 172.20.224.102 kernel: [    0.017596] SRAT: PXM 0 -> APIC 0x006d -> Node 0
Jul 14 11:20:17 172.20.224.102 kernel: [    0.017597] SRAT: PXM 0 -> APIC 0x006e -> Node 0
Jul 14 11:20:17 172.20.224.102 kernel: [    0.017598] SRAT: PXM 0 -> APIC 0x006f -> Node 0
Jul 14 11:20:17 172.20.224.102 kernel: [    0.017599] SRAT: PXM 1 -> APIC 0x0080 -> Node 1
Jul 14 11:20:17 172.20.224.102 kernel: [    0.017601] SRAT: PXM 1 -> APIC 0x0081 -> Node 1
Jul 14 11:20:17 172.20.224.102 kernel: [    0.017602] SRAT: PXM 1 -> APIC 0x0082 -> Node 1
Jul 14 11:20:17 172.20.224.102 kernel: [    0.017603] SRAT: PXM 1 -> APIC 0x0083 -> Node 1
Jul 14 11:20:17 172.20.224.102 kernel: [    0.017604] SRAT: PXM 1 -> APIC 0x0084 -> Node 1
Jul 14 11:20:17 172.20.224.102 kernel: [    0.017605] SRAT: PXM 1 -> APIC 0x0085 -> Node 1
Jul 14 11:20:17 172.20.224.102 kernel: [    0.017607] SRAT: PXM 1 -> APIC 0x0086 -> Node 1
Jul 14 11:20:17 172.20.224.102 kernel: [    0.017608] SRAT: PXM 1 -> APIC 0x0087 -> Node 1
Jul 14 11:20:17 172.20.224.102 kernel: [    0.017609] SRAT: PXM 1 -> APIC 0x0088 -> Node 1
Jul 14 11:20:17 172.20.224.102 kernel: [    0.017610] SRAT: PXM 1 -> APIC 0x0089 -> Node 1
Jul 14 11:20:17 172.20.224.102 kernel: [    0.017611] SRAT: PXM 1 -> APIC 0x008a -> Node 1
Jul 14 11:20:17 172.20.224.102 kernel: [    0.017613] SRAT: PXM 1 -> APIC 0x008b -> Node 1
Jul 14 11:20:17 172.20.224.102 kernel: [    0.017614] SRAT: PXM 1 -> APIC 0x008c -> Node 1
Jul 14 11:20:17 172.20.224.102 kernel: [    0.017615] SRAT: PXM 1 -> APIC 0x008d -> Node 1
Jul 14 11:20:17 172.20.224.102 kernel: [    0.017616] SRAT: PXM 1 -> APIC 0x008e -> Node 1
Jul 14 11:20:17 172.20.224.102 kernel: [    0.017617] SRAT: PXM 1 -> APIC 0x008f -> Node 1
Jul 14 11:20:17 172.20.224.102 kernel: [    0.017619] SRAT: PXM 1 -> APIC 0x0090 -> Node 1
Jul 14 11:20:17 172.20.224.102 kernel: [    0.017620] SRAT: PXM 1 -> APIC 0x0091 -> Node 1
Jul 14 11:20:17 172.20.224.102 kernel: [    0.017621] SRAT: PXM 1 -> APIC 0x0092 -> Node 1
Jul 14 11:20:17 172.20.224.102 kernel: [    0.017622] SRAT: PXM 1 -> APIC 0x0093 -> Node 1
Jul 14 11:20:17 172.20.224.102 kernel: [    0.017623] SRAT: PXM 1 -> APIC 0x0094 -> Node 1
Jul 14 11:20:17 172.20.224.102 kernel: [    0.017625] SRAT: PXM 1 -> APIC 0x0095 -> Node 1
Jul 14 11:20:17 172.20.224.102 kernel: [    0.017626] SRAT: PXM 1 -> APIC 0x0096 -> Node 1
Jul 14 11:20:17 172.20.224.102 kernel: [    0.017627] SRAT: PXM 1 -> APIC 0x0097 -> Node 1
Jul 14 11:20:17 172.20.224.102 kernel: [    0.017628] SRAT: PXM 1 -> APIC 0x0098 -> Node 1
Jul 14 11:20:17 172.20.224.102 kernel: [    0.017629] SRAT: PXM 1 -> APIC 0x0099 -> Node 1
Jul 14 11:20:17 172.20.224.102 kernel: [    0.017631] SRAT: PXM 1 -> APIC 0x009a -> Node 1
Jul 14 11:20:17 172.20.224.102 kernel: [    0.017632] SRAT: PXM 1 -> APIC 0x009b -> Node 1
Jul 14 11:20:17 172.20.224.102 kernel: [    0.017633] SRAT: PXM 1 -> APIC 0x009c -> Node 1
Jul 14 11:20:17 172.20.224.102 kernel: [    0.017634] SRAT: PXM 1 -> APIC 0x009d -> Node 1
Jul 14 11:20:17 172.20.224.102 kernel: [    0.017636] SRAT: PXM 1 -> APIC 0x009e -> Node 1
Jul 14 11:20:17 172.20.224.102 kernel: [    0.017637] SRAT: PXM 1 -> APIC 0x009f -> Node 1
Jul 14 11:20:17 172.20.224.102 kernel: [    0.017638] SRAT: PXM 1 -> APIC 0x00a0 -> Node 1
Jul 14 11:20:17 172.20.224.102 kernel: [    0.017639] SRAT: PXM 1 -> APIC 0x00a1 -> Node 1
Jul 14 11:20:17 172.20.224.102 kernel: [    0.017640] SRAT: PXM 1 -> APIC 0x00a2 -> Node 1
Jul 14 11:20:17 172.20.224.102 kernel: [    0.017642] SRAT: PXM 1 -> APIC 0x00a3 -> Node 1
Jul 14 11:20:17 172.20.224.102 kernel: [    0.017643] SRAT: PXM 1 -> APIC 0x00a4 -> Node 1
Jul 14 11:20:17 172.20.224.102 kernel: [    0.017644] SRAT: PXM 1 -> APIC 0x00a5 -> Node 1
Jul 14 11:20:17 172.20.224.102 kernel: [    0.017645] SRAT: PXM 1 -> APIC 0x00a6 -> Node 1
Jul 14 11:20:17 172.20.224.102 kernel: [    0.017646] SRAT: PXM 1 -> APIC 0x00a7 -> Node 1
Jul 14 11:20:17 172.20.224.102 kernel: [    0.017648] SRAT: PXM 1 -> APIC 0x00a8 -> Node 1
Jul 14 11:20:17 172.20.224.102 kernel: [    0.017649] SRAT: PXM 1 -> APIC 0x00a9 -> Node 1
Jul 14 11:20:17 172.20.224.102 kernel: [    0.017650] SRAT: PXM 1 -> APIC 0x00aa -> Node 1
Jul 14 11:20:17 172.20.224.102 kernel: [    0.017651] SRAT: PXM 1 -> APIC 0x00ab -> Node 1
Jul 14 11:20:17 172.20.224.102 kernel: [    0.017652] SRAT: PXM 1 -> APIC 0x00ac -> Node 1
Jul 14 11:20:17 172.20.224.102 kernel: [    0.017654] SRAT: PXM 1 -> APIC 0x00ad -> Node 1
Jul 14 11:20:17 172.20.224.102 kernel: [    0.017655] SRAT: PXM 1 -> APIC 0x00ae -> Node 1
Jul 14 11:20:17 172.20.224.102 kernel: [    0.017656] SRAT: PXM 1 -> APIC 0x00af -> Node 1
Jul 14 11:20:17 172.20.224.102 kernel: [    0.017657] SRAT: PXM 1 -> APIC 0x00b0 -> Node 1
Jul 14 11:20:17 172.20.224.102 kernel: [    0.017659] SRAT: PXM 1 -> APIC 0x00b1 -> Node 1
Jul 14 11:20:17 172.20.224.102 kernel: [    0.017660] SRAT: PXM 1 -> APIC 0x00b2 -> Node 1
Jul 14 11:20:17 172.20.224.102 kernel: [    0.017661] SRAT: PXM 1 -> APIC 0x00b3 -> Node 1
Jul 14 11:20:17 172.20.224.102 kernel: [    0.017662] SRAT: PXM 1 -> APIC 0x00b4 -> Node 1
Jul 14 11:20:17 172.20.224.102 kernel: [    0.017663] SRAT: PXM 1 -> APIC 0x00b5 -> Node 1
Jul 14 11:20:17 172.20.224.102 kernel: [    0.017665] SRAT: PXM 1 -> APIC 0x00b6 -> Node 1
Jul 14 11:20:17 172.20.224.102 kernel: [    0.017666] SRAT: PXM 1 -> APIC 0x00b7 -> Node 1
Jul 14 11:20:17 172.20.224.102 kernel: [    0.017667] SRAT: PXM 1 -> APIC 0x00b8 -> Node 1
Jul 14 11:20:17 172.20.224.102 kernel: [    0.017668] SRAT: PXM 1 -> APIC 0x00b9 -> Node 1
Jul 14 11:20:17 172.20.224.102 kernel: [    0.017669] SRAT: PXM 1 -> APIC 0x00ba -> Node 1
Jul 14 11:20:17 172.20.224.102 kernel: [    0.017671] SRAT: PXM 1 -> APIC 0x00bb -> Node 1
Jul 14 11:20:17 172.20.224.102 kernel: [    0.017672] SRAT: PXM 1 -> APIC 0x00bc -> Node 1
Jul 14 11:20:17 172.20.224.102 kernel: [    0.017673] SRAT: PXM 1 -> APIC 0x00bd -> Node 1
Jul 14 11:20:17 172.20.224.102 kernel: [    0.017674] SRAT: PXM 1 -> APIC 0x00be -> Node 1
Jul 14 11:20:17 172.20.224.102 kernel: [    0.017675] SRAT: PXM 1 -> APIC 0x00bf -> Node 1
Jul 14 11:20:17 172.20.224.102 kernel: [    0.017677] SRAT: PXM 1 -> APIC 0x00c0 -> Node 1
Jul 14 11:20:17 172.20.224.102 kernel: [    0.017678] SRAT: PXM 1 -> APIC 0x00c1 -> Node 1
Jul 14 11:20:17 172.20.224.102 kernel: [    0.017679] SRAT: PXM 1 -> APIC 0x00c2 -> Node 1
Jul 14 11:20:17 172.20.224.102 kernel: [    0.017680] SRAT: PXM 1 -> APIC 0x00c3 -> Node 1
Jul 14 11:20:17 172.20.224.102 kernel: [    0.017681] SRAT: PXM 1 -> APIC 0x00c4 -> Node 1
Jul 14 11:20:17 172.20.224.102 kernel: [    0.017683] SRAT: PXM 1 -> APIC 0x00c5 -> Node 1
Jul 14 11:20:17 172.20.224.102 kernel: [    0.017684] SRAT: PXM 1 -> APIC 0x00c6 -> Node 1
Jul 14 11:20:17 172.20.224.102 kernel: [    0.017685] SRAT: PXM 1 -> APIC 0x00c7 -> Node 1
Jul 14 11:20:17 172.20.224.102 kernel: [    0.017686] SRAT: PXM 1 -> APIC 0x00c8 -> Node 1
Jul 14 11:20:17 172.20.224.102 kernel: [    0.017687] SRAT: PXM 1 -> APIC 0x00c9 -> Node 1
Jul 14 11:20:17 172.20.224.102 kernel: [    0.017689] SRAT: PXM 1 -> APIC 0x00ca -> Node 1
Jul 14 11:20:17 172.20.224.102 kernel: [    0.017690] SRAT: PXM 1 -> APIC 0x00cb -> Node 1
Jul 14 11:20:17 172.20.224.102 kernel: [    0.017691] SRAT: PXM 1 -> APIC 0x00cc -> Node 1
Jul 14 11:20:17 172.20.224.102 kernel: [    0.017692] SRAT: PXM 1 -> APIC 0x00cd -> Node 1
Jul 14 11:20:17 172.20.224.102 kernel: [    0.017693] SRAT: PXM 1 -> APIC 0x00ce -> Node 1
Jul 14 11:20:17 172.20.224.102 kernel: [    0.017695] SRAT: PXM 1 -> APIC 0x00cf -> Node 1
Jul 14 11:20:17 172.20.224.102 kernel: [    0.017696] SRAT: PXM 1 -> APIC 0x00d0 -> Node 1
Jul 14 11:20:17 172.20.224.102 kernel: [    0.017697] SRAT: PXM 1 -> APIC 0x00d1 -> Node 1
Jul 14 11:20:17 172.20.224.102 kernel: [    0.017698] SRAT: PXM 1 -> APIC 0x00d2 -> Node 1
Jul 14 11:20:17 172.20.224.102 kernel: [    0.017700] SRAT: PXM 1 -> APIC 0x00d3 -> Node 1
Jul 14 11:20:17 172.20.224.102 kernel: [    0.017701] SRAT: PXM 1 -> APIC 0x00d4 -> Node 1
Jul 14 11:20:17 172.20.224.102 kernel: [    0.017702] SRAT: PXM 1 -> APIC 0x00d5 -> Node 1
Jul 14 11:20:17 172.20.224.102 kernel: [    0.017703] SRAT: PXM 1 -> APIC 0x00d6 -> Node 1
Jul 14 11:20:17 172.20.224.102 kernel: [    0.017704] SRAT: PXM 1 -> APIC 0x00d7 -> Node 1
Jul 14 11:20:17 172.20.224.102 kernel: [    0.017706] SRAT: PXM 1 -> APIC 0x00d8 -> Node 1
Jul 14 11:20:17 172.20.224.102 kernel: [    0.017707] SRAT: PXM 1 -> APIC 0x00d9 -> Node 1
Jul 14 11:20:17 172.20.224.102 kernel: [    0.017708] SRAT: PXM 1 -> APIC 0x00da -> Node 1
Jul 14 11:20:17 172.20.224.102 kernel: [    0.017709] SRAT: PXM 1 -> APIC 0x00db -> Node 1
Jul 14 11:20:17 172.20.224.102 kernel: [    0.017711] SRAT: PXM 1 -> APIC 0x00dc -> Node 1
Jul 14 11:20:17 172.20.224.102 kernel: [    0.017712] SRAT: PXM 1 -> APIC 0x00dd -> Node 1
Jul 14 11:20:17 172.20.224.102 kernel: [    0.017713] SRAT: PXM 1 -> APIC 0x00de -> Node 1
Jul 14 11:20:17 172.20.224.102 kernel: [    0.017714] SRAT: PXM 1 -> APIC 0x00df -> Node 1
Jul 14 11:20:17 172.20.224.102 kernel: [    0.017715] SRAT: PXM 1 -> APIC 0x00e0 -> Node 1
Jul 14 11:20:17 172.20.224.102 kernel: [    0.017717] SRAT: PXM 1 -> APIC 0x00e1 -> Node 1
Jul 14 11:20:17 172.20.224.102 kernel: [    0.017718] SRAT: PXM 1 -> APIC 0x00e2 -> Node 1
Jul 14 11:20:17 172.20.224.102 kernel: [    0.017719] SRAT: PXM 1 -> APIC 0x00e3 -> Node 1
Jul 14 11:20:17 172.20.224.102 kernel: [    0.017720] SRAT: PXM 1 -> APIC 0x00e4 -> Node 1
Jul 14 11:20:17 172.20.224.102 kernel: [    0.017721] SRAT: PXM 1 -> APIC 0x00e5 -> Node 1
Jul 14 11:20:17 172.20.224.102 kernel: [    0.017723] SRAT: PXM 1 -> APIC 0x00e6 -> Node 1
Jul 14 11:20:17 172.20.224.102 kernel: [    0.017724] SRAT: PXM 1 -> APIC 0x00e7 -> Node 1
Jul 14 11:20:17 172.20.224.102 kernel: [    0.017725] SRAT: PXM 1 -> APIC 0x00e8 -> Node 1
Jul 14 11:20:17 172.20.224.102 kernel: [    0.017726] SRAT: PXM 1 -> APIC 0x00e9 -> Node 1
Jul 14 11:20:17 172.20.224.102 kernel: [    0.017727] SRAT: PXM 1 -> APIC 0x00ea -> Node 1
Jul 14 11:20:17 172.20.224.102 kernel: [    0.017729] SRAT: PXM 1 -> APIC 0x00eb -> Node 1
Jul 14 11:20:17 172.20.224.102 kernel: [    0.017730] SRAT: PXM 1 -> APIC 0x00ec -> Node 1
Jul 14 11:20:17 172.20.224.102 kernel: [    0.017731] SRAT: PXM 1 -> APIC 0x00ed -> Node 1
Jul 14 11:20:17 172.20.224.102 kernel: [    0.017732] SRAT: PXM 1 -> APIC 0x00ee -> Node 1
Jul 14 11:20:17 172.20.224.102 kernel: [    0.017733] SRAT: PXM 1 -> APIC 0x00ef -> Node 1
Jul 14 11:20:17 172.20.224.102 kernel: [    0.017752] ACPI: SRAT: Node 0 PXM 0 [mem 0x00000000-0x7fffffff]
Jul 14 11:20:17 172.20.224.102 kernel: [    0.017754] ACPI: SRAT: Node 0 PXM 0 [mem 0x100000000-0x1007fffffff]
Jul 14 11:20:17 172.20.224.102 kernel: [    0.017757] ACPI: SRAT: Node 1 PXM 1 [mem 0x10080000000-0x2007fffffff]
Jul 14 11:20:17 172.20.224.102 kernel: [    0.017774] NUMA: Initialized distance table, cnt=2
Jul 14 11:20:17 172.20.224.102 kernel: [    0.017777] NUMA: Node 0 [mem 0x00000000-0x7fffffff] + [mem 0x100000000-0x1007fffffff] -> [mem 0x00000000-0x1007fffffff]
Jul 14 11:20:17 172.20.224.102 kernel: [    0.017792] NODE_DATA(0) allocated [mem 0x1007ffd6000-0x1007fffffff]
Jul 14 11:20:17 172.20.224.102 kernel: [    0.017811] NODE_DATA(1) allocated [mem 0x2007ffd5000-0x2007fffefff]
Jul 14 11:20:17 172.20.224.102 kernel: [    0.021366] Zone ranges:
Jul 14 11:20:17 172.20.224.102 kernel: [    0.021368]   DMA      [mem 0x0000000000001000-0x0000000000ffffff]
Jul 14 11:20:17 172.20.224.102 kernel: [    0.021371]   DMA32    [mem 0x0000000001000000-0x00000000ffffffff]
Jul 14 11:20:17 172.20.224.102 kernel: [    0.021374]   Normal   [mem 0x0000000100000000-0x000002007fffffff]
Jul 14 11:20:17 172.20.224.102 kernel: [    0.021376]   Device   empty
Jul 14 11:20:17 172.20.224.102 kernel: [    0.021378] Movable zone start for each node
Jul 14 11:20:17 172.20.224.102 kernel: [    0.021381] Early memory node ranges
Jul 14 11:20:17 172.20.224.102 kernel: [    0.021382]   node   0: [mem 0x0000000000001000-0x000000000009ffff]
Jul 14 11:20:17 172.20.224.102 kernel: [    0.021384]   node   0: [mem 0x0000000000100000-0x000000006868cfff]
Jul 14 11:20:17 172.20.224.102 kernel: [    0.021386]   node   0: [mem 0x0000000068690000-0x000000006f702fff]
Jul 14 11:20:17 172.20.224.102 kernel: [    0.021388]   node   0: [mem 0x00000000777ff000-0x00000000777fffff]
Jul 14 11:20:17 172.20.224.102 kernel: [    0.021389]   node   0: [mem 0x0000000100000000-0x000001007fffffff]
Jul 14 11:20:17 172.20.224.102 kernel: [    0.021514]   node   1: [mem 0x0000010080000000-0x000002007fffffff]
Jul 14 11:20:17 172.20.224.102 kernel: [    0.021639] Initmem setup node 0 [mem 0x0000000000001000-0x000001007fffffff]
Jul 14 11:20:17 172.20.224.102 kernel: [    0.021644] Initmem setup node 1 [mem 0x0000010080000000-0x000002007fffffff]
Jul 14 11:20:17 172.20.224.102 kernel: [    0.021650] On node 0, zone DMA: 1 pages in unavailable ranges
Jul 14 11:20:17 172.20.224.102 kernel: [    0.021694] On node 0, zone DMA: 96 pages in unavailable ranges
Jul 14 11:20:17 172.20.224.102 kernel: [    0.026274] On node 0, zone DMA32: 3 pages in unavailable ranges
Jul 14 11:20:17 172.20.224.102 kernel: [    0.026803] On node 0, zone DMA32: 33020 pages in unavailable ranges
Jul 14 11:20:17 172.20.224.102 kernel: [    2.740229] On node 0, zone Normal: 2048 pages in unavailable ranges
Jul 14 11:20:17 172.20.224.102 kernel: [    6.241332] ACPI: PM-Timer IO Port: 0x508
Jul 14 11:20:17 172.20.224.102 kernel: [    6.241378] ACPI: X2APIC_NMI (uid[0xffffffff] high edge lint[0x1])
Jul 14 11:20:17 172.20.224.102 kernel: [    6.241384] ACPI: LAPIC_NMI (acpi_id[0xff] high edge lint[0x1])
Jul 14 11:20:17 172.20.224.102 kernel: [    6.241405] IOAPIC[0]: apic_id 8, version 32, address 0xfec00000, GSI 0-23
Jul 14 11:20:17 172.20.224.102 kernel: [    6.241410] ACPI: INT_SRC_OVR (bus 0 bus_irq 0 global_irq 2 dfl dfl)
Jul 14 11:20:17 172.20.224.102 kernel: [    6.241413] ACPI: INT_SRC_OVR (bus 0 bus_irq 9 global_irq 9 high level)
Jul 14 11:20:17 172.20.224.102 kernel: [    6.241420] ACPI: Using ACPI (MADT) for SMP configuration information
Jul 14 11:20:17 172.20.224.102 kernel: [    6.241421] ACPI: HPET id: 0x8086a701 base: 0xfed00000
Jul 14 11:20:17 172.20.224.102 kernel: [    6.241427] ACPI: SPCR: console: uart,io,0x3f8,115200
Jul 14 11:20:17 172.20.224.102 kernel: [    6.241430] TSC deadline timer available
Jul 14 11:20:17 172.20.224.102 kernel: [    6.241432] smpboot: Allowing 224 CPUs, 0 hotplug CPUs
Jul 14 11:20:17 172.20.224.102 kernel: [    6.241462] PM: hibernation: Registered nosave memory: [mem 0x00000000-0x00000fff]
Jul 14 11:20:17 172.20.224.102 kernel: [    6.241466] PM: hibernation: Registered nosave memory: [mem 0x000a0000-0x000fffff]
Jul 14 11:20:17 172.20.224.102 kernel: [    6.241469] PM: hibernation: Registered nosave memory: [mem 0x629f1000-0x629f1fff]
Jul 14 11:20:17 172.20.224.102 kernel: [    6.241471] PM: hibernation: Registered nosave memory: [mem 0x62ab0000-0x62ab0fff]
Jul 14 11:20:17 172.20.224.102 kernel: [    6.241473] PM: hibernation: Registered nosave memory: [mem 0x62ab1000-0x62ab1fff]
Jul 14 11:20:17 172.20.224.102 kernel: [    6.241475] PM: hibernation: Registered nosave memory: [mem 0x62b70000-0x62b70fff]
Jul 14 11:20:17 172.20.224.102 kernel: [    6.241477] PM: hibernation: Registered nosave memory: [mem 0x62b71000-0x62b71fff]
Jul 14 11:20:17 172.20.224.102 kernel: [    6.241479] PM: hibernation: Registered nosave memory: [mem 0x62c30000-0x62c30fff]
Jul 14 11:20:17 172.20.224.102 kernel: [    6.241482] PM: hibernation: Registered nosave memory: [mem 0x62db5000-0x62db5fff]
Jul 14 11:20:17 172.20.224.102 kernel: [    6.241484] PM: hibernation: Registered nosave memory: [mem 0x62e74000-0x62e74fff]
Jul 14 11:20:17 172.20.224.102 kernel: [    6.241487] PM: hibernation: Registered nosave memory: [mem 0x63e85000-0x63e85fff]
Jul 14 11:20:17 172.20.224.102 kernel: [    6.241490] PM: hibernation: Registered nosave memory: [mem 0x63ed8000-0x63ed8fff]
Jul 14 11:20:17 172.20.224.102 kernel: [    6.241491] PM: hibernation: Registered nosave memory: [mem 0x63ed9000-0x63ed9fff]
Jul 14 11:20:17 172.20.224.102 kernel: [    6.241494] PM: hibernation: Registered nosave memory: [mem 0x63f2c000-0x63f2cfff]
Jul 14 11:20:17 172.20.224.102 kernel: [    6.241495] PM: hibernation: Registered nosave memory: [mem 0x63f2d000-0x63f2dfff]
Jul 14 11:20:17 172.20.224.102 kernel: [    6.241497] PM: hibernation: Registered nosave memory: [mem 0x63f65000-0x63f65fff]
Jul 14 11:20:17 172.20.224.102 kernel: [    6.241500] PM: hibernation: Registered nosave memory: [mem 0x6868d000-0x6868ffff]
Jul 14 11:20:17 172.20.224.102 kernel: [    6.241503] PM: hibernation: Registered nosave memory: [mem 0x6f703000-0x71802fff]
Jul 14 11:20:17 172.20.224.102 kernel: [    6.241504] PM: hibernation: Registered nosave memory: [mem 0x71803000-0x72102fff]
Jul 14 11:20:17 172.20.224.102 kernel: [    6.241505] PM: hibernation: Registered nosave memory: [mem 0x72103000-0x7530efff]
Jul 14 11:20:17 172.20.224.102 kernel: [    6.241506] PM: hibernation: Registered nosave memory: [mem 0x7530f000-0x777fefff]
Jul 14 11:20:17 172.20.224.102 kernel: [    6.241509] PM: hibernation: Registered nosave memory: [mem 0x77800000-0x8fffffff]
Jul 14 11:20:17 172.20.224.102 kernel: [    6.241510] PM: hibernation: Registered nosave memory: [mem 0x90000000-0xfe00ffff]
Jul 14 11:20:17 172.20.224.102 kernel: [    6.241512] PM: hibernation: Registered nosave memory: [mem 0xfe010000-0xfe010fff]
Jul 14 11:20:17 172.20.224.102 kernel: [    6.241513] PM: hibernation: Registered nosave memory: [mem 0xfe011000-0xfeffffff]
Jul 14 11:20:17 172.20.224.102 kernel: [    6.241514] PM: hibernation: Registered nosave memory: [mem 0xff000000-0xffffffff]
Jul 14 11:20:17 172.20.224.102 kernel: [    6.241516] [mem 0x90000000-0xfe00ffff] available for PCI devices
Jul 14 11:20:17 172.20.224.102 kernel: [    6.241519] Booting paravirtualized kernel on bare hardware
Jul 14 11:20:17 172.20.224.102 kernel: [    6.241522] clocksource: refined-jiffies: mask: 0xffffffff max_cycles: 0xffffffff, max_idle_ns: 7645519600211568 ns
Jul 14 11:20:17 172.20.224.102 kernel: [    6.241532] setup_percpu: NR_CPUS:8192 nr_cpumask_bits:224 nr_cpu_ids:224 nr_node_ids:2
Jul 14 11:20:17 172.20.224.102 kernel: [    6.253293] percpu: Embedded 62 pages/cpu s217088 r8192 d28672 u262144
Jul 14 11:20:17 172.20.224.102 kernel: [    6.253313] pcpu-alloc: s217088 r8192 d28672 u262144 alloc=1*2097152
Jul 14 11:20:17 172.20.224.102 kernel: [    6.253316] pcpu-alloc: [0] 000 001 002 003 004 005 006 007 
Jul 14 11:20:17 172.20.224.102 kernel: [    6.253323] pcpu-alloc: [0] 008 009 010 011 012 013 014 015 
Jul 14 11:20:17 172.20.224.102 kernel: [    6.253330] pcpu-alloc: [0] 016 017 018 019 020 021 022 023 
Jul 14 11:20:17 172.20.224.102 kernel: [    6.253337] pcpu-alloc: [0] 024 025 026 027 028 029 030 031 
Jul 14 11:20:17 172.20.224.102 kernel: [    6.253343] pcpu-alloc: [0] 032 033 034 035 036 037 038 039 
Jul 14 11:20:17 172.20.224.102 kernel: [    6.253349] pcpu-alloc: [0] 040 041 042 043 044 045 046 047 
Jul 14 11:20:17 172.20.224.102 kernel: [    6.253355] pcpu-alloc: [0] 048 049 050 051 052 053 054 055 
Jul 14 11:20:17 172.20.224.102 kernel: [    6.253361] pcpu-alloc: [0] 112 113 114 115 116 117 118 119 
Jul 14 11:20:17 172.20.224.102 kernel: [    6.253368] pcpu-alloc: [0] 120 121 122 123 124 125 126 127 
Jul 14 11:20:17 172.20.224.102 kernel: [    6.253374] pcpu-alloc: [0] 128 129 130 131 132 133 134 135 
Jul 14 11:20:17 172.20.224.102 kernel: [    6.253380] pcpu-alloc: [0] 136 137 138 139 140 141 142 143 
Jul 14 11:20:17 172.20.224.102 kernel: [    6.253386] pcpu-alloc: [0] 144 145 146 147 148 149 150 151 
Jul 14 11:20:17 172.20.224.102 kernel: [    6.253392] pcpu-alloc: [0] 152 153 154 155 156 157 158 159 
Jul 14 11:20:17 172.20.224.102 kernel: [    6.253399] pcpu-alloc: [0] 160 161 162 163 164 165 166 167 
Jul 14 11:20:17 172.20.224.102 kernel: [    6.253405] pcpu-alloc: [1] 056 057 058 059 060 061 062 063 
Jul 14 11:20:17 172.20.224.102 kernel: [    6.253411] pcpu-alloc: [1] 064 065 066 067 068 069 070 071 
Jul 14 11:20:17 172.20.224.102 kernel: [    6.253417] pcpu-alloc: [1] 072 073 074 075 076 077 078 079 
Jul 14 11:20:17 172.20.224.102 kernel: [    6.253423] pcpu-alloc: [1] 080 081 082 083 084 085 086 087 
Jul 14 11:20:17 172.20.224.102 kernel: [    6.253429] pcpu-alloc: [1] 088 089 090 091 092 093 094 095 
Jul 14 11:20:17 172.20.224.102 kernel: [    6.253435] pcpu-alloc: [1] 096 097 098 099 100 101 102 103 
Jul 14 11:20:17 172.20.224.102 kernel: [    6.253442] pcpu-alloc: [1] 104 105 106 107 108 109 110 111 
Jul 14 11:20:17 172.20.224.102 kernel: [    6.253448] pcpu-alloc: [1] 168 169 170 171 172 173 174 175 
Jul 14 11:20:17 172.20.224.102 kernel: [    6.253454] pcpu-alloc: [1] 176 177 178 179 180 181 182 183 
Jul 14 11:20:17 172.20.224.102 kernel: [    6.253460] pcpu-alloc: [1] 184 185 186 187 188 189 190 191 
Jul 14 11:20:17 172.20.224.102 kernel: [    6.253466] pcpu-alloc: [1] 192 193 194 195 196 197 198 199 
Jul 14 11:20:17 172.20.224.102 kernel: [    6.253472] pcpu-alloc: [1] 200 201 202 203 204 205 206 207 
Jul 14 11:20:17 172.20.224.102 kernel: [    6.253479] pcpu-alloc: [1] 208 209 210 211 212 213 214 215 
Jul 14 11:20:17 172.20.224.102 kernel: [    6.253485] pcpu-alloc: [1] 216 217 218 219 220 221 222 223 
Jul 14 11:20:17 172.20.224.102 kernel: [    6.253573] Built 2 zonelists, mobility grouping on.  Total pages: 528415268
Jul 14 11:20:17 172.20.224.102 kernel: [    6.253576] Policy zone: Normal
Jul 14 11:20:17 172.20.224.102 kernel: [    6.253578] Kernel command line: BOOT_IMAGE=(tftp)/category/vmlinuz.dgx-h200 nouveau.modeset=0 nvme_core.multipath=n console=tty0 rw BOOTIF=01-c4-70-bd-d9-6c-71 ip=172.20.224.102:172.20.224.14:0xac14e001:0xffffff00
Jul 14 11:20:17 172.20.224.102 kernel: [    6.253700] Unknown kernel command line parameters "BOOT_IMAGE=(tftp)/category/vmlinuz.dgx-h200 BOOTIF=01-c4-70-bd-d9-6c-71 ip=172.20.224.102:172.20.224.14:0xac14e001:0xffffff00", will be passed to user space.
Jul 14 11:20:17 172.20.224.102 kernel: [    6.253704] printk: log_buf_len individual max cpu contribution: 4096 bytes
Jul 14 11:20:17 172.20.224.102 kernel: [    6.253705] printk: log_buf_len total cpu_extra contributions: 913408 bytes
Jul 14 11:20:17 172.20.224.102 kernel: [    6.253707] printk: log_buf_len min size: 262144 bytes
Jul 14 11:20:17 172.20.224.102 kernel: [    6.256007] printk: log_buf_len: 2097152 bytes
Jul 14 11:20:17 172.20.224.102 kernel: [    6.256009] printk: early log buf free: 222360(84%)
Jul 14 11:20:17 172.20.224.102 kernel: [    6.263408] mem auto-init: stack:off, heap alloc:on, heap free:off
Jul 14 11:20:17 172.20.224.102 kernel: [   11.312793] Memory: 2113160592K/2147211904K available (16392K kernel code, 4400K rwdata, 11004K rodata, 3376K init, 18688K bss, 34051108K reserved, 0K cma-reserved)
Jul 14 11:20:17 172.20.224.102 kernel: [   11.316050] SLUB: HWalign=64, Order=0-3, MinObjects=0, CPUs=224, Nodes=2
Jul 14 11:20:17 172.20.224.102 kernel: [   11.316158] ftrace: allocating 50824 entries in 199 pages
Jul 14 11:20:17 172.20.224.102 kernel: [   11.352700] ftrace: allocated 199 pages with 5 groups
Jul 14 11:20:17 172.20.224.102 kernel: [   11.354031] rcu: Hierarchical RCU implementation.
Jul 14 11:20:17 172.20.224.102 kernel: [   11.354032] rcu: #011RCU restricting CPUs from NR_CPUS=8192 to nr_cpu_ids=224.
Jul 14 11:20:17 172.20.224.102 kernel: [   11.354035] #011Rude variant of Tasks RCU enabled.
Jul 14 11:20:17 172.20.224.102 kernel: [   11.354036] #011Tracing variant of Tasks RCU enabled.
Jul 14 11:20:17 172.20.224.102 kernel: [   11.354037] rcu: RCU calculated value of scheduler-enlistment delay is 25 jiffies.
Jul 14 11:20:17 172.20.224.102 kernel: [   11.354039] rcu: Adjusting geometry for rcu_fanout_leaf=16, nr_cpu_ids=224
Jul 14 11:20:17 172.20.224.102 kernel: [   11.359954] NR_IRQS: 524544, nr_irqs: 2216, preallocated irqs: 16
Jul 14 11:20:17 172.20.224.102 kernel: [   11.360702] random: crng init done
Jul 14 11:20:17 172.20.224.102 kernel: [   11.361166] Console: colour dummy device 80x25
Jul 14 11:20:17 172.20.224.102 kernel: [   11.361893] printk: console [tty0] enabled
Jul 14 11:20:17 172.20.224.102 kernel: [   11.362225] mempolicy: Enabling automatic NUMA balancing. Configure with numa_balancing= or the kernel.numa_balancing sysctl
Jul 14 11:20:17 172.20.224.102 kernel: [   11.362234] ACPI: Core revision 20210730
Jul 14 11:20:17 172.20.224.102 kernel: [   11.364730] clocksource: hpet: mask: 0xffffffff max_cycles: 0xffffffff, max_idle_ns: 76450417870 ns
Jul 14 11:20:17 172.20.224.102 kernel: [   11.364786] APIC: Switch to symmetric I/O mode setup
Jul 14 11:20:17 172.20.224.102 kernel: [   11.364790] DMAR: Host address width 52
Jul 14 11:20:17 172.20.224.102 kernel: [   11.364793] DMAR: DRHD base: 0x000000da7fc000 flags: 0x0
Jul 14 11:20:17 172.20.224.102 kernel: [   11.364801] DMAR: dmar0: reg_base_addr da7fc000 ver 6:0 cap 19ed008c40780c66 ecap 3ee9e86f050df
Jul 14 11:20:17 172.20.224.102 kernel: [   11.364807] DMAR: DRHD base: 0x000000ea7fc000 flags: 0x0
Jul 14 11:20:17 172.20.224.102 kernel: [   11.364811] DMAR: dmar1: reg_base_addr ea7fc000 ver 6:0 cap 19ed008c40780c66 ecap 3ee9e86f050df
Jul 14 11:20:17 172.20.224.102 kernel: [   11.364816] DMAR: DRHD base: 0x000000ef7fc000 flags: 0x0
Jul 14 11:20:17 172.20.224.102 kernel: [   11.364821] DMAR: dmar2: reg_base_addr ef7fc000 ver 6:0 cap 19ed008c40780c66 ecap 3ee9e86f050df
Jul 14 11:20:17 172.20.224.102 kernel: [   11.364825] DMAR: DRHD base: 0x000000f47fc000 flags: 0x0
Jul 14 11:20:17 172.20.224.102 kernel: [   11.364831] DMAR: dmar3: reg_base_addr f47fc000 ver 6:0 cap 19ed008c40780c66 ecap 3ee9e86f050df
Jul 14 11:20:17 172.20.224.102 kernel: [   11.364836] DMAR: DRHD base: 0x000000f97fc000 flags: 0x0
Jul 14 11:20:17 172.20.224.102 kernel: [   11.364840] DMAR: dmar4: reg_base_addr f97fc000 ver 6:0 cap 19ed008c40780c66 ecap 3ee9e86f050df
Jul 14 11:20:17 172.20.224.102 kernel: [   11.364844] DMAR: DRHD base: 0x000000d57fc000 flags: 0x0
Jul 14 11:20:17 172.20.224.102 kernel: [   11.364848] DMAR: dmar5: reg_base_addr d57fc000 ver 6:0 cap 19ed008c40780c66 ecap 3ee9e86f050df
Jul 14 11:20:17 172.20.224.102 kernel: [   11.364853] DMAR: DRHD base: 0x000000f9ffc000 flags: 0x0
Jul 14 11:20:17 172.20.224.102 kernel: [   11.364857] DMAR: dmar6: reg_base_addr f9ffc000 ver 6:0 cap 19ed008c40780c66 ecap 3ef9ea6f050df
Jul 14 11:20:17 172.20.224.102 kernel: [   11.364862] DMAR: DRHD base: 0x000000fa7fc000 flags: 0x0
Jul 14 11:20:17 172.20.224.102 kernel: [   11.364866] DMAR: dmar7: reg_base_addr fa7fc000 ver 6:0 cap 19ed008c40780c66 ecap 3ef9ea6f050df
Jul 14 11:20:17 172.20.224.102 kernel: [   11.364870] DMAR: DRHD base: 0x000000faffc000 flags: 0x0
Jul 14 11:20:17 172.20.224.102 kernel: [   11.364883] DMAR: dmar8: reg_base_addr faffc000 ver 6:0 cap 19ed008c40780c66 ecap 3ef9ea6f050df
Jul 14 11:20:17 172.20.224.102 kernel: [   11.364887] DMAR: DRHD base: 0x000000fb7fc000 flags: 0x0
Jul 14 11:20:17 172.20.224.102 kernel: [   11.364892] DMAR: dmar9: reg_base_addr fb7fc000 ver 6:0 cap 19ed008c40780c66 ecap 3ef9ea6f050df
Jul 14 11:20:17 172.20.224.102 kernel: [   11.364896] DMAR: DRHD base: 0x000000afffc000 flags: 0x0
Jul 14 11:20:17 172.20.224.102 kernel: [   11.364901] DMAR: dmar10: reg_base_addr afffc000 ver 6:0 cap 19ed008c40780c66 ecap 3ee9e86f050df
Jul 14 11:20:17 172.20.224.102 kernel: [   11.364905] DMAR: DRHD base: 0x000000bfffc000 flags: 0x0
Jul 14 11:20:17 172.20.224.102 kernel: [   11.364911] DMAR: dmar11: reg_base_addr bfffc000 ver 6:0 cap 19ed008c40780c66 ecap 3ee9e86f050df
Jul 14 11:20:17 172.20.224.102 kernel: [   11.364915] DMAR: DRHD base: 0x000000c4ffc000 flags: 0x0
Jul 14 11:20:17 172.20.224.102 kernel: [   11.364919] DMAR: dmar12: reg_base_addr c4ffc000 ver 6:0 cap 19ed008c40780c66 ecap 3ee9e86f050df
Jul 14 11:20:17 172.20.224.102 kernel: [   11.364923] DMAR: DRHD base: 0x000000c9ffc000 flags: 0x0
Jul 14 11:20:17 172.20.224.102 kernel: [   11.364927] DMAR: dmar13: reg_base_addr c9ffc000 ver 6:0 cap 19ed008c40780c66 ecap 3ee9e86f050df
Jul 14 11:20:17 172.20.224.102 kernel: [   11.364932] DMAR: DRHD base: 0x000000ceffc000 flags: 0x0
Jul 14 11:20:17 172.20.224.102 kernel: [   11.364936] DMAR: dmar14: reg_base_addr ceffc000 ver 6:0 cap 19ed008c40780c66 ecap 3ee9e86f050df
Jul 14 11:20:17 172.20.224.102 kernel: [   11.364940] DMAR: DRHD base: 0x000000cf7fc000 flags: 0x0
Jul 14 11:20:17 172.20.224.102 kernel: [   11.364944] DMAR: dmar15: reg_base_addr cf7fc000 ver 6:0 cap 19ed008c40780c66 ecap 3ef9ea6f050df
Jul 14 11:20:17 172.20.224.102 kernel: [   11.364948] DMAR: DRHD base: 0x000000cfffc000 flags: 0x0
Jul 14 11:20:17 172.20.224.102 kernel: [   11.364952] DMAR: dmar16: reg_base_addr cfffc000 ver 6:0 cap 19ed008c40780c66 ecap 3ef9ea6f050df
Jul 14 11:20:17 172.20.224.102 kernel: [   11.364956] DMAR: DRHD base: 0x000000d07fc000 flags: 0x0
Jul 14 11:20:17 172.20.224.102 kernel: [   11.364960] DMAR: dmar17: reg_base_addr d07fc000 ver 6:0 cap 19ed008c40780c66 ecap 3ef9ea6f050df
Jul 14 11:20:17 172.20.224.102 kernel: [   11.364964] DMAR: DRHD base: 0x000000d0ffc000 flags: 0x0
Jul 14 11:20:17 172.20.224.102 kernel: [   11.364969] DMAR: dmar18: reg_base_addr d0ffc000 ver 6:0 cap 19ed008c40780c66 ecap 3ef9ea6f050df
Jul 14 11:20:17 172.20.224.102 kernel: [   11.364973] DMAR: DRHD base: 0x000000aaffc000 flags: 0x1
Jul 14 11:20:17 172.20.224.102 kernel: [   11.364977] DMAR: dmar19: reg_base_addr aaffc000 ver 6:0 cap 19ed008c40780c66 ecap 3ee9e86f050df
Jul 14 11:20:17 172.20.224.102 kernel: [   11.364981] DMAR: RMRR base: 0x00000077290000 end: 0x000000772b2fff
Jul 14 11:20:17 172.20.224.102 kernel: [   11.364985] DMAR: RMRR base: 0x00000076f46000 end: 0x0000007718ffff
Jul 14 11:20:17 172.20.224.102 kernel: [   11.364988] DMAR: ATSR flags: 0x0
Jul 14 11:20:17 172.20.224.102 kernel: [   11.364990] DMAR: RHSA base: 0x000000aaffc000 proximity domain: 0x0
Jul 14 11:20:17 172.20.224.102 kernel: [   11.364993] DMAR: RHSA base: 0x000000afffc000 proximity domain: 0x0
Jul 14 11:20:17 172.20.224.102 kernel: [   11.364995] DMAR: RHSA base: 0x000000bfffc000 proximity domain: 0x0
Jul 14 11:20:17 172.20.224.102 kernel: [   11.364997] DMAR: RHSA base: 0x000000c4ffc000 proximity domain: 0x0
Jul 14 11:20:17 172.20.224.102 kernel: [   11.364999] DMAR: RHSA base: 0x000000c9ffc000 proximity domain: 0x0
Jul 14 11:20:17 172.20.224.102 kernel: [   11.365002] DMAR: RHSA base: 0x000000ceffc000 proximity domain: 0x0
Jul 14 11:20:17 172.20.224.102 kernel: [   11.365004] DMAR: RHSA base: 0x000000cf7fc000 proximity domain: 0x0
Jul 14 11:20:17 172.20.224.102 kernel: [   11.365006] DMAR: RHSA base: 0x000000cfffc000 proximity domain: 0x0
Jul 14 11:20:17 172.20.224.102 kernel: [   11.365008] DMAR: RHSA base: 0x000000d07fc000 proximity domain: 0x0
Jul 14 11:20:17 172.20.224.102 kernel: [   11.365010] DMAR: RHSA base: 0x000000d0ffc000 proximity domain: 0x0
Jul 14 11:20:17 172.20.224.102 kernel: [   11.365012] DMAR: RHSA base: 0x000000da7fc000 proximity domain: 0x1
Jul 14 11:20:17 172.20.224.102 kernel: [   11.365014] DMAR: RHSA base: 0x000000ea7fc000 proximity domain: 0x1
Jul 14 11:20:17 172.20.224.102 kernel: [   11.365017] DMAR: RHSA base: 0x000000ef7fc000 proximity domain: 0x1
Jul 14 11:20:17 172.20.224.102 kernel: [   11.365019] DMAR: RHSA base: 0x000000f47fc000 proximity domain: 0x1
Jul 14 11:20:17 172.20.224.102 kernel: [   11.365021] DMAR: RHSA base: 0x000000f97fc000 proximity domain: 0x1
Jul 14 11:20:17 172.20.224.102 kernel: [   11.365023] DMAR: RHSA base: 0x000000d57fc000 proximity domain: 0x1
Jul 14 11:20:17 172.20.224.102 kernel: [   11.365025] DMAR: RHSA base: 0x000000f9ffc000 proximity domain: 0x1
Jul 14 11:20:17 172.20.224.102 kernel: [   11.365027] DMAR: RHSA base: 0x000000fa7fc000 proximity domain: 0x1
Jul 14 11:20:17 172.20.224.102 kernel: [   11.365029] DMAR: RHSA base: 0x000000faffc000 proximity domain: 0x1
Jul 14 11:20:17 172.20.224.102 kernel: [   11.365031] DMAR: RHSA base: 0x000000fb7fc000 proximity domain: 0x1
Jul 14 11:20:17 172.20.224.102 kernel: [   11.365034] DMAR: SATC flags: 0x0
Jul 14 11:20:17 172.20.224.102 kernel: [   11.365038] DMAR-IR: IOAPIC id 8 under DRHD base  0xaaffc000 IOMMU 19
Jul 14 11:20:17 172.20.224.102 kernel: [   11.365041] DMAR-IR: HPET id 0 under DRHD base 0xaaffc000
Jul 14 11:20:17 172.20.224.102 kernel: [   11.365043] DMAR-IR: Queued invalidation will be enabled to support x2apic and Intr-remapping.
Jul 14 11:20:17 172.20.224.102 kernel: [   11.371530] DMAR-IR: Enabled IRQ remapping in x2apic mode
Jul 14 11:20:17 172.20.224.102 kernel: [   11.372779] ..TIMER: vector=0x30 apic1=0 pin1=2 apic2=-1 pin2=-1
Jul 14 11:20:17 172.20.224.102 kernel: [   11.392776] clocksource: tsc-early: mask: 0xffffffffffffffff max_cycles: 0x39a85c9bff6, max_idle_ns: 881590591483 ns
Jul 14 11:20:17 172.20.224.102 kernel: [   11.392785] Calibrating delay loop (skipped), value calculated using timer frequency.. 4000.00 BogoMIPS (lpj=8000000)
Jul 14 11:20:17 172.20.224.102 kernel: [   11.392863] x86/cpu: SGX disabled by BIOS.
Jul 14 11:20:17 172.20.224.102 kernel: [   11.392872] CPU0: Thermal monitoring enabled (TM1)
Jul 14 11:20:17 172.20.224.102 kernel: [   11.392876] x86/cpu: User Mode Instruction Prevention (UMIP) activated
Jul 14 11:20:17 172.20.224.102 kernel: [   11.393292] process: using mwait in idle threads
Jul 14 11:20:17 172.20.224.102 kernel: [   11.393297] Last level iTLB entries: 4KB 0, 2MB 0, 4MB 0
Jul 14 11:20:17 172.20.224.102 kernel: [   11.393300] Last level dTLB entries: 4KB 0, 2MB 0, 4MB 0, 1GB 0
Jul 14 11:20:17 172.20.224.102 kernel: [   11.393307] Spectre V1 : Mitigation: usercopy/swapgs barriers and __user pointer sanitization
Jul 14 11:20:17 172.20.224.102 kernel: [   11.393313] Spectre V2 : Mitigation: Enhanced / Automatic IBRS
Jul 14 11:20:17 172.20.224.102 kernel: [   11.393316] Spectre V2 : Spectre v2 / SpectreRSB mitigation: Filling RSB on context switch
Jul 14 11:20:17 172.20.224.102 kernel: [   11.393319] Spectre V2 : Spectre v2 / PBRSB-eIBRS: Retire a single CALL on VMEXIT
Jul 14 11:20:17 172.20.224.102 kernel: [   11.393323] Spectre V2 : mitigation: Enabling conditional Indirect Branch Prediction Barrier
Jul 14 11:20:17 172.20.224.102 kernel: [   11.393326] Speculative Store Bypass: Mitigation: Speculative Store Bypass disabled via prctl and seccomp
Jul 14 11:20:17 172.20.224.102 kernel: [   11.393387] x86/fpu: Supporting XSAVE feature 0x001: 'x87 floating point registers'
Jul 14 11:20:17 172.20.224.102 kernel: [   11.393391] x86/fpu: Supporting XSAVE feature 0x002: 'SSE registers'
Jul 14 11:20:17 172.20.224.102 kernel: [   11.393393] x86/fpu: Supporting XSAVE feature 0x004: 'AVX registers'
Jul 14 11:20:17 172.20.224.102 kernel: [   11.393395] x86/fpu: Supporting XSAVE feature 0x020: 'AVX-512 opmask'
Jul 14 11:20:17 172.20.224.102 kernel: [   11.393398] x86/fpu: Supporting XSAVE feature 0x040: 'AVX-512 Hi256'
Jul 14 11:20:17 172.20.224.102 kernel: [   11.393400] x86/fpu: Supporting XSAVE feature 0x080: 'AVX-512 ZMM_Hi256'
Jul 14 11:20:17 172.20.224.102 kernel: [   11.393402] x86/fpu: Supporting XSAVE feature 0x200: 'Protection Keys User registers'
Jul 14 11:20:17 172.20.224.102 kernel: [   11.393405] x86/fpu: Supporting XSAVE feature 0x400: 'PASID state'
Jul 14 11:20:17 172.20.224.102 kernel: [   11.393408] x86/fpu: Supporting XSAVE feature 0x20000: 'AMX Tile config'
Jul 14 11:20:17 172.20.224.102 kernel: [   11.393410] x86/fpu: Supporting XSAVE feature 0x40000: 'AMX Tile data'
Jul 14 11:20:17 172.20.224.102 kernel: [   11.393422] x86/fpu: xstate_offset[2]:  576, xstate_sizes[2]:  256
Jul 14 11:20:17 172.20.224.102 kernel: [   11.393426] x86/fpu: xstate_offset[5]:  832, xstate_sizes[5]:   64
Jul 14 11:20:17 172.20.224.102 kernel: [   11.393428] x86/fpu: xstate_offset[6]:  896, xstate_sizes[6]:  512
Jul 14 11:20:17 172.20.224.102 kernel: [   11.393430] x86/fpu: xstate_offset[7]: 1408, xstate_sizes[7]: 1024
Jul 14 11:20:17 172.20.224.102 kernel: [   11.393433] x86/fpu: xstate_offset[9]: 2432, xstate_sizes[9]:    8
Jul 14 11:20:17 172.20.224.102 kernel: [   11.393435] x86/fpu: xstate_offset[10]: 2440, xstate_sizes[10]:    8
Jul 14 11:20:17 172.20.224.102 kernel: [   11.393437] x86/fpu: xstate_offset[17]: 2496, xstate_sizes[17]:   64
Jul 14 11:20:17 172.20.224.102 kernel: [   11.393440] x86/fpu: xstate_offset[18]: 2560, xstate_sizes[18]: 8192
Jul 14 11:20:17 172.20.224.102 kernel: [   11.393442] x86/fpu: Enabled xstate features 0x606e7, context size is 10752 bytes, using 'compacted' format.
Jul 14 11:20:17 172.20.224.102 kernel: [   11.419533] Freeing SMP alternatives memory: 44K
Jul 14 11:20:17 172.20.224.102 kernel: [   11.419539] pid_max: default: 229376 minimum: 1792
Jul 14 11:20:17 172.20.224.102 kernel: [   11.425008] LSM: Security Framework initializing
Jul 14 11:20:17 172.20.224.102 kernel: [   11.425043] landlock: Up and running.
Jul 14 11:20:17 172.20.224.102 kernel: [   11.425045] Yama: becoming mindful.
Jul 14 11:20:17 172.20.224.102 kernel: [   11.425111] AppArmor: AppArmor initialized
Jul 14 11:20:17 172.20.224.102 kernel: [   11.476619] Dentry cache hash table entries: 33554432 (order: 16, 268435456 bytes, vmalloc)
Jul 14 11:20:17 172.20.224.102 kernel: [   11.501672] Inode-cache hash table entries: 16777216 (order: 15, 134217728 bytes, vmalloc)
Jul 14 11:20:17 172.20.224.102 kernel: [   11.502597] Mount-cache hash table entries: 524288 (order: 10, 4194304 bytes, vmalloc)
Jul 14 11:20:17 172.20.224.102 kernel: [   11.503393] Mountpoint-cache hash table entries: 524288 (order: 10, 4194304 bytes, vmalloc)
Jul 14 11:20:17 172.20.224.102 kernel: [   11.504649] smpboot: Estimated ratio of average max frequency by base frequency (times 1024): 1587
Jul 14 11:20:17 172.20.224.102 kernel: [   11.504674] smpboot: CPU0: Intel(R) Xeon(R) Platinum 8480C (family: 0x6, model: 0x8f, stepping: 0x8)
Jul 14 11:20:17 172.20.224.102 kernel: [   11.504783] Performance Events: XSAVE Architectural LBR, PEBS fmt4+-baseline,  AnyThread deprecated, Sapphire Rapids events, 32-deep LBR, full-width counters, Intel PMU driver.
Jul 14 11:20:17 172.20.224.102 kernel: [   11.504783] ... version:                5
Jul 14 11:20:17 172.20.224.102 kernel: [   11.504783] ... bit width:              48
Jul 14 11:20:17 172.20.224.102 kernel: [   11.504783] ... generic registers:      8
Jul 14 11:20:17 172.20.224.102 kernel: [   11.504783] ... value mask:             0000ffffffffffff
Jul 14 11:20:17 172.20.224.102 kernel: [   11.504783] ... max period:             00007fffffffffff
Jul 14 11:20:17 172.20.224.102 kernel: [   11.504783] ... fixed-purpose events:   4
Jul 14 11:20:17 172.20.224.102 kernel: [   11.504783] ... event mask:             0001000f000000ff
Jul 14 11:20:17 172.20.224.102 kernel: [   11.504783] signal: max sigframe size: 11952
Jul 14 11:20:17 172.20.224.102 kernel: [   11.504783] rcu: Hierarchical SRCU implementation.
Jul 14 11:20:17 172.20.224.102 kernel: [   11.517815] NMI watchdog: Enabled. Permanently consumes one hw-PMU counter.
Jul 14 11:20:17 172.20.224.102 kernel: [   11.520106] smp: Bringing up secondary CPUs ...
Jul 14 11:20:17 172.20.224.102 kernel: [   11.520236] x86: Booting SMP configuration:
Jul 14 11:20:17 172.20.224.102 kernel: [   11.520238] .... node  #0, CPUs:          #1   #2   #3   #4   #5   #6   #7   #8   #9  #10  #11  #12  #13  #14  #15  #16  #17  #18  #19  #20  #21  #22  #23  #24  #25  #26  #27  #28  #29  #30  #31  #32  #33  #34  #35  #36  #37  #38  #39  #40  #41  #42  #43  #44  #45  #46  #47  #48  #49  #50  #51  #52  #53  #54  #55
Jul 14 11:20:17 172.20.224.102 kernel: [   12.986942] .... node  #1, CPUs:    #56
Jul 14 11:20:17 172.20.224.102 kernel: [    0.008091] smpboot: CPU 56 Converting physical 0 to logical die 1
Jul 14 11:20:17 172.20.224.102 kernel: [   13.048951]   #57  #58  #59  #60  #61  #62  #63  #64  #65  #66  #67  #68  #69  #70  #71  #72  #73  #74  #75  #76  #77  #78  #79  #80  #81  #82  #83  #84  #85  #86  #87  #88  #89  #90  #91  #92  #93  #94  #95  #96  #97  #98  #99 #100 #101 #102 #103 #104 #105 #106 #107 #108 #109 #110 #111
Jul 14 11:20:17 172.20.224.102 kernel: [   14.504994] .... node  #0, CPUs:   #112 #113 #114 #115 #116 #117 #118 #119 #120 #121 #122 #123 #124 #125 #126 #127 #128 #129 #130 #131 #132 #133 #134 #135 #136 #137 #138 #139 #140 #141 #142 #143 #144 #145 #146 #147 #148 #149 #150 #151 #152 #153 #154 #155 #156 #157 #158 #159 #160 #161 #162 #163 #164 #165 #166 #167
Jul 14 11:20:17 172.20.224.102 kernel: [   15.984205] .... node  #1, CPUs:   #168 #169 #170 #171 #172 #173 #174 #175 #176 #177 #178 #179 #180 #181 #182 #183 #184 #185 #186 #187 #188 #189 #190 #191 #192 #193 #194 #195 #196 #197 #198 #199 #200 #201 #202 #203 #204 #205 #206 #207 #208 #209 #210 #211 #212 #213 #214 #215 #216 #217 #218 #219 #220 #221 #222 #223
Jul 14 11:20:17 172.20.224.102 kernel: [   17.477712] smp: Brought up 2 nodes, 224 CPUs
Jul 14 11:20:17 172.20.224.102 kernel: [   17.477712] smpboot: Max logical packages: 2
Jul 14 11:20:17 172.20.224.102 kernel: [   17.477712] smpboot: Total of 224 processors activated (894365.69 BogoMIPS)
Jul 14 11:20:17 172.20.224.102 kernel: [   17.594732] devtmpfs: initialized
Jul 14 11:20:17 172.20.224.102 kernel: [   17.594732] x86/mm: Memory block size: 2048MB
Jul 14 11:20:17 172.20.224.102 kernel: [   17.602026] ACPI: PM: Registering ACPI NVS region [mem 0x72103000-0x7530efff] (52477952 bytes)
Jul 14 11:20:17 172.20.224.102 kernel: [   17.602026] clocksource: jiffies: mask: 0xffffffff max_cycles: 0xffffffff, max_idle_ns: 7645041785100000 ns
Jul 14 11:20:17 172.20.224.102 kernel: [   17.602323] futex hash table entries: 65536 (order: 10, 4194304 bytes, vmalloc)
Jul 14 11:20:17 172.20.224.102 kernel: [   17.603040] pinctrl core: initialized pinctrl subsystem
Jul 14 11:20:17 172.20.224.102 kernel: [   17.603249] PM: RTC time: 02:20:00, date: 2025-07-14
Jul 14 11:20:17 172.20.224.102 kernel: [   17.604993] NET: Registered PF_NETLINK/PF_ROUTE protocol family
Jul 14 11:20:17 172.20.224.102 kernel: [   17.605868] DMA: preallocated 4096 KiB GFP_KERNEL pool for atomic allocations
Jul 14 11:20:17 172.20.224.102 kernel: [   17.606382] DMA: preallocated 4096 KiB GFP_KERNEL|GFP_DMA pool for atomic allocations
Jul 14 11:20:17 172.20.224.102 kernel: [   17.606895] DMA: preallocated 4096 KiB GFP_KERNEL|GFP_DMA32 pool for atomic allocations
Jul 14 11:20:17 172.20.224.102 kernel: [   17.606906] audit: initializing netlink subsys (disabled)
Jul 14 11:20:17 172.20.224.102 kernel: [   17.606913] audit: type=2000 audit(1752459598.240:1): state=initialized audit_enabled=0 res=1
Jul 14 11:20:17 172.20.224.102 kernel: [   17.606913] thermal_sys: Registered thermal governor 'fair_share'
Jul 14 11:20:17 172.20.224.102 kernel: [   17.606913] thermal_sys: Registered thermal governor 'bang_bang'
Jul 14 11:20:17 172.20.224.102 kernel: [   17.606913] thermal_sys: Registered thermal governor 'step_wise'
Jul 14 11:20:17 172.20.224.102 kernel: [   17.606913] thermal_sys: Registered thermal governor 'user_space'
Jul 14 11:20:17 172.20.224.102 kernel: [   17.606913] thermal_sys: Registered thermal governor 'power_allocator'
Jul 14 11:20:17 172.20.224.102 kernel: [   17.606913] EISA bus registered
Jul 14 11:20:17 172.20.224.102 kernel: [   17.606913] cpuidle: using governor ladder
Jul 14 11:20:17 172.20.224.102 kernel: [   17.606913] cpuidle: using governor menu
Jul 14 11:20:17 172.20.224.102 kernel: [   17.608948] ACPI FADT declares the system doesn't support PCIe ASPM, so disable it
Jul 14 11:20:17 172.20.224.102 kernel: [   17.608950] ACPI: bus type PCI registered
Jul 14 11:20:17 172.20.224.102 kernel: [   17.608954] acpiphp: ACPI Hot Plug PCI Controller Driver version: 0.5
Jul 14 11:20:17 172.20.224.102 kernel: [   17.609210] PCI: MMCONFIG for domain 0000 [bus 00-ff] at [mem 0x80000000-0x8fffffff] (base 0x80000000)
Jul 14 11:20:17 172.20.224.102 kernel: [   17.609219] PCI: MMCONFIG at [mem 0x80000000-0x8fffffff] reserved in E820
Jul 14 11:20:17 172.20.224.102 kernel: [   17.609230] pmd_set_huge: Cannot satisfy [mem 0x80000000-0x80200000] with a huge-page mapping due to MTRR override.
Jul 14 11:20:17 172.20.224.102 kernel: [   17.609593] PCI: Using configuration type 1 for base access
Jul 14 11:20:17 172.20.224.102 kernel: [   17.616352] ENERGY_PERF_BIAS: Set to 'normal', was 'performance'
Jul 14 11:20:17 172.20.224.102 kernel: [   17.622105] kprobes: kprobe jump-optimization is enabled. All kprobes are optimized if possible.
Jul 14 11:20:17 172.20.224.102 kernel: [   17.622112] HugeTLB registered 1.00 GiB page size, pre-allocated 0 pages
Jul 14 11:20:17 172.20.224.102 kernel: [   17.622112] HugeTLB registered 2.00 MiB page size, pre-allocated 0 pages
Jul 14 11:20:17 172.20.224.102 kernel: [   17.625003] fbcon: Taking over console
Jul 14 11:20:17 172.20.224.102 kernel: [   17.625095] ACPI: Added _OSI(Module Device)
Jul 14 11:20:17 172.20.224.102 kernel: [   17.625097] ACPI: Added _OSI(Processor Device)
Jul 14 11:20:17 172.20.224.102 kernel: [   17.625099] ACPI: Added _OSI(3.0 _SCP Extensions)
Jul 14 11:20:17 172.20.224.102 kernel: [   17.625101] ACPI: Added _OSI(Processor Aggregator Device)
Jul 14 11:20:17 172.20.224.102 kernel: [   17.625103] ACPI: Added _OSI(Linux-Dell-Video)
Jul 14 11:20:17 172.20.224.102 kernel: [   17.625105] ACPI: Added _OSI(Linux-Lenovo-NV-HDMI-Audio)
Jul 14 11:20:17 172.20.224.102 kernel: [   17.625107] ACPI: Added _OSI(Linux-HPI-Hybrid-Graphics)
Jul 14 11:20:17 172.20.224.102 kernel: [   17.923658] ACPI: 5 ACPI AML tables successfully acquired and loaded
Jul 14 11:20:17 172.20.224.102 kernel: [   17.942702] ACPI: \_SB_.SCK0.C000: _OSC native thermal LVT Acked
Jul 14 11:20:17 172.20.224.102 kernel: [   17.944178] ACPI: Dynamic OEM Table Load:
Jul 14 11:20:17 172.20.224.102 kernel: [   18.183355] ACPI: Dynamic OEM Table Load:
Jul 14 11:20:17 172.20.224.102 kernel: [   18.218847] ACPI: Dynamic OEM Table Load:
Jul 14 11:20:17 172.20.224.102 kernel: [   18.744479] ACPI: Interpreter enabled
Jul 14 11:20:17 172.20.224.102 kernel: [   18.744526] ACPI: PM: (supports S0 S5)
Jul 14 11:20:17 172.20.224.102 kernel: [   18.744529] ACPI: Using IOAPIC for interrupt routing
Jul 14 11:20:17 172.20.224.102 kernel: [   18.744629] HEST: Table parsing has been initialized.
Jul 14 11:20:17 172.20.224.102 kernel: [   18.744767] GHES: APEI firmware first mode is enabled by APEI bit and WHEA _OSC.
Jul 14 11:20:17 172.20.224.102 kernel: [   18.744771] PCI: Using host bridge windows from ACPI; if necessary, use "pci=nocrs" and report a bug
Jul 14 11:20:17 172.20.224.102 kernel: [   18.744774] PCI: Using E820 reservations for host bridge windows
Jul 14 11:20:17 172.20.224.102 kernel: [   18.787403] ACPI: Enabled 1 GPEs in block 00 to 7F
Jul 14 11:20:17 172.20.224.102 kernel: [   19.020888] ACPI: PCI Root Bridge [PC00] (domain 0000 [bus 00-14])
Jul 14 11:20:17 172.20.224.102 kernel: [   19.020900] acpi PNP0A08:00: _OSC: OS supports [ExtendedConfig ASPM ClockPM Segments MSI EDR HPX-Type3]
Jul 14 11:20:17 172.20.224.102 kernel: [   19.023061] acpi PNP0A08:00: _OSC: platform does not support [SHPCHotplug AER LTR DPC]
Jul 14 11:20:17 172.20.224.102 kernel: [   19.023287] acpi PNP0A08:00: _OSC: OS now controls [PCIeHotplug PME PCIeCapability]
Jul 14 11:20:17 172.20.224.102 kernel: [   19.023289] acpi PNP0A08:00: FADT indicates ASPM is unsupported, using BIOS configuration
Jul 14 11:20:17 172.20.224.102 kernel: [   19.023911] PCI host bridge to bus 0000:00
Jul 14 11:20:17 172.20.224.102 kernel: [   19.023915] pci_bus 0000:00: root bus resource [bus 00-14]
Jul 14 11:20:17 172.20.224.102 kernel: [   19.023918] pci_bus 0000:00: root bus resource [io  0x0000-0x0cf7 window]
Jul 14 11:20:17 172.20.224.102 kernel: [   19.023921] pci_bus 0000:00: root bus resource [io  0x1000-0x3fff window]
Jul 14 11:20:17 172.20.224.102 kernel: [   19.023923] pci_bus 0000:00: root bus resource [mem 0x000a0000-0x000bffff window]
Jul 14 11:20:17 172.20.224.102 kernel: [   19.023926] pci_bus 0000:00: root bus resource [mem 0x000c8000-0x000cffff window]
Jul 14 11:20:17 172.20.224.102 kernel: [   19.023928] pci_bus 0000:00: root bus resource [mem 0x90040000-0xaaffffff window]
Jul 14 11:20:17 172.20.224.102 kernel: [   19.023931] pci_bus 0000:00: root bus resource [mem 0xfe010000-0xfe010fff window]
Jul 14 11:20:17 172.20.224.102 kernel: [   19.023933] pci_bus 0000:00: root bus resource [mem 0x200000000000-0x20ffffffffff window]
Jul 14 11:20:17 172.20.224.102 kernel: [   19.024040] pci 0000:00:00.0: [8086:09a2] type 00 class 0x088000
Jul 14 11:20:17 172.20.224.102 kernel: [   19.024322] pci 0000:00:00.1: [8086:09a4] type 00 class 0x088000
Jul 14 11:20:17 172.20.224.102 kernel: [   19.024581] pci 0000:00:00.2: [8086:09a3] type 00 class 0x088000
Jul 14 11:20:17 172.20.224.102 kernel: [   19.024927] pci 0000:00:00.4: [8086:0b23] type 00 class 0x080700
Jul 14 11:20:17 172.20.224.102 kernel: [   19.025265] pci 0000:00:08.0: [8086:1bb8] type 01 class 0x060400
Jul 14 11:20:17 172.20.224.102 kernel: [   19.025286] pci 0000:00:08.0: reg 0x10: [mem 0x20ffff980000-0x20ffff99ffff 64bit]
Jul 14 11:20:17 172.20.224.102 kernel: [   19.025312] pci 0000:00:08.0: enabling Extended Tags
Jul 14 11:20:17 172.20.224.102 kernel: [   19.025380] pci 0000:00:08.0: PME# supported from D0 D3hot D3cold
Jul 14 11:20:17 172.20.224.102 kernel: [   19.025419] pci 0000:00:08.0: PTM enabled (root), 2ns granularity
Jul 14 11:20:17 172.20.224.102 kernel: [   19.026245] pci 0000:00:0a.0: [8086:1bba] type 01 class 0x060400
Jul 14 11:20:17 172.20.224.102 kernel: [   19.026266] pci 0000:00:0a.0: reg 0x10: [mem 0x20ffff960000-0x20ffff97ffff 64bit]
Jul 14 11:20:17 172.20.224.102 kernel: [   19.026291] pci 0000:00:0a.0: enabling Extended Tags
Jul 14 11:20:17 172.20.224.102 kernel: [   19.026357] pci 0000:00:0a.0: PME# supported from D0 D3hot D3cold
Jul 14 11:20:17 172.20.224.102 kernel: [   19.026395] pci 0000:00:0a.0: PTM enabled (root), 2ns granularity
Jul 14 11:20:17 172.20.224.102 kernel: [   19.027202] pci 0000:00:0c.0: [8086:1bbc] type 01 class 0x060400
Jul 14 11:20:17 172.20.224.102 kernel: [   19.027223] pci 0000:00:0c.0: reg 0x10: [mem 0x20ffff940000-0x20ffff95ffff 64bit]
Jul 14 11:20:17 172.20.224.102 kernel: [   19.027250] pci 0000:00:0c.0: enabling Extended Tags
Jul 14 11:20:17 172.20.224.102 kernel: [   19.027318] pci 0000:00:0c.0: PME# supported from D0 D3hot D3cold
Jul 14 11:20:17 172.20.224.102 kernel: [   19.027358] pci 0000:00:0c.0: PTM enabled (root), 2ns granularity
Jul 14 11:20:17 172.20.224.102 kernel: [   19.028180] pci 0000:00:0d.0: [8086:1bbd] type 01 class 0x060400
Jul 14 11:20:17 172.20.224.102 kernel: [   19.028201] pci 0000:00:0d.0: reg 0x10: [mem 0x20ffff920000-0x20ffff93ffff 64bit]
Jul 14 11:20:17 172.20.224.102 kernel: [   19.028228] pci 0000:00:0d.0: enabling Extended Tags
Jul 14 11:20:17 172.20.224.102 kernel: [   19.028297] pci 0000:00:0d.0: PME# supported from D0 D3hot D3cold
Jul 14 11:20:17 172.20.224.102 kernel: [   19.028337] pci 0000:00:0d.0: PTM enabled (root), 2ns granularity
Jul 14 11:20:17 172.20.224.102 kernel: [   19.029152] pci 0000:00:10.0: [8086:1bb0] type 01 class 0x060400
Jul 14 11:20:17 172.20.224.102 kernel: [   19.029174] pci 0000:00:10.0: reg 0x10: [mem 0x20ffff900000-0x20ffff91ffff 64bit]
Jul 14 11:20:17 172.20.224.102 kernel: [   19.029200] pci 0000:00:10.0: enabling Extended Tags
Jul 14 11:20:17 172.20.224.102 kernel: [   19.029268] pci 0000:00:10.0: PME# supported from D0 D3hot D3cold
Jul 14 11:20:17 172.20.224.102 kernel: [   19.029308] pci 0000:00:10.0: PTM enabled (root), 2ns granularity
Jul 14 11:20:17 172.20.224.102 kernel: [   19.030121] pci 0000:00:14.0: [8086:1bcd] type 00 class 0x0c0330
Jul 14 11:20:17 172.20.224.102 kernel: [   19.030143] pci 0000:00:14.0: reg 0x10: [mem 0x20ffff9a0000-0x20ffff9affff 64bit]
Jul 14 11:20:17 172.20.224.102 kernel: [   19.030226] pci 0000:00:14.0: PME# supported from D3hot D3cold
Jul 14 11:20:17 172.20.224.102 kernel: [   19.030651] pci 0000:00:14.2: [8086:1bce] type 00 class 0x050000
Jul 14 11:20:17 172.20.224.102 kernel: [   19.030674] pci 0000:00:14.2: reg 0x10: [mem 0x20ffff9b0000-0x20ffff9b3fff 64bit]
Jul 14 11:20:17 172.20.224.102 kernel: [   19.030689] pci 0000:00:14.2: reg 0x18: [mem 0x20ffff9b6000-0x20ffff9b6fff 64bit]
Jul 14 11:20:17 172.20.224.102 kernel: [   19.030971] pci 0000:00:14.4: [8086:1bfe] type 00 class 0x060000
Jul 14 11:20:17 172.20.224.102 kernel: [   19.031312] pci 0000:00:15.0: [8086:1bff] type 00 class 0x088000
Jul 14 11:20:17 172.20.224.102 kernel: [   19.031338] pci 0000:00:15.0: reg 0x10: [mem 0x20ffff9b5000-0x20ffff9b53ff 64bit]
Jul 14 11:20:17 172.20.224.102 kernel: [   19.031773] pci 0000:00:16.0: [8086:1be0] type 00 class 0x078000
Jul 14 11:20:17 172.20.224.102 kernel: [   19.031804] pci 0000:00:16.0: reg 0x10: [mem 0x20ffff9b4000-0x20ffff9b4fff 64bit]
Jul 14 11:20:17 172.20.224.102 kernel: [   19.031907] pci 0000:00:16.0: PME# supported from D3hot
Jul 14 11:20:17 172.20.224.102 kernel: [   19.032179] pci 0000:00:1f.0: [8086:1b81] type 00 class 0x060100
Jul 14 11:20:17 172.20.224.102 kernel: [   19.032569] pci 0000:00:1f.4: [8086:1bc9] type 00 class 0x0c0500
Jul 14 11:20:17 172.20.224.102 kernel: [   19.032600] pci 0000:00:1f.4: reg 0x10: [mem 0x00000000-0x000000ff 64bit]
Jul 14 11:20:17 172.20.224.102 kernel: [   19.032635] pci 0000:00:1f.4: reg 0x20: [io  0x0780-0x079f]
Jul 14 11:20:17 172.20.224.102 kernel: [   19.032962] pci 0000:00:1f.5: [8086:1bca] type 00 class 0x0c8000
Jul 14 11:20:17 172.20.224.102 kernel: [   19.032984] pci 0000:00:1f.5: reg 0x10: [mem 0xfe010000-0xfe010fff]
Jul 14 11:20:17 172.20.224.102 kernel: [   19.032998] pci 0000:00:1f.5: reg 0x14: [mem 0x9e000000-0x9fffffff]
Jul 14 11:20:17 172.20.224.102 kernel: [   19.033207] pci 0000:00:1f.7: [8086:1bcc] type 00 class 0x130000
Jul 14 11:20:17 172.20.224.102 kernel: [   19.033229] pci 0000:00:1f.7: reg 0x10: [mem 0x20ffff800000-0x20ffff8fffff 64bit]
Jul 14 11:20:17 172.20.224.102 kernel: [   19.033245] pci 0000:00:1f.7: reg 0x18: [mem 0x20ffff000000-0x20ffff7fffff 64bit]
Jul 14 11:20:17 172.20.224.102 kernel: [   19.033479] pci 0000:01:00.0: [1344:51c3] type 00 class 0x010802
Jul 14 11:20:17 172.20.224.102 kernel: [   19.033506] pci 0000:01:00.0: reg 0x10: [mem 0xa9540000-0xa957ffff 64bit]
Jul 14 11:20:17 172.20.224.102 kernel: [   19.033554] pci 0000:01:00.0: reg 0x30: [mem 0xa9500000-0xa953ffff pref]
Jul 14 11:20:17 172.20.224.102 kernel: [   19.033640] pci 0000:01:00.0: PME# supported from D0 D1 D3hot
