Oct 15 16:05:46 172.20.224.105 kernel: [    0.000000] Linux version 5.15.0-1076-nvidia (buildd@lcy02-amd64-026) (gcc (Ubuntu 11.4.0-1ubuntu1~22.04) 11.4.0, GNU ld (GNU Binutils for Ubuntu) 2.38) #77-Ubuntu SMP Tue Mar 25 23:43:36 UTC 2025 (Ubuntu 5.15.0-1076.77-nvidia 5.15.178)
Oct 15 16:05:46 172.20.224.105 kernel: [    0.000000] Command line: BOOT_IMAGE=(tftp)/category/vmlinuz.dgx-h200 nouveau.modeset=0 nvme_core.multipath=n console=tty0 rw BOOTIF=01-c4-70-bd-d9-72-61 ip=172.20.224.105:172.20.224.14:0xac14e001:0xffffff00
Oct 15 16:05:46 172.20.224.105 kernel: [    0.000000] KERNEL supported cpus:
Oct 15 16:05:46 172.20.224.105 kernel: [    0.000000]   Intel GenuineIntel
Oct 15 16:05:46 172.20.224.105 kernel: [    0.000000]   AMD AuthenticAMD
Oct 15 16:05:46 172.20.224.105 kernel: [    0.000000]   Hygon HygonGenuine
Oct 15 16:05:46 172.20.224.105 kernel: [    0.000000]   Centaur CentaurHauls
Oct 15 16:05:46 172.20.224.105 kernel: [    0.000000]   zhaoxin   Shanghai  
Oct 15 16:05:46 172.20.224.105 kernel: [    0.000000] x86/tme: not enabled by BIOS
Oct 15 16:05:46 172.20.224.105 kernel: [    0.000000] x86/split lock detection: #AC: crashing the kernel on kernel split_locks and warning on user-space split_locks
Oct 15 16:05:46 172.20.224.105 kernel: [    0.000000] BIOS-provided physical RAM map:
Oct 15 16:05:46 172.20.224.105 kernel: [    0.000000] BIOS-e820: [mem 0x0000000000000000-0x000000000009ffff] usable
Oct 15 16:05:46 172.20.224.105 kernel: [    0.000000] BIOS-e820: [mem 0x00000000000a0000-0x00000000000fffff] reserved
Oct 15 16:05:46 172.20.224.105 kernel: [    0.000000] BIOS-e820: [mem 0x0000000000100000-0x000000006868bfff] usable
Oct 15 16:05:46 172.20.224.105 kernel: [    0.000000] BIOS-e820: [mem 0x000000006868c000-0x000000006868efff] reserved
Oct 15 16:05:46 172.20.224.105 kernel: [    0.000000] BIOS-e820: [mem 0x000000006868f000-0x000000006f702fff] usable
Oct 15 16:05:46 172.20.224.105 kernel: [    0.000000] BIOS-e820: [mem 0x000000006f703000-0x0000000071802fff] reserved
Oct 15 16:05:46 172.20.224.105 kernel: [    0.000000] BIOS-e820: [mem 0x0000000071803000-0x0000000072102fff] ACPI data
Oct 15 16:05:46 172.20.224.105 kernel: [    0.000000] BIOS-e820: [mem 0x0000000072103000-0x000000007530efff] ACPI NVS
Oct 15 16:05:46 172.20.224.105 kernel: [    0.000000] BIOS-e820: [mem 0x000000007530f000-0x00000000777fefff] reserved
Oct 15 16:05:46 172.20.224.105 kernel: [    0.000000] BIOS-e820: [mem 0x00000000777ff000-0x00000000777fffff] usable
Oct 15 16:05:46 172.20.224.105 kernel: [    0.000000] BIOS-e820: [mem 0x0000000077800000-0x000000008fffffff] reserved
Oct 15 16:05:46 172.20.224.105 kernel: [    0.000000] BIOS-e820: [mem 0x00000000fe010000-0x00000000fe010fff] reserved
Oct 15 16:05:46 172.20.224.105 kernel: [    0.000000] BIOS-e820: [mem 0x00000000ff000000-0x00000000ffffffff] reserved
Oct 15 16:05:46 172.20.224.105 kernel: [    0.000000] BIOS-e820: [mem 0x0000000100000000-0x000002007fffffff] usable
Oct 15 16:05:46 172.20.224.105 kernel: [    0.000000] NX (Execute Disable) protection: active
Oct 15 16:05:46 172.20.224.105 kernel: [    0.000000] e820: update [mem 0x63f2b018-0x63f63e57] usable ==> usable
Oct 15 16:05:46 172.20.224.105 kernel: [    0.000000] e820: update [mem 0x63f2b018-0x63f63e57] usable ==> usable
Oct 15 16:05:46 172.20.224.105 kernel: [    0.000000] e820: update [mem 0x62d1a018-0x62dd9257] usable ==> usable
Oct 15 16:05:46 172.20.224.105 kernel: [    0.000000] e820: update [mem 0x62d1a018-0x62dd9257] usable ==> usable
Oct 15 16:05:46 172.20.224.105 kernel: [    0.000000] e820: update [mem 0x62ab4018-0x62b73257] usable ==> usable
Oct 15 16:05:46 172.20.224.105 kernel: [    0.000000] e820: update [mem 0x62ab4018-0x62b73257] usable ==> usable
Oct 15 16:05:46 172.20.224.105 kernel: [    0.000000] e820: update [mem 0x629f4018-0x62ab3257] usable ==> usable
Oct 15 16:05:46 172.20.224.105 kernel: [    0.000000] e820: update [mem 0x629f4018-0x62ab3257] usable ==> usable
Oct 15 16:05:46 172.20.224.105 kernel: [    0.000000] e820: update [mem 0x62934018-0x629f3257] usable ==> usable
Oct 15 16:05:46 172.20.224.105 kernel: [    0.000000] e820: update [mem 0x62934018-0x629f3257] usable ==> usable
Oct 15 16:05:46 172.20.224.105 kernel: [    0.000000] e820: update [mem 0x63ed7018-0x63f2a657] usable ==> usable
Oct 15 16:05:46 172.20.224.105 kernel: [    0.000000] e820: update [mem 0x63ed7018-0x63f2a657] usable ==> usable
Oct 15 16:05:46 172.20.224.105 kernel: [    0.000000] e820: update [mem 0x63e83018-0x63ed6657] usable ==> usable
Oct 15 16:05:46 172.20.224.105 kernel: [    0.000000] e820: update [mem 0x63e83018-0x63ed6657] usable ==> usable
Oct 15 16:05:46 172.20.224.105 kernel: [    0.000000] extended physical RAM map:
Oct 15 16:05:46 172.20.224.105 kernel: [    0.000000] reserve setup_data: [mem 0x0000000000000000-0x000000000009ffff] usable
Oct 15 16:05:46 172.20.224.105 kernel: [    0.000000] reserve setup_data: [mem 0x00000000000a0000-0x00000000000fffff] reserved
Oct 15 16:05:46 172.20.224.105 kernel: [    0.000000] reserve setup_data: [mem 0x0000000000100000-0x0000000062934017] usable
Oct 15 16:05:46 172.20.224.105 kernel: [    0.000000] reserve setup_data: [mem 0x0000000062934018-0x00000000629f3257] usable
Oct 15 16:05:46 172.20.224.105 kernel: [    0.000000] reserve setup_data: [mem 0x00000000629f3258-0x00000000629f4017] usable
Oct 15 16:05:46 172.20.224.105 kernel: [    0.000000] reserve setup_data: [mem 0x00000000629f4018-0x0000000062ab3257] usable
Oct 15 16:05:46 172.20.224.105 kernel: [    0.000000] reserve setup_data: [mem 0x0000000062ab3258-0x0000000062ab4017] usable
Oct 15 16:05:46 172.20.224.105 kernel: [    0.000000] reserve setup_data: [mem 0x0000000062ab4018-0x0000000062b73257] usable
Oct 15 16:05:46 172.20.224.105 kernel: [    0.000000] reserve setup_data: [mem 0x0000000062b73258-0x0000000062d1a017] usable
Oct 15 16:05:46 172.20.224.105 kernel: [    0.000000] reserve setup_data: [mem 0x0000000062d1a018-0x0000000062dd9257] usable
Oct 15 16:05:46 172.20.224.105 kernel: [    0.000000] reserve setup_data: [mem 0x0000000062dd9258-0x0000000063e83017] usable
Oct 15 16:05:46 172.20.224.105 kernel: [    0.000000] reserve setup_data: [mem 0x0000000063e83018-0x0000000063ed6657] usable
Oct 15 16:05:46 172.20.224.105 kernel: [    0.000000] reserve setup_data: [mem 0x0000000063ed6658-0x0000000063ed7017] usable
Oct 15 16:05:46 172.20.224.105 kernel: [    0.000000] reserve setup_data: [mem 0x0000000063ed7018-0x0000000063f2a657] usable
Oct 15 16:05:46 172.20.224.105 kernel: [    0.000000] reserve setup_data: [mem 0x0000000063f2a658-0x0000000063f2b017] usable
Oct 15 16:05:46 172.20.224.105 kernel: [    0.000000] reserve setup_data: [mem 0x0000000063f2b018-0x0000000063f63e57] usable
Oct 15 16:05:46 172.20.224.105 kernel: [    0.000000] reserve setup_data: [mem 0x0000000063f63e58-0x000000006868bfff] usable
Oct 15 16:05:46 172.20.224.105 kernel: [    0.000000] reserve setup_data: [mem 0x000000006868c000-0x000000006868efff] reserved
Oct 15 16:05:46 172.20.224.105 kernel: [    0.000000] reserve setup_data: [mem 0x000000006868f000-0x000000006f702fff] usable
Oct 15 16:05:46 172.20.224.105 kernel: [    0.000000] reserve setup_data: [mem 0x000000006f703000-0x0000000071802fff] reserved
Oct 15 16:05:46 172.20.224.105 kernel: [    0.000000] reserve setup_data: [mem 0x0000000071803000-0x0000000072102fff] ACPI data
Oct 15 16:05:46 172.20.224.105 kernel: [    0.000000] reserve setup_data: [mem 0x0000000072103000-0x000000007530efff] ACPI NVS
Oct 15 16:05:46 172.20.224.105 kernel: [    0.000000] reserve setup_data: [mem 0x000000007530f000-0x00000000777fefff] reserved
Oct 15 16:05:46 172.20.224.105 kernel: [    0.000000] reserve setup_data: [mem 0x00000000777ff000-0x00000000777fffff] usable
Oct 15 16:05:46 172.20.224.105 kernel: [    0.000000] reserve setup_data: [mem 0x0000000077800000-0x000000008fffffff] reserved
Oct 15 16:05:46 172.20.224.105 kernel: [    0.000000] reserve setup_data: [mem 0x00000000fe010000-0x00000000fe010fff] reserved
Oct 15 16:05:46 172.20.224.105 kernel: [    0.000000] reserve setup_data: [mem 0x00000000ff000000-0x00000000ffffffff] reserved
Oct 15 16:05:46 172.20.224.105 kernel: [    0.000000] reserve setup_data: [mem 0x0000000100000000-0x000002007fffffff] usable
Oct 15 16:05:46 172.20.224.105 kernel: [    0.000000] efi: EFI v2.90 by American Megatrends
Oct 15 16:05:46 172.20.224.105 kernel: [    0.000000] efi: ACPI=0x72102000 ACPI 2.0=0x72102014 SMBIOS=0x77211000 SMBIOS 3.0=0x77210000 MEMATTR=0x63238018 
Oct 15 16:05:46 172.20.224.105 kernel: [    0.000000] secureboot: Secure boot disabled
Oct 15 16:05:46 172.20.224.105 kernel: [    0.000000] SMBIOS 3.6.0 present.
Oct 15 16:05:46 172.20.224.105 kernel: [    0.000000] DMI: NVIDIA DGXH200/DGXH200, BIOS 1.6.7 02/20/2025
Oct 15 16:05:46 172.20.224.105 kernel: [    0.000000] tsc: Detected 2000.000 MHz processor
Oct 15 16:05:46 172.20.224.105 kernel: [    0.000022] e820: update [mem 0x00000000-0x00000fff] usable ==> reserved
Oct 15 16:05:46 172.20.224.105 kernel: [    0.000026] e820: remove [mem 0x000a0000-0x000fffff] usable
Oct 15 16:05:46 172.20.224.105 kernel: [    0.000043] last_pfn = 0x20080000 max_arch_pfn = 0x10000000000
Oct 15 16:05:46 172.20.224.105 kernel: [    0.000375] x86/PAT: Configuration [0-7]: WB  WC  UC- UC  WB  WP  UC- WT  
Oct 15 16:05:46 172.20.224.105 kernel: [    0.005070] total RAM covered: 4192256M
Oct 15 16:05:46 172.20.224.105 kernel: [    0.005174]  gran_size: 64K #011chunk_size: 64K #011num_reg: 10  #011lose cover RAM: 2048G
Oct 15 16:05:46 172.20.224.105 kernel: [    0.005178]  gran_size: 64K #011chunk_size: 128K #011num_reg: 10  #011lose cover RAM: 2048G
Oct 15 16:05:46 172.20.224.105 kernel: [    0.005180]  gran_size: 64K #011chunk_size: 256K #011num_reg: 10  #011lose cover RAM: 2048G
Oct 15 16:05:46 172.20.224.105 kernel: [    0.005182]  gran_size: 64K #011chunk_size: 512K #011num_reg: 10  #011lose cover RAM: 2048G
Oct 15 16:05:46 172.20.224.105 kernel: [    0.005184]  gran_size: 64K #011chunk_size: 1M #011num_reg: 10  #011lose cover RAM: 2048G
Oct 15 16:05:46 172.20.224.105 kernel: [    0.005187]  gran_size: 64K #011chunk_size: 2M #011num_reg: 10  #011lose cover RAM: 2048G
Oct 15 16:05:46 172.20.224.105 kernel: [    0.005189]  gran_size: 64K #011chunk_size: 4M #011num_reg: 10  #011lose cover RAM: 2048G
Oct 15 16:05:46 172.20.224.105 kernel: [    0.005191]  gran_size: 64K #011chunk_size: 8M #011num_reg: 10  #011lose cover RAM: 2048G
Oct 15 16:05:46 172.20.224.105 kernel: [    0.005193]  gran_size: 64K #011chunk_size: 16M #011num_reg: 10  #011lose cover RAM: 2048G
Oct 15 16:05:46 172.20.224.105 kernel: [    0.005195]  gran_size: 64K #011chunk_size: 32M #011num_reg: 10  #011lose cover RAM: 2048G
Oct 15 16:05:46 172.20.224.105 kernel: [    0.005197]  gran_size: 64K #011chunk_size: 64M #011num_reg: 10  #011lose cover RAM: 2048G
Oct 15 16:05:46 172.20.224.105 kernel: [    0.005199]  gran_size: 64K #011chunk_size: 128M #011num_reg: 10  #011lose cover RAM: 2048G
Oct 15 16:05:46 172.20.224.105 kernel: [    0.005201]  gran_size: 64K #011chunk_size: 256M #011num_reg: 10  #011lose cover RAM: 2048G
Oct 15 16:05:46 172.20.224.105 kernel: [    0.005203]  gran_size: 64K #011chunk_size: 512M #011num_reg: 10  #011lose cover RAM: 2048G
Oct 15 16:05:46 172.20.224.105 kernel: [    0.005205]  gran_size: 64K #011chunk_size: 1G #011num_reg: 10  #011lose cover RAM: 2048G
Oct 15 16:05:46 172.20.224.105 kernel: [    0.005207]  gran_size: 64K #011chunk_size: 2G #011num_reg: 10  #011lose cover RAM: 2048G
Oct 15 16:05:46 172.20.224.105 kernel: [    0.005210]  gran_size: 128K #011chunk_size: 128K #011num_reg: 10  #011lose cover RAM: 2048G
Oct 15 16:05:46 172.20.224.105 kernel: [    0.005212]  gran_size: 128K #011chunk_size: 256K #011num_reg: 10  #011lose cover RAM: 2048G
Oct 15 16:05:46 172.20.224.105 kernel: [    0.005214]  gran_size: 128K #011chunk_size: 512K #011num_reg: 10  #011lose cover RAM: 2048G
Oct 15 16:05:46 172.20.224.105 kernel: [    0.005216]  gran_size: 128K #011chunk_size: 1M #011num_reg: 10  #011lose cover RAM: 2048G
Oct 15 16:05:46 172.20.224.105 kernel: [    0.005218]  gran_size: 128K #011chunk_size: 2M #011num_reg: 10  #011lose cover RAM: 2048G
Oct 15 16:05:46 172.20.224.105 kernel: [    0.005220]  gran_size: 128K #011chunk_size: 4M #011num_reg: 10  #011lose cover RAM: 2048G
Oct 15 16:05:46 172.20.224.105 kernel: [    0.005222]  gran_size: 128K #011chunk_size: 8M #011num_reg: 10  #011lose cover RAM: 2048G
Oct 15 16:05:46 172.20.224.105 kernel: [    0.005224]  gran_size: 128K #011chunk_size: 16M #011num_reg: 10  #011lose cover RAM: 2048G
Oct 15 16:05:46 172.20.224.105 kernel: [    0.005226]  gran_size: 128K #011chunk_size: 32M #011num_reg: 10  #011lose cover RAM: 2048G
Oct 15 16:05:46 172.20.224.105 kernel: [    0.005229]  gran_size: 128K #011chunk_size: 64M #011num_reg: 10  #011lose cover RAM: 2048G
Oct 15 16:05:46 172.20.224.105 kernel: [    0.005231]  gran_size: 128K #011chunk_size: 128M #011num_reg: 10  #011lose cover RAM: 2048G
Oct 15 16:05:46 172.20.224.105 kernel: [    0.005233]  gran_size: 128K #011chunk_size: 256M #011num_reg: 10  #011lose cover RAM: 2048G
Oct 15 16:05:46 172.20.224.105 kernel: [    0.005235]  gran_size: 128K #011chunk_size: 512M #011num_reg: 10  #011lose cover RAM: 2048G
Oct 15 16:05:46 172.20.224.105 kernel: [    0.005237]  gran_size: 128K #011chunk_size: 1G #011num_reg: 10  #011lose cover RAM: 2048G
Oct 15 16:05:46 172.20.224.105 kernel: [    0.005239]  gran_size: 128K #011chunk_size: 2G #011num_reg: 10  #011lose cover RAM: 2048G
Oct 15 16:05:46 172.20.224.105 kernel: [    0.005241]  gran_size: 256K #011chunk_size: 256K #011num_reg: 10  #011lose cover RAM: 2048G
Oct 15 16:05:46 172.20.224.105 kernel: [    0.005243]  gran_size: 256K #011chunk_size: 512K #011num_reg: 10  #011lose cover RAM: 2048G
Oct 15 16:05:46 172.20.224.105 kernel: [    0.005245]  gran_size: 256K #011chunk_size: 1M #011num_reg: 10  #011lose cover RAM: 2048G
Oct 15 16:05:46 172.20.224.105 kernel: [    0.005247]  gran_size: 256K #011chunk_size: 2M #011num_reg: 10  #011lose cover RAM: 2048G
Oct 15 16:05:46 172.20.224.105 kernel: [    0.005249]  gran_size: 256K #011chunk_size: 4M #011num_reg: 10  #011lose cover RAM: 2048G
Oct 15 16:05:46 172.20.224.105 kernel: [    0.005251]  gran_size: 256K #011chunk_size: 8M #011num_reg: 10  #011lose cover RAM: 2048G
Oct 15 16:05:46 172.20.224.105 kernel: [    0.005253]  gran_size: 256K #011chunk_size: 16M #011num_reg: 10  #011lose cover RAM: 2048G
Oct 15 16:05:46 172.20.224.105 kernel: [    0.005255]  gran_size: 256K #011chunk_size: 32M #011num_reg: 10  #011lose cover RAM: 2048G
Oct 15 16:05:46 172.20.224.105 kernel: [    0.005257]  gran_size: 256K #011chunk_size: 64M #011num_reg: 10  #011lose cover RAM: 2048G
Oct 15 16:05:46 172.20.224.105 kernel: [    0.005259]  gran_size: 256K #011chunk_size: 128M #011num_reg: 10  #011lose cover RAM: 2048G
Oct 15 16:05:46 172.20.224.105 kernel: [    0.005261]  gran_size: 256K #011chunk_size: 256M #011num_reg: 10  #011lose cover RAM: 2048G
Oct 15 16:05:46 172.20.224.105 kernel: [    0.005263]  gran_size: 256K #011chunk_size: 512M #011num_reg: 10  #011lose cover RAM: 2048G
Oct 15 16:05:46 172.20.224.105 kernel: [    0.005266]  gran_size: 256K #011chunk_size: 1G #011num_reg: 10  #011lose cover RAM: 2048G
Oct 15 16:05:46 172.20.224.105 kernel: [    0.005268]  gran_size: 256K #011chunk_size: 2G #011num_reg: 10  #011lose cover RAM: 2048G
Oct 15 16:05:46 172.20.224.105 kernel: [    0.005270]  gran_size: 512K #011chunk_size: 512K #011num_reg: 10  #011lose cover RAM: 2048G
Oct 15 16:05:46 172.20.224.105 kernel: [    0.005272]  gran_size: 512K #011chunk_size: 1M #011num_reg: 10  #011lose cover RAM: 2048G
Oct 15 16:05:46 172.20.224.105 kernel: [    0.005274]  gran_size: 512K #011chunk_size: 2M #011num_reg: 10  #011lose cover RAM: 2048G
Oct 15 16:05:46 172.20.224.105 kernel: [    0.005276]  gran_size: 512K #011chunk_size: 4M #011num_reg: 10  #011lose cover RAM: 2048G
Oct 15 16:05:46 172.20.224.105 kernel: [    0.005278]  gran_size: 512K #011chunk_size: 8M #011num_reg: 10  #011lose cover RAM: 2048G
Oct 15 16:05:46 172.20.224.105 kernel: [    0.005280]  gran_size: 512K #011chunk_size: 16M #011num_reg: 10  #011lose cover RAM: 2048G
Oct 15 16:05:46 172.20.224.105 kernel: [    0.005282]  gran_size: 512K #011chunk_size: 32M #011num_reg: 10  #011lose cover RAM: 2048G
Oct 15 16:05:46 172.20.224.105 kernel: [    0.005284]  gran_size: 512K #011chunk_size: 64M #011num_reg: 10  #011lose cover RAM: 2048G
Oct 15 16:05:46 172.20.224.105 kernel: [    0.005286]  gran_size: 512K #011chunk_size: 128M #011num_reg: 10  #011lose cover RAM: 2048G
Oct 15 16:05:46 172.20.224.105 kernel: [    0.005288]  gran_size: 512K #011chunk_size: 256M #011num_reg: 10  #011lose cover RAM: 2048G
Oct 15 16:05:46 172.20.224.105 kernel: [    0.005290]  gran_size: 512K #011chunk_size: 512M #011num_reg: 10  #011lose cover RAM: 2048G
Oct 15 16:05:46 172.20.224.105 kernel: [    0.005292]  gran_size: 512K #011chunk_size: 1G #011num_reg: 10  #011lose cover RAM: 2048G
Oct 15 16:05:46 172.20.224.105 kernel: [    0.005294]  gran_size: 512K #011chunk_size: 2G #011num_reg: 10  #011lose cover RAM: 2048G
Oct 15 16:05:46 172.20.224.105 kernel: [    0.005296]  gran_size: 1M #011chunk_size: 1M #011num_reg: 10  #011lose cover RAM: 2048G
Oct 15 16:05:46 172.20.224.105 kernel: [    0.005299]  gran_size: 1M #011chunk_size: 2M #011num_reg: 10  #011lose cover RAM: 2048G
Oct 15 16:05:46 172.20.224.105 kernel: [    0.005301]  gran_size: 1M #011chunk_size: 4M #011num_reg: 10  #011lose cover RAM: 2048G
Oct 15 16:05:46 172.20.224.105 kernel: [    0.005303]  gran_size: 1M #011chunk_size: 8M #011num_reg: 10  #011lose cover RAM: 2048G
Oct 15 16:05:46 172.20.224.105 kernel: [    0.005305]  gran_size: 1M #011chunk_size: 16M #011num_reg: 10  #011lose cover RAM: 2048G
Oct 15 16:05:46 172.20.224.105 kernel: [    0.005307]  gran_size: 1M #011chunk_size: 32M #011num_reg: 10  #011lose cover RAM: 2048G
Oct 15 16:05:46 172.20.224.105 kernel: [    0.005309]  gran_size: 1M #011chunk_size: 64M #011num_reg: 10  #011lose cover RAM: 2048G
Oct 15 16:05:46 172.20.224.105 kernel: [    0.005311]  gran_size: 1M #011chunk_size: 128M #011num_reg: 10  #011lose cover RAM: 2048G
Oct 15 16:05:46 172.20.224.105 kernel: [    0.005313]  gran_size: 1M #011chunk_size: 256M #011num_reg: 10  #011lose cover RAM: 2048G
Oct 15 16:05:46 172.20.224.105 kernel: [    0.005315]  gran_size: 1M #011chunk_size: 512M #011num_reg: 10  #011lose cover RAM: 2048G
Oct 15 16:05:46 172.20.224.105 kernel: [    0.005317]  gran_size: 1M #011chunk_size: 1G #011num_reg: 10  #011lose cover RAM: 2048G
Oct 15 16:05:46 172.20.224.105 kernel: [    0.005319]  gran_size: 1M #011chunk_size: 2G #011num_reg: 10  #011lose cover RAM: 2048G
Oct 15 16:05:46 172.20.224.105 kernel: [    0.005321]  gran_size: 2M #011chunk_size: 2M #011num_reg: 10  #011lose cover RAM: 2048G
Oct 15 16:05:46 172.20.224.105 kernel: [    0.005323]  gran_size: 2M #011chunk_size: 4M #011num_reg: 10  #011lose cover RAM: 2048G
Oct 15 16:05:46 172.20.224.105 kernel: [    0.005325]  gran_size: 2M #011chunk_size: 8M #011num_reg: 10  #011lose cover RAM: 2048G
Oct 15 16:05:46 172.20.224.105 kernel: [    0.005327]  gran_size: 2M #011chunk_size: 16M #011num_reg: 10  #011lose cover RAM: 2048G
Oct 15 16:05:46 172.20.224.105 kernel: [    0.005329]  gran_size: 2M #011chunk_size: 32M #011num_reg: 10  #011lose cover RAM: 2048G
Oct 15 16:05:46 172.20.224.105 kernel: [    0.005332]  gran_size: 2M #011chunk_size: 64M #011num_reg: 10  #011lose cover RAM: 2048G
Oct 15 16:05:46 172.20.224.105 kernel: [    0.005334]  gran_size: 2M #011chunk_size: 128M #011num_reg: 10  #011lose cover RAM: 2048G
Oct 15 16:05:46 172.20.224.105 kernel: [    0.005336]  gran_size: 2M #011chunk_size: 256M #011num_reg: 10  #011lose cover RAM: 2048G
Oct 15 16:05:46 172.20.224.105 kernel: [    0.005338]  gran_size: 2M #011chunk_size: 512M #011num_reg: 10  #011lose cover RAM: 2048G
Oct 15 16:05:46 172.20.224.105 kernel: [    0.005340]  gran_size: 2M #011chunk_size: 1G #011num_reg: 10  #011lose cover RAM: 2048G
Oct 15 16:05:46 172.20.224.105 kernel: [    0.005342]  gran_size: 2M #011chunk_size: 2G #011num_reg: 10  #011lose cover RAM: 2048G
Oct 15 16:05:46 172.20.224.105 kernel: [    0.005344]  gran_size: 4M #011chunk_size: 4M #011num_reg: 10  #011lose cover RAM: 2048G
Oct 15 16:05:46 172.20.224.105 kernel: [    0.005346]  gran_size: 4M #011chunk_size: 8M #011num_reg: 10  #011lose cover RAM: 2048G
Oct 15 16:05:46 172.20.224.105 kernel: [    0.005348]  gran_size: 4M #011chunk_size: 16M #011num_reg: 10  #011lose cover RAM: 2048G
Oct 15 16:05:46 172.20.224.105 kernel: [    0.005350]  gran_size: 4M #011chunk_size: 32M #011num_reg: 10  #011lose cover RAM: 2048G
Oct 15 16:05:46 172.20.224.105 kernel: [    0.005352]  gran_size: 4M #011chunk_size: 64M #011num_reg: 10  #011lose cover RAM: 2048G
Oct 15 16:05:46 172.20.224.105 kernel: [    0.005354]  gran_size: 4M #011chunk_size: 128M #011num_reg: 10  #011lose cover RAM: 2048G
Oct 15 16:05:46 172.20.224.105 kernel: [    0.005356]  gran_size: 4M #011chunk_size: 256M #011num_reg: 10  #011lose cover RAM: 2048G
Oct 15 16:05:46 172.20.224.105 kernel: [    0.005358]  gran_size: 4M #011chunk_size: 512M #011num_reg: 10  #011lose cover RAM: 2048G
Oct 15 16:05:46 172.20.224.105 kernel: [    0.005360]  gran_size: 4M #011chunk_size: 1G #011num_reg: 10  #011lose cover RAM: 2048G
Oct 15 16:05:46 172.20.224.105 kernel: [    0.005362]  gran_size: 4M #011chunk_size: 2G #011num_reg: 10  #011lose cover RAM: 2048G
Oct 15 16:05:46 172.20.224.105 kernel: [    0.005364]  gran_size: 8M #011chunk_size: 8M #011num_reg: 10  #011lose cover RAM: 2048G
Oct 15 16:05:46 172.20.224.105 kernel: [    0.005366]  gran_size: 8M #011chunk_size: 16M #011num_reg: 10  #011lose cover RAM: 2048G
Oct 15 16:05:46 172.20.224.105 kernel: [    0.005368]  gran_size: 8M #011chunk_size: 32M #011num_reg: 10  #011lose cover RAM: 2048G
Oct 15 16:05:46 172.20.224.105 kernel: [    0.005370]  gran_size: 8M #011chunk_size: 64M #011num_reg: 10  #011lose cover RAM: 2048G
Oct 15 16:05:46 172.20.224.105 kernel: [    0.005372]  gran_size: 8M #011chunk_size: 128M #011num_reg: 10  #011lose cover RAM: 2048G
Oct 15 16:05:46 172.20.224.105 kernel: [    0.005374]  gran_size: 8M #011chunk_size: 256M #011num_reg: 10  #011lose cover RAM: 2048G
Oct 15 16:05:46 172.20.224.105 kernel: [    0.005376]  gran_size: 8M #011chunk_size: 512M #011num_reg: 10  #011lose cover RAM: 2048G
Oct 15 16:05:46 172.20.224.105 kernel: [    0.005378]  gran_size: 8M #011chunk_size: 1G #011num_reg: 10  #011lose cover RAM: 2048G
Oct 15 16:05:46 172.20.224.105 kernel: [    0.005380]  gran_size: 8M #011chunk_size: 2G #011num_reg: 10  #011lose cover RAM: 2048G
Oct 15 16:05:46 172.20.224.105 kernel: [    0.005382]  gran_size: 16M #011chunk_size: 16M #011num_reg: 10  #011lose cover RAM: 2048G
Oct 15 16:05:46 172.20.224.105 kernel: [    0.005384]  gran_size: 16M #011chunk_size: 32M #011num_reg: 10  #011lose cover RAM: 2048G
Oct 15 16:05:46 172.20.224.105 kernel: [    0.005386]  gran_size: 16M #011chunk_size: 64M #011num_reg: 10  #011lose cover RAM: 2048G
Oct 15 16:05:46 172.20.224.105 kernel: [    0.005389]  gran_size: 16M #011chunk_size: 128M #011num_reg: 10  #011lose cover RAM: 2048G
Oct 15 16:05:46 172.20.224.105 kernel: [    0.005391]  gran_size: 16M #011chunk_size: 256M #011num_reg: 10  #011lose cover RAM: 2048G
Oct 15 16:05:46 172.20.224.105 kernel: [    0.005393]  gran_size: 16M #011chunk_size: 512M #011num_reg: 10  #011lose cover RAM: 2048G
Oct 15 16:05:46 172.20.224.105 kernel: [    0.005395]  gran_size: 16M #011chunk_size: 1G #011num_reg: 10  #011lose cover RAM: 2048G
Oct 15 16:05:46 172.20.224.105 kernel: [    0.005397]  gran_size: 16M #011chunk_size: 2G #011num_reg: 10  #011lose cover RAM: 2048G
Oct 15 16:05:46 172.20.224.105 kernel: [    0.005399]  gran_size: 32M #011chunk_size: 32M #011num_reg: 10  #011lose cover RAM: 2048G
Oct 15 16:05:46 172.20.224.105 kernel: [    0.005401]  gran_size: 32M #011chunk_size: 64M #011num_reg: 10  #011lose cover RAM: 2048G
Oct 15 16:05:46 172.20.224.105 kernel: [    0.005403]  gran_size: 32M #011chunk_size: 128M #011num_reg: 10  #011lose cover RAM: 2048G
Oct 15 16:05:46 172.20.224.105 kernel: [    0.005405]  gran_size: 32M #011chunk_size: 256M #011num_reg: 10  #011lose cover RAM: 2048G
Oct 15 16:05:46 172.20.224.105 kernel: [    0.005407]  gran_size: 32M #011chunk_size: 512M #011num_reg: 10  #011lose cover RAM: 2048G
Oct 15 16:05:46 172.20.224.105 kernel: [    0.005409]  gran_size: 32M #011chunk_size: 1G #011num_reg: 10  #011lose cover RAM: 2048G
Oct 15 16:05:46 172.20.224.105 kernel: [    0.005412]  gran_size: 32M #011chunk_size: 2G #011num_reg: 10  #011lose cover RAM: 2048G
Oct 15 16:05:46 172.20.224.105 kernel: [    0.005414]  gran_size: 64M #011chunk_size: 64M #011num_reg: 10  #011lose cover RAM: 2048G
Oct 15 16:05:46 172.20.224.105 kernel: [    0.005416]  gran_size: 64M #011chunk_size: 128M #011num_reg: 10  #011lose cover RAM: 2048G
Oct 15 16:05:46 172.20.224.105 kernel: [    0.005418]  gran_size: 64M #011chunk_size: 256M #011num_reg: 10  #011lose cover RAM: 2048G
Oct 15 16:05:46 172.20.224.105 kernel: [    0.005420]  gran_size: 64M #011chunk_size: 512M #011num_reg: 10  #011lose cover RAM: 2048G
Oct 15 16:05:46 172.20.224.105 kernel: [    0.005422]  gran_size: 64M #011chunk_size: 1G #011num_reg: 10  #011lose cover RAM: 2048G
Oct 15 16:05:46 172.20.224.105 kernel: [    0.005424]  gran_size: 64M #011chunk_size: 2G #011num_reg: 10  #011lose cover RAM: 2048G
Oct 15 16:05:46 172.20.224.105 kernel: [    0.005426]  gran_size: 128M #011chunk_size: 128M #011num_reg: 10  #011lose cover RAM: 2048G
Oct 15 16:05:46 172.20.224.105 kernel: [    0.005428]  gran_size: 128M #011chunk_size: 256M #011num_reg: 10  #011lose cover RAM: 2048G
Oct 15 16:05:46 172.20.224.105 kernel: [    0.005430]  gran_size: 128M #011chunk_size: 512M #011num_reg: 10  #011lose cover RAM: 2048G
Oct 15 16:05:46 172.20.224.105 kernel: [    0.005432]  gran_size: 128M #011chunk_size: 1G #011num_reg: 10  #011lose cover RAM: 2048G
Oct 15 16:05:46 172.20.224.105 kernel: [    0.005434]  gran_size: 128M #011chunk_size: 2G #011num_reg: 10  #011lose cover RAM: 2048G
Oct 15 16:05:46 172.20.224.105 kernel: [    0.005436]  gran_size: 256M #011chunk_size: 256M #011num_reg: 10  #011lose cover RAM: 2048G
Oct 15 16:05:46 172.20.224.105 kernel: [    0.005438]  gran_size: 256M #011chunk_size: 512M #011num_reg: 10  #011lose cover RAM: 2048G
Oct 15 16:05:46 172.20.224.105 kernel: [    0.005440]  gran_size: 256M #011chunk_size: 1G #011num_reg: 10  #011lose cover RAM: 2048G
Oct 15 16:05:46 172.20.224.105 kernel: [    0.005442]  gran_size: 256M #011chunk_size: 2G #011num_reg: 10  #011lose cover RAM: 2048G
Oct 15 16:05:46 172.20.224.105 kernel: [    0.005444]  gran_size: 512M #011chunk_size: 512M #011num_reg: 10  #011lose cover RAM: 2048G
Oct 15 16:05:46 172.20.224.105 kernel: [    0.005447]  gran_size: 512M #011chunk_size: 1G #011num_reg: 10  #011lose cover RAM: 2048G
Oct 15 16:05:46 172.20.224.105 kernel: [    0.005449]  gran_size: 512M #011chunk_size: 2G #011num_reg: 10  #011lose cover RAM: 2048G
Oct 15 16:05:46 172.20.224.105 kernel: [    0.005451]  gran_size: 1G #011chunk_size: 1G #011num_reg: 10  #011lose cover RAM: 2048G
Oct 15 16:05:46 172.20.224.105 kernel: [    0.005453]  gran_size: 1G #011chunk_size: 2G #011num_reg: 10  #011lose cover RAM: 2048G
Oct 15 16:05:46 172.20.224.105 kernel: [    0.005455]  gran_size: 2G #011chunk_size: 2G #011num_reg: 10  #011lose cover RAM: 2048G
Oct 15 16:05:46 172.20.224.105 kernel: [    0.005457] mtrr_cleanup: can not find optimal value
Oct 15 16:05:46 172.20.224.105 kernel: [    0.005458] please specify mtrr_gran_size/mtrr_chunk_size
Oct 15 16:05:46 172.20.224.105 kernel: [    0.005462] e820: update [mem 0x80000000-0xffffffff] usable ==> reserved
Oct 15 16:05:46 172.20.224.105 kernel: [    0.005466] x2apic: enabled by BIOS, switching to x2apic ops
Oct 15 16:05:46 172.20.224.105 kernel: [    0.005468] last_pfn = 0x77800 max_arch_pfn = 0x10000000000
Oct 15 16:05:46 172.20.224.105 kernel: [    0.015695] Using GB pages for direct mapping
Oct 15 16:05:46 172.20.224.105 kernel: [    0.016303] secureboot: Secure boot disabled
Oct 15 16:05:46 172.20.224.105 kernel: [    0.016304] RAMDISK: [mem 0x5acc2000-0x617a8fff]
Oct 15 16:05:46 172.20.224.105 kernel: [    0.016308] ACPI: Early table checksum verification disabled
Oct 15 16:05:46 172.20.224.105 kernel: [    0.016311] ACPI: RSDP 0x0000000072102014 000024 (v02 ALASKA)
Oct 15 16:05:46 172.20.224.105 kernel: [    0.016317] ACPI: XSDT 0x0000000072101728 0000EC (v01 ALASKA A M I    01072009 AMI  01000013)
Oct 15 16:05:46 172.20.224.105 kernel: [    0.016323] ACPI: FACP 0x0000000072100000 000114 (v06 ALASKA A M I    01072009 INTL 20091013)
Oct 15 16:05:46 172.20.224.105 kernel: [    0.016330] ACPI: DSDT 0x0000000072033000 0CB7DD (v02 ALASKA A M I    01072009 INTL 20091013)
Oct 15 16:05:46 172.20.224.105 kernel: [    0.016335] ACPI: FACS 0x000000007530D000 000040
Oct 15 16:05:46 172.20.224.105 kernel: [    0.016339] ACPI: SPMI 0x00000000720FF000 000041 (v05 ALASKA A M I    00000000 AMI. 00000000)
Oct 15 16:05:46 172.20.224.105 kernel: [    0.016344] ACPI: FIDT 0x0000000072032000 00009C (v01 ALASKA A M I    01072009 AMI  00010013)
Oct 15 16:05:46 172.20.224.105 kernel: [    0.016348] ACPI: SSDT 0x0000000072031000 00074C (v02 INTEL  RAS_ACPI 00000001 INTL 20210331)
Oct 15 16:05:46 172.20.224.105 kernel: [    0.016352] ACPI: ERST 0x0000000072030000 000230 (v01 ALASKA A M I    00000001 INTL 00000001)
Oct 15 16:05:46 172.20.224.105 kernel: [    0.016356] ACPI: MCFG 0x000000007202F000 00003C (v01 ALASKA A M I    01072009 MSFT 00000097)
Oct 15 16:05:46 172.20.224.105 kernel: [    0.016361] ACPI: HPET 0x000000007202E000 000038 (v01 ALASKA A M I    00000001 INTL 20091013)
Oct 15 16:05:46 172.20.224.105 kernel: [    0.016365] ACPI: MSCT 0x000000007202D000 000090 (v01 ALASKA A M I    00000001 INTL 20091013)
Oct 15 16:05:46 172.20.224.105 kernel: [    0.016369] ACPI: WDDT 0x000000007202C000 000040 (v01 ALASKA A M I    00000000 INTL 20091013)
Oct 15 16:05:46 172.20.224.105 kernel: [    0.016373] ACPI: APIC 0x000000007202A000 000E5E (v04 ALASKA A M I    00000000 INTL 20091013)
Oct 15 16:05:46 172.20.224.105 kernel: [    0.016377] ACPI: SRAT 0x0000000072022000 007830 (v03 ALASKA A M I    00000002 AMI  01000013)
Oct 15 16:05:46 172.20.224.105 kernel: [    0.016381] ACPI: SLIT 0x0000000072021000 000030 (v01 ALASKA A M I    01072009 AMI  01000013)
Oct 15 16:05:46 172.20.224.105 kernel: [    0.016386] ACPI: HMAT 0x0000000072020000 000158 (v02 ALASKA A M I    01072009 AMI  01000013)
Oct 15 16:05:46 172.20.224.105 kernel: [    0.016390] ACPI: OEM4 0x0000000071E98000 187A51 (v02 INTEL  CPU  CST 00003000 INTL 20210331)
Oct 15 16:05:46 172.20.224.105 kernel: [    0.016394] ACPI: OEM1 0x0000000071D84000 113479 (v02 INTEL  CPU EIST 00003000 INTL 20210331)
Oct 15 16:05:46 172.20.224.105 kernel: [    0.016399] ACPI: OEM2 0x0000000071D3D000 046031 (v02 INTEL  CPU  HWP 00003000 INTL 20210331)
Oct 15 16:05:46 172.20.224.105 kernel: [    0.016403] ACPI: SSDT 0x0000000071CD3000 069895 (v02 INTEL  SSDT  PM 00004000 INTL 20210331)
Oct 15 16:05:46 172.20.224.105 kernel: [    0.016407] ACPI: SSDT 0x0000000071CD2000 000957 (v02 ALASKA A M I    00000000 INTL 20091013)
Oct 15 16:05:46 172.20.224.105 kernel: [    0.016411] ACPI: HEST 0x0000000071CD1000 00013C (v01 ALASKA A M I    00000001 INTL 00000001)
Oct 15 16:05:46 172.20.224.105 kernel: [    0.016415] ACPI: BERT 0x0000000071CD0000 000030 (v01 ALASKA A M I    00000001 INTL 00000001)
Oct 15 16:05:46 172.20.224.105 kernel: [    0.016420] ACPI: SSDT 0x0000000071CCF000 00076E (v02 INTEL  ADDRXLAT 00000001 INTL 20210331)
Oct 15 16:05:46 172.20.224.105 kernel: [    0.016424] ACPI: DMAR 0x0000000071CCE000 000528 (v01 ALASKA A M I    00000001 INTL 20091013)
Oct 15 16:05:46 172.20.224.105 kernel: [    0.016428] ACPI: FPDT 0x0000000071CCD000 000044 (v01 ALASKA A M I    01072009 AMI  01000013)
Oct 15 16:05:46 172.20.224.105 kernel: [    0.016432] ACPI: SPCR 0x0000000071CCC000 000050 (v02 ALASKA A M I    01072009 AMI  00050020)
Oct 15 16:05:46 172.20.224.105 kernel: [    0.016436] ACPI: WSMT 0x000000007202B000 000028 (v01 ALASKA A M I    01072009 AMI  00010013)
Oct 15 16:05:46 172.20.224.105 kernel: [    0.016440] ACPI: Reserving FACP table memory at [mem 0x72100000-0x72100113]
Oct 15 16:05:46 172.20.224.105 kernel: [    0.016443] ACPI: Reserving DSDT table memory at [mem 0x72033000-0x720fe7dc]
Oct 15 16:05:46 172.20.224.105 kernel: [    0.016445] ACPI: Reserving FACS table memory at [mem 0x7530d000-0x7530d03f]
Oct 15 16:05:46 172.20.224.105 kernel: [    0.016446] ACPI: Reserving SPMI table memory at [mem 0x720ff000-0x720ff040]
Oct 15 16:05:46 172.20.224.105 kernel: [    0.016448] ACPI: Reserving FIDT table memory at [mem 0x72032000-0x7203209b]
Oct 15 16:05:46 172.20.224.105 kernel: [    0.016450] ACPI: Reserving SSDT table memory at [mem 0x72031000-0x7203174b]
Oct 15 16:05:46 172.20.224.105 kernel: [    0.016451] ACPI: Reserving ERST table memory at [mem 0x72030000-0x7203022f]
Oct 15 16:05:46 172.20.224.105 kernel: [    0.016453] ACPI: Reserving MCFG table memory at [mem 0x7202f000-0x7202f03b]
Oct 15 16:05:46 172.20.224.105 kernel: [    0.016455] ACPI: Reserving HPET table memory at [mem 0x7202e000-0x7202e037]
Oct 15 16:05:46 172.20.224.105 kernel: [    0.016456] ACPI: Reserving MSCT table memory at [mem 0x7202d000-0x7202d08f]
Oct 15 16:05:46 172.20.224.105 kernel: [    0.016458] ACPI: Reserving WDDT table memory at [mem 0x7202c000-0x7202c03f]
Oct 15 16:05:46 172.20.224.105 kernel: [    0.016460] ACPI: Reserving APIC table memory at [mem 0x7202a000-0x7202ae5d]
Oct 15 16:05:46 172.20.224.105 kernel: [    0.016461] ACPI: Reserving SRAT table memory at [mem 0x72022000-0x7202982f]
Oct 15 16:05:46 172.20.224.105 kernel: [    0.016463] ACPI: Reserving SLIT table memory at [mem 0x72021000-0x7202102f]
Oct 15 16:05:46 172.20.224.105 kernel: [    0.016464] ACPI: Reserving HMAT table memory at [mem 0x72020000-0x72020157]
Oct 15 16:05:46 172.20.224.105 kernel: [    0.016466] ACPI: Reserving OEM4 table memory at [mem 0x71e98000-0x7201fa50]
Oct 15 16:05:46 172.20.224.105 kernel: [    0.016468] ACPI: Reserving OEM1 table memory at [mem 0x71d84000-0x71e97478]
Oct 15 16:05:46 172.20.224.105 kernel: [    0.016469] ACPI: Reserving OEM2 table memory at [mem 0x71d3d000-0x71d83030]
Oct 15 16:05:46 172.20.224.105 kernel: [    0.016471] ACPI: Reserving SSDT table memory at [mem 0x71cd3000-0x71d3c894]
Oct 15 16:05:46 172.20.224.105 kernel: [    0.016473] ACPI: Reserving SSDT table memory at [mem 0x71cd2000-0x71cd2956]
Oct 15 16:05:46 172.20.224.105 kernel: [    0.016474] ACPI: Reserving HEST table memory at [mem 0x71cd1000-0x71cd113b]
Oct 15 16:05:46 172.20.224.105 kernel: [    0.016476] ACPI: Reserving BERT table memory at [mem 0x71cd0000-0x71cd002f]
Oct 15 16:05:46 172.20.224.105 kernel: [    0.016478] ACPI: Reserving SSDT table memory at [mem 0x71ccf000-0x71ccf76d]
Oct 15 16:05:46 172.20.224.105 kernel: [    0.016480] ACPI: Reserving DMAR table memory at [mem 0x71cce000-0x71cce527]
Oct 15 16:05:46 172.20.224.105 kernel: [    0.016481] ACPI: Reserving FPDT table memory at [mem 0x71ccd000-0x71ccd043]
Oct 15 16:05:46 172.20.224.105 kernel: [    0.016483] ACPI: Reserving SPCR table memory at [mem 0x71ccc000-0x71ccc04f]
Oct 15 16:05:46 172.20.224.105 kernel: [    0.016485] ACPI: Reserving WSMT table memory at [mem 0x7202b000-0x7202b027]
Oct 15 16:05:46 172.20.224.105 kernel: [    0.016496] Setting APIC routing to cluster x2apic.
Oct 15 16:05:46 172.20.224.105 kernel: [    0.016564] SRAT: PXM 0 -> APIC 0x0000 -> Node 0
Oct 15 16:05:46 172.20.224.105 kernel: [    0.016567] SRAT: PXM 0 -> APIC 0x0001 -> Node 0
Oct 15 16:05:46 172.20.224.105 kernel: [    0.016568] SRAT: PXM 0 -> APIC 0x0002 -> Node 0
Oct 15 16:05:46 172.20.224.105 kernel: [    0.016569] SRAT: PXM 0 -> APIC 0x0003 -> Node 0
Oct 15 16:05:46 172.20.224.105 kernel: [    0.016570] SRAT: PXM 0 -> APIC 0x0004 -> Node 0
Oct 15 16:05:46 172.20.224.105 kernel: [    0.016572] SRAT: PXM 0 -> APIC 0x0005 -> Node 0
Oct 15 16:05:46 172.20.224.105 kernel: [    0.016573] SRAT: PXM 0 -> APIC 0x0006 -> Node 0
Oct 15 16:05:46 172.20.224.105 kernel: [    0.016574] SRAT: PXM 0 -> APIC 0x0007 -> Node 0
Oct 15 16:05:46 172.20.224.105 kernel: [    0.016575] SRAT: PXM 0 -> APIC 0x0008 -> Node 0
Oct 15 16:05:46 172.20.224.105 kernel: [    0.016577] SRAT: PXM 0 -> APIC 0x0009 -> Node 0
Oct 15 16:05:46 172.20.224.105 kernel: [    0.016578] SRAT: PXM 0 -> APIC 0x000a -> Node 0
Oct 15 16:05:46 172.20.224.105 kernel: [    0.016579] SRAT: PXM 0 -> APIC 0x000b -> Node 0
Oct 15 16:05:46 172.20.224.105 kernel: [    0.016580] SRAT: PXM 0 -> APIC 0x000c -> Node 0
Oct 15 16:05:46 172.20.224.105 kernel: [    0.016582] SRAT: PXM 0 -> APIC 0x000d -> Node 0
Oct 15 16:05:46 172.20.224.105 kernel: [    0.016583] SRAT: PXM 0 -> APIC 0x000e -> Node 0
Oct 15 16:05:46 172.20.224.105 kernel: [    0.016584] SRAT: PXM 0 -> APIC 0x000f -> Node 0
Oct 15 16:05:46 172.20.224.105 kernel: [    0.016585] SRAT: PXM 0 -> APIC 0x0010 -> Node 0
Oct 15 16:05:46 172.20.224.105 kernel: [    0.016587] SRAT: PXM 0 -> APIC 0x0011 -> Node 0
Oct 15 16:05:46 172.20.224.105 kernel: [    0.016588] SRAT: PXM 0 -> APIC 0x0012 -> Node 0
Oct 15 16:05:46 172.20.224.105 kernel: [    0.016589] SRAT: PXM 0 -> APIC 0x0013 -> Node 0
Oct 15 16:05:46 172.20.224.105 kernel: [    0.016590] SRAT: PXM 0 -> APIC 0x0014 -> Node 0
Oct 15 16:05:46 172.20.224.105 kernel: [    0.016592] SRAT: PXM 0 -> APIC 0x0015 -> Node 0
Oct 15 16:05:46 172.20.224.105 kernel: [    0.016593] SRAT: PXM 0 -> APIC 0x0016 -> Node 0
Oct 15 16:05:46 172.20.224.105 kernel: [    0.016594] SRAT: PXM 0 -> APIC 0x0017 -> Node 0
Oct 15 16:05:46 172.20.224.105 kernel: [    0.016595] SRAT: PXM 0 -> APIC 0x0018 -> Node 0
Oct 15 16:05:46 172.20.224.105 kernel: [    0.016596] SRAT: PXM 0 -> APIC 0x0019 -> Node 0
Oct 15 16:05:46 172.20.224.105 kernel: [    0.016598] SRAT: PXM 0 -> APIC 0x001a -> Node 0
Oct 15 16:05:46 172.20.224.105 kernel: [    0.016599] SRAT: PXM 0 -> APIC 0x001b -> Node 0
Oct 15 16:05:46 172.20.224.105 kernel: [    0.016600] SRAT: PXM 0 -> APIC 0x001c -> Node 0
Oct 15 16:05:46 172.20.224.105 kernel: [    0.016601] SRAT: PXM 0 -> APIC 0x001d -> Node 0
Oct 15 16:05:46 172.20.224.105 kernel: [    0.016603] SRAT: PXM 0 -> APIC 0x001e -> Node 0
Oct 15 16:05:46 172.20.224.105 kernel: [    0.016604] SRAT: PXM 0 -> APIC 0x001f -> Node 0
Oct 15 16:05:46 172.20.224.105 kernel: [    0.016605] SRAT: PXM 0 -> APIC 0x0020 -> Node 0
Oct 15 16:05:46 172.20.224.105 kernel: [    0.016606] SRAT: PXM 0 -> APIC 0x0021 -> Node 0
Oct 15 16:05:46 172.20.224.105 kernel: [    0.016607] SRAT: PXM 0 -> APIC 0x0022 -> Node 0
Oct 15 16:05:46 172.20.224.105 kernel: [    0.016609] SRAT: PXM 0 -> APIC 0x0023 -> Node 0
Oct 15 16:05:46 172.20.224.105 kernel: [    0.016610] SRAT: PXM 0 -> APIC 0x0024 -> Node 0
Oct 15 16:05:46 172.20.224.105 kernel: [    0.016611] SRAT: PXM 0 -> APIC 0x0025 -> Node 0
Oct 15 16:05:46 172.20.224.105 kernel: [    0.016612] SRAT: PXM 0 -> APIC 0x0026 -> Node 0
Oct 15 16:05:46 172.20.224.105 kernel: [    0.016614] SRAT: PXM 0 -> APIC 0x0027 -> Node 0
Oct 15 16:05:46 172.20.224.105 kernel: [    0.016615] SRAT: PXM 0 -> APIC 0x0028 -> Node 0
Oct 15 16:05:46 172.20.224.105 kernel: [    0.016616] SRAT: PXM 0 -> APIC 0x0029 -> Node 0
Oct 15 16:05:46 172.20.224.105 kernel: [    0.016617] SRAT: PXM 0 -> APIC 0x002a -> Node 0
Oct 15 16:05:46 172.20.224.105 kernel: [    0.016618] SRAT: PXM 0 -> APIC 0x002b -> Node 0
Oct 15 16:05:46 172.20.224.105 kernel: [    0.016620] SRAT: PXM 0 -> APIC 0x002c -> Node 0
Oct 15 16:05:46 172.20.224.105 kernel: [    0.016621] SRAT: PXM 0 -> APIC 0x002d -> Node 0
Oct 15 16:05:46 172.20.224.105 kernel: [    0.016622] SRAT: PXM 0 -> APIC 0x002e -> Node 0
Oct 15 16:05:46 172.20.224.105 kernel: [    0.016623] SRAT: PXM 0 -> APIC 0x002f -> Node 0
Oct 15 16:05:46 172.20.224.105 kernel: [    0.016625] SRAT: PXM 0 -> APIC 0x0030 -> Node 0
Oct 15 16:05:46 172.20.224.105 kernel: [    0.016626] SRAT: PXM 0 -> APIC 0x0031 -> Node 0
Oct 15 16:05:46 172.20.224.105 kernel: [    0.016627] SRAT: PXM 0 -> APIC 0x0032 -> Node 0
Oct 15 16:05:46 172.20.224.105 kernel: [    0.016628] SRAT: PXM 0 -> APIC 0x0033 -> Node 0
Oct 15 16:05:46 172.20.224.105 kernel: [    0.016629] SRAT: PXM 0 -> APIC 0x0034 -> Node 0
Oct 15 16:05:46 172.20.224.105 kernel: [    0.016631] SRAT: PXM 0 -> APIC 0x0035 -> Node 0
Oct 15 16:05:46 172.20.224.105 kernel: [    0.016632] SRAT: PXM 0 -> APIC 0x0036 -> Node 0
Oct 15 16:05:46 172.20.224.105 kernel: [    0.016633] SRAT: PXM 0 -> APIC 0x0037 -> Node 0
Oct 15 16:05:46 172.20.224.105 kernel: [    0.016634] SRAT: PXM 0 -> APIC 0x0038 -> Node 0
Oct 15 16:05:46 172.20.224.105 kernel: [    0.016636] SRAT: PXM 0 -> APIC 0x0039 -> Node 0
Oct 15 16:05:46 172.20.224.105 kernel: [    0.016637] SRAT: PXM 0 -> APIC 0x003a -> Node 0
Oct 15 16:05:46 172.20.224.105 kernel: [    0.016638] SRAT: PXM 0 -> APIC 0x003b -> Node 0
Oct 15 16:05:46 172.20.224.105 kernel: [    0.016639] SRAT: PXM 0 -> APIC 0x003c -> Node 0
Oct 15 16:05:46 172.20.224.105 kernel: [    0.016640] SRAT: PXM 0 -> APIC 0x003d -> Node 0
Oct 15 16:05:46 172.20.224.105 kernel: [    0.016642] SRAT: PXM 0 -> APIC 0x003e -> Node 0
Oct 15 16:05:46 172.20.224.105 kernel: [    0.016643] SRAT: PXM 0 -> APIC 0x003f -> Node 0
Oct 15 16:05:46 172.20.224.105 kernel: [    0.016644] SRAT: PXM 0 -> APIC 0x0040 -> Node 0
Oct 15 16:05:46 172.20.224.105 kernel: [    0.016645] SRAT: PXM 0 -> APIC 0x0041 -> Node 0
Oct 15 16:05:46 172.20.224.105 kernel: [    0.016646] SRAT: PXM 0 -> APIC 0x0042 -> Node 0
Oct 15 16:05:46 172.20.224.105 kernel: [    0.016648] SRAT: PXM 0 -> APIC 0x0043 -> Node 0
Oct 15 16:05:46 172.20.224.105 kernel: [    0.016649] SRAT: PXM 0 -> APIC 0x0044 -> Node 0
Oct 15 16:05:46 172.20.224.105 kernel: [    0.016650] SRAT: PXM 0 -> APIC 0x0045 -> Node 0
Oct 15 16:05:46 172.20.224.105 kernel: [    0.016651] SRAT: PXM 0 -> APIC 0x0046 -> Node 0
Oct 15 16:05:46 172.20.224.105 kernel: [    0.016652] SRAT: PXM 0 -> APIC 0x0047 -> Node 0
Oct 15 16:05:46 172.20.224.105 kernel: [    0.016654] SRAT: PXM 0 -> APIC 0x0048 -> Node 0
Oct 15 16:05:46 172.20.224.105 kernel: [    0.016655] SRAT: PXM 0 -> APIC 0x0049 -> Node 0
Oct 15 16:05:46 172.20.224.105 kernel: [    0.016656] SRAT: PXM 0 -> APIC 0x004a -> Node 0
Oct 15 16:05:46 172.20.224.105 kernel: [    0.016657] SRAT: PXM 0 -> APIC 0x004b -> Node 0
Oct 15 16:05:46 172.20.224.105 kernel: [    0.016659] SRAT: PXM 0 -> APIC 0x004c -> Node 0
Oct 15 16:05:46 172.20.224.105 kernel: [    0.016660] SRAT: PXM 0 -> APIC 0x004d -> Node 0
Oct 15 16:05:46 172.20.224.105 kernel: [    0.016661] SRAT: PXM 0 -> APIC 0x004e -> Node 0
Oct 15 16:05:46 172.20.224.105 kernel: [    0.016662] SRAT: PXM 0 -> APIC 0x004f -> Node 0
Oct 15 16:05:46 172.20.224.105 kernel: [    0.016663] SRAT: PXM 0 -> APIC 0x0050 -> Node 0
Oct 15 16:05:46 172.20.224.105 kernel: [    0.016665] SRAT: PXM 0 -> APIC 0x0051 -> Node 0
Oct 15 16:05:46 172.20.224.105 kernel: [    0.016666] SRAT: PXM 0 -> APIC 0x0052 -> Node 0
Oct 15 16:05:46 172.20.224.105 kernel: [    0.016667] SRAT: PXM 0 -> APIC 0x0053 -> Node 0
Oct 15 16:05:46 172.20.224.105 kernel: [    0.016668] SRAT: PXM 0 -> APIC 0x0054 -> Node 0
Oct 15 16:05:46 172.20.224.105 kernel: [    0.016669] SRAT: PXM 0 -> APIC 0x0055 -> Node 0
Oct 15 16:05:46 172.20.224.105 kernel: [    0.016671] SRAT: PXM 0 -> APIC 0x0056 -> Node 0
Oct 15 16:05:46 172.20.224.105 kernel: [    0.016672] SRAT: PXM 0 -> APIC 0x0057 -> Node 0
Oct 15 16:05:46 172.20.224.105 kernel: [    0.016673] SRAT: PXM 0 -> APIC 0x0058 -> Node 0
Oct 15 16:05:46 172.20.224.105 kernel: [    0.016674] SRAT: PXM 0 -> APIC 0x0059 -> Node 0
Oct 15 16:05:46 172.20.224.105 kernel: [    0.016675] SRAT: PXM 0 -> APIC 0x005a -> Node 0
Oct 15 16:05:46 172.20.224.105 kernel: [    0.016677] SRAT: PXM 0 -> APIC 0x005b -> Node 0
Oct 15 16:05:46 172.20.224.105 kernel: [    0.016678] SRAT: PXM 0 -> APIC 0x005c -> Node 0
Oct 15 16:05:46 172.20.224.105 kernel: [    0.016679] SRAT: PXM 0 -> APIC 0x005d -> Node 0
Oct 15 16:05:46 172.20.224.105 kernel: [    0.016680] SRAT: PXM 0 -> APIC 0x005e -> Node 0
Oct 15 16:05:46 172.20.224.105 kernel: [    0.016681] SRAT: PXM 0 -> APIC 0x005f -> Node 0
Oct 15 16:05:46 172.20.224.105 kernel: [    0.016683] SRAT: PXM 0 -> APIC 0x0060 -> Node 0
Oct 15 16:05:46 172.20.224.105 kernel: [    0.016684] SRAT: PXM 0 -> APIC 0x0061 -> Node 0
Oct 15 16:05:46 172.20.224.105 kernel: [    0.016685] SRAT: PXM 0 -> APIC 0x0062 -> Node 0
Oct 15 16:05:46 172.20.224.105 kernel: [    0.016686] SRAT: PXM 0 -> APIC 0x0063 -> Node 0
Oct 15 16:05:46 172.20.224.105 kernel: [    0.016688] SRAT: PXM 0 -> APIC 0x0064 -> Node 0
Oct 15 16:05:46 172.20.224.105 kernel: [    0.016689] SRAT: PXM 0 -> APIC 0x0065 -> Node 0
Oct 15 16:05:46 172.20.224.105 kernel: [    0.016690] SRAT: PXM 0 -> APIC 0x0066 -> Node 0
Oct 15 16:05:46 172.20.224.105 kernel: [    0.016691] SRAT: PXM 0 -> APIC 0x0067 -> Node 0
Oct 15 16:05:46 172.20.224.105 kernel: [    0.016692] SRAT: PXM 0 -> APIC 0x0068 -> Node 0
Oct 15 16:05:46 172.20.224.105 kernel: [    0.016694] SRAT: PXM 0 -> APIC 0x0069 -> Node 0
Oct 15 16:05:46 172.20.224.105 kernel: [    0.016695] SRAT: PXM 0 -> APIC 0x006a -> Node 0
Oct 15 16:05:46 172.20.224.105 kernel: [    0.016696] SRAT: PXM 0 -> APIC 0x006b -> Node 0
Oct 15 16:05:46 172.20.224.105 kernel: [    0.016697] SRAT: PXM 0 -> APIC 0x006c -> Node 0
Oct 15 16:05:46 172.20.224.105 kernel: [    0.016698] SRAT: PXM 0 -> APIC 0x006d -> Node 0
Oct 15 16:05:46 172.20.224.105 kernel: [    0.016700] SRAT: PXM 0 -> APIC 0x006e -> Node 0
Oct 15 16:05:46 172.20.224.105 kernel: [    0.016701] SRAT: PXM 0 -> APIC 0x006f -> Node 0
Oct 15 16:05:46 172.20.224.105 kernel: [    0.016702] SRAT: PXM 1 -> APIC 0x0080 -> Node 1
Oct 15 16:05:46 172.20.224.105 kernel: [    0.016704] SRAT: PXM 1 -> APIC 0x0081 -> Node 1
Oct 15 16:05:46 172.20.224.105 kernel: [    0.016705] SRAT: PXM 1 -> APIC 0x0082 -> Node 1
Oct 15 16:05:46 172.20.224.105 kernel: [    0.016706] SRAT: PXM 1 -> APIC 0x0083 -> Node 1
Oct 15 16:05:46 172.20.224.105 kernel: [    0.016707] SRAT: PXM 1 -> APIC 0x0084 -> Node 1
Oct 15 16:05:46 172.20.224.105 kernel: [    0.016708] SRAT: PXM 1 -> APIC 0x0085 -> Node 1
Oct 15 16:05:46 172.20.224.105 kernel: [    0.016710] SRAT: PXM 1 -> APIC 0x0086 -> Node 1
Oct 15 16:05:46 172.20.224.105 kernel: [    0.016711] SRAT: PXM 1 -> APIC 0x0087 -> Node 1
Oct 15 16:05:46 172.20.224.105 kernel: [    0.016712] SRAT: PXM 1 -> APIC 0x0088 -> Node 1
Oct 15 16:05:46 172.20.224.105 kernel: [    0.016713] SRAT: PXM 1 -> APIC 0x0089 -> Node 1
Oct 15 16:05:46 172.20.224.105 kernel: [    0.016714] SRAT: PXM 1 -> APIC 0x008a -> Node 1
Oct 15 16:05:46 172.20.224.105 kernel: [    0.016715] SRAT: PXM 1 -> APIC 0x008b -> Node 1
Oct 15 16:05:46 172.20.224.105 kernel: [    0.016717] SRAT: PXM 1 -> APIC 0x008c -> Node 1
Oct 15 16:05:46 172.20.224.105 kernel: [    0.016718] SRAT: PXM 1 -> APIC 0x008d -> Node 1
Oct 15 16:05:46 172.20.224.105 kernel: [    0.016719] SRAT: PXM 1 -> APIC 0x008e -> Node 1
Oct 15 16:05:46 172.20.224.105 kernel: [    0.016720] SRAT: PXM 1 -> APIC 0x008f -> Node 1
Oct 15 16:05:46 172.20.224.105 kernel: [    0.016722] SRAT: PXM 1 -> APIC 0x0090 -> Node 1
Oct 15 16:05:46 172.20.224.105 kernel: [    0.016723] SRAT: PXM 1 -> APIC 0x0091 -> Node 1
Oct 15 16:05:46 172.20.224.105 kernel: [    0.016724] SRAT: PXM 1 -> APIC 0x0092 -> Node 1
Oct 15 16:05:46 172.20.224.105 kernel: [    0.016725] SRAT: PXM 1 -> APIC 0x0093 -> Node 1
Oct 15 16:05:46 172.20.224.105 kernel: [    0.016726] SRAT: PXM 1 -> APIC 0x0094 -> Node 1
Oct 15 16:05:46 172.20.224.105 kernel: [    0.016728] SRAT: PXM 1 -> APIC 0x0095 -> Node 1
Oct 15 16:05:46 172.20.224.105 kernel: [    0.016729] SRAT: PXM 1 -> APIC 0x0096 -> Node 1
Oct 15 16:05:46 172.20.224.105 kernel: [    0.016730] SRAT: PXM 1 -> APIC 0x0097 -> Node 1
Oct 15 16:05:46 172.20.224.105 kernel: [    0.016731] SRAT: PXM 1 -> APIC 0x0098 -> Node 1
Oct 15 16:05:46 172.20.224.105 kernel: [    0.016732] SRAT: PXM 1 -> APIC 0x0099 -> Node 1
Oct 15 16:05:46 172.20.224.105 kernel: [    0.016734] SRAT: PXM 1 -> APIC 0x009a -> Node 1
Oct 15 16:05:46 172.20.224.105 kernel: [    0.016735] SRAT: PXM 1 -> APIC 0x009b -> Node 1
Oct 15 16:05:46 172.20.224.105 kernel: [    0.016736] SRAT: PXM 1 -> APIC 0x009c -> Node 1
Oct 15 16:05:46 172.20.224.105 kernel: [    0.016737] SRAT: PXM 1 -> APIC 0x009d -> Node 1
Oct 15 16:05:46 172.20.224.105 kernel: [    0.016738] SRAT: PXM 1 -> APIC 0x009e -> Node 1
Oct 15 16:05:46 172.20.224.105 kernel: [    0.016740] SRAT: PXM 1 -> APIC 0x009f -> Node 1
Oct 15 16:05:46 172.20.224.105 kernel: [    0.016741] SRAT: PXM 1 -> APIC 0x00a0 -> Node 1
Oct 15 16:05:46 172.20.224.105 kernel: [    0.016742] SRAT: PXM 1 -> APIC 0x00a1 -> Node 1
Oct 15 16:05:46 172.20.224.105 kernel: [    0.016743] SRAT: PXM 1 -> APIC 0x00a2 -> Node 1
Oct 15 16:05:46 172.20.224.105 kernel: [    0.016744] SRAT: PXM 1 -> APIC 0x00a3 -> Node 1
Oct 15 16:05:46 172.20.224.105 kernel: [    0.016746] SRAT: PXM 1 -> APIC 0x00a4 -> Node 1
Oct 15 16:05:46 172.20.224.105 kernel: [    0.016747] SRAT: PXM 1 -> APIC 0x00a5 -> Node 1
Oct 15 16:05:46 172.20.224.105 kernel: [    0.016748] SRAT: PXM 1 -> APIC 0x00a6 -> Node 1
Oct 15 16:05:46 172.20.224.105 kernel: [    0.016749] SRAT: PXM 1 -> APIC 0x00a7 -> Node 1
Oct 15 16:05:46 172.20.224.105 kernel: [    0.016750] SRAT: PXM 1 -> APIC 0x00a8 -> Node 1
Oct 15 16:05:46 172.20.224.105 kernel: [    0.016752] SRAT: PXM 1 -> APIC 0x00a9 -> Node 1
Oct 15 16:05:46 172.20.224.105 kernel: [    0.016753] SRAT: PXM 1 -> APIC 0x00aa -> Node 1
Oct 15 16:05:46 172.20.224.105 kernel: [    0.016754] SRAT: PXM 1 -> APIC 0x00ab -> Node 1
Oct 15 16:05:46 172.20.224.105 kernel: [    0.016755] SRAT: PXM 1 -> APIC 0x00ac -> Node 1
Oct 15 16:05:46 172.20.224.105 kernel: [    0.016756] SRAT: PXM 1 -> APIC 0x00ad -> Node 1
Oct 15 16:05:46 172.20.224.105 kernel: [    0.016758] SRAT: PXM 1 -> APIC 0x00ae -> Node 1
Oct 15 16:05:46 172.20.224.105 kernel: [    0.016759] SRAT: PXM 1 -> APIC 0x00af -> Node 1
Oct 15 16:05:46 172.20.224.105 kernel: [    0.016760] SRAT: PXM 1 -> APIC 0x00b0 -> Node 1
Oct 15 16:05:46 172.20.224.105 kernel: [    0.016761] SRAT: PXM 1 -> APIC 0x00b1 -> Node 1
Oct 15 16:05:46 172.20.224.105 kernel: [    0.016762] SRAT: PXM 1 -> APIC 0x00b2 -> Node 1
Oct 15 16:05:46 172.20.224.105 kernel: [    0.016764] SRAT: PXM 1 -> APIC 0x00b3 -> Node 1
Oct 15 16:05:46 172.20.224.105 kernel: [    0.016765] SRAT: PXM 1 -> APIC 0x00b4 -> Node 1
Oct 15 16:05:46 172.20.224.105 kernel: [    0.016766] SRAT: PXM 1 -> APIC 0x00b5 -> Node 1
Oct 15 16:05:46 172.20.224.105 kernel: [    0.016767] SRAT: PXM 1 -> APIC 0x00b6 -> Node 1
Oct 15 16:05:46 172.20.224.105 kernel: [    0.016768] SRAT: PXM 1 -> APIC 0x00b7 -> Node 1
Oct 15 16:05:46 172.20.224.105 kernel: [    0.016770] SRAT: PXM 1 -> APIC 0x00b8 -> Node 1
Oct 15 16:05:46 172.20.224.105 kernel: [    0.016771] SRAT: PXM 1 -> APIC 0x00b9 -> Node 1
Oct 15 16:05:46 172.20.224.105 kernel: [    0.016772] SRAT: PXM 1 -> APIC 0x00ba -> Node 1
Oct 15 16:05:46 172.20.224.105 kernel: [    0.016773] SRAT: PXM 1 -> APIC 0x00bb -> Node 1
Oct 15 16:05:46 172.20.224.105 kernel: [    0.016774] SRAT: PXM 1 -> APIC 0x00bc -> Node 1
Oct 15 16:05:46 172.20.224.105 kernel: [    0.016776] SRAT: PXM 1 -> APIC 0x00bd -> Node 1
Oct 15 16:05:46 172.20.224.105 kernel: [    0.016777] SRAT: PXM 1 -> APIC 0x00be -> Node 1
Oct 15 16:05:46 172.20.224.105 kernel: [    0.016778] SRAT: PXM 1 -> APIC 0x00bf -> Node 1
Oct 15 16:05:46 172.20.224.105 kernel: [    0.016779] SRAT: PXM 1 -> APIC 0x00c0 -> Node 1
Oct 15 16:05:46 172.20.224.105 kernel: [    0.016780] SRAT: PXM 1 -> APIC 0x00c1 -> Node 1
Oct 15 16:05:46 172.20.224.105 kernel: [    0.016782] SRAT: PXM 1 -> APIC 0x00c2 -> Node 1
Oct 15 16:05:46 172.20.224.105 kernel: [    0.016783] SRAT: PXM 1 -> APIC 0x00c3 -> Node 1
Oct 15 16:05:46 172.20.224.105 kernel: [    0.016784] SRAT: PXM 1 -> APIC 0x00c4 -> Node 1
Oct 15 16:05:46 172.20.224.105 kernel: [    0.016785] SRAT: PXM 1 -> APIC 0x00c5 -> Node 1
Oct 15 16:05:46 172.20.224.105 kernel: [    0.016786] SRAT: PXM 1 -> APIC 0x00c6 -> Node 1
Oct 15 16:05:46 172.20.224.105 kernel: [    0.016788] SRAT: PXM 1 -> APIC 0x00c7 -> Node 1
Oct 15 16:05:46 172.20.224.105 kernel: [    0.016789] SRAT: PXM 1 -> APIC 0x00c8 -> Node 1
Oct 15 16:05:46 172.20.224.105 kernel: [    0.016790] SRAT: PXM 1 -> APIC 0x00c9 -> Node 1
Oct 15 16:05:46 172.20.224.105 kernel: [    0.016791] SRAT: PXM 1 -> APIC 0x00ca -> Node 1
Oct 15 16:05:46 172.20.224.105 kernel: [    0.016792] SRAT: PXM 1 -> APIC 0x00cb -> Node 1
Oct 15 16:05:46 172.20.224.105 kernel: [    0.016794] SRAT: PXM 1 -> APIC 0x00cc -> Node 1
Oct 15 16:05:46 172.20.224.105 kernel: [    0.016795] SRAT: PXM 1 -> APIC 0x00cd -> Node 1
Oct 15 16:05:46 172.20.224.105 kernel: [    0.016796] SRAT: PXM 1 -> APIC 0x00ce -> Node 1
Oct 15 16:05:46 172.20.224.105 kernel: [    0.016797] SRAT: PXM 1 -> APIC 0x00cf -> Node 1
Oct 15 16:05:46 172.20.224.105 kernel: [    0.016798] SRAT: PXM 1 -> APIC 0x00d0 -> Node 1
Oct 15 16:05:46 172.20.224.105 kernel: [    0.016800] SRAT: PXM 1 -> APIC 0x00d1 -> Node 1
Oct 15 16:05:46 172.20.224.105 kernel: [    0.016801] SRAT: PXM 1 -> APIC 0x00d2 -> Node 1
Oct 15 16:05:46 172.20.224.105 kernel: [    0.016802] SRAT: PXM 1 -> APIC 0x00d3 -> Node 1
Oct 15 16:05:46 172.20.224.105 kernel: [    0.016803] SRAT: PXM 1 -> APIC 0x00d4 -> Node 1
Oct 15 16:05:46 172.20.224.105 kernel: [    0.016805] SRAT: PXM 1 -> APIC 0x00d5 -> Node 1
Oct 15 16:05:46 172.20.224.105 kernel: [    0.016806] SRAT: PXM 1 -> APIC 0x00d6 -> Node 1
Oct 15 16:05:46 172.20.224.105 kernel: [    0.016807] SRAT: PXM 1 -> APIC 0x00d7 -> Node 1
Oct 15 16:05:46 172.20.224.105 kernel: [    0.016808] SRAT: PXM 1 -> APIC 0x00d8 -> Node 1
Oct 15 16:05:46 172.20.224.105 kernel: [    0.016809] SRAT: PXM 1 -> APIC 0x00d9 -> Node 1
Oct 15 16:05:46 172.20.224.105 kernel: [    0.016811] SRAT: PXM 1 -> APIC 0x00da -> Node 1
Oct 15 16:05:46 172.20.224.105 kernel: [    0.016812] SRAT: PXM 1 -> APIC 0x00db -> Node 1
Oct 15 16:05:46 172.20.224.105 kernel: [    0.016813] SRAT: PXM 1 -> APIC 0x00dc -> Node 1
Oct 15 16:05:46 172.20.224.105 kernel: [    0.016814] SRAT: PXM 1 -> APIC 0x00dd -> Node 1
Oct 15 16:05:46 172.20.224.105 kernel: [    0.016815] SRAT: PXM 1 -> APIC 0x00de -> Node 1
Oct 15 16:05:46 172.20.224.105 kernel: [    0.016817] SRAT: PXM 1 -> APIC 0x00df -> Node 1
Oct 15 16:05:46 172.20.224.105 kernel: [    0.016818] SRAT: PXM 1 -> APIC 0x00e0 -> Node 1
Oct 15 16:05:46 172.20.224.105 kernel: [    0.016819] SRAT: PXM 1 -> APIC 0x00e1 -> Node 1
Oct 15 16:05:46 172.20.224.105 kernel: [    0.016820] SRAT: PXM 1 -> APIC 0x00e2 -> Node 1
Oct 15 16:05:46 172.20.224.105 kernel: [    0.016821] SRAT: PXM 1 -> APIC 0x00e3 -> Node 1
Oct 15 16:05:46 172.20.224.105 kernel: [    0.016823] SRAT: PXM 1 -> APIC 0x00e4 -> Node 1
Oct 15 16:05:46 172.20.224.105 kernel: [    0.016824] SRAT: PXM 1 -> APIC 0x00e5 -> Node 1
Oct 15 16:05:46 172.20.224.105 kernel: [    0.016825] SRAT: PXM 1 -> APIC 0x00e6 -> Node 1
Oct 15 16:05:46 172.20.224.105 kernel: [    0.016826] SRAT: PXM 1 -> APIC 0x00e7 -> Node 1
Oct 15 16:05:46 172.20.224.105 kernel: [    0.016827] SRAT: PXM 1 -> APIC 0x00e8 -> Node 1
Oct 15 16:05:46 172.20.224.105 kernel: [    0.016829] SRAT: PXM 1 -> APIC 0x00e9 -> Node 1
Oct 15 16:05:46 172.20.224.105 kernel: [    0.016830] SRAT: PXM 1 -> APIC 0x00ea -> Node 1
Oct 15 16:05:46 172.20.224.105 kernel: [    0.016831] SRAT: PXM 1 -> APIC 0x00eb -> Node 1
Oct 15 16:05:46 172.20.224.105 kernel: [    0.016832] SRAT: PXM 1 -> APIC 0x00ec -> Node 1
Oct 15 16:05:46 172.20.224.105 kernel: [    0.016833] SRAT: PXM 1 -> APIC 0x00ed -> Node 1
Oct 15 16:05:46 172.20.224.105 kernel: [    0.016835] SRAT: PXM 1 -> APIC 0x00ee -> Node 1
Oct 15 16:05:46 172.20.224.105 kernel: [    0.016836] SRAT: PXM 1 -> APIC 0x00ef -> Node 1
Oct 15 16:05:46 172.20.224.105 kernel: [    0.016854] ACPI: SRAT: Node 0 PXM 0 [mem 0x00000000-0x7fffffff]
Oct 15 16:05:46 172.20.224.105 kernel: [    0.016857] ACPI: SRAT: Node 0 PXM 0 [mem 0x100000000-0x1007fffffff]
Oct 15 16:05:46 172.20.224.105 kernel: [    0.016859] ACPI: SRAT: Node 1 PXM 1 [mem 0x10080000000-0x2007fffffff]
Oct 15 16:05:46 172.20.224.105 kernel: [    0.016876] NUMA: Initialized distance table, cnt=2
Oct 15 16:05:46 172.20.224.105 kernel: [    0.016879] NUMA: Node 0 [mem 0x00000000-0x7fffffff] + [mem 0x100000000-0x1007fffffff] -> [mem 0x00000000-0x1007fffffff]
Oct 15 16:05:46 172.20.224.105 kernel: [    0.016893] NODE_DATA(0) allocated [mem 0x1007ffd6000-0x1007fffffff]
Oct 15 16:05:46 172.20.224.105 kernel: [    0.016912] NODE_DATA(1) allocated [mem 0x2007ffd2000-0x2007fffbfff]
Oct 15 16:05:46 172.20.224.105 kernel: [    0.020414] Zone ranges:
Oct 15 16:05:46 172.20.224.105 kernel: [    0.020416]   DMA      [mem 0x0000000000001000-0x0000000000ffffff]
Oct 15 16:05:46 172.20.224.105 kernel: [    0.020419]   DMA32    [mem 0x0000000001000000-0x00000000ffffffff]
Oct 15 16:05:46 172.20.224.105 kernel: [    0.020422]   Normal   [mem 0x0000000100000000-0x000002007fffffff]
Oct 15 16:05:46 172.20.224.105 kernel: [    0.020424]   Device   empty
Oct 15 16:05:46 172.20.224.105 kernel: [    0.020426] Movable zone start for each node
Oct 15 16:05:46 172.20.224.105 kernel: [    0.020430] Early memory node ranges
Oct 15 16:05:46 172.20.224.105 kernel: [    0.020431]   node   0: [mem 0x0000000000001000-0x000000000009ffff]
Oct 15 16:05:46 172.20.224.105 kernel: [    0.020434]   node   0: [mem 0x0000000000100000-0x000000006868bfff]
Oct 15 16:05:46 172.20.224.105 kernel: [    0.020436]   node   0: [mem 0x000000006868f000-0x000000006f702fff]
Oct 15 16:05:46 172.20.224.105 kernel: [    0.020437]   node   0: [mem 0x00000000777ff000-0x00000000777fffff]
Oct 15 16:05:46 172.20.224.105 kernel: [    0.020438]   node   0: [mem 0x0000000100000000-0x000001007fffffff]
Oct 15 16:05:46 172.20.224.105 kernel: [    0.020579]   node   1: [mem 0x0000010080000000-0x000002007fffffff]
Oct 15 16:05:46 172.20.224.105 kernel: [    0.020709] Initmem setup node 0 [mem 0x0000000000001000-0x000001007fffffff]
Oct 15 16:05:46 172.20.224.105 kernel: [    0.020714] Initmem setup node 1 [mem 0x0000010080000000-0x000002007fffffff]
Oct 15 16:05:46 172.20.224.105 kernel: [    0.020720] On node 0, zone DMA: 1 pages in unavailable ranges
Oct 15 16:05:46 172.20.224.105 kernel: [    0.020762] On node 0, zone DMA: 96 pages in unavailable ranges
Oct 15 16:05:46 172.20.224.105 kernel: [    0.025270] On node 0, zone DMA32: 3 pages in unavailable ranges
Oct 15 16:05:46 172.20.224.105 kernel: [    0.025978] On node 0, zone DMA32: 33020 pages in unavailable ranges
Oct 15 16:05:46 172.20.224.105 kernel: [    2.708089] On node 0, zone Normal: 2048 pages in unavailable ranges
Oct 15 16:05:46 172.20.224.105 kernel: [    6.230155] ACPI: PM-Timer IO Port: 0x508
Oct 15 16:05:46 172.20.224.105 kernel: [    6.230202] ACPI: X2APIC_NMI (uid[0xffffffff] high edge lint[0x1])
Oct 15 16:05:46 172.20.224.105 kernel: [    6.230207] ACPI: LAPIC_NMI (acpi_id[0xff] high edge lint[0x1])
Oct 15 16:05:46 172.20.224.105 kernel: [    6.230229] IOAPIC[0]: apic_id 8, version 32, address 0xfec00000, GSI 0-23
Oct 15 16:05:46 172.20.224.105 kernel: [    6.230234] ACPI: INT_SRC_OVR (bus 0 bus_irq 0 global_irq 2 dfl dfl)
Oct 15 16:05:46 172.20.224.105 kernel: [    6.230236] ACPI: INT_SRC_OVR (bus 0 bus_irq 9 global_irq 9 high level)
Oct 15 16:05:46 172.20.224.105 kernel: [    6.230243] ACPI: Using ACPI (MADT) for SMP configuration information
Oct 15 16:05:46 172.20.224.105 kernel: [    6.230245] ACPI: HPET id: 0x8086a701 base: 0xfed00000
Oct 15 16:05:46 172.20.224.105 kernel: [    6.230250] ACPI: SPCR: console: uart,io,0x3f8,115200
Oct 15 16:05:46 172.20.224.105 kernel: [    6.230253] TSC deadline timer available
Oct 15 16:05:46 172.20.224.105 kernel: [    6.230255] smpboot: Allowing 224 CPUs, 0 hotplug CPUs
Oct 15 16:05:46 172.20.224.105 kernel: [    6.230289] PM: hibernation: Registered nosave memory: [mem 0x00000000-0x00000fff]
Oct 15 16:05:46 172.20.224.105 kernel: [    6.230292] PM: hibernation: Registered nosave memory: [mem 0x000a0000-0x000fffff]
Oct 15 16:05:46 172.20.224.105 kernel: [    6.230295] PM: hibernation: Registered nosave memory: [mem 0x62934000-0x62934fff]
Oct 15 16:05:46 172.20.224.105 kernel: [    6.230298] PM: hibernation: Registered nosave memory: [mem 0x629f3000-0x629f3fff]
Oct 15 16:05:46 172.20.224.105 kernel: [    6.230299] PM: hibernation: Registered nosave memory: [mem 0x629f4000-0x629f4fff]
Oct 15 16:05:46 172.20.224.105 kernel: [    6.230302] PM: hibernation: Registered nosave memory: [mem 0x62ab3000-0x62ab3fff]
Oct 15 16:05:46 172.20.224.105 kernel: [    6.230303] PM: hibernation: Registered nosave memory: [mem 0x62ab4000-0x62ab4fff]
Oct 15 16:05:46 172.20.224.105 kernel: [    6.230306] PM: hibernation: Registered nosave memory: [mem 0x62b73000-0x62b73fff]
Oct 15 16:05:46 172.20.224.105 kernel: [    6.230309] PM: hibernation: Registered nosave memory: [mem 0x62d1a000-0x62d1afff]
Oct 15 16:05:46 172.20.224.105 kernel: [    6.230311] PM: hibernation: Registered nosave memory: [mem 0x62dd9000-0x62dd9fff]
Oct 15 16:05:46 172.20.224.105 kernel: [    6.230314] PM: hibernation: Registered nosave memory: [mem 0x63e83000-0x63e83fff]
Oct 15 16:05:46 172.20.224.105 kernel: [    6.230317] PM: hibernation: Registered nosave memory: [mem 0x63ed6000-0x63ed6fff]
Oct 15 16:05:46 172.20.224.105 kernel: [    6.230318] PM: hibernation: Registered nosave memory: [mem 0x63ed7000-0x63ed7fff]
Oct 15 16:05:46 172.20.224.105 kernel: [    6.230321] PM: hibernation: Registered nosave memory: [mem 0x63f2a000-0x63f2afff]
Oct 15 16:05:46 172.20.224.105 kernel: [    6.230322] PM: hibernation: Registered nosave memory: [mem 0x63f2b000-0x63f2bfff]
Oct 15 16:05:46 172.20.224.105 kernel: [    6.230324] PM: hibernation: Registered nosave memory: [mem 0x63f63000-0x63f63fff]
Oct 15 16:05:46 172.20.224.105 kernel: [    6.230327] PM: hibernation: Registered nosave memory: [mem 0x6868c000-0x6868efff]
Oct 15 16:05:46 172.20.224.105 kernel: [    6.230330] PM: hibernation: Registered nosave memory: [mem 0x6f703000-0x71802fff]
Oct 15 16:05:46 172.20.224.105 kernel: [    6.230331] PM: hibernation: Registered nosave memory: [mem 0x71803000-0x72102fff]
Oct 15 16:05:46 172.20.224.105 kernel: [    6.230332] PM: hibernation: Registered nosave memory: [mem 0x72103000-0x7530efff]
Oct 15 16:05:46 172.20.224.105 kernel: [    6.230334] PM: hibernation: Registered nosave memory: [mem 0x7530f000-0x777fefff]
Oct 15 16:05:46 172.20.224.105 kernel: [    6.230336] PM: hibernation: Registered nosave memory: [mem 0x77800000-0x8fffffff]
Oct 15 16:05:46 172.20.224.105 kernel: [    6.230337] PM: hibernation: Registered nosave memory: [mem 0x90000000-0xfe00ffff]
Oct 15 16:05:46 172.20.224.105 kernel: [    6.230339] PM: hibernation: Registered nosave memory: [mem 0xfe010000-0xfe010fff]
Oct 15 16:05:46 172.20.224.105 kernel: [    6.230340] PM: hibernation: Registered nosave memory: [mem 0xfe011000-0xfeffffff]
Oct 15 16:05:46 172.20.224.105 kernel: [    6.230341] PM: hibernation: Registered nosave memory: [mem 0xff000000-0xffffffff]
Oct 15 16:05:46 172.20.224.105 kernel: [    6.230343] [mem 0x90000000-0xfe00ffff] available for PCI devices
Oct 15 16:05:46 172.20.224.105 kernel: [    6.230346] Booting paravirtualized kernel on bare hardware
Oct 15 16:05:46 172.20.224.105 kernel: [    6.230349] clocksource: refined-jiffies: mask: 0xffffffff max_cycles: 0xffffffff, max_idle_ns: 7645519600211568 ns
Oct 15 16:05:46 172.20.224.105 kernel: [    6.230359] setup_percpu: NR_CPUS:8192 nr_cpumask_bits:224 nr_cpu_ids:224 nr_node_ids:2
Oct 15 16:05:46 172.20.224.105 kernel: [    6.241893] percpu: Embedded 62 pages/cpu s217088 r8192 d28672 u262144
Oct 15 16:05:46 172.20.224.105 kernel: [    6.241912] pcpu-alloc: s217088 r8192 d28672 u262144 alloc=1*2097152
Oct 15 16:05:46 172.20.224.105 kernel: [    6.241915] pcpu-alloc: [0] 000 001 002 003 004 005 006 007 
Oct 15 16:05:46 172.20.224.105 kernel: [    6.241923] pcpu-alloc: [0] 008 009 010 011 012 013 014 015 
Oct 15 16:05:46 172.20.224.105 kernel: [    6.241930] pcpu-alloc: [0] 016 017 018 019 020 021 022 023 
Oct 15 16:05:46 172.20.224.105 kernel: [    6.241936] pcpu-alloc: [0] 024 025 026 027 028 029 030 031 
Oct 15 16:05:46 172.20.224.105 kernel: [    6.241943] pcpu-alloc: [0] 032 033 034 035 036 037 038 039 
Oct 15 16:05:46 172.20.224.105 kernel: [    6.241949] pcpu-alloc: [0] 040 041 042 043 044 045 046 047 
Oct 15 16:05:46 172.20.224.105 kernel: [    6.241955] pcpu-alloc: [0] 048 049 050 051 052 053 054 055 
Oct 15 16:05:46 172.20.224.105 kernel: [    6.241961] pcpu-alloc: [0] 112 113 114 115 116 117 118 119 
Oct 15 16:05:46 172.20.224.105 kernel: [    6.241968] pcpu-alloc: [0] 120 121 122 123 124 125 126 127 
Oct 15 16:05:46 172.20.224.105 kernel: [    6.241974] pcpu-alloc: [0] 128 129 130 131 132 133 134 135 
Oct 15 16:05:46 172.20.224.105 kernel: [    6.241980] pcpu-alloc: [0] 136 137 138 139 140 141 142 143 
Oct 15 16:05:46 172.20.224.105 kernel: [    6.241986] pcpu-alloc: [0] 144 145 146 147 148 149 150 151 
Oct 15 16:05:46 172.20.224.105 kernel: [    6.241992] pcpu-alloc: [0] 152 153 154 155 156 157 158 159 
Oct 15 16:05:46 172.20.224.105 kernel: [    6.241999] pcpu-alloc: [0] 160 161 162 163 164 165 166 167 
Oct 15 16:05:46 172.20.224.105 kernel: [    6.242005] pcpu-alloc: [1] 056 057 058 059 060 061 062 063 
Oct 15 16:05:46 172.20.224.105 kernel: [    6.242011] pcpu-alloc: [1] 064 065 066 067 068 069 070 071 
Oct 15 16:05:46 172.20.224.105 kernel: [    6.242017] pcpu-alloc: [1] 072 073 074 075 076 077 078 079 
Oct 15 16:05:46 172.20.224.105 kernel: [    6.242023] pcpu-alloc: [1] 080 081 082 083 084 085 086 087 
Oct 15 16:05:46 172.20.224.105 kernel: [    6.242030] pcpu-alloc: [1] 088 089 090 091 092 093 094 095 
Oct 15 16:05:46 172.20.224.105 kernel: [    6.242036] pcpu-alloc: [1] 096 097 098 099 100 101 102 103 
Oct 15 16:05:46 172.20.224.105 kernel: [    6.242042] pcpu-alloc: [1] 104 105 106 107 108 109 110 111 
Oct 15 16:05:46 172.20.224.105 kernel: [    6.242048] pcpu-alloc: [1] 168 169 170 171 172 173 174 175 
Oct 15 16:05:46 172.20.224.105 kernel: [    6.242055] pcpu-alloc: [1] 176 177 178 179 180 181 182 183 
Oct 15 16:05:46 172.20.224.105 kernel: [    6.242061] pcpu-alloc: [1] 184 185 186 187 188 189 190 191 
Oct 15 16:05:46 172.20.224.105 kernel: [    6.242067] pcpu-alloc: [1] 192 193 194 195 196 197 198 199 
Oct 15 16:05:46 172.20.224.105 kernel: [    6.242073] pcpu-alloc: [1] 200 201 202 203 204 205 206 207 
Oct 15 16:05:46 172.20.224.105 kernel: [    6.242079] pcpu-alloc: [1] 208 209 210 211 212 213 214 215 
Oct 15 16:05:46 172.20.224.105 kernel: [    6.242086] pcpu-alloc: [1] 216 217 218 219 220 221 222 223 
Oct 15 16:05:46 172.20.224.105 kernel: [    6.242174] Built 2 zonelists, mobility grouping on.  Total pages: 528415268
Oct 15 16:05:46 172.20.224.105 kernel: [    6.242177] Policy zone: Normal
Oct 15 16:05:46 172.20.224.105 kernel: [    6.242179] Kernel command line: BOOT_IMAGE=(tftp)/category/vmlinuz.dgx-h200 nouveau.modeset=0 nvme_core.multipath=n console=tty0 rw BOOTIF=01-c4-70-bd-d9-72-61 ip=172.20.224.105:172.20.224.14:0xac14e001:0xffffff00
Oct 15 16:05:46 172.20.224.105 kernel: [    6.242300] Unknown kernel command line parameters "BOOT_IMAGE=(tftp)/category/vmlinuz.dgx-h200 BOOTIF=01-c4-70-bd-d9-72-61 ip=172.20.224.105:172.20.224.14:0xac14e001:0xffffff00", will be passed to user space.
Oct 15 16:05:46 172.20.224.105 kernel: [    6.242303] printk: log_buf_len individual max cpu contribution: 4096 bytes
Oct 15 16:05:46 172.20.224.105 kernel: [    6.242305] printk: log_buf_len total cpu_extra contributions: 913408 bytes
Oct 15 16:05:46 172.20.224.105 kernel: [    6.242306] printk: log_buf_len min size: 262144 bytes
Oct 15 16:05:46 172.20.224.105 kernel: [    6.244604] printk: log_buf_len: 2097152 bytes
Oct 15 16:05:46 172.20.224.105 kernel: [    6.244606] printk: early log buf free: 222360(84%)
Oct 15 16:05:46 172.20.224.105 kernel: [    6.252041] mem auto-init: stack:off, heap alloc:on, heap free:off
Oct 15 16:05:46 172.20.224.105 kernel: [   11.300680] Memory: 2113150624K/2147211904K available (16392K kernel code, 4400K rwdata, 11004K rodata, 3376K init, 18688K bss, 34061076K reserved, 0K cma-reserved)
Oct 15 16:05:46 172.20.224.105 kernel: [   11.303699] SLUB: HWalign=64, Order=0-3, MinObjects=0, CPUs=224, Nodes=2
Oct 15 16:05:46 172.20.224.105 kernel: [   11.303802] ftrace: allocating 50824 entries in 199 pages
Oct 15 16:05:46 172.20.224.105 kernel: [   11.338204] ftrace: allocated 199 pages with 5 groups
Oct 15 16:05:46 172.20.224.105 kernel: [   11.339448] rcu: Hierarchical RCU implementation.
Oct 15 16:05:46 172.20.224.105 kernel: [   11.339450] rcu: #011RCU restricting CPUs from NR_CPUS=8192 to nr_cpu_ids=224.
Oct 15 16:05:46 172.20.224.105 kernel: [   11.339452] #011Rude variant of Tasks RCU enabled.
Oct 15 16:05:46 172.20.224.105 kernel: [   11.339454] #011Tracing variant of Tasks RCU enabled.
Oct 15 16:05:46 172.20.224.105 kernel: [   11.339455] rcu: RCU calculated value of scheduler-enlistment delay is 25 jiffies.
Oct 15 16:05:46 172.20.224.105 kernel: [   11.339456] rcu: Adjusting geometry for rcu_fanout_leaf=16, nr_cpu_ids=224
Oct 15 16:05:46 172.20.224.105 kernel: [   11.345298] NR_IRQS: 524544, nr_irqs: 2216, preallocated irqs: 16
Oct 15 16:05:46 172.20.224.105 kernel: [   11.345998] random: crng init done
Oct 15 16:05:46 172.20.224.105 kernel: [   11.346454] Console: colour dummy device 80x25
Oct 15 16:05:46 172.20.224.105 kernel: [   11.347255] printk: console [tty0] enabled
Oct 15 16:05:46 172.20.224.105 kernel: [   11.347589] mempolicy: Enabling automatic NUMA balancing. Configure with numa_balancing= or the kernel.numa_balancing sysctl
Oct 15 16:05:46 172.20.224.105 kernel: [   11.347597] ACPI: Core revision 20210730
Oct 15 16:05:46 172.20.224.105 kernel: [   11.350090] clocksource: hpet: mask: 0xffffffff max_cycles: 0xffffffff, max_idle_ns: 76450417870 ns
Oct 15 16:05:46 172.20.224.105 kernel: [   11.350144] APIC: Switch to symmetric I/O mode setup
Oct 15 16:05:46 172.20.224.105 kernel: [   11.350147] DMAR: Host address width 52
Oct 15 16:05:46 172.20.224.105 kernel: [   11.350150] DMAR: DRHD base: 0x000000da7fc000 flags: 0x0
Oct 15 16:05:46 172.20.224.105 kernel: [   11.350157] DMAR: dmar0: reg_base_addr da7fc000 ver 6:0 cap 19ed008c40780c66 ecap 3ee9e86f050df
Oct 15 16:05:46 172.20.224.105 kernel: [   11.350163] DMAR: DRHD base: 0x000000ea7fc000 flags: 0x0
Oct 15 16:05:46 172.20.224.105 kernel: [   11.350167] DMAR: dmar1: reg_base_addr ea7fc000 ver 6:0 cap 19ed008c40780c66 ecap 3ee9e86f050df
Oct 15 16:05:46 172.20.224.105 kernel: [   11.350172] DMAR: DRHD base: 0x000000ef7fc000 flags: 0x0
Oct 15 16:05:46 172.20.224.105 kernel: [   11.350177] DMAR: dmar2: reg_base_addr ef7fc000 ver 6:0 cap 19ed008c40780c66 ecap 3ee9e86f050df
Oct 15 16:05:46 172.20.224.105 kernel: [   11.350181] DMAR: DRHD base: 0x000000f47fc000 flags: 0x0
Oct 15 16:05:46 172.20.224.105 kernel: [   11.350188] DMAR: dmar3: reg_base_addr f47fc000 ver 6:0 cap 19ed008c40780c66 ecap 3ee9e86f050df
Oct 15 16:05:46 172.20.224.105 kernel: [   11.350192] DMAR: DRHD base: 0x000000f97fc000 flags: 0x0
Oct 15 16:05:46 172.20.224.105 kernel: [   11.350196] DMAR: dmar4: reg_base_addr f97fc000 ver 6:0 cap 19ed008c40780c66 ecap 3ee9e86f050df
Oct 15 16:05:46 172.20.224.105 kernel: [   11.350201] DMAR: DRHD base: 0x000000d57fc000 flags: 0x0
Oct 15 16:05:46 172.20.224.105 kernel: [   11.350205] DMAR: dmar5: reg_base_addr d57fc000 ver 6:0 cap 19ed008c40780c66 ecap 3ee9e86f050df
Oct 15 16:05:46 172.20.224.105 kernel: [   11.350209] DMAR: DRHD base: 0x000000f9ffc000 flags: 0x0
Oct 15 16:05:46 172.20.224.105 kernel: [   11.350214] DMAR: dmar6: reg_base_addr f9ffc000 ver 6:0 cap 19ed008c40780c66 ecap 3ef9ea6f050df
Oct 15 16:05:46 172.20.224.105 kernel: [   11.350218] DMAR: DRHD base: 0x000000fa7fc000 flags: 0x0
Oct 15 16:05:46 172.20.224.105 kernel: [   11.350223] DMAR: dmar7: reg_base_addr fa7fc000 ver 6:0 cap 19ed008c40780c66 ecap 3ef9ea6f050df
Oct 15 16:05:46 172.20.224.105 kernel: [   11.350227] DMAR: DRHD base: 0x000000faffc000 flags: 0x0
Oct 15 16:05:46 172.20.224.105 kernel: [   11.350240] DMAR: dmar8: reg_base_addr faffc000 ver 6:0 cap 19ed008c40780c66 ecap 3ef9ea6f050df
Oct 15 16:05:46 172.20.224.105 kernel: [   11.350244] DMAR: DRHD base: 0x000000fb7fc000 flags: 0x0
Oct 15 16:05:46 172.20.224.105 kernel: [   11.350248] DMAR: dmar9: reg_base_addr fb7fc000 ver 6:0 cap 19ed008c40780c66 ecap 3ef9ea6f050df
Oct 15 16:05:46 172.20.224.105 kernel: [   11.350253] DMAR: DRHD base: 0x000000afffc000 flags: 0x0
Oct 15 16:05:46 172.20.224.105 kernel: [   11.350257] DMAR: dmar10: reg_base_addr afffc000 ver 6:0 cap 19ed008c40780c66 ecap 3ee9e86f050df
Oct 15 16:05:46 172.20.224.105 kernel: [   11.350262] DMAR: DRHD base: 0x000000bfffc000 flags: 0x0
Oct 15 16:05:46 172.20.224.105 kernel: [   11.350267] DMAR: dmar11: reg_base_addr bfffc000 ver 6:0 cap 19ed008c40780c66 ecap 3ee9e86f050df
Oct 15 16:05:46 172.20.224.105 kernel: [   11.350272] DMAR: DRHD base: 0x000000c4ffc000 flags: 0x0
Oct 15 16:05:46 172.20.224.105 kernel: [   11.350276] DMAR: dmar12: reg_base_addr c4ffc000 ver 6:0 cap 19ed008c40780c66 ecap 3ee9e86f050df
Oct 15 16:05:46 172.20.224.105 kernel: [   11.350280] DMAR: DRHD base: 0x000000c9ffc000 flags: 0x0
Oct 15 16:05:46 172.20.224.105 kernel: [   11.350284] DMAR: dmar13: reg_base_addr c9ffc000 ver 6:0 cap 19ed008c40780c66 ecap 3ee9e86f050df
Oct 15 16:05:46 172.20.224.105 kernel: [   11.350289] DMAR: DRHD base: 0x000000ceffc000 flags: 0x0
Oct 15 16:05:46 172.20.224.105 kernel: [   11.350293] DMAR: dmar14: reg_base_addr ceffc000 ver 6:0 cap 19ed008c40780c66 ecap 3ee9e86f050df
Oct 15 16:05:46 172.20.224.105 kernel: [   11.350297] DMAR: DRHD base: 0x000000cf7fc000 flags: 0x0
Oct 15 16:05:46 172.20.224.105 kernel: [   11.350301] DMAR: dmar15: reg_base_addr cf7fc000 ver 6:0 cap 19ed008c40780c66 ecap 3ef9ea6f050df
Oct 15 16:05:46 172.20.224.105 kernel: [   11.350305] DMAR: DRHD base: 0x000000cfffc000 flags: 0x0
Oct 15 16:05:46 172.20.224.105 kernel: [   11.350309] DMAR: dmar16: reg_base_addr cfffc000 ver 6:0 cap 19ed008c40780c66 ecap 3ef9ea6f050df
Oct 15 16:05:46 172.20.224.105 kernel: [   11.350313] DMAR: DRHD base: 0x000000d07fc000 flags: 0x0
Oct 15 16:05:46 172.20.224.105 kernel: [   11.350317] DMAR: dmar17: reg_base_addr d07fc000 ver 6:0 cap 19ed008c40780c66 ecap 3ef9ea6f050df
Oct 15 16:05:46 172.20.224.105 kernel: [   11.350321] DMAR: DRHD base: 0x000000d0ffc000 flags: 0x0
Oct 15 16:05:46 172.20.224.105 kernel: [   11.350325] DMAR: dmar18: reg_base_addr d0ffc000 ver 6:0 cap 19ed008c40780c66 ecap 3ef9ea6f050df
Oct 15 16:05:46 172.20.224.105 kernel: [   11.350330] DMAR: DRHD base: 0x000000aaffc000 flags: 0x1
Oct 15 16:05:46 172.20.224.105 kernel: [   11.350334] DMAR: dmar19: reg_base_addr aaffc000 ver 6:0 cap 19ed008c40780c66 ecap 3ee9e86f050df
Oct 15 16:05:46 172.20.224.105 kernel: [   11.350338] DMAR: RMRR base: 0x00000077290000 end: 0x000000772b2fff
Oct 15 16:05:46 172.20.224.105 kernel: [   11.350342] DMAR: RMRR base: 0x00000076f46000 end: 0x0000007718ffff
Oct 15 16:05:46 172.20.224.105 kernel: [   11.350344] DMAR: ATSR flags: 0x0
Oct 15 16:05:46 172.20.224.105 kernel: [   11.350347] DMAR: RHSA base: 0x000000aaffc000 proximity domain: 0x0
Oct 15 16:05:46 172.20.224.105 kernel: [   11.350350] DMAR: RHSA base: 0x000000afffc000 proximity domain: 0x0
Oct 15 16:05:46 172.20.224.105 kernel: [   11.350352] DMAR: RHSA base: 0x000000bfffc000 proximity domain: 0x0
Oct 15 16:05:46 172.20.224.105 kernel: [   11.350354] DMAR: RHSA base: 0x000000c4ffc000 proximity domain: 0x0
Oct 15 16:05:46 172.20.224.105 kernel: [   11.350356] DMAR: RHSA base: 0x000000c9ffc000 proximity domain: 0x0
Oct 15 16:05:46 172.20.224.105 kernel: [   11.350358] DMAR: RHSA base: 0x000000ceffc000 proximity domain: 0x0
Oct 15 16:05:46 172.20.224.105 kernel: [   11.350361] DMAR: RHSA base: 0x000000cf7fc000 proximity domain: 0x0
Oct 15 16:05:46 172.20.224.105 kernel: [   11.350363] DMAR: RHSA base: 0x000000cfffc000 proximity domain: 0x0
Oct 15 16:05:46 172.20.224.105 kernel: [   11.350365] DMAR: RHSA base: 0x000000d07fc000 proximity domain: 0x0
Oct 15 16:05:46 172.20.224.105 kernel: [   11.350367] DMAR: RHSA base: 0x000000d0ffc000 proximity domain: 0x0
Oct 15 16:05:46 172.20.224.105 kernel: [   11.350369] DMAR: RHSA base: 0x000000da7fc000 proximity domain: 0x1
Oct 15 16:05:46 172.20.224.105 kernel: [   11.350372] DMAR: RHSA base: 0x000000ea7fc000 proximity domain: 0x1
Oct 15 16:05:46 172.20.224.105 kernel: [   11.350374] DMAR: RHSA base: 0x000000ef7fc000 proximity domain: 0x1
Oct 15 16:05:46 172.20.224.105 kernel: [   11.350376] DMAR: RHSA base: 0x000000f47fc000 proximity domain: 0x1
Oct 15 16:05:46 172.20.224.105 kernel: [   11.350378] DMAR: RHSA base: 0x000000f97fc000 proximity domain: 0x1
Oct 15 16:05:46 172.20.224.105 kernel: [   11.350380] DMAR: RHSA base: 0x000000d57fc000 proximity domain: 0x1
Oct 15 16:05:46 172.20.224.105 kernel: [   11.350383] DMAR: RHSA base: 0x000000f9ffc000 proximity domain: 0x1
Oct 15 16:05:46 172.20.224.105 kernel: [   11.350385] DMAR: RHSA base: 0x000000fa7fc000 proximity domain: 0x1
Oct 15 16:05:46 172.20.224.105 kernel: [   11.350387] DMAR: RHSA base: 0x000000faffc000 proximity domain: 0x1
Oct 15 16:05:46 172.20.224.105 kernel: [   11.350389] DMAR: RHSA base: 0x000000fb7fc000 proximity domain: 0x1
Oct 15 16:05:46 172.20.224.105 kernel: [   11.350391] DMAR: SATC flags: 0x0
Oct 15 16:05:46 172.20.224.105 kernel: [   11.350395] DMAR-IR: IOAPIC id 8 under DRHD base  0xaaffc000 IOMMU 19
Oct 15 16:05:46 172.20.224.105 kernel: [   11.350398] DMAR-IR: HPET id 0 under DRHD base 0xaaffc000
Oct 15 16:05:46 172.20.224.105 kernel: [   11.350401] DMAR-IR: Queued invalidation will be enabled to support x2apic and Intr-remapping.
Oct 15 16:05:46 172.20.224.105 kernel: [   11.357100] DMAR-IR: Enabled IRQ remapping in x2apic mode
Oct 15 16:05:46 172.20.224.105 kernel: [   11.358346] ..TIMER: vector=0x30 apic1=0 pin1=2 apic2=-1 pin2=-1
Oct 15 16:05:46 172.20.224.105 kernel: [   11.378135] clocksource: tsc-early: mask: 0xffffffffffffffff max_cycles: 0x39a85c9bff6, max_idle_ns: 881590591483 ns
Oct 15 16:05:46 172.20.224.105 kernel: [   11.378144] Calibrating delay loop (skipped), value calculated using timer frequency.. 4000.00 BogoMIPS (lpj=8000000)
Oct 15 16:05:46 172.20.224.105 kernel: [   11.378220] x86/cpu: SGX disabled by BIOS.
Oct 15 16:05:46 172.20.224.105 kernel: [   11.378228] CPU0: Thermal monitoring enabled (TM1)
Oct 15 16:05:46 172.20.224.105 kernel: [   11.378233] x86/cpu: User Mode Instruction Prevention (UMIP) activated
Oct 15 16:05:46 172.20.224.105 kernel: [   11.378646] process: using mwait in idle threads
Oct 15 16:05:46 172.20.224.105 kernel: [   11.378651] Last level iTLB entries: 4KB 0, 2MB 0, 4MB 0
Oct 15 16:05:46 172.20.224.105 kernel: [   11.378653] Last level dTLB entries: 4KB 0, 2MB 0, 4MB 0, 1GB 0
Oct 15 16:05:46 172.20.224.105 kernel: [   11.378661] Spectre V1 : Mitigation: usercopy/swapgs barriers and __user pointer sanitization
Oct 15 16:05:46 172.20.224.105 kernel: [   11.378666] Spectre V2 : Mitigation: Enhanced / Automatic IBRS
Oct 15 16:05:46 172.20.224.105 kernel: [   11.378669] Spectre V2 : Spectre v2 / SpectreRSB mitigation: Filling RSB on context switch
Oct 15 16:05:46 172.20.224.105 kernel: [   11.378672] Spectre V2 : Spectre v2 / PBRSB-eIBRS: Retire a single CALL on VMEXIT
Oct 15 16:05:46 172.20.224.105 kernel: [   11.378675] Spectre V2 : mitigation: Enabling conditional Indirect Branch Prediction Barrier
Oct 15 16:05:46 172.20.224.105 kernel: [   11.378679] Speculative Store Bypass: Mitigation: Speculative Store Bypass disabled via prctl and seccomp
Oct 15 16:05:46 172.20.224.105 kernel: [   11.378740] x86/fpu: Supporting XSAVE feature 0x001: 'x87 floating point registers'
Oct 15 16:05:46 172.20.224.105 kernel: [   11.378743] x86/fpu: Supporting XSAVE feature 0x002: 'SSE registers'
Oct 15 16:05:46 172.20.224.105 kernel: [   11.378746] x86/fpu: Supporting XSAVE feature 0x004: 'AVX registers'
Oct 15 16:05:46 172.20.224.105 kernel: [   11.378748] x86/fpu: Supporting XSAVE feature 0x020: 'AVX-512 opmask'
Oct 15 16:05:46 172.20.224.105 kernel: [   11.378750] x86/fpu: Supporting XSAVE feature 0x040: 'AVX-512 Hi256'
Oct 15 16:05:46 172.20.224.105 kernel: [   11.378752] x86/fpu: Supporting XSAVE feature 0x080: 'AVX-512 ZMM_Hi256'
Oct 15 16:05:46 172.20.224.105 kernel: [   11.378755] x86/fpu: Supporting XSAVE feature 0x200: 'Protection Keys User registers'
Oct 15 16:05:46 172.20.224.105 kernel: [   11.378758] x86/fpu: Supporting XSAVE feature 0x400: 'PASID state'
Oct 15 16:05:46 172.20.224.105 kernel: [   11.378760] x86/fpu: Supporting XSAVE feature 0x20000: 'AMX Tile config'
Oct 15 16:05:46 172.20.224.105 kernel: [   11.378762] x86/fpu: Supporting XSAVE feature 0x40000: 'AMX Tile data'
Oct 15 16:05:46 172.20.224.105 kernel: [   11.378774] x86/fpu: xstate_offset[2]:  576, xstate_sizes[2]:  256
Oct 15 16:05:46 172.20.224.105 kernel: [   11.378777] x86/fpu: xstate_offset[5]:  832, xstate_sizes[5]:   64
Oct 15 16:05:46 172.20.224.105 kernel: [   11.378780] x86/fpu: xstate_offset[6]:  896, xstate_sizes[6]:  512
Oct 15 16:05:46 172.20.224.105 kernel: [   11.378782] x86/fpu: xstate_offset[7]: 1408, xstate_sizes[7]: 1024
Oct 15 16:05:46 172.20.224.105 kernel: [   11.378785] x86/fpu: xstate_offset[9]: 2432, xstate_sizes[9]:    8
Oct 15 16:05:46 172.20.224.105 kernel: [   11.378787] x86/fpu: xstate_offset[10]: 2440, xstate_sizes[10]:    8
Oct 15 16:05:46 172.20.224.105 kernel: [   11.378789] x86/fpu: xstate_offset[17]: 2496, xstate_sizes[17]:   64
Oct 15 16:05:46 172.20.224.105 kernel: [   11.378792] x86/fpu: xstate_offset[18]: 2560, xstate_sizes[18]: 8192
Oct 15 16:05:46 172.20.224.105 kernel: [   11.378794] x86/fpu: Enabled xstate features 0x606e7, context size is 10752 bytes, using 'compacted' format.
Oct 15 16:05:46 172.20.224.105 kernel: [   11.401975] Freeing SMP alternatives memory: 44K
Oct 15 16:05:46 172.20.224.105 kernel: [   11.401981] pid_max: default: 229376 minimum: 1792
Oct 15 16:05:46 172.20.224.105 kernel: [   11.409193] LSM: Security Framework initializing
Oct 15 16:05:46 172.20.224.105 kernel: [   11.409227] landlock: Up and running.
Oct 15 16:05:46 172.20.224.105 kernel: [   11.409229] Yama: becoming mindful.
Oct 15 16:05:46 172.20.224.105 kernel: [   11.409293] AppArmor: AppArmor initialized
Oct 15 16:05:46 172.20.224.105 kernel: [   11.457742] Dentry cache hash table entries: 33554432 (order: 16, 268435456 bytes, vmalloc)
Oct 15 16:05:46 172.20.224.105 kernel: [   11.481894] Inode-cache hash table entries: 16777216 (order: 15, 134217728 bytes, vmalloc)
Oct 15 16:05:46 172.20.224.105 kernel: [   11.482742] Mount-cache hash table entries: 524288 (order: 10, 4194304 bytes, vmalloc)
Oct 15 16:05:46 172.20.224.105 kernel: [   11.483522] Mountpoint-cache hash table entries: 524288 (order: 10, 4194304 bytes, vmalloc)
Oct 15 16:05:46 172.20.224.105 kernel: [   11.484813] smpboot: Estimated ratio of average max frequency by base frequency (times 1024): 1587
Oct 15 16:05:46 172.20.224.105 kernel: [   11.484838] smpboot: CPU0: Intel(R) Xeon(R) Platinum 8480C (family: 0x6, model: 0x8f, stepping: 0x8)
Oct 15 16:05:46 172.20.224.105 kernel: [   11.485189] Performance Events: XSAVE Architectural LBR, PEBS fmt4+-baseline,  AnyThread deprecated, Sapphire Rapids events, 32-deep LBR, full-width counters, Intel PMU driver.
Oct 15 16:05:46 172.20.224.105 kernel: [   11.485264] ... version:                5
Oct 15 16:05:46 172.20.224.105 kernel: [   11.485265] ... bit width:              48
Oct 15 16:05:46 172.20.224.105 kernel: [   11.485267] ... generic registers:      8
Oct 15 16:05:46 172.20.224.105 kernel: [   11.485268] ... value mask:             0000ffffffffffff
Oct 15 16:05:46 172.20.224.105 kernel: [   11.485270] ... max period:             00007fffffffffff
Oct 15 16:05:46 172.20.224.105 kernel: [   11.485271] ... fixed-purpose events:   4
Oct 15 16:05:46 172.20.224.105 kernel: [   11.485273] ... event mask:             0001000f000000ff
Oct 15 16:05:46 172.20.224.105 kernel: [   11.485472] signal: max sigframe size: 11952
Oct 15 16:05:46 172.20.224.105 kernel: [   11.485500] rcu: Hierarchical SRCU implementation.
Oct 15 16:05:46 172.20.224.105 kernel: [   11.499205] NMI watchdog: Enabled. Permanently consumes one hw-PMU counter.
Oct 15 16:05:46 172.20.224.105 kernel: [   11.501498] smp: Bringing up secondary CPUs ...
Oct 15 16:05:46 172.20.224.105 kernel: [   11.501633] x86: Booting SMP configuration:
Oct 15 16:05:46 172.20.224.105 kernel: [   11.501635] .... node  #0, CPUs:          #1   #2   #3   #4   #5   #6   #7   #8   #9  #10  #11  #12  #13  #14  #15  #16  #17  #18  #19  #20  #21  #22  #23  #24  #25  #26  #27  #28  #29  #30  #31  #32  #33  #34  #35  #36  #37  #38  #39  #40  #41  #42  #43  #44  #45  #46  #47  #48  #49  #50  #51  #52  #53  #54  #55
Oct 15 16:05:46 172.20.224.105 kernel: [   12.962358] .... node  #1, CPUs:    #56
Oct 15 16:05:46 172.20.224.105 kernel: [    0.008152] smpboot: CPU 56 Converting physical 0 to logical die 1
Oct 15 16:05:46 172.20.224.105 kernel: [   13.022339]   #57  #58  #59  #60  #61  #62  #63  #64  #65  #66  #67  #68  #69  #70  #71  #72  #73  #74  #75  #76  #77  #78  #79  #80  #81  #82  #83  #84  #85  #86  #87  #88  #89  #90  #91  #92  #93  #94  #95  #96  #97  #98  #99 #100 #101 #102 #103 #104 #105 #106 #107 #108 #109 #110 #111
Oct 15 16:05:46 172.20.224.105 kernel: [   14.470296] .... node  #0, CPUs:   #112 #113 #114 #115 #116 #117 #118 #119 #120 #121 #122 #123 #124 #125 #126 #127 #128 #129 #130 #131 #132 #133 #134 #135 #136 #137 #138 #139 #140 #141 #142 #143 #144 #145 #146 #147 #148 #149 #150 #151 #152 #153 #154 #155 #156 #157 #158 #159 #160 #161 #162 #163 #164 #165 #166 #167
Oct 15 16:05:46 172.20.224.105 kernel: [   15.946158] .... node  #1, CPUs:   #168 #169 #170 #171 #172 #173 #174 #175 #176 #177 #178 #179 #180 #181 #182 #183 #184 #185 #186 #187 #188 #189 #190 #191 #192 #193 #194 #195 #196 #197 #198 #199 #200 #201 #202 #203 #204 #205 #206 #207 #208 #209 #210 #211 #212 #213 #214 #215 #216 #217 #218 #219 #220 #221 #222 #223
Oct 15 16:05:46 172.20.224.105 kernel: [   17.430759] smp: Brought up 2 nodes, 224 CPUs
Oct 15 16:05:46 172.20.224.105 kernel: [   17.430759] smpboot: Max logical packages: 2
Oct 15 16:05:46 172.20.224.105 kernel: [   17.430759] smpboot: Total of 224 processors activated (894365.69 BogoMIPS)
Oct 15 16:05:46 172.20.224.105 kernel: [   17.549290] devtmpfs: initialized
Oct 15 16:05:46 172.20.224.105 kernel: [   17.549290] x86/mm: Memory block size: 2048MB
Oct 15 16:05:46 172.20.224.105 kernel: [   17.556431] ACPI: PM: Registering ACPI NVS region [mem 0x72103000-0x7530efff] (52477952 bytes)
Oct 15 16:05:46 172.20.224.105 kernel: [   17.556431] clocksource: jiffies: mask: 0xffffffff max_cycles: 0xffffffff, max_idle_ns: 7645041785100000 ns
Oct 15 16:05:46 172.20.224.105 kernel: [   17.556431] futex hash table entries: 65536 (order: 10, 4194304 bytes, vmalloc)
Oct 15 16:05:46 172.20.224.105 kernel: [   17.558679] pinctrl core: initialized pinctrl subsystem
Oct 15 16:05:46 172.20.224.105 kernel: [   17.558874] PM: RTC time: 07:05:29, date: 2025-10-15
Oct 15 16:05:46 172.20.224.105 kernel: [   17.559309] NET: Registered PF_NETLINK/PF_ROUTE protocol family
Oct 15 16:05:46 172.20.224.105 kernel: [   17.559954] DMA: preallocated 4096 KiB GFP_KERNEL pool for atomic allocations
Oct 15 16:05:46 172.20.224.105 kernel: [   17.560472] DMA: preallocated 4096 KiB GFP_KERNEL|GFP_DMA pool for atomic allocations
Oct 15 16:05:46 172.20.224.105 kernel: [   17.560991] DMA: preallocated 4096 KiB GFP_KERNEL|GFP_DMA32 pool for atomic allocations
Oct 15 16:05:46 172.20.224.105 kernel: [   17.561002] audit: initializing netlink subsys (disabled)
Oct 15 16:05:46 172.20.224.105 kernel: [   17.561009] audit: type=2000 audit(1760511927.208:1): state=initialized audit_enabled=0 res=1
Oct 15 16:05:46 172.20.224.105 kernel: [   17.561009] thermal_sys: Registered thermal governor 'fair_share'
Oct 15 16:05:46 172.20.224.105 kernel: [   17.561009] thermal_sys: Registered thermal governor 'bang_bang'
Oct 15 16:05:46 172.20.224.105 kernel: [   17.561009] thermal_sys: Registered thermal governor 'step_wise'
Oct 15 16:05:46 172.20.224.105 kernel: [   17.561009] thermal_sys: Registered thermal governor 'user_space'
Oct 15 16:05:46 172.20.224.105 kernel: [   17.561009] thermal_sys: Registered thermal governor 'power_allocator'
Oct 15 16:05:46 172.20.224.105 kernel: [   17.561009] EISA bus registered
Oct 15 16:05:46 172.20.224.105 kernel: [   17.561009] cpuidle: using governor ladder
Oct 15 16:05:46 172.20.224.105 kernel: [   17.561009] cpuidle: using governor menu
Oct 15 16:05:46 172.20.224.105 kernel: [   17.562304] ACPI FADT declares the system doesn't support PCIe ASPM, so disable it
Oct 15 16:05:46 172.20.224.105 kernel: [   17.562307] ACPI: bus type PCI registered
Oct 15 16:05:46 172.20.224.105 kernel: [   17.562310] acpiphp: ACPI Hot Plug PCI Controller Driver version: 0.5
Oct 15 16:05:46 172.20.224.105 kernel: [   17.562562] PCI: MMCONFIG for domain 0000 [bus 00-ff] at [mem 0x80000000-0x8fffffff] (base 0x80000000)
Oct 15 16:05:46 172.20.224.105 kernel: [   17.562570] PCI: MMCONFIG at [mem 0x80000000-0x8fffffff] reserved in E820
Oct 15 16:05:46 172.20.224.105 kernel: [   17.562580] pmd_set_huge: Cannot satisfy [mem 0x80000000-0x80200000] with a huge-page mapping due to MTRR override.
Oct 15 16:05:46 172.20.224.105 kernel: [   17.562932] PCI: Using configuration type 1 for base access
Oct 15 16:05:46 172.20.224.105 kernel: [   17.570491] ENERGY_PERF_BIAS: Set to 'normal', was 'performance'
Oct 15 16:05:46 172.20.224.105 kernel: [   17.578299] kprobes: kprobe jump-optimization is enabled. All kprobes are optimized if possible.
Oct 15 16:05:46 172.20.224.105 kernel: [   17.578310] HugeTLB registered 1.00 GiB page size, pre-allocated 0 pages
Oct 15 16:05:46 172.20.224.105 kernel: [   17.578310] HugeTLB registered 2.00 MiB page size, pre-allocated 0 pages
Oct 15 16:05:46 172.20.224.105 kernel: [   17.578324] fbcon: Taking over console
Oct 15 16:05:46 172.20.224.105 kernel: [   17.578409] ACPI: Added _OSI(Module Device)
Oct 15 16:05:46 172.20.224.105 kernel: [   17.578412] ACPI: Added _OSI(Processor Device)
Oct 15 16:05:46 172.20.224.105 kernel: [   17.578414] ACPI: Added _OSI(3.0 _SCP Extensions)
Oct 15 16:05:46 172.20.224.105 kernel: [   17.578415] ACPI: Added _OSI(Processor Aggregator Device)
Oct 15 16:05:46 172.20.224.105 kernel: [   17.578417] ACPI: Added _OSI(Linux-Dell-Video)
Oct 15 16:05:46 172.20.224.105 kernel: [   17.578419] ACPI: Added _OSI(Linux-Lenovo-NV-HDMI-Audio)
Oct 15 16:05:46 172.20.224.105 kernel: [   17.578421] ACPI: Added _OSI(Linux-HPI-Hybrid-Graphics)
Oct 15 16:05:46 172.20.224.105 kernel: [   17.876998] ACPI: 5 ACPI AML tables successfully acquired and loaded
Oct 15 16:05:46 172.20.224.105 kernel: [   17.896016] ACPI: \_SB_.SCK0.C000: _OSC native thermal LVT Acked
Oct 15 16:05:46 172.20.224.105 kernel: [   17.897492] ACPI: Dynamic OEM Table Load:
Oct 15 16:05:46 172.20.224.105 kernel: [   18.136471] ACPI: Dynamic OEM Table Load:
Oct 15 16:05:46 172.20.224.105 kernel: [   18.175728] ACPI: Dynamic OEM Table Load:
Oct 15 16:05:46 172.20.224.105 kernel: [   18.706554] ACPI: Interpreter enabled
Oct 15 16:05:46 172.20.224.105 kernel: [   18.706599] ACPI: PM: (supports S0 S5)
Oct 15 16:05:46 172.20.224.105 kernel: [   18.706601] ACPI: Using IOAPIC for interrupt routing
Oct 15 16:05:46 172.20.224.105 kernel: [   18.706695] HEST: Table parsing has been initialized.
Oct 15 16:05:46 172.20.224.105 kernel: [   18.706842] GHES: APEI firmware first mode is enabled by APEI bit and WHEA _OSC.
Oct 15 16:05:46 172.20.224.105 kernel: [   18.706846] PCI: Using host bridge windows from ACPI; if necessary, use "pci=nocrs" and report a bug
Oct 15 16:05:46 172.20.224.105 kernel: [   18.706849] PCI: Using E820 reservations for host bridge windows
Oct 15 16:05:46 172.20.224.105 kernel: [   18.749930] ACPI: Enabled 1 GPEs in block 00 to 7F
Oct 15 16:05:46 172.20.224.105 kernel: [   18.984408] ACPI: PCI Root Bridge [PC00] (domain 0000 [bus 00-14])
Oct 15 16:05:46 172.20.224.105 kernel: [   18.984418] acpi PNP0A08:00: _OSC: OS supports [ExtendedConfig ASPM ClockPM Segments MSI EDR HPX-Type3]
Oct 15 16:05:46 172.20.224.105 kernel: [   18.986630] acpi PNP0A08:00: _OSC: platform does not support [SHPCHotplug AER LTR DPC]
Oct 15 16:05:46 172.20.224.105 kernel: [   18.986858] acpi PNP0A08:00: _OSC: OS now controls [PCIeHotplug PME PCIeCapability]
Oct 15 16:05:46 172.20.224.105 kernel: [   18.986861] acpi PNP0A08:00: FADT indicates ASPM is unsupported, using BIOS configuration
Oct 15 16:05:46 172.20.224.105 kernel: [   18.987485] PCI host bridge to bus 0000:00
Oct 15 16:05:46 172.20.224.105 kernel: [   18.987489] pci_bus 0000:00: root bus resource [bus 00-14]
Oct 15 16:05:46 172.20.224.105 kernel: [   18.987492] pci_bus 0000:00: root bus resource [io  0x0000-0x0cf7 window]
Oct 15 16:05:46 172.20.224.105 kernel: [   18.987495] pci_bus 0000:00: root bus resource [io  0x1000-0x3fff window]
Oct 15 16:05:46 172.20.224.105 kernel: [   18.987497] pci_bus 0000:00: root bus resource [mem 0x000a0000-0x000bffff window]
Oct 15 16:05:46 172.20.224.105 kernel: [   18.987500] pci_bus 0000:00: root bus resource [mem 0x000c8000-0x000cffff window]
Oct 15 16:05:46 172.20.224.105 kernel: [   18.987502] pci_bus 0000:00: root bus resource [mem 0x90040000-0xaaffffff window]
Oct 15 16:05:46 172.20.224.105 kernel: [   18.987505] pci_bus 0000:00: root bus resource [mem 0xfe010000-0xfe010fff window]
Oct 15 16:05:46 172.20.224.105 kernel: [   18.987507] pci_bus 0000:00: root bus resource [mem 0x200000000000-0x20ffffffffff window]
Oct 15 16:05:46 172.20.224.105 kernel: [   18.987615] pci 0000:00:00.0: [8086:09a2] type 00 class 0x088000
Oct 15 16:05:46 172.20.224.105 kernel: [   18.987895] pci 0000:00:00.1: [8086:09a4] type 00 class 0x088000
Oct 15 16:05:46 172.20.224.105 kernel: [   18.988157] pci 0000:00:00.2: [8086:09a3] type 00 class 0x088000
Oct 15 16:05:46 172.20.224.105 kernel: [   18.988509] pci 0000:00:00.4: [8086:0b23] type 00 class 0x080700
Oct 15 16:05:46 172.20.224.105 kernel: [   18.988848] pci 0000:00:08.0: [8086:1bb8] type 01 class 0x060400
Oct 15 16:05:46 172.20.224.105 kernel: [   18.988869] pci 0000:00:08.0: reg 0x10: [mem 0x20ffff980000-0x20ffff99ffff 64bit]
Oct 15 16:05:46 172.20.224.105 kernel: [   18.988896] pci 0000:00:08.0: enabling Extended Tags
Oct 15 16:05:46 172.20.224.105 kernel: [   18.988964] pci 0000:00:08.0: PME# supported from D0 D3hot D3cold
Oct 15 16:05:46 172.20.224.105 kernel: [   18.989003] pci 0000:00:08.0: PTM enabled (root), 2ns granularity
Oct 15 16:05:46 172.20.224.105 kernel: [   18.989824] pci 0000:00:0a.0: [8086:1bba] type 01 class 0x060400
Oct 15 16:05:46 172.20.224.105 kernel: [   18.989845] pci 0000:00:0a.0: reg 0x10: [mem 0x20ffff960000-0x20ffff97ffff 64bit]
Oct 15 16:05:46 172.20.224.105 kernel: [   18.989870] pci 0000:00:0a.0: enabling Extended Tags
Oct 15 16:05:46 172.20.224.105 kernel: [   18.989936] pci 0000:00:0a.0: PME# supported from D0 D3hot D3cold
Oct 15 16:05:46 172.20.224.105 kernel: [   18.989974] pci 0000:00:0a.0: PTM enabled (root), 2ns granularity
Oct 15 16:05:46 172.20.224.105 kernel: [   18.990780] pci 0000:00:0c.0: [8086:1bbc] type 01 class 0x060400
Oct 15 16:05:46 172.20.224.105 kernel: [   18.990802] pci 0000:00:0c.0: reg 0x10: [mem 0x20ffff940000-0x20ffff95ffff 64bit]
Oct 15 16:05:46 172.20.224.105 kernel: [   18.990829] pci 0000:00:0c.0: enabling Extended Tags
Oct 15 16:05:46 172.20.224.105 kernel: [   18.990898] pci 0000:00:0c.0: PME# supported from D0 D3hot D3cold
Oct 15 16:05:46 172.20.224.105 kernel: [   18.990937] pci 0000:00:0c.0: PTM enabled (root), 2ns granularity
Oct 15 16:05:46 172.20.224.105 kernel: [   18.991753] pci 0000:00:0d.0: [8086:1bbd] type 01 class 0x060400
Oct 15 16:05:46 172.20.224.105 kernel: [   18.991774] pci 0000:00:0d.0: reg 0x10: [mem 0x20ffff920000-0x20ffff93ffff 64bit]
Oct 15 16:05:46 172.20.224.105 kernel: [   18.991801] pci 0000:00:0d.0: enabling Extended Tags
Oct 15 16:05:46 172.20.224.105 kernel: [   18.991871] pci 0000:00:0d.0: PME# supported from D0 D3hot D3cold
Oct 15 16:05:46 172.20.224.105 kernel: [   18.991910] pci 0000:00:0d.0: PTM enabled (root), 2ns granularity
Oct 15 16:05:46 172.20.224.105 kernel: [   18.992714] pci 0000:00:10.0: [8086:1bb0] type 01 class 0x060400
Oct 15 16:05:46 172.20.224.105 kernel: [   18.992735] pci 0000:00:10.0: reg 0x10: [mem 0x20ffff900000-0x20ffff91ffff 64bit]
Oct 15 16:05:46 172.20.224.105 kernel: [   18.992762] pci 0000:00:10.0: enabling Extended Tags
Oct 15 16:05:46 172.20.224.105 kernel: [   18.992830] pci 0000:00:10.0: PME# supported from D0 D3hot D3cold
Oct 15 16:05:46 172.20.224.105 kernel: [   18.992869] pci 0000:00:10.0: PTM enabled (root), 2ns granularity
Oct 15 16:05:46 172.20.224.105 kernel: [   18.993683] pci 0000:00:14.0: [8086:1bcd] type 00 class 0x0c0330
Oct 15 16:05:46 172.20.224.105 kernel: [   18.993705] pci 0000:00:14.0: reg 0x10: [mem 0x20ffff9a0000-0x20ffff9affff 64bit]
Oct 15 16:05:46 172.20.224.105 kernel: [   18.993788] pci 0000:00:14.0: PME# supported from D3hot D3cold
Oct 15 16:05:46 172.20.224.105 kernel: [   18.994212] pci 0000:00:14.2: [8086:1bce] type 00 class 0x050000
Oct 15 16:05:46 172.20.224.105 kernel: [   18.994235] pci 0000:00:14.2: reg 0x10: [mem 0x20ffff9b0000-0x20ffff9b3fff 64bit]
Oct 15 16:05:46 172.20.224.105 kernel: [   18.994250] pci 0000:00:14.2: reg 0x18: [mem 0x20ffff9b6000-0x20ffff9b6fff 64bit]
Oct 15 16:05:46 172.20.224.105 kernel: [   18.994532] pci 0000:00:14.4: [8086:1bfe] type 00 class 0x060000
Oct 15 16:05:46 172.20.224.105 kernel: [   18.994872] pci 0000:00:15.0: [8086:1bff] type 00 class 0x088000
Oct 15 16:05:46 172.20.224.105 kernel: [   18.994897] pci 0000:00:15.0: reg 0x10: [mem 0x20ffff9b5000-0x20ffff9b53ff 64bit]
Oct 15 16:05:46 172.20.224.105 kernel: [   18.995333] pci 0000:00:16.0: [8086:1be0] type 00 class 0x078000
Oct 15 16:05:46 172.20.224.105 kernel: [   18.995364] pci 0000:00:16.0: reg 0x10: [mem 0x20ffff9b4000-0x20ffff9b4fff 64bit]
Oct 15 16:05:46 172.20.224.105 kernel: [   18.995467] pci 0000:00:16.0: PME# supported from D3hot
Oct 15 16:05:46 172.20.224.105 kernel: [   18.995738] pci 0000:00:1f.0: [8086:1b81] type 00 class 0x060100
Oct 15 16:05:46 172.20.224.105 kernel: [   18.996135] pci 0000:00:1f.4: [8086:1bc9] type 00 class 0x0c0500
Oct 15 16:05:46 172.20.224.105 kernel: [   18.996167] pci 0000:00:1f.4: reg 0x10: [mem 0x00000000-0x000000ff 64bit]
Oct 15 16:05:46 172.20.224.105 kernel: [   18.996201] pci 0000:00:1f.4: reg 0x20: [io  0x0780-0x079f]
Oct 15 16:05:46 172.20.224.105 kernel: [   18.996524] pci 0000:00:1f.5: [8086:1bca] type 00 class 0x0c8000
Oct 15 16:05:46 172.20.224.105 kernel: [   18.996546] pci 0000:00:1f.5: reg 0x10: [mem 0xfe010000-0xfe010fff]
Oct 15 16:05:46 172.20.224.105 kernel: [   18.996559] pci 0000:00:1f.5: reg 0x14: [mem 0x9e000000-0x9fffffff]
Oct 15 16:05:46 172.20.224.105 kernel: [   18.996767] pci 0000:00:1f.7: [8086:1bcc] type 00 class 0x130000
Oct 15 16:05:46 172.20.224.105 kernel: [   18.996789] pci 0000:00:1f.7: reg 0x10: [mem 0x20ffff800000-0x20ffff8fffff 64bit]
Oct 15 16:05:46 172.20.224.105 kernel: [   18.996804] pci 0000:00:1f.7: reg 0x18: [mem 0x20ffff000000-0x20ffff7fffff 64bit]
Oct 15 16:05:46 172.20.224.105 kernel: [   18.997037] pci 0000:01:00.0: [1344:51c3] type 00 class 0x010802
Oct 15 16:05:46 172.20.224.105 kernel: [   18.997063] pci 0000:01:00.0: reg 0x10: [mem 0xa9540000-0xa957ffff 64bit]
Oct 15 16:05:46 172.20.224.105 kernel: [   18.997112] pci 0000:01:00.0: reg 0x30: [mem 0xa9500000-0xa953ffff pref]
Oct 15 16:05:46 172.20.224.105 kernel: [   18.997198] pci 0000:01:00.0: PME# supported from D0 D1 D3hot
