Jul 14 11:20:03 172.20.224.106 kernel: [    0.000000] Linux version 5.15.0-1076-nvidia (buildd@lcy02-amd64-026) (gcc (Ubuntu 11.4.0-1ubuntu1~22.04) 11.4.0, GNU ld (GNU Binutils for Ubuntu) 2.38) #77-Ubuntu SMP Tue Mar 25 23:43:36 UTC 2025 (Ubuntu 5.15.0-1076.77-nvidia 5.15.178)
Jul 14 11:20:03 172.20.224.106 kernel: [    0.000000] Command line: BOOT_IMAGE=(tftp)/category/vmlinuz.dgx-h200 nouveau.modeset=0 nvme_core.multipath=n console=tty0 rw BOOTIF=01-c4-70-bd-d9-73-51 ip=172.20.224.106:172.20.224.14:0xac14e001:0xffffff00
Jul 14 11:20:03 172.20.224.106 kernel: [    0.000000] KERNEL supported cpus:
Jul 14 11:20:03 172.20.224.106 kernel: [    0.000000]   Intel GenuineIntel
Jul 14 11:20:03 172.20.224.106 kernel: [    0.000000]   AMD AuthenticAMD
Jul 14 11:20:03 172.20.224.106 kernel: [    0.000000]   Hygon HygonGenuine
Jul 14 11:20:03 172.20.224.106 kernel: [    0.000000]   Centaur CentaurHauls
Jul 14 11:20:03 172.20.224.106 kernel: [    0.000000]   zhaoxin   Shanghai  
Jul 14 11:20:03 172.20.224.106 kernel: [    0.000000] x86/tme: not enabled by BIOS
Jul 14 11:20:03 172.20.224.106 kernel: [    0.000000] x86/split lock detection: #AC: crashing the kernel on kernel split_locks and warning on user-space split_locks
Jul 14 11:20:03 172.20.224.106 kernel: [    0.000000] BIOS-provided physical RAM map:
Jul 14 11:20:03 172.20.224.106 kernel: [    0.000000] BIOS-e820: [mem 0x0000000000000000-0x000000000009ffff] usable
Jul 14 11:20:03 172.20.224.106 kernel: [    0.000000] BIOS-e820: [mem 0x00000000000a0000-0x00000000000fffff] reserved
Jul 14 11:20:03 172.20.224.106 kernel: [    0.000000] BIOS-e820: [mem 0x0000000000100000-0x000000006868cfff] usable
Jul 14 11:20:03 172.20.224.106 kernel: [    0.000000] BIOS-e820: [mem 0x000000006868d000-0x000000006868ffff] reserved
Jul 14 11:20:03 172.20.224.106 kernel: [    0.000000] BIOS-e820: [mem 0x0000000068690000-0x000000006f702fff] usable
Jul 14 11:20:03 172.20.224.106 kernel: [    0.000000] BIOS-e820: [mem 0x000000006f703000-0x0000000071802fff] reserved
Jul 14 11:20:03 172.20.224.106 kernel: [    0.000000] BIOS-e820: [mem 0x0000000071803000-0x0000000072102fff] ACPI data
Jul 14 11:20:03 172.20.224.106 kernel: [    0.000000] BIOS-e820: [mem 0x0000000072103000-0x000000007530efff] ACPI NVS
Jul 14 11:20:03 172.20.224.106 kernel: [    0.000000] BIOS-e820: [mem 0x000000007530f000-0x00000000777fefff] reserved
Jul 14 11:20:03 172.20.224.106 kernel: [    0.000000] BIOS-e820: [mem 0x00000000777ff000-0x00000000777fffff] usable
Jul 14 11:20:03 172.20.224.106 kernel: [    0.000000] BIOS-e820: [mem 0x0000000077800000-0x000000008fffffff] reserved
Jul 14 11:20:03 172.20.224.106 kernel: [    0.000000] BIOS-e820: [mem 0x00000000fe010000-0x00000000fe010fff] reserved
Jul 14 11:20:03 172.20.224.106 kernel: [    0.000000] BIOS-e820: [mem 0x00000000ff000000-0x00000000ffffffff] reserved
Jul 14 11:20:03 172.20.224.106 kernel: [    0.000000] BIOS-e820: [mem 0x0000000100000000-0x000002007fffffff] usable
Jul 14 11:20:03 172.20.224.106 kernel: [    0.000000] NX (Execute Disable) protection: active
Jul 14 11:20:03 172.20.224.106 kernel: [    0.000000] e820: update [mem 0x63f2c018-0x63f64e57] usable ==> usable
Jul 14 11:20:03 172.20.224.106 kernel: [    0.000000] e820: update [mem 0x63f2c018-0x63f64e57] usable ==> usable
Jul 14 11:20:03 172.20.224.106 kernel: [    0.000000] e820: update [mem 0x62db2018-0x62e71257] usable ==> usable
Jul 14 11:20:03 172.20.224.106 kernel: [    0.000000] e820: update [mem 0x62db2018-0x62e71257] usable ==> usable
Jul 14 11:20:03 172.20.224.106 kernel: [    0.000000] e820: update [mem 0x62b6e018-0x62c2d257] usable ==> usable
Jul 14 11:20:03 172.20.224.106 kernel: [    0.000000] e820: update [mem 0x62b6e018-0x62c2d257] usable ==> usable
Jul 14 11:20:03 172.20.224.106 kernel: [    0.000000] e820: update [mem 0x62aae018-0x62b6d257] usable ==> usable
Jul 14 11:20:03 172.20.224.106 kernel: [    0.000000] e820: update [mem 0x62aae018-0x62b6d257] usable ==> usable
Jul 14 11:20:03 172.20.224.106 kernel: [    0.000000] e820: update [mem 0x629ee018-0x62aad257] usable ==> usable
Jul 14 11:20:03 172.20.224.106 kernel: [    0.000000] e820: update [mem 0x629ee018-0x62aad257] usable ==> usable
Jul 14 11:20:03 172.20.224.106 kernel: [    0.000000] e820: update [mem 0x63ed8018-0x63f2b657] usable ==> usable
Jul 14 11:20:03 172.20.224.106 kernel: [    0.000000] e820: update [mem 0x63ed8018-0x63f2b657] usable ==> usable
Jul 14 11:20:03 172.20.224.106 kernel: [    0.000000] e820: update [mem 0x63e84018-0x63ed7657] usable ==> usable
Jul 14 11:20:03 172.20.224.106 kernel: [    0.000000] e820: update [mem 0x63e84018-0x63ed7657] usable ==> usable
Jul 14 11:20:03 172.20.224.106 kernel: [    0.000000] extended physical RAM map:
Jul 14 11:20:03 172.20.224.106 kernel: [    0.000000] reserve setup_data: [mem 0x0000000000000000-0x000000000009ffff] usable
Jul 14 11:20:03 172.20.224.106 kernel: [    0.000000] reserve setup_data: [mem 0x00000000000a0000-0x00000000000fffff] reserved
Jul 14 11:20:03 172.20.224.106 kernel: [    0.000000] reserve setup_data: [mem 0x0000000000100000-0x00000000629ee017] usable
Jul 14 11:20:03 172.20.224.106 kernel: [    0.000000] reserve setup_data: [mem 0x00000000629ee018-0x0000000062aad257] usable
Jul 14 11:20:03 172.20.224.106 kernel: [    0.000000] reserve setup_data: [mem 0x0000000062aad258-0x0000000062aae017] usable
Jul 14 11:20:03 172.20.224.106 kernel: [    0.000000] reserve setup_data: [mem 0x0000000062aae018-0x0000000062b6d257] usable
Jul 14 11:20:03 172.20.224.106 kernel: [    0.000000] reserve setup_data: [mem 0x0000000062b6d258-0x0000000062b6e017] usable
Jul 14 11:20:03 172.20.224.106 kernel: [    0.000000] reserve setup_data: [mem 0x0000000062b6e018-0x0000000062c2d257] usable
Jul 14 11:20:03 172.20.224.106 kernel: [    0.000000] reserve setup_data: [mem 0x0000000062c2d258-0x0000000062db2017] usable
Jul 14 11:20:03 172.20.224.106 kernel: [    0.000000] reserve setup_data: [mem 0x0000000062db2018-0x0000000062e71257] usable
Jul 14 11:20:03 172.20.224.106 kernel: [    0.000000] reserve setup_data: [mem 0x0000000062e71258-0x0000000063e84017] usable
Jul 14 11:20:03 172.20.224.106 kernel: [    0.000000] reserve setup_data: [mem 0x0000000063e84018-0x0000000063ed7657] usable
Jul 14 11:20:03 172.20.224.106 kernel: [    0.000000] reserve setup_data: [mem 0x0000000063ed7658-0x0000000063ed8017] usable
Jul 14 11:20:03 172.20.224.106 kernel: [    0.000000] reserve setup_data: [mem 0x0000000063ed8018-0x0000000063f2b657] usable
Jul 14 11:20:03 172.20.224.106 kernel: [    0.000000] reserve setup_data: [mem 0x0000000063f2b658-0x0000000063f2c017] usable
Jul 14 11:20:03 172.20.224.106 kernel: [    0.000000] reserve setup_data: [mem 0x0000000063f2c018-0x0000000063f64e57] usable
Jul 14 11:20:03 172.20.224.106 kernel: [    0.000000] reserve setup_data: [mem 0x0000000063f64e58-0x000000006868cfff] usable
Jul 14 11:20:03 172.20.224.106 kernel: [    0.000000] reserve setup_data: [mem 0x000000006868d000-0x000000006868ffff] reserved
Jul 14 11:20:03 172.20.224.106 kernel: [    0.000000] reserve setup_data: [mem 0x0000000068690000-0x000000006f702fff] usable
Jul 14 11:20:03 172.20.224.106 kernel: [    0.000000] reserve setup_data: [mem 0x000000006f703000-0x0000000071802fff] reserved
Jul 14 11:20:03 172.20.224.106 kernel: [    0.000000] reserve setup_data: [mem 0x0000000071803000-0x0000000072102fff] ACPI data
Jul 14 11:20:03 172.20.224.106 kernel: [    0.000000] reserve setup_data: [mem 0x0000000072103000-0x000000007530efff] ACPI NVS
Jul 14 11:20:03 172.20.224.106 kernel: [    0.000000] reserve setup_data: [mem 0x000000007530f000-0x00000000777fefff] reserved
Jul 14 11:20:03 172.20.224.106 kernel: [    0.000000] reserve setup_data: [mem 0x00000000777ff000-0x00000000777fffff] usable
Jul 14 11:20:03 172.20.224.106 kernel: [    0.000000] reserve setup_data: [mem 0x0000000077800000-0x000000008fffffff] reserved
Jul 14 11:20:03 172.20.224.106 kernel: [    0.000000] reserve setup_data: [mem 0x00000000fe010000-0x00000000fe010fff] reserved
Jul 14 11:20:03 172.20.224.106 kernel: [    0.000000] reserve setup_data: [mem 0x00000000ff000000-0x00000000ffffffff] reserved
Jul 14 11:20:03 172.20.224.106 kernel: [    0.000000] reserve setup_data: [mem 0x0000000100000000-0x000002007fffffff] usable
Jul 14 11:20:03 172.20.224.106 kernel: [    0.000000] efi: EFI v2.90 by American Megatrends
Jul 14 11:20:03 172.20.224.106 kernel: [    0.000000] efi: ACPI=0x72102000 ACPI 2.0=0x72102014 SMBIOS=0x77211000 SMBIOS 3.0=0x77210000 MEMATTR=0x632e2018 
Jul 14 11:20:03 172.20.224.106 kernel: [    0.000000] secureboot: Secure boot disabled
Jul 14 11:20:03 172.20.224.106 kernel: [    0.000000] SMBIOS 3.6.0 present.
Jul 14 11:20:03 172.20.224.106 kernel: [    0.000000] DMI: NVIDIA DGXH200/DGXH200, BIOS 1.6.7 02/20/2025
Jul 14 11:20:03 172.20.224.106 kernel: [    0.000000] tsc: Detected 2000.000 MHz processor
Jul 14 11:20:03 172.20.224.106 kernel: [    0.000021] e820: update [mem 0x00000000-0x00000fff] usable ==> reserved
Jul 14 11:20:03 172.20.224.106 kernel: [    0.000026] e820: remove [mem 0x000a0000-0x000fffff] usable
Jul 14 11:20:03 172.20.224.106 kernel: [    0.000042] last_pfn = 0x20080000 max_arch_pfn = 0x10000000000
Jul 14 11:20:03 172.20.224.106 kernel: [    0.000370] x86/PAT: Configuration [0-7]: WB  WC  UC- UC  WB  WP  UC- WT  
Jul 14 11:20:03 172.20.224.106 kernel: [    0.005075] total RAM covered: 4192256M
Jul 14 11:20:03 172.20.224.106 kernel: [    0.005177]  gran_size: 64K #011chunk_size: 64K #011num_reg: 10  #011lose cover RAM: 2048G
Jul 14 11:20:03 172.20.224.106 kernel: [    0.005180]  gran_size: 64K #011chunk_size: 128K #011num_reg: 10  #011lose cover RAM: 2048G
Jul 14 11:20:03 172.20.224.106 kernel: [    0.005183]  gran_size: 64K #011chunk_size: 256K #011num_reg: 10  #011lose cover RAM: 2048G
Jul 14 11:20:03 172.20.224.106 kernel: [    0.005185]  gran_size: 64K #011chunk_size: 512K #011num_reg: 10  #011lose cover RAM: 2048G
Jul 14 11:20:03 172.20.224.106 kernel: [    0.005187]  gran_size: 64K #011chunk_size: 1M #011num_reg: 10  #011lose cover RAM: 2048G
Jul 14 11:20:03 172.20.224.106 kernel: [    0.005190]  gran_size: 64K #011chunk_size: 2M #011num_reg: 10  #011lose cover RAM: 2048G
Jul 14 11:20:03 172.20.224.106 kernel: [    0.005192]  gran_size: 64K #011chunk_size: 4M #011num_reg: 10  #011lose cover RAM: 2048G
Jul 14 11:20:03 172.20.224.106 kernel: [    0.005194]  gran_size: 64K #011chunk_size: 8M #011num_reg: 10  #011lose cover RAM: 2048G
Jul 14 11:20:03 172.20.224.106 kernel: [    0.005196]  gran_size: 64K #011chunk_size: 16M #011num_reg: 10  #011lose cover RAM: 2048G
Jul 14 11:20:03 172.20.224.106 kernel: [    0.005198]  gran_size: 64K #011chunk_size: 32M #011num_reg: 10  #011lose cover RAM: 2048G
Jul 14 11:20:03 172.20.224.106 kernel: [    0.005200]  gran_size: 64K #011chunk_size: 64M #011num_reg: 10  #011lose cover RAM: 2048G
Jul 14 11:20:03 172.20.224.106 kernel: [    0.005202]  gran_size: 64K #011chunk_size: 128M #011num_reg: 10  #011lose cover RAM: 2048G
Jul 14 11:20:03 172.20.224.106 kernel: [    0.005204]  gran_size: 64K #011chunk_size: 256M #011num_reg: 10  #011lose cover RAM: 2048G
Jul 14 11:20:03 172.20.224.106 kernel: [    0.005206]  gran_size: 64K #011chunk_size: 512M #011num_reg: 10  #011lose cover RAM: 2048G
Jul 14 11:20:03 172.20.224.106 kernel: [    0.005208]  gran_size: 64K #011chunk_size: 1G #011num_reg: 10  #011lose cover RAM: 2048G
Jul 14 11:20:03 172.20.224.106 kernel: [    0.005210]  gran_size: 64K #011chunk_size: 2G #011num_reg: 10  #011lose cover RAM: 2048G
Jul 14 11:20:03 172.20.224.106 kernel: [    0.005212]  gran_size: 128K #011chunk_size: 128K #011num_reg: 10  #011lose cover RAM: 2048G
Jul 14 11:20:03 172.20.224.106 kernel: [    0.005214]  gran_size: 128K #011chunk_size: 256K #011num_reg: 10  #011lose cover RAM: 2048G
Jul 14 11:20:03 172.20.224.106 kernel: [    0.005216]  gran_size: 128K #011chunk_size: 512K #011num_reg: 10  #011lose cover RAM: 2048G
Jul 14 11:20:03 172.20.224.106 kernel: [    0.005219]  gran_size: 128K #011chunk_size: 1M #011num_reg: 10  #011lose cover RAM: 2048G
Jul 14 11:20:03 172.20.224.106 kernel: [    0.005221]  gran_size: 128K #011chunk_size: 2M #011num_reg: 10  #011lose cover RAM: 2048G
Jul 14 11:20:03 172.20.224.106 kernel: [    0.005223]  gran_size: 128K #011chunk_size: 4M #011num_reg: 10  #011lose cover RAM: 2048G
Jul 14 11:20:03 172.20.224.106 kernel: [    0.005225]  gran_size: 128K #011chunk_size: 8M #011num_reg: 10  #011lose cover RAM: 2048G
Jul 14 11:20:03 172.20.224.106 kernel: [    0.005227]  gran_size: 128K #011chunk_size: 16M #011num_reg: 10  #011lose cover RAM: 2048G
Jul 14 11:20:03 172.20.224.106 kernel: [    0.005229]  gran_size: 128K #011chunk_size: 32M #011num_reg: 10  #011lose cover RAM: 2048G
Jul 14 11:20:03 172.20.224.106 kernel: [    0.005231]  gran_size: 128K #011chunk_size: 64M #011num_reg: 10  #011lose cover RAM: 2048G
Jul 14 11:20:03 172.20.224.106 kernel: [    0.005233]  gran_size: 128K #011chunk_size: 128M #011num_reg: 10  #011lose cover RAM: 2048G
Jul 14 11:20:03 172.20.224.106 kernel: [    0.005235]  gran_size: 128K #011chunk_size: 256M #011num_reg: 10  #011lose cover RAM: 2048G
Jul 14 11:20:03 172.20.224.106 kernel: [    0.005237]  gran_size: 128K #011chunk_size: 512M #011num_reg: 10  #011lose cover RAM: 2048G
Jul 14 11:20:03 172.20.224.106 kernel: [    0.005239]  gran_size: 128K #011chunk_size: 1G #011num_reg: 10  #011lose cover RAM: 2048G
Jul 14 11:20:03 172.20.224.106 kernel: [    0.005241]  gran_size: 128K #011chunk_size: 2G #011num_reg: 10  #011lose cover RAM: 2048G
Jul 14 11:20:03 172.20.224.106 kernel: [    0.005243]  gran_size: 256K #011chunk_size: 256K #011num_reg: 10  #011lose cover RAM: 2048G
Jul 14 11:20:03 172.20.224.106 kernel: [    0.005245]  gran_size: 256K #011chunk_size: 512K #011num_reg: 10  #011lose cover RAM: 2048G
Jul 14 11:20:03 172.20.224.106 kernel: [    0.005247]  gran_size: 256K #011chunk_size: 1M #011num_reg: 10  #011lose cover RAM: 2048G
Jul 14 11:20:03 172.20.224.106 kernel: [    0.005249]  gran_size: 256K #011chunk_size: 2M #011num_reg: 10  #011lose cover RAM: 2048G
Jul 14 11:20:03 172.20.224.106 kernel: [    0.005251]  gran_size: 256K #011chunk_size: 4M #011num_reg: 10  #011lose cover RAM: 2048G
Jul 14 11:20:03 172.20.224.106 kernel: [    0.005253]  gran_size: 256K #011chunk_size: 8M #011num_reg: 10  #011lose cover RAM: 2048G
Jul 14 11:20:03 172.20.224.106 kernel: [    0.005255]  gran_size: 256K #011chunk_size: 16M #011num_reg: 10  #011lose cover RAM: 2048G
Jul 14 11:20:03 172.20.224.106 kernel: [    0.005257]  gran_size: 256K #011chunk_size: 32M #011num_reg: 10  #011lose cover RAM: 2048G
Jul 14 11:20:03 172.20.224.106 kernel: [    0.005259]  gran_size: 256K #011chunk_size: 64M #011num_reg: 10  #011lose cover RAM: 2048G
Jul 14 11:20:03 172.20.224.106 kernel: [    0.005262]  gran_size: 256K #011chunk_size: 128M #011num_reg: 10  #011lose cover RAM: 2048G
Jul 14 11:20:03 172.20.224.106 kernel: [    0.005264]  gran_size: 256K #011chunk_size: 256M #011num_reg: 10  #011lose cover RAM: 2048G
Jul 14 11:20:03 172.20.224.106 kernel: [    0.005266]  gran_size: 256K #011chunk_size: 512M #011num_reg: 10  #011lose cover RAM: 2048G
Jul 14 11:20:03 172.20.224.106 kernel: [    0.005268]  gran_size: 256K #011chunk_size: 1G #011num_reg: 10  #011lose cover RAM: 2048G
Jul 14 11:20:03 172.20.224.106 kernel: [    0.005270]  gran_size: 256K #011chunk_size: 2G #011num_reg: 10  #011lose cover RAM: 2048G
Jul 14 11:20:03 172.20.224.106 kernel: [    0.005272]  gran_size: 512K #011chunk_size: 512K #011num_reg: 10  #011lose cover RAM: 2048G
Jul 14 11:20:03 172.20.224.106 kernel: [    0.005274]  gran_size: 512K #011chunk_size: 1M #011num_reg: 10  #011lose cover RAM: 2048G
Jul 14 11:20:03 172.20.224.106 kernel: [    0.005276]  gran_size: 512K #011chunk_size: 2M #011num_reg: 10  #011lose cover RAM: 2048G
Jul 14 11:20:03 172.20.224.106 kernel: [    0.005278]  gran_size: 512K #011chunk_size: 4M #011num_reg: 10  #011lose cover RAM: 2048G
Jul 14 11:20:03 172.20.224.106 kernel: [    0.005280]  gran_size: 512K #011chunk_size: 8M #011num_reg: 10  #011lose cover RAM: 2048G
Jul 14 11:20:03 172.20.224.106 kernel: [    0.005282]  gran_size: 512K #011chunk_size: 16M #011num_reg: 10  #011lose cover RAM: 2048G
Jul 14 11:20:03 172.20.224.106 kernel: [    0.005284]  gran_size: 512K #011chunk_size: 32M #011num_reg: 10  #011lose cover RAM: 2048G
Jul 14 11:20:03 172.20.224.106 kernel: [    0.005286]  gran_size: 512K #011chunk_size: 64M #011num_reg: 10  #011lose cover RAM: 2048G
Jul 14 11:20:03 172.20.224.106 kernel: [    0.005288]  gran_size: 512K #011chunk_size: 128M #011num_reg: 10  #011lose cover RAM: 2048G
Jul 14 11:20:03 172.20.224.106 kernel: [    0.005290]  gran_size: 512K #011chunk_size: 256M #011num_reg: 10  #011lose cover RAM: 2048G
Jul 14 11:20:03 172.20.224.106 kernel: [    0.005292]  gran_size: 512K #011chunk_size: 512M #011num_reg: 10  #011lose cover RAM: 2048G
Jul 14 11:20:03 172.20.224.106 kernel: [    0.005294]  gran_size: 512K #011chunk_size: 1G #011num_reg: 10  #011lose cover RAM: 2048G
Jul 14 11:20:03 172.20.224.106 kernel: [    0.005296]  gran_size: 512K #011chunk_size: 2G #011num_reg: 10  #011lose cover RAM: 2048G
Jul 14 11:20:03 172.20.224.106 kernel: [    0.005298]  gran_size: 1M #011chunk_size: 1M #011num_reg: 10  #011lose cover RAM: 2048G
Jul 14 11:20:03 172.20.224.106 kernel: [    0.005300]  gran_size: 1M #011chunk_size: 2M #011num_reg: 10  #011lose cover RAM: 2048G
Jul 14 11:20:03 172.20.224.106 kernel: [    0.005302]  gran_size: 1M #011chunk_size: 4M #011num_reg: 10  #011lose cover RAM: 2048G
Jul 14 11:20:03 172.20.224.106 kernel: [    0.005304]  gran_size: 1M #011chunk_size: 8M #011num_reg: 10  #011lose cover RAM: 2048G
Jul 14 11:20:03 172.20.224.106 kernel: [    0.005306]  gran_size: 1M #011chunk_size: 16M #011num_reg: 10  #011lose cover RAM: 2048G
Jul 14 11:20:03 172.20.224.106 kernel: [    0.005309]  gran_size: 1M #011chunk_size: 32M #011num_reg: 10  #011lose cover RAM: 2048G
Jul 14 11:20:03 172.20.224.106 kernel: [    0.005311]  gran_size: 1M #011chunk_size: 64M #011num_reg: 10  #011lose cover RAM: 2048G
Jul 14 11:20:03 172.20.224.106 kernel: [    0.005313]  gran_size: 1M #011chunk_size: 128M #011num_reg: 10  #011lose cover RAM: 2048G
Jul 14 11:20:03 172.20.224.106 kernel: [    0.005315]  gran_size: 1M #011chunk_size: 256M #011num_reg: 10  #011lose cover RAM: 2048G
Jul 14 11:20:03 172.20.224.106 kernel: [    0.005317]  gran_size: 1M #011chunk_size: 512M #011num_reg: 10  #011lose cover RAM: 2048G
Jul 14 11:20:03 172.20.224.106 kernel: [    0.005319]  gran_size: 1M #011chunk_size: 1G #011num_reg: 10  #011lose cover RAM: 2048G
Jul 14 11:20:03 172.20.224.106 kernel: [    0.005321]  gran_size: 1M #011chunk_size: 2G #011num_reg: 10  #011lose cover RAM: 2048G
Jul 14 11:20:03 172.20.224.106 kernel: [    0.005323]  gran_size: 2M #011chunk_size: 2M #011num_reg: 10  #011lose cover RAM: 2048G
Jul 14 11:20:03 172.20.224.106 kernel: [    0.005325]  gran_size: 2M #011chunk_size: 4M #011num_reg: 10  #011lose cover RAM: 2048G
Jul 14 11:20:03 172.20.224.106 kernel: [    0.005327]  gran_size: 2M #011chunk_size: 8M #011num_reg: 10  #011lose cover RAM: 2048G
Jul 14 11:20:03 172.20.224.106 kernel: [    0.005329]  gran_size: 2M #011chunk_size: 16M #011num_reg: 10  #011lose cover RAM: 2048G
Jul 14 11:20:03 172.20.224.106 kernel: [    0.005331]  gran_size: 2M #011chunk_size: 32M #011num_reg: 10  #011lose cover RAM: 2048G
Jul 14 11:20:03 172.20.224.106 kernel: [    0.005333]  gran_size: 2M #011chunk_size: 64M #011num_reg: 10  #011lose cover RAM: 2048G
Jul 14 11:20:03 172.20.224.106 kernel: [    0.005335]  gran_size: 2M #011chunk_size: 128M #011num_reg: 10  #011lose cover RAM: 2048G
Jul 14 11:20:03 172.20.224.106 kernel: [    0.005337]  gran_size: 2M #011chunk_size: 256M #011num_reg: 10  #011lose cover RAM: 2048G
Jul 14 11:20:03 172.20.224.106 kernel: [    0.005339]  gran_size: 2M #011chunk_size: 512M #011num_reg: 10  #011lose cover RAM: 2048G
Jul 14 11:20:03 172.20.224.106 kernel: [    0.005341]  gran_size: 2M #011chunk_size: 1G #011num_reg: 10  #011lose cover RAM: 2048G
Jul 14 11:20:03 172.20.224.106 kernel: [    0.005343]  gran_size: 2M #011chunk_size: 2G #011num_reg: 10  #011lose cover RAM: 2048G
Jul 14 11:20:03 172.20.224.106 kernel: [    0.005345]  gran_size: 4M #011chunk_size: 4M #011num_reg: 10  #011lose cover RAM: 2048G
Jul 14 11:20:03 172.20.224.106 kernel: [    0.005347]  gran_size: 4M #011chunk_size: 8M #011num_reg: 10  #011lose cover RAM: 2048G
Jul 14 11:20:03 172.20.224.106 kernel: [    0.005349]  gran_size: 4M #011chunk_size: 16M #011num_reg: 10  #011lose cover RAM: 2048G
Jul 14 11:20:03 172.20.224.106 kernel: [    0.005351]  gran_size: 4M #011chunk_size: 32M #011num_reg: 10  #011lose cover RAM: 2048G
Jul 14 11:20:03 172.20.224.106 kernel: [    0.005353]  gran_size: 4M #011chunk_size: 64M #011num_reg: 10  #011lose cover RAM: 2048G
Jul 14 11:20:03 172.20.224.106 kernel: [    0.005355]  gran_size: 4M #011chunk_size: 128M #011num_reg: 10  #011lose cover RAM: 2048G
Jul 14 11:20:03 172.20.224.106 kernel: [    0.005357]  gran_size: 4M #011chunk_size: 256M #011num_reg: 10  #011lose cover RAM: 2048G
Jul 14 11:20:03 172.20.224.106 kernel: [    0.005359]  gran_size: 4M #011chunk_size: 512M #011num_reg: 10  #011lose cover RAM: 2048G
Jul 14 11:20:03 172.20.224.106 kernel: [    0.005361]  gran_size: 4M #011chunk_size: 1G #011num_reg: 10  #011lose cover RAM: 2048G
Jul 14 11:20:03 172.20.224.106 kernel: [    0.005363]  gran_size: 4M #011chunk_size: 2G #011num_reg: 10  #011lose cover RAM: 2048G
Jul 14 11:20:03 172.20.224.106 kernel: [    0.005365]  gran_size: 8M #011chunk_size: 8M #011num_reg: 10  #011lose cover RAM: 2048G
Jul 14 11:20:03 172.20.224.106 kernel: [    0.005368]  gran_size: 8M #011chunk_size: 16M #011num_reg: 10  #011lose cover RAM: 2048G
Jul 14 11:20:03 172.20.224.106 kernel: [    0.005370]  gran_size: 8M #011chunk_size: 32M #011num_reg: 10  #011lose cover RAM: 2048G
Jul 14 11:20:03 172.20.224.106 kernel: [    0.005371]  gran_size: 8M #011chunk_size: 64M #011num_reg: 10  #011lose cover RAM: 2048G
Jul 14 11:20:03 172.20.224.106 kernel: [    0.005373]  gran_size: 8M #011chunk_size: 128M #011num_reg: 10  #011lose cover RAM: 2048G
Jul 14 11:20:03 172.20.224.106 kernel: [    0.005376]  gran_size: 8M #011chunk_size: 256M #011num_reg: 10  #011lose cover RAM: 2048G
Jul 14 11:20:03 172.20.224.106 kernel: [    0.005378]  gran_size: 8M #011chunk_size: 512M #011num_reg: 10  #011lose cover RAM: 2048G
Jul 14 11:20:03 172.20.224.106 kernel: [    0.005380]  gran_size: 8M #011chunk_size: 1G #011num_reg: 10  #011lose cover RAM: 2048G
Jul 14 11:20:03 172.20.224.106 kernel: [    0.005382]  gran_size: 8M #011chunk_size: 2G #011num_reg: 10  #011lose cover RAM: 2048G
Jul 14 11:20:03 172.20.224.106 kernel: [    0.005384]  gran_size: 16M #011chunk_size: 16M #011num_reg: 10  #011lose cover RAM: 2048G
Jul 14 11:20:03 172.20.224.106 kernel: [    0.005386]  gran_size: 16M #011chunk_size: 32M #011num_reg: 10  #011lose cover RAM: 2048G
Jul 14 11:20:03 172.20.224.106 kernel: [    0.005388]  gran_size: 16M #011chunk_size: 64M #011num_reg: 10  #011lose cover RAM: 2048G
Jul 14 11:20:03 172.20.224.106 kernel: [    0.005390]  gran_size: 16M #011chunk_size: 128M #011num_reg: 10  #011lose cover RAM: 2048G
Jul 14 11:20:03 172.20.224.106 kernel: [    0.005392]  gran_size: 16M #011chunk_size: 256M #011num_reg: 10  #011lose cover RAM: 2048G
Jul 14 11:20:03 172.20.224.106 kernel: [    0.005394]  gran_size: 16M #011chunk_size: 512M #011num_reg: 10  #011lose cover RAM: 2048G
Jul 14 11:20:03 172.20.224.106 kernel: [    0.005396]  gran_size: 16M #011chunk_size: 1G #011num_reg: 10  #011lose cover RAM: 2048G
Jul 14 11:20:03 172.20.224.106 kernel: [    0.005398]  gran_size: 16M #011chunk_size: 2G #011num_reg: 10  #011lose cover RAM: 2048G
Jul 14 11:20:03 172.20.224.106 kernel: [    0.005400]  gran_size: 32M #011chunk_size: 32M #011num_reg: 10  #011lose cover RAM: 2048G
Jul 14 11:20:03 172.20.224.106 kernel: [    0.005402]  gran_size: 32M #011chunk_size: 64M #011num_reg: 10  #011lose cover RAM: 2048G
Jul 14 11:20:03 172.20.224.106 kernel: [    0.005404]  gran_size: 32M #011chunk_size: 128M #011num_reg: 10  #011lose cover RAM: 2048G
Jul 14 11:20:03 172.20.224.106 kernel: [    0.005406]  gran_size: 32M #011chunk_size: 256M #011num_reg: 10  #011lose cover RAM: 2048G
Jul 14 11:20:03 172.20.224.106 kernel: [    0.005408]  gran_size: 32M #011chunk_size: 512M #011num_reg: 10  #011lose cover RAM: 2048G
Jul 14 11:20:03 172.20.224.106 kernel: [    0.005410]  gran_size: 32M #011chunk_size: 1G #011num_reg: 10  #011lose cover RAM: 2048G
Jul 14 11:20:03 172.20.224.106 kernel: [    0.005412]  gran_size: 32M #011chunk_size: 2G #011num_reg: 10  #011lose cover RAM: 2048G
Jul 14 11:20:03 172.20.224.106 kernel: [    0.005415]  gran_size: 64M #011chunk_size: 64M #011num_reg: 10  #011lose cover RAM: 2048G
Jul 14 11:20:03 172.20.224.106 kernel: [    0.005417]  gran_size: 64M #011chunk_size: 128M #011num_reg: 10  #011lose cover RAM: 2048G
Jul 14 11:20:03 172.20.224.106 kernel: [    0.005419]  gran_size: 64M #011chunk_size: 256M #011num_reg: 10  #011lose cover RAM: 2048G
Jul 14 11:20:03 172.20.224.106 kernel: [    0.005421]  gran_size: 64M #011chunk_size: 512M #011num_reg: 10  #011lose cover RAM: 2048G
Jul 14 11:20:03 172.20.224.106 kernel: [    0.005423]  gran_size: 64M #011chunk_size: 1G #011num_reg: 10  #011lose cover RAM: 2048G
Jul 14 11:20:03 172.20.224.106 kernel: [    0.005425]  gran_size: 64M #011chunk_size: 2G #011num_reg: 10  #011lose cover RAM: 2048G
Jul 14 11:20:03 172.20.224.106 kernel: [    0.005427]  gran_size: 128M #011chunk_size: 128M #011num_reg: 10  #011lose cover RAM: 2048G
Jul 14 11:20:03 172.20.224.106 kernel: [    0.005429]  gran_size: 128M #011chunk_size: 256M #011num_reg: 10  #011lose cover RAM: 2048G
Jul 14 11:20:03 172.20.224.106 kernel: [    0.005431]  gran_size: 128M #011chunk_size: 512M #011num_reg: 10  #011lose cover RAM: 2048G
Jul 14 11:20:03 172.20.224.106 kernel: [    0.005433]  gran_size: 128M #011chunk_size: 1G #011num_reg: 10  #011lose cover RAM: 2048G
Jul 14 11:20:03 172.20.224.106 kernel: [    0.005435]  gran_size: 128M #011chunk_size: 2G #011num_reg: 10  #011lose cover RAM: 2048G
Jul 14 11:20:03 172.20.224.106 kernel: [    0.005437]  gran_size: 256M #011chunk_size: 256M #011num_reg: 10  #011lose cover RAM: 2048G
Jul 14 11:20:03 172.20.224.106 kernel: [    0.005439]  gran_size: 256M #011chunk_size: 512M #011num_reg: 10  #011lose cover RAM: 2048G
Jul 14 11:20:03 172.20.224.106 kernel: [    0.005441]  gran_size: 256M #011chunk_size: 1G #011num_reg: 10  #011lose cover RAM: 2048G
Jul 14 11:20:03 172.20.224.106 kernel: [    0.005443]  gran_size: 256M #011chunk_size: 2G #011num_reg: 10  #011lose cover RAM: 2048G
Jul 14 11:20:03 172.20.224.106 kernel: [    0.005445]  gran_size: 512M #011chunk_size: 512M #011num_reg: 10  #011lose cover RAM: 2048G
Jul 14 11:20:03 172.20.224.106 kernel: [    0.005447]  gran_size: 512M #011chunk_size: 1G #011num_reg: 10  #011lose cover RAM: 2048G
Jul 14 11:20:03 172.20.224.106 kernel: [    0.005449]  gran_size: 512M #011chunk_size: 2G #011num_reg: 10  #011lose cover RAM: 2048G
Jul 14 11:20:03 172.20.224.106 kernel: [    0.005451]  gran_size: 1G #011chunk_size: 1G #011num_reg: 10  #011lose cover RAM: 2048G
Jul 14 11:20:03 172.20.224.106 kernel: [    0.005453]  gran_size: 1G #011chunk_size: 2G #011num_reg: 10  #011lose cover RAM: 2048G
Jul 14 11:20:03 172.20.224.106 kernel: [    0.005455]  gran_size: 2G #011chunk_size: 2G #011num_reg: 10  #011lose cover RAM: 2048G
Jul 14 11:20:03 172.20.224.106 kernel: [    0.005457] mtrr_cleanup: can not find optimal value
Jul 14 11:20:03 172.20.224.106 kernel: [    0.005459] please specify mtrr_gran_size/mtrr_chunk_size
Jul 14 11:20:03 172.20.224.106 kernel: [    0.005462] e820: update [mem 0x80000000-0xffffffff] usable ==> reserved
Jul 14 11:20:03 172.20.224.106 kernel: [    0.005467] x2apic: enabled by BIOS, switching to x2apic ops
Jul 14 11:20:03 172.20.224.106 kernel: [    0.005468] last_pfn = 0x77800 max_arch_pfn = 0x10000000000
Jul 14 11:20:03 172.20.224.106 kernel: [    0.016741] Using GB pages for direct mapping
Jul 14 11:20:03 172.20.224.106 kernel: [    0.017373] secureboot: Secure boot disabled
Jul 14 11:20:03 172.20.224.106 kernel: [    0.017374] RAMDISK: [mem 0x5ad5a000-0x61840fff]
Jul 14 11:20:03 172.20.224.106 kernel: [    0.017378] ACPI: Early table checksum verification disabled
Jul 14 11:20:03 172.20.224.106 kernel: [    0.017381] ACPI: RSDP 0x0000000072102014 000024 (v02 ALASKA)
Jul 14 11:20:03 172.20.224.106 kernel: [    0.017387] ACPI: XSDT 0x0000000072101728 0000EC (v01 ALASKA A M I    01072009 AMI  01000013)
Jul 14 11:20:03 172.20.224.106 kernel: [    0.017393] ACPI: FACP 0x0000000072100000 000114 (v06 ALASKA A M I    01072009 INTL 20091013)
Jul 14 11:20:03 172.20.224.106 kernel: [    0.017401] ACPI: DSDT 0x0000000072033000 0CB7DD (v02 ALASKA A M I    01072009 INTL 20091013)
Jul 14 11:20:03 172.20.224.106 kernel: [    0.017405] ACPI: FACS 0x000000007530D000 000040
Jul 14 11:20:03 172.20.224.106 kernel: [    0.017409] ACPI: SPMI 0x00000000720FF000 000041 (v05 ALASKA A M I    00000000 AMI. 00000000)
Jul 14 11:20:03 172.20.224.106 kernel: [    0.017414] ACPI: FIDT 0x0000000072032000 00009C (v01 ALASKA A M I    01072009 AMI  00010013)
Jul 14 11:20:03 172.20.224.106 kernel: [    0.017418] ACPI: SSDT 0x0000000072031000 00074C (v02 INTEL  RAS_ACPI 00000001 INTL 20210331)
Jul 14 11:20:03 172.20.224.106 kernel: [    0.017422] ACPI: ERST 0x0000000072030000 000230 (v01 ALASKA A M I    00000001 INTL 00000001)
Jul 14 11:20:03 172.20.224.106 kernel: [    0.017427] ACPI: MCFG 0x000000007202F000 00003C (v01 ALASKA A M I    01072009 MSFT 00000097)
Jul 14 11:20:03 172.20.224.106 kernel: [    0.017431] ACPI: HPET 0x000000007202E000 000038 (v01 ALASKA A M I    00000001 INTL 20091013)
Jul 14 11:20:03 172.20.224.106 kernel: [    0.017435] ACPI: MSCT 0x000000007202D000 000090 (v01 ALASKA A M I    00000001 INTL 20091013)
Jul 14 11:20:03 172.20.224.106 kernel: [    0.017439] ACPI: WDDT 0x000000007202C000 000040 (v01 ALASKA A M I    00000000 INTL 20091013)
Jul 14 11:20:03 172.20.224.106 kernel: [    0.017443] ACPI: APIC 0x000000007202A000 000E5E (v04 ALASKA A M I    00000000 INTL 20091013)
Jul 14 11:20:03 172.20.224.106 kernel: [    0.017447] ACPI: SRAT 0x0000000072022000 007830 (v03 ALASKA A M I    00000002 AMI  01000013)
Jul 14 11:20:03 172.20.224.106 kernel: [    0.017452] ACPI: SLIT 0x0000000072021000 000030 (v01 ALASKA A M I    01072009 AMI  01000013)
Jul 14 11:20:03 172.20.224.106 kernel: [    0.017456] ACPI: HMAT 0x0000000072020000 000158 (v02 ALASKA A M I    01072009 AMI  01000013)
Jul 14 11:20:03 172.20.224.106 kernel: [    0.017460] ACPI: OEM4 0x0000000071E98000 187A51 (v02 INTEL  CPU  CST 00003000 INTL 20210331)
Jul 14 11:20:03 172.20.224.106 kernel: [    0.017465] ACPI: OEM1 0x0000000071D84000 113479 (v02 INTEL  CPU EIST 00003000 INTL 20210331)
Jul 14 11:20:03 172.20.224.106 kernel: [    0.017469] ACPI: OEM2 0x0000000071D3D000 046031 (v02 INTEL  CPU  HWP 00003000 INTL 20210331)
Jul 14 11:20:03 172.20.224.106 kernel: [    0.017473] ACPI: SSDT 0x0000000071CD3000 069895 (v02 INTEL  SSDT  PM 00004000 INTL 20210331)
Jul 14 11:20:03 172.20.224.106 kernel: [    0.017477] ACPI: SSDT 0x0000000071CD2000 000957 (v02 ALASKA A M I    00000000 INTL 20091013)
Jul 14 11:20:03 172.20.224.106 kernel: [    0.017482] ACPI: HEST 0x0000000071CD1000 00013C (v01 ALASKA A M I    00000001 INTL 00000001)
Jul 14 11:20:03 172.20.224.106 kernel: [    0.017486] ACPI: BERT 0x0000000071CD0000 000030 (v01 ALASKA A M I    00000001 INTL 00000001)
Jul 14 11:20:03 172.20.224.106 kernel: [    0.017490] ACPI: SSDT 0x0000000071CCF000 00076E (v02 INTEL  ADDRXLAT 00000001 INTL 20210331)
Jul 14 11:20:03 172.20.224.106 kernel: [    0.017494] ACPI: DMAR 0x0000000071CCE000 000528 (v01 ALASKA A M I    00000001 INTL 20091013)
Jul 14 11:20:03 172.20.224.106 kernel: [    0.017498] ACPI: FPDT 0x0000000071CCD000 000044 (v01 ALASKA A M I    01072009 AMI  01000013)
Jul 14 11:20:03 172.20.224.106 kernel: [    0.017503] ACPI: SPCR 0x0000000071CCC000 000050 (v02 ALASKA A M I    01072009 AMI  00050020)
Jul 14 11:20:03 172.20.224.106 kernel: [    0.017507] ACPI: WSMT 0x000000007202B000 000028 (v01 ALASKA A M I    01072009 AMI  00010013)
Jul 14 11:20:03 172.20.224.106 kernel: [    0.017510] ACPI: Reserving FACP table memory at [mem 0x72100000-0x72100113]
Jul 14 11:20:03 172.20.224.106 kernel: [    0.017513] ACPI: Reserving DSDT table memory at [mem 0x72033000-0x720fe7dc]
Jul 14 11:20:03 172.20.224.106 kernel: [    0.017515] ACPI: Reserving FACS table memory at [mem 0x7530d000-0x7530d03f]
Jul 14 11:20:03 172.20.224.106 kernel: [    0.017517] ACPI: Reserving SPMI table memory at [mem 0x720ff000-0x720ff040]
Jul 14 11:20:03 172.20.224.106 kernel: [    0.017519] ACPI: Reserving FIDT table memory at [mem 0x72032000-0x7203209b]
Jul 14 11:20:03 172.20.224.106 kernel: [    0.017520] ACPI: Reserving SSDT table memory at [mem 0x72031000-0x7203174b]
Jul 14 11:20:03 172.20.224.106 kernel: [    0.017522] ACPI: Reserving ERST table memory at [mem 0x72030000-0x7203022f]
Jul 14 11:20:03 172.20.224.106 kernel: [    0.017523] ACPI: Reserving MCFG table memory at [mem 0x7202f000-0x7202f03b]
Jul 14 11:20:03 172.20.224.106 kernel: [    0.017525] ACPI: Reserving HPET table memory at [mem 0x7202e000-0x7202e037]
Jul 14 11:20:03 172.20.224.106 kernel: [    0.017527] ACPI: Reserving MSCT table memory at [mem 0x7202d000-0x7202d08f]
Jul 14 11:20:03 172.20.224.106 kernel: [    0.017528] ACPI: Reserving WDDT table memory at [mem 0x7202c000-0x7202c03f]
Jul 14 11:20:03 172.20.224.106 kernel: [    0.017530] ACPI: Reserving APIC table memory at [mem 0x7202a000-0x7202ae5d]
Jul 14 11:20:03 172.20.224.106 kernel: [    0.017532] ACPI: Reserving SRAT table memory at [mem 0x72022000-0x7202982f]
Jul 14 11:20:03 172.20.224.106 kernel: [    0.017533] ACPI: Reserving SLIT table memory at [mem 0x72021000-0x7202102f]
Jul 14 11:20:03 172.20.224.106 kernel: [    0.017535] ACPI: Reserving HMAT table memory at [mem 0x72020000-0x72020157]
Jul 14 11:20:03 172.20.224.106 kernel: [    0.017536] ACPI: Reserving OEM4 table memory at [mem 0x71e98000-0x7201fa50]
Jul 14 11:20:03 172.20.224.106 kernel: [    0.017538] ACPI: Reserving OEM1 table memory at [mem 0x71d84000-0x71e97478]
Jul 14 11:20:03 172.20.224.106 kernel: [    0.017540] ACPI: Reserving OEM2 table memory at [mem 0x71d3d000-0x71d83030]
Jul 14 11:20:03 172.20.224.106 kernel: [    0.017542] ACPI: Reserving SSDT table memory at [mem 0x71cd3000-0x71d3c894]
Jul 14 11:20:03 172.20.224.106 kernel: [    0.017543] ACPI: Reserving SSDT table memory at [mem 0x71cd2000-0x71cd2956]
Jul 14 11:20:03 172.20.224.106 kernel: [    0.017545] ACPI: Reserving HEST table memory at [mem 0x71cd1000-0x71cd113b]
Jul 14 11:20:03 172.20.224.106 kernel: [    0.017546] ACPI: Reserving BERT table memory at [mem 0x71cd0000-0x71cd002f]
Jul 14 11:20:03 172.20.224.106 kernel: [    0.017548] ACPI: Reserving SSDT table memory at [mem 0x71ccf000-0x71ccf76d]
Jul 14 11:20:03 172.20.224.106 kernel: [    0.017550] ACPI: Reserving DMAR table memory at [mem 0x71cce000-0x71cce527]
Jul 14 11:20:03 172.20.224.106 kernel: [    0.017551] ACPI: Reserving FPDT table memory at [mem 0x71ccd000-0x71ccd043]
Jul 14 11:20:03 172.20.224.106 kernel: [    0.017553] ACPI: Reserving SPCR table memory at [mem 0x71ccc000-0x71ccc04f]
Jul 14 11:20:03 172.20.224.106 kernel: [    0.017555] ACPI: Reserving WSMT table memory at [mem 0x7202b000-0x7202b027]
Jul 14 11:20:03 172.20.224.106 kernel: [    0.017567] Setting APIC routing to cluster x2apic.
Jul 14 11:20:03 172.20.224.106 kernel: [    0.017635] SRAT: PXM 0 -> APIC 0x0000 -> Node 0
Jul 14 11:20:03 172.20.224.106 kernel: [    0.017637] SRAT: PXM 0 -> APIC 0x0001 -> Node 0
Jul 14 11:20:03 172.20.224.106 kernel: [    0.017639] SRAT: PXM 0 -> APIC 0x0002 -> Node 0
Jul 14 11:20:03 172.20.224.106 kernel: [    0.017640] SRAT: PXM 0 -> APIC 0x0003 -> Node 0
Jul 14 11:20:03 172.20.224.106 kernel: [    0.017641] SRAT: PXM 0 -> APIC 0x0004 -> Node 0
Jul 14 11:20:03 172.20.224.106 kernel: [    0.017642] SRAT: PXM 0 -> APIC 0x0005 -> Node 0
Jul 14 11:20:03 172.20.224.106 kernel: [    0.017644] SRAT: PXM 0 -> APIC 0x0006 -> Node 0
Jul 14 11:20:03 172.20.224.106 kernel: [    0.017645] SRAT: PXM 0 -> APIC 0x0007 -> Node 0
Jul 14 11:20:03 172.20.224.106 kernel: [    0.017646] SRAT: PXM 0 -> APIC 0x0008 -> Node 0
Jul 14 11:20:03 172.20.224.106 kernel: [    0.017647] SRAT: PXM 0 -> APIC 0x0009 -> Node 0
Jul 14 11:20:03 172.20.224.106 kernel: [    0.017649] SRAT: PXM 0 -> APIC 0x000a -> Node 0
Jul 14 11:20:03 172.20.224.106 kernel: [    0.017650] SRAT: PXM 0 -> APIC 0x000b -> Node 0
Jul 14 11:20:03 172.20.224.106 kernel: [    0.017651] SRAT: PXM 0 -> APIC 0x000c -> Node 0
Jul 14 11:20:03 172.20.224.106 kernel: [    0.017652] SRAT: PXM 0 -> APIC 0x000d -> Node 0
Jul 14 11:20:03 172.20.224.106 kernel: [    0.017654] SRAT: PXM 0 -> APIC 0x000e -> Node 0
Jul 14 11:20:03 172.20.224.106 kernel: [    0.017655] SRAT: PXM 0 -> APIC 0x000f -> Node 0
Jul 14 11:20:03 172.20.224.106 kernel: [    0.017656] SRAT: PXM 0 -> APIC 0x0010 -> Node 0
Jul 14 11:20:03 172.20.224.106 kernel: [    0.017657] SRAT: PXM 0 -> APIC 0x0011 -> Node 0
Jul 14 11:20:03 172.20.224.106 kernel: [    0.017659] SRAT: PXM 0 -> APIC 0x0012 -> Node 0
Jul 14 11:20:03 172.20.224.106 kernel: [    0.017660] SRAT: PXM 0 -> APIC 0x0013 -> Node 0
Jul 14 11:20:03 172.20.224.106 kernel: [    0.017661] SRAT: PXM 0 -> APIC 0x0014 -> Node 0
Jul 14 11:20:03 172.20.224.106 kernel: [    0.017662] SRAT: PXM 0 -> APIC 0x0015 -> Node 0
Jul 14 11:20:03 172.20.224.106 kernel: [    0.017664] SRAT: PXM 0 -> APIC 0x0016 -> Node 0
Jul 14 11:20:03 172.20.224.106 kernel: [    0.017665] SRAT: PXM 0 -> APIC 0x0017 -> Node 0
Jul 14 11:20:03 172.20.224.106 kernel: [    0.017666] SRAT: PXM 0 -> APIC 0x0018 -> Node 0
Jul 14 11:20:03 172.20.224.106 kernel: [    0.017667] SRAT: PXM 0 -> APIC 0x0019 -> Node 0
Jul 14 11:20:03 172.20.224.106 kernel: [    0.017669] SRAT: PXM 0 -> APIC 0x001a -> Node 0
Jul 14 11:20:03 172.20.224.106 kernel: [    0.017670] SRAT: PXM 0 -> APIC 0x001b -> Node 0
Jul 14 11:20:03 172.20.224.106 kernel: [    0.017671] SRAT: PXM 0 -> APIC 0x001c -> Node 0
Jul 14 11:20:03 172.20.224.106 kernel: [    0.017672] SRAT: PXM 0 -> APIC 0x001d -> Node 0
Jul 14 11:20:03 172.20.224.106 kernel: [    0.017674] SRAT: PXM 0 -> APIC 0x001e -> Node 0
Jul 14 11:20:03 172.20.224.106 kernel: [    0.017675] SRAT: PXM 0 -> APIC 0x001f -> Node 0
Jul 14 11:20:03 172.20.224.106 kernel: [    0.017676] SRAT: PXM 0 -> APIC 0x0020 -> Node 0
Jul 14 11:20:03 172.20.224.106 kernel: [    0.017677] SRAT: PXM 0 -> APIC 0x0021 -> Node 0
Jul 14 11:20:03 172.20.224.106 kernel: [    0.017679] SRAT: PXM 0 -> APIC 0x0022 -> Node 0
Jul 14 11:20:03 172.20.224.106 kernel: [    0.017680] SRAT: PXM 0 -> APIC 0x0023 -> Node 0
Jul 14 11:20:03 172.20.224.106 kernel: [    0.017681] SRAT: PXM 0 -> APIC 0x0024 -> Node 0
Jul 14 11:20:03 172.20.224.106 kernel: [    0.017682] SRAT: PXM 0 -> APIC 0x0025 -> Node 0
Jul 14 11:20:03 172.20.224.106 kernel: [    0.017684] SRAT: PXM 0 -> APIC 0x0026 -> Node 0
Jul 14 11:20:03 172.20.224.106 kernel: [    0.017685] SRAT: PXM 0 -> APIC 0x0027 -> Node 0
Jul 14 11:20:03 172.20.224.106 kernel: [    0.017686] SRAT: PXM 0 -> APIC 0x0028 -> Node 0
Jul 14 11:20:03 172.20.224.106 kernel: [    0.017687] SRAT: PXM 0 -> APIC 0x0029 -> Node 0
Jul 14 11:20:03 172.20.224.106 kernel: [    0.017689] SRAT: PXM 0 -> APIC 0x002a -> Node 0
Jul 14 11:20:03 172.20.224.106 kernel: [    0.017690] SRAT: PXM 0 -> APIC 0x002b -> Node 0
Jul 14 11:20:03 172.20.224.106 kernel: [    0.017691] SRAT: PXM 0 -> APIC 0x002c -> Node 0
Jul 14 11:20:03 172.20.224.106 kernel: [    0.017692] SRAT: PXM 0 -> APIC 0x002d -> Node 0
Jul 14 11:20:03 172.20.224.106 kernel: [    0.017693] SRAT: PXM 0 -> APIC 0x002e -> Node 0
Jul 14 11:20:03 172.20.224.106 kernel: [    0.017695] SRAT: PXM 0 -> APIC 0x002f -> Node 0
Jul 14 11:20:03 172.20.224.106 kernel: [    0.017696] SRAT: PXM 0 -> APIC 0x0030 -> Node 0
Jul 14 11:20:03 172.20.224.106 kernel: [    0.017697] SRAT: PXM 0 -> APIC 0x0031 -> Node 0
Jul 14 11:20:03 172.20.224.106 kernel: [    0.017698] SRAT: PXM 0 -> APIC 0x0032 -> Node 0
Jul 14 11:20:03 172.20.224.106 kernel: [    0.017700] SRAT: PXM 0 -> APIC 0x0033 -> Node 0
Jul 14 11:20:03 172.20.224.106 kernel: [    0.017701] SRAT: PXM 0 -> APIC 0x0034 -> Node 0
Jul 14 11:20:03 172.20.224.106 kernel: [    0.017702] SRAT: PXM 0 -> APIC 0x0035 -> Node 0
Jul 14 11:20:03 172.20.224.106 kernel: [    0.017703] SRAT: PXM 0 -> APIC 0x0036 -> Node 0
Jul 14 11:20:03 172.20.224.106 kernel: [    0.017704] SRAT: PXM 0 -> APIC 0x0037 -> Node 0
Jul 14 11:20:03 172.20.224.106 kernel: [    0.017706] SRAT: PXM 0 -> APIC 0x0038 -> Node 0
Jul 14 11:20:03 172.20.224.106 kernel: [    0.017707] SRAT: PXM 0 -> APIC 0x0039 -> Node 0
Jul 14 11:20:03 172.20.224.106 kernel: [    0.017708] SRAT: PXM 0 -> APIC 0x003a -> Node 0
Jul 14 11:20:03 172.20.224.106 kernel: [    0.017709] SRAT: PXM 0 -> APIC 0x003b -> Node 0
Jul 14 11:20:03 172.20.224.106 kernel: [    0.017711] SRAT: PXM 0 -> APIC 0x003c -> Node 0
Jul 14 11:20:03 172.20.224.106 kernel: [    0.017712] SRAT: PXM 0 -> APIC 0x003d -> Node 0
Jul 14 11:20:03 172.20.224.106 kernel: [    0.017713] SRAT: PXM 0 -> APIC 0x003e -> Node 0
Jul 14 11:20:03 172.20.224.106 kernel: [    0.017714] SRAT: PXM 0 -> APIC 0x003f -> Node 0
Jul 14 11:20:03 172.20.224.106 kernel: [    0.017715] SRAT: PXM 0 -> APIC 0x0040 -> Node 0
Jul 14 11:20:03 172.20.224.106 kernel: [    0.017717] SRAT: PXM 0 -> APIC 0x0041 -> Node 0
Jul 14 11:20:03 172.20.224.106 kernel: [    0.017718] SRAT: PXM 0 -> APIC 0x0042 -> Node 0
Jul 14 11:20:03 172.20.224.106 kernel: [    0.017719] SRAT: PXM 0 -> APIC 0x0043 -> Node 0
Jul 14 11:20:03 172.20.224.106 kernel: [    0.017720] SRAT: PXM 0 -> APIC 0x0044 -> Node 0
Jul 14 11:20:03 172.20.224.106 kernel: [    0.017721] SRAT: PXM 0 -> APIC 0x0045 -> Node 0
Jul 14 11:20:03 172.20.224.106 kernel: [    0.017723] SRAT: PXM 0 -> APIC 0x0046 -> Node 0
Jul 14 11:20:03 172.20.224.106 kernel: [    0.017724] SRAT: PXM 0 -> APIC 0x0047 -> Node 0
Jul 14 11:20:03 172.20.224.106 kernel: [    0.017725] SRAT: PXM 0 -> APIC 0x0048 -> Node 0
Jul 14 11:20:03 172.20.224.106 kernel: [    0.017727] SRAT: PXM 0 -> APIC 0x0049 -> Node 0
Jul 14 11:20:03 172.20.224.106 kernel: [    0.017728] SRAT: PXM 0 -> APIC 0x004a -> Node 0
Jul 14 11:20:03 172.20.224.106 kernel: [    0.017729] SRAT: PXM 0 -> APIC 0x004b -> Node 0
Jul 14 11:20:03 172.20.224.106 kernel: [    0.017730] SRAT: PXM 0 -> APIC 0x004c -> Node 0
Jul 14 11:20:03 172.20.224.106 kernel: [    0.017731] SRAT: PXM 0 -> APIC 0x004d -> Node 0
Jul 14 11:20:03 172.20.224.106 kernel: [    0.017733] SRAT: PXM 0 -> APIC 0x004e -> Node 0
Jul 14 11:20:03 172.20.224.106 kernel: [    0.017734] SRAT: PXM 0 -> APIC 0x004f -> Node 0
Jul 14 11:20:03 172.20.224.106 kernel: [    0.017735] SRAT: PXM 0 -> APIC 0x0050 -> Node 0
Jul 14 11:20:03 172.20.224.106 kernel: [    0.017737] SRAT: PXM 0 -> APIC 0x0051 -> Node 0
Jul 14 11:20:03 172.20.224.106 kernel: [    0.017738] SRAT: PXM 0 -> APIC 0x0052 -> Node 0
Jul 14 11:20:03 172.20.224.106 kernel: [    0.017739] SRAT: PXM 0 -> APIC 0x0053 -> Node 0
Jul 14 11:20:03 172.20.224.106 kernel: [    0.017740] SRAT: PXM 0 -> APIC 0x0054 -> Node 0
Jul 14 11:20:03 172.20.224.106 kernel: [    0.017741] SRAT: PXM 0 -> APIC 0x0055 -> Node 0
Jul 14 11:20:03 172.20.224.106 kernel: [    0.017743] SRAT: PXM 0 -> APIC 0x0056 -> Node 0
Jul 14 11:20:03 172.20.224.106 kernel: [    0.017744] SRAT: PXM 0 -> APIC 0x0057 -> Node 0
Jul 14 11:20:03 172.20.224.106 kernel: [    0.017745] SRAT: PXM 0 -> APIC 0x0058 -> Node 0
Jul 14 11:20:03 172.20.224.106 kernel: [    0.017746] SRAT: PXM 0 -> APIC 0x0059 -> Node 0
Jul 14 11:20:03 172.20.224.106 kernel: [    0.017747] SRAT: PXM 0 -> APIC 0x005a -> Node 0
Jul 14 11:20:03 172.20.224.106 kernel: [    0.017749] SRAT: PXM 0 -> APIC 0x005b -> Node 0
Jul 14 11:20:03 172.20.224.106 kernel: [    0.017750] SRAT: PXM 0 -> APIC 0x005c -> Node 0
Jul 14 11:20:03 172.20.224.106 kernel: [    0.017751] SRAT: PXM 0 -> APIC 0x005d -> Node 0
Jul 14 11:20:03 172.20.224.106 kernel: [    0.017752] SRAT: PXM 0 -> APIC 0x005e -> Node 0
Jul 14 11:20:03 172.20.224.106 kernel: [    0.017754] SRAT: PXM 0 -> APIC 0x005f -> Node 0
Jul 14 11:20:03 172.20.224.106 kernel: [    0.017755] SRAT: PXM 0 -> APIC 0x0060 -> Node 0
Jul 14 11:20:03 172.20.224.106 kernel: [    0.017756] SRAT: PXM 0 -> APIC 0x0061 -> Node 0
Jul 14 11:20:03 172.20.224.106 kernel: [    0.017757] SRAT: PXM 0 -> APIC 0x0062 -> Node 0
Jul 14 11:20:03 172.20.224.106 kernel: [    0.017759] SRAT: PXM 0 -> APIC 0x0063 -> Node 0
Jul 14 11:20:03 172.20.224.106 kernel: [    0.017760] SRAT: PXM 0 -> APIC 0x0064 -> Node 0
Jul 14 11:20:03 172.20.224.106 kernel: [    0.017761] SRAT: PXM 0 -> APIC 0x0065 -> Node 0
Jul 14 11:20:03 172.20.224.106 kernel: [    0.017762] SRAT: PXM 0 -> APIC 0x0066 -> Node 0
Jul 14 11:20:03 172.20.224.106 kernel: [    0.017763] SRAT: PXM 0 -> APIC 0x0067 -> Node 0
Jul 14 11:20:03 172.20.224.106 kernel: [    0.017765] SRAT: PXM 0 -> APIC 0x0068 -> Node 0
Jul 14 11:20:03 172.20.224.106 kernel: [    0.017766] SRAT: PXM 0 -> APIC 0x0069 -> Node 0
Jul 14 11:20:03 172.20.224.106 kernel: [    0.017767] SRAT: PXM 0 -> APIC 0x006a -> Node 0
Jul 14 11:20:03 172.20.224.106 kernel: [    0.017768] SRAT: PXM 0 -> APIC 0x006b -> Node 0
Jul 14 11:20:03 172.20.224.106 kernel: [    0.017770] SRAT: PXM 0 -> APIC 0x006c -> Node 0
Jul 14 11:20:03 172.20.224.106 kernel: [    0.017771] SRAT: PXM 0 -> APIC 0x006d -> Node 0
Jul 14 11:20:03 172.20.224.106 kernel: [    0.017772] SRAT: PXM 0 -> APIC 0x006e -> Node 0
Jul 14 11:20:03 172.20.224.106 kernel: [    0.017773] SRAT: PXM 0 -> APIC 0x006f -> Node 0
Jul 14 11:20:03 172.20.224.106 kernel: [    0.017774] SRAT: PXM 1 -> APIC 0x0080 -> Node 1
Jul 14 11:20:03 172.20.224.106 kernel: [    0.017776] SRAT: PXM 1 -> APIC 0x0081 -> Node 1
Jul 14 11:20:03 172.20.224.106 kernel: [    0.017777] SRAT: PXM 1 -> APIC 0x0082 -> Node 1
Jul 14 11:20:03 172.20.224.106 kernel: [    0.017778] SRAT: PXM 1 -> APIC 0x0083 -> Node 1
Jul 14 11:20:03 172.20.224.106 kernel: [    0.017780] SRAT: PXM 1 -> APIC 0x0084 -> Node 1
Jul 14 11:20:03 172.20.224.106 kernel: [    0.017781] SRAT: PXM 1 -> APIC 0x0085 -> Node 1
Jul 14 11:20:03 172.20.224.106 kernel: [    0.017782] SRAT: PXM 1 -> APIC 0x0086 -> Node 1
Jul 14 11:20:03 172.20.224.106 kernel: [    0.017783] SRAT: PXM 1 -> APIC 0x0087 -> Node 1
Jul 14 11:20:03 172.20.224.106 kernel: [    0.017784] SRAT: PXM 1 -> APIC 0x0088 -> Node 1
Jul 14 11:20:03 172.20.224.106 kernel: [    0.017786] SRAT: PXM 1 -> APIC 0x0089 -> Node 1
Jul 14 11:20:03 172.20.224.106 kernel: [    0.017787] SRAT: PXM 1 -> APIC 0x008a -> Node 1
Jul 14 11:20:03 172.20.224.106 kernel: [    0.017788] SRAT: PXM 1 -> APIC 0x008b -> Node 1
Jul 14 11:20:03 172.20.224.106 kernel: [    0.017789] SRAT: PXM 1 -> APIC 0x008c -> Node 1
Jul 14 11:20:03 172.20.224.106 kernel: [    0.017790] SRAT: PXM 1 -> APIC 0x008d -> Node 1
Jul 14 11:20:03 172.20.224.106 kernel: [    0.017792] SRAT: PXM 1 -> APIC 0x008e -> Node 1
Jul 14 11:20:03 172.20.224.106 kernel: [    0.017793] SRAT: PXM 1 -> APIC 0x008f -> Node 1
Jul 14 11:20:03 172.20.224.106 kernel: [    0.017794] SRAT: PXM 1 -> APIC 0x0090 -> Node 1
Jul 14 11:20:03 172.20.224.106 kernel: [    0.017795] SRAT: PXM 1 -> APIC 0x0091 -> Node 1
Jul 14 11:20:03 172.20.224.106 kernel: [    0.017796] SRAT: PXM 1 -> APIC 0x0092 -> Node 1
Jul 14 11:20:03 172.20.224.106 kernel: [    0.017798] SRAT: PXM 1 -> APIC 0x0093 -> Node 1
Jul 14 11:20:03 172.20.224.106 kernel: [    0.017799] SRAT: PXM 1 -> APIC 0x0094 -> Node 1
Jul 14 11:20:03 172.20.224.106 kernel: [    0.017800] SRAT: PXM 1 -> APIC 0x0095 -> Node 1
Jul 14 11:20:03 172.20.224.106 kernel: [    0.017801] SRAT: PXM 1 -> APIC 0x0096 -> Node 1
Jul 14 11:20:03 172.20.224.106 kernel: [    0.017802] SRAT: PXM 1 -> APIC 0x0097 -> Node 1
Jul 14 11:20:03 172.20.224.106 kernel: [    0.017804] SRAT: PXM 1 -> APIC 0x0098 -> Node 1
Jul 14 11:20:03 172.20.224.106 kernel: [    0.017805] SRAT: PXM 1 -> APIC 0x0099 -> Node 1
Jul 14 11:20:03 172.20.224.106 kernel: [    0.017806] SRAT: PXM 1 -> APIC 0x009a -> Node 1
Jul 14 11:20:03 172.20.224.106 kernel: [    0.017807] SRAT: PXM 1 -> APIC 0x009b -> Node 1
Jul 14 11:20:03 172.20.224.106 kernel: [    0.017808] SRAT: PXM 1 -> APIC 0x009c -> Node 1
Jul 14 11:20:03 172.20.224.106 kernel: [    0.017810] SRAT: PXM 1 -> APIC 0x009d -> Node 1
Jul 14 11:20:03 172.20.224.106 kernel: [    0.017811] SRAT: PXM 1 -> APIC 0x009e -> Node 1
Jul 14 11:20:03 172.20.224.106 kernel: [    0.017812] SRAT: PXM 1 -> APIC 0x009f -> Node 1
Jul 14 11:20:03 172.20.224.106 kernel: [    0.017813] SRAT: PXM 1 -> APIC 0x00a0 -> Node 1
Jul 14 11:20:03 172.20.224.106 kernel: [    0.017814] SRAT: PXM 1 -> APIC 0x00a1 -> Node 1
Jul 14 11:20:03 172.20.224.106 kernel: [    0.017816] SRAT: PXM 1 -> APIC 0x00a2 -> Node 1
Jul 14 11:20:03 172.20.224.106 kernel: [    0.017817] SRAT: PXM 1 -> APIC 0x00a3 -> Node 1
Jul 14 11:20:03 172.20.224.106 kernel: [    0.017818] SRAT: PXM 1 -> APIC 0x00a4 -> Node 1
Jul 14 11:20:03 172.20.224.106 kernel: [    0.017819] SRAT: PXM 1 -> APIC 0x00a5 -> Node 1
Jul 14 11:20:03 172.20.224.106 kernel: [    0.017820] SRAT: PXM 1 -> APIC 0x00a6 -> Node 1
Jul 14 11:20:03 172.20.224.106 kernel: [    0.017822] SRAT: PXM 1 -> APIC 0x00a7 -> Node 1
Jul 14 11:20:03 172.20.224.106 kernel: [    0.017823] SRAT: PXM 1 -> APIC 0x00a8 -> Node 1
Jul 14 11:20:03 172.20.224.106 kernel: [    0.017824] SRAT: PXM 1 -> APIC 0x00a9 -> Node 1
Jul 14 11:20:03 172.20.224.106 kernel: [    0.017825] SRAT: PXM 1 -> APIC 0x00aa -> Node 1
Jul 14 11:20:03 172.20.224.106 kernel: [    0.017827] SRAT: PXM 1 -> APIC 0x00ab -> Node 1
Jul 14 11:20:03 172.20.224.106 kernel: [    0.017828] SRAT: PXM 1 -> APIC 0x00ac -> Node 1
Jul 14 11:20:03 172.20.224.106 kernel: [    0.017829] SRAT: PXM 1 -> APIC 0x00ad -> Node 1
Jul 14 11:20:03 172.20.224.106 kernel: [    0.017830] SRAT: PXM 1 -> APIC 0x00ae -> Node 1
Jul 14 11:20:03 172.20.224.106 kernel: [    0.017831] SRAT: PXM 1 -> APIC 0x00af -> Node 1
Jul 14 11:20:03 172.20.224.106 kernel: [    0.017833] SRAT: PXM 1 -> APIC 0x00b0 -> Node 1
Jul 14 11:20:03 172.20.224.106 kernel: [    0.017834] SRAT: PXM 1 -> APIC 0x00b1 -> Node 1
Jul 14 11:20:03 172.20.224.106 kernel: [    0.017835] SRAT: PXM 1 -> APIC 0x00b2 -> Node 1
Jul 14 11:20:03 172.20.224.106 kernel: [    0.017836] SRAT: PXM 1 -> APIC 0x00b3 -> Node 1
Jul 14 11:20:03 172.20.224.106 kernel: [    0.017837] SRAT: PXM 1 -> APIC 0x00b4 -> Node 1
Jul 14 11:20:03 172.20.224.106 kernel: [    0.017839] SRAT: PXM 1 -> APIC 0x00b5 -> Node 1
Jul 14 11:20:03 172.20.224.106 kernel: [    0.017840] SRAT: PXM 1 -> APIC 0x00b6 -> Node 1
Jul 14 11:20:03 172.20.224.106 kernel: [    0.017841] SRAT: PXM 1 -> APIC 0x00b7 -> Node 1
Jul 14 11:20:03 172.20.224.106 kernel: [    0.017842] SRAT: PXM 1 -> APIC 0x00b8 -> Node 1
Jul 14 11:20:03 172.20.224.106 kernel: [    0.017843] SRAT: PXM 1 -> APIC 0x00b9 -> Node 1
Jul 14 11:20:03 172.20.224.106 kernel: [    0.017845] SRAT: PXM 1 -> APIC 0x00ba -> Node 1
Jul 14 11:20:03 172.20.224.106 kernel: [    0.017846] SRAT: PXM 1 -> APIC 0x00bb -> Node 1
Jul 14 11:20:03 172.20.224.106 kernel: [    0.017847] SRAT: PXM 1 -> APIC 0x00bc -> Node 1
Jul 14 11:20:03 172.20.224.106 kernel: [    0.017848] SRAT: PXM 1 -> APIC 0x00bd -> Node 1
Jul 14 11:20:03 172.20.224.106 kernel: [    0.017849] SRAT: PXM 1 -> APIC 0x00be -> Node 1
Jul 14 11:20:03 172.20.224.106 kernel: [    0.017851] SRAT: PXM 1 -> APIC 0x00bf -> Node 1
Jul 14 11:20:03 172.20.224.106 kernel: [    0.017852] SRAT: PXM 1 -> APIC 0x00c0 -> Node 1
Jul 14 11:20:03 172.20.224.106 kernel: [    0.017853] SRAT: PXM 1 -> APIC 0x00c1 -> Node 1
Jul 14 11:20:03 172.20.224.106 kernel: [    0.017854] SRAT: PXM 1 -> APIC 0x00c2 -> Node 1
Jul 14 11:20:03 172.20.224.106 kernel: [    0.017855] SRAT: PXM 1 -> APIC 0x00c3 -> Node 1
Jul 14 11:20:03 172.20.224.106 kernel: [    0.017857] SRAT: PXM 1 -> APIC 0x00c4 -> Node 1
Jul 14 11:20:03 172.20.224.106 kernel: [    0.017858] SRAT: PXM 1 -> APIC 0x00c5 -> Node 1
Jul 14 11:20:03 172.20.224.106 kernel: [    0.017859] SRAT: PXM 1 -> APIC 0x00c6 -> Node 1
Jul 14 11:20:03 172.20.224.106 kernel: [    0.017860] SRAT: PXM 1 -> APIC 0x00c7 -> Node 1
Jul 14 11:20:03 172.20.224.106 kernel: [    0.017861] SRAT: PXM 1 -> APIC 0x00c8 -> Node 1
Jul 14 11:20:03 172.20.224.106 kernel: [    0.017863] SRAT: PXM 1 -> APIC 0x00c9 -> Node 1
Jul 14 11:20:03 172.20.224.106 kernel: [    0.017864] SRAT: PXM 1 -> APIC 0x00ca -> Node 1
Jul 14 11:20:03 172.20.224.106 kernel: [    0.017865] SRAT: PXM 1 -> APIC 0x00cb -> Node 1
Jul 14 11:20:03 172.20.224.106 kernel: [    0.017866] SRAT: PXM 1 -> APIC 0x00cc -> Node 1
Jul 14 11:20:03 172.20.224.106 kernel: [    0.017867] SRAT: PXM 1 -> APIC 0x00cd -> Node 1
Jul 14 11:20:03 172.20.224.106 kernel: [    0.017869] SRAT: PXM 1 -> APIC 0x00ce -> Node 1
Jul 14 11:20:03 172.20.224.106 kernel: [    0.017870] SRAT: PXM 1 -> APIC 0x00cf -> Node 1
Jul 14 11:20:03 172.20.224.106 kernel: [    0.017871] SRAT: PXM 1 -> APIC 0x00d0 -> Node 1
Jul 14 11:20:03 172.20.224.106 kernel: [    0.017872] SRAT: PXM 1 -> APIC 0x00d1 -> Node 1
Jul 14 11:20:03 172.20.224.106 kernel: [    0.017873] SRAT: PXM 1 -> APIC 0x00d2 -> Node 1
Jul 14 11:20:03 172.20.224.106 kernel: [    0.017875] SRAT: PXM 1 -> APIC 0x00d3 -> Node 1
Jul 14 11:20:03 172.20.224.106 kernel: [    0.017876] SRAT: PXM 1 -> APIC 0x00d4 -> Node 1
Jul 14 11:20:03 172.20.224.106 kernel: [    0.017877] SRAT: PXM 1 -> APIC 0x00d5 -> Node 1
Jul 14 11:20:03 172.20.224.106 kernel: [    0.017878] SRAT: PXM 1 -> APIC 0x00d6 -> Node 1
Jul 14 11:20:03 172.20.224.106 kernel: [    0.017879] SRAT: PXM 1 -> APIC 0x00d7 -> Node 1
Jul 14 11:20:03 172.20.224.106 kernel: [    0.017881] SRAT: PXM 1 -> APIC 0x00d8 -> Node 1
Jul 14 11:20:03 172.20.224.106 kernel: [    0.017882] SRAT: PXM 1 -> APIC 0x00d9 -> Node 1
Jul 14 11:20:03 172.20.224.106 kernel: [    0.017883] SRAT: PXM 1 -> APIC 0x00da -> Node 1
Jul 14 11:20:03 172.20.224.106 kernel: [    0.017884] SRAT: PXM 1 -> APIC 0x00db -> Node 1
Jul 14 11:20:03 172.20.224.106 kernel: [    0.017885] SRAT: PXM 1 -> APIC 0x00dc -> Node 1
Jul 14 11:20:03 172.20.224.106 kernel: [    0.017887] SRAT: PXM 1 -> APIC 0x00dd -> Node 1
Jul 14 11:20:03 172.20.224.106 kernel: [    0.017888] SRAT: PXM 1 -> APIC 0x00de -> Node 1
Jul 14 11:20:03 172.20.224.106 kernel: [    0.017889] SRAT: PXM 1 -> APIC 0x00df -> Node 1
Jul 14 11:20:03 172.20.224.106 kernel: [    0.017890] SRAT: PXM 1 -> APIC 0x00e0 -> Node 1
Jul 14 11:20:03 172.20.224.106 kernel: [    0.017891] SRAT: PXM 1 -> APIC 0x00e1 -> Node 1
Jul 14 11:20:03 172.20.224.106 kernel: [    0.017893] SRAT: PXM 1 -> APIC 0x00e2 -> Node 1
Jul 14 11:20:03 172.20.224.106 kernel: [    0.017894] SRAT: PXM 1 -> APIC 0x00e3 -> Node 1
Jul 14 11:20:03 172.20.224.106 kernel: [    0.017895] SRAT: PXM 1 -> APIC 0x00e4 -> Node 1
Jul 14 11:20:03 172.20.224.106 kernel: [    0.017896] SRAT: PXM 1 -> APIC 0x00e5 -> Node 1
Jul 14 11:20:03 172.20.224.106 kernel: [    0.017897] SRAT: PXM 1 -> APIC 0x00e6 -> Node 1
Jul 14 11:20:03 172.20.224.106 kernel: [    0.017899] SRAT: PXM 1 -> APIC 0x00e7 -> Node 1
Jul 14 11:20:03 172.20.224.106 kernel: [    0.017900] SRAT: PXM 1 -> APIC 0x00e8 -> Node 1
Jul 14 11:20:03 172.20.224.106 kernel: [    0.017901] SRAT: PXM 1 -> APIC 0x00e9 -> Node 1
Jul 14 11:20:03 172.20.224.106 kernel: [    0.017902] SRAT: PXM 1 -> APIC 0x00ea -> Node 1
Jul 14 11:20:03 172.20.224.106 kernel: [    0.017903] SRAT: PXM 1 -> APIC 0x00eb -> Node 1
Jul 14 11:20:03 172.20.224.106 kernel: [    0.017905] SRAT: PXM 1 -> APIC 0x00ec -> Node 1
Jul 14 11:20:03 172.20.224.106 kernel: [    0.017906] SRAT: PXM 1 -> APIC 0x00ed -> Node 1
Jul 14 11:20:03 172.20.224.106 kernel: [    0.017907] SRAT: PXM 1 -> APIC 0x00ee -> Node 1
Jul 14 11:20:03 172.20.224.106 kernel: [    0.017908] SRAT: PXM 1 -> APIC 0x00ef -> Node 1
Jul 14 11:20:03 172.20.224.106 kernel: [    0.017927] ACPI: SRAT: Node 0 PXM 0 [mem 0x00000000-0x7fffffff]
Jul 14 11:20:03 172.20.224.106 kernel: [    0.017929] ACPI: SRAT: Node 0 PXM 0 [mem 0x100000000-0x1007fffffff]
Jul 14 11:20:03 172.20.224.106 kernel: [    0.017932] ACPI: SRAT: Node 1 PXM 1 [mem 0x10080000000-0x2007fffffff]
Jul 14 11:20:03 172.20.224.106 kernel: [    0.017950] NUMA: Initialized distance table, cnt=2
Jul 14 11:20:03 172.20.224.106 kernel: [    0.017952] NUMA: Node 0 [mem 0x00000000-0x7fffffff] + [mem 0x100000000-0x1007fffffff] -> [mem 0x00000000-0x1007fffffff]
Jul 14 11:20:03 172.20.224.106 kernel: [    0.017967] NODE_DATA(0) allocated [mem 0x1007ffd6000-0x1007fffffff]
Jul 14 11:20:03 172.20.224.106 kernel: [    0.017986] NODE_DATA(1) allocated [mem 0x2007ffd2000-0x2007fffbfff]
Jul 14 11:20:03 172.20.224.106 kernel: [    0.021510] Zone ranges:
Jul 14 11:20:03 172.20.224.106 kernel: [    0.021512]   DMA      [mem 0x0000000000001000-0x0000000000ffffff]
Jul 14 11:20:03 172.20.224.106 kernel: [    0.021515]   DMA32    [mem 0x0000000001000000-0x00000000ffffffff]
Jul 14 11:20:03 172.20.224.106 kernel: [    0.021517]   Normal   [mem 0x0000000100000000-0x000002007fffffff]
Jul 14 11:20:03 172.20.224.106 kernel: [    0.021519]   Device   empty
Jul 14 11:20:03 172.20.224.106 kernel: [    0.021521] Movable zone start for each node
Jul 14 11:20:03 172.20.224.106 kernel: [    0.021525] Early memory node ranges
Jul 14 11:20:03 172.20.224.106 kernel: [    0.021526]   node   0: [mem 0x0000000000001000-0x000000000009ffff]
Jul 14 11:20:03 172.20.224.106 kernel: [    0.021528]   node   0: [mem 0x0000000000100000-0x000000006868cfff]
Jul 14 11:20:03 172.20.224.106 kernel: [    0.021530]   node   0: [mem 0x0000000068690000-0x000000006f702fff]
Jul 14 11:20:03 172.20.224.106 kernel: [    0.021532]   node   0: [mem 0x00000000777ff000-0x00000000777fffff]
Jul 14 11:20:03 172.20.224.106 kernel: [    0.021533]   node   0: [mem 0x0000000100000000-0x000001007fffffff]
Jul 14 11:20:03 172.20.224.106 kernel: [    0.021666]   node   1: [mem 0x0000010080000000-0x000002007fffffff]
Jul 14 11:20:03 172.20.224.106 kernel: [    0.021799] Initmem setup node 0 [mem 0x0000000000001000-0x000001007fffffff]
Jul 14 11:20:03 172.20.224.106 kernel: [    0.021804] Initmem setup node 1 [mem 0x0000010080000000-0x000002007fffffff]
Jul 14 11:20:03 172.20.224.106 kernel: [    0.021809] On node 0, zone DMA: 1 pages in unavailable ranges
Jul 14 11:20:03 172.20.224.106 kernel: [    0.021854] On node 0, zone DMA: 96 pages in unavailable ranges
Jul 14 11:20:03 172.20.224.106 kernel: [    0.026411] On node 0, zone DMA32: 3 pages in unavailable ranges
Jul 14 11:20:03 172.20.224.106 kernel: [    0.026914] On node 0, zone DMA32: 33020 pages in unavailable ranges
Jul 14 11:20:03 172.20.224.106 kernel: [    2.748936] On node 0, zone Normal: 2048 pages in unavailable ranges
Jul 14 11:20:03 172.20.224.106 kernel: [    6.267445] ACPI: PM-Timer IO Port: 0x508
Jul 14 11:20:03 172.20.224.106 kernel: [    6.267492] ACPI: X2APIC_NMI (uid[0xffffffff] high edge lint[0x1])
Jul 14 11:20:03 172.20.224.106 kernel: [    6.267498] ACPI: LAPIC_NMI (acpi_id[0xff] high edge lint[0x1])
Jul 14 11:20:03 172.20.224.106 kernel: [    6.267519] IOAPIC[0]: apic_id 8, version 32, address 0xfec00000, GSI 0-23
Jul 14 11:20:03 172.20.224.106 kernel: [    6.267524] ACPI: INT_SRC_OVR (bus 0 bus_irq 0 global_irq 2 dfl dfl)
Jul 14 11:20:03 172.20.224.106 kernel: [    6.267527] ACPI: INT_SRC_OVR (bus 0 bus_irq 9 global_irq 9 high level)
Jul 14 11:20:03 172.20.224.106 kernel: [    6.267533] ACPI: Using ACPI (MADT) for SMP configuration information
Jul 14 11:20:03 172.20.224.106 kernel: [    6.267535] ACPI: HPET id: 0x8086a701 base: 0xfed00000
Jul 14 11:20:03 172.20.224.106 kernel: [    6.267541] ACPI: SPCR: console: uart,io,0x3f8,115200
Jul 14 11:20:03 172.20.224.106 kernel: [    6.267543] TSC deadline timer available
Jul 14 11:20:03 172.20.224.106 kernel: [    6.267545] smpboot: Allowing 224 CPUs, 0 hotplug CPUs
Jul 14 11:20:03 172.20.224.106 kernel: [    6.267576] PM: hibernation: Registered nosave memory: [mem 0x00000000-0x00000fff]
Jul 14 11:20:03 172.20.224.106 kernel: [    6.267579] PM: hibernation: Registered nosave memory: [mem 0x000a0000-0x000fffff]
Jul 14 11:20:03 172.20.224.106 kernel: [    6.267582] PM: hibernation: Registered nosave memory: [mem 0x629ee000-0x629eefff]
Jul 14 11:20:03 172.20.224.106 kernel: [    6.267585] PM: hibernation: Registered nosave memory: [mem 0x62aad000-0x62aadfff]
Jul 14 11:20:03 172.20.224.106 kernel: [    6.267587] PM: hibernation: Registered nosave memory: [mem 0x62aae000-0x62aaefff]
Jul 14 11:20:03 172.20.224.106 kernel: [    6.267590] PM: hibernation: Registered nosave memory: [mem 0x62b6d000-0x62b6dfff]
Jul 14 11:20:03 172.20.224.106 kernel: [    6.267591] PM: hibernation: Registered nosave memory: [mem 0x62b6e000-0x62b6efff]
Jul 14 11:20:03 172.20.224.106 kernel: [    6.267594] PM: hibernation: Registered nosave memory: [mem 0x62c2d000-0x62c2dfff]
Jul 14 11:20:03 172.20.224.106 kernel: [    6.267596] PM: hibernation: Registered nosave memory: [mem 0x62db2000-0x62db2fff]
Jul 14 11:20:03 172.20.224.106 kernel: [    6.267599] PM: hibernation: Registered nosave memory: [mem 0x62e71000-0x62e71fff]
Jul 14 11:20:03 172.20.224.106 kernel: [    6.267602] PM: hibernation: Registered nosave memory: [mem 0x63e84000-0x63e84fff]
Jul 14 11:20:03 172.20.224.106 kernel: [    6.267604] PM: hibernation: Registered nosave memory: [mem 0x63ed7000-0x63ed7fff]
Jul 14 11:20:03 172.20.224.106 kernel: [    6.267606] PM: hibernation: Registered nosave memory: [mem 0x63ed8000-0x63ed8fff]
Jul 14 11:20:03 172.20.224.106 kernel: [    6.267608] PM: hibernation: Registered nosave memory: [mem 0x63f2b000-0x63f2bfff]
Jul 14 11:20:03 172.20.224.106 kernel: [    6.267609] PM: hibernation: Registered nosave memory: [mem 0x63f2c000-0x63f2cfff]
Jul 14 11:20:03 172.20.224.106 kernel: [    6.267612] PM: hibernation: Registered nosave memory: [mem 0x63f64000-0x63f64fff]
Jul 14 11:20:03 172.20.224.106 kernel: [    6.267615] PM: hibernation: Registered nosave memory: [mem 0x6868d000-0x6868ffff]
Jul 14 11:20:03 172.20.224.106 kernel: [    6.267617] PM: hibernation: Registered nosave memory: [mem 0x6f703000-0x71802fff]
Jul 14 11:20:03 172.20.224.106 kernel: [    6.267619] PM: hibernation: Registered nosave memory: [mem 0x71803000-0x72102fff]
Jul 14 11:20:03 172.20.224.106 kernel: [    6.267620] PM: hibernation: Registered nosave memory: [mem 0x72103000-0x7530efff]
Jul 14 11:20:03 172.20.224.106 kernel: [    6.267621] PM: hibernation: Registered nosave memory: [mem 0x7530f000-0x777fefff]
Jul 14 11:20:03 172.20.224.106 kernel: [    6.267624] PM: hibernation: Registered nosave memory: [mem 0x77800000-0x8fffffff]
Jul 14 11:20:03 172.20.224.106 kernel: [    6.267625] PM: hibernation: Registered nosave memory: [mem 0x90000000-0xfe00ffff]
Jul 14 11:20:03 172.20.224.106 kernel: [    6.267626] PM: hibernation: Registered nosave memory: [mem 0xfe010000-0xfe010fff]
Jul 14 11:20:03 172.20.224.106 kernel: [    6.267628] PM: hibernation: Registered nosave memory: [mem 0xfe011000-0xfeffffff]
Jul 14 11:20:03 172.20.224.106 kernel: [    6.267629] PM: hibernation: Registered nosave memory: [mem 0xff000000-0xffffffff]
Jul 14 11:20:03 172.20.224.106 kernel: [    6.267631] [mem 0x90000000-0xfe00ffff] available for PCI devices
Jul 14 11:20:03 172.20.224.106 kernel: [    6.267634] Booting paravirtualized kernel on bare hardware
Jul 14 11:20:03 172.20.224.106 kernel: [    6.267637] clocksource: refined-jiffies: mask: 0xffffffff max_cycles: 0xffffffff, max_idle_ns: 7645519600211568 ns
Jul 14 11:20:03 172.20.224.106 kernel: [    6.267646] setup_percpu: NR_CPUS:8192 nr_cpumask_bits:224 nr_cpu_ids:224 nr_node_ids:2
Jul 14 11:20:03 172.20.224.106 kernel: [    6.279363] percpu: Embedded 62 pages/cpu s217088 r8192 d28672 u262144
Jul 14 11:20:03 172.20.224.106 kernel: [    6.279382] pcpu-alloc: s217088 r8192 d28672 u262144 alloc=1*2097152
Jul 14 11:20:03 172.20.224.106 kernel: [    6.279385] pcpu-alloc: [0] 000 001 002 003 004 005 006 007 
Jul 14 11:20:03 172.20.224.106 kernel: [    6.279393] pcpu-alloc: [0] 008 009 010 011 012 013 014 015 
Jul 14 11:20:03 172.20.224.106 kernel: [    6.279400] pcpu-alloc: [0] 016 017 018 019 020 021 022 023 
Jul 14 11:20:03 172.20.224.106 kernel: [    6.279407] pcpu-alloc: [0] 024 025 026 027 028 029 030 031 
Jul 14 11:20:03 172.20.224.106 kernel: [    6.279413] pcpu-alloc: [0] 032 033 034 035 036 037 038 039 
Jul 14 11:20:03 172.20.224.106 kernel: [    6.279419] pcpu-alloc: [0] 040 041 042 043 044 045 046 047 
Jul 14 11:20:03 172.20.224.106 kernel: [    6.279425] pcpu-alloc: [0] 048 049 050 051 052 053 054 055 
Jul 14 11:20:03 172.20.224.106 kernel: [    6.279431] pcpu-alloc: [0] 112 113 114 115 116 117 118 119 
Jul 14 11:20:03 172.20.224.106 kernel: [    6.279438] pcpu-alloc: [0] 120 121 122 123 124 125 126 127 
Jul 14 11:20:03 172.20.224.106 kernel: [    6.279444] pcpu-alloc: [0] 128 129 130 131 132 133 134 135 
Jul 14 11:20:03 172.20.224.106 kernel: [    6.279450] pcpu-alloc: [0] 136 137 138 139 140 141 142 143 
Jul 14 11:20:03 172.20.224.106 kernel: [    6.279457] pcpu-alloc: [0] 144 145 146 147 148 149 150 151 
Jul 14 11:20:03 172.20.224.106 kernel: [    6.279463] pcpu-alloc: [0] 152 153 154 155 156 157 158 159 
Jul 14 11:20:03 172.20.224.106 kernel: [    6.279469] pcpu-alloc: [0] 160 161 162 163 164 165 166 167 
Jul 14 11:20:03 172.20.224.106 kernel: [    6.279476] pcpu-alloc: [1] 056 057 058 059 060 061 062 063 
Jul 14 11:20:03 172.20.224.106 kernel: [    6.279482] pcpu-alloc: [1] 064 065 066 067 068 069 070 071 
Jul 14 11:20:03 172.20.224.106 kernel: [    6.279488] pcpu-alloc: [1] 072 073 074 075 076 077 078 079 
Jul 14 11:20:03 172.20.224.106 kernel: [    6.279494] pcpu-alloc: [1] 080 081 082 083 084 085 086 087 
Jul 14 11:20:03 172.20.224.106 kernel: [    6.279500] pcpu-alloc: [1] 088 089 090 091 092 093 094 095 
Jul 14 11:20:03 172.20.224.106 kernel: [    6.279507] pcpu-alloc: [1] 096 097 098 099 100 101 102 103 
Jul 14 11:20:03 172.20.224.106 kernel: [    6.279513] pcpu-alloc: [1] 104 105 106 107 108 109 110 111 
Jul 14 11:20:03 172.20.224.106 kernel: [    6.279519] pcpu-alloc: [1] 168 169 170 171 172 173 174 175 
Jul 14 11:20:03 172.20.224.106 kernel: [    6.279525] pcpu-alloc: [1] 176 177 178 179 180 181 182 183 
Jul 14 11:20:03 172.20.224.106 kernel: [    6.279531] pcpu-alloc: [1] 184 185 186 187 188 189 190 191 
Jul 14 11:20:03 172.20.224.106 kernel: [    6.279538] pcpu-alloc: [1] 192 193 194 195 196 197 198 199 
Jul 14 11:20:03 172.20.224.106 kernel: [    6.279544] pcpu-alloc: [1] 200 201 202 203 204 205 206 207 
Jul 14 11:20:03 172.20.224.106 kernel: [    6.279550] pcpu-alloc: [1] 208 209 210 211 212 213 214 215 
Jul 14 11:20:03 172.20.224.106 kernel: [    6.279556] pcpu-alloc: [1] 216 217 218 219 220 221 222 223 
Jul 14 11:20:03 172.20.224.106 kernel: [    6.279643] Built 2 zonelists, mobility grouping on.  Total pages: 528415268
Jul 14 11:20:03 172.20.224.106 kernel: [    6.279646] Policy zone: Normal
Jul 14 11:20:03 172.20.224.106 kernel: [    6.279648] Kernel command line: BOOT_IMAGE=(tftp)/category/vmlinuz.dgx-h200 nouveau.modeset=0 nvme_core.multipath=n console=tty0 rw BOOTIF=01-c4-70-bd-d9-73-51 ip=172.20.224.106:172.20.224.14:0xac14e001:0xffffff00
Jul 14 11:20:03 172.20.224.106 kernel: [    6.279771] Unknown kernel command line parameters "BOOT_IMAGE=(tftp)/category/vmlinuz.dgx-h200 BOOTIF=01-c4-70-bd-d9-73-51 ip=172.20.224.106:172.20.224.14:0xac14e001:0xffffff00", will be passed to user space.
Jul 14 11:20:03 172.20.224.106 kernel: [    6.279774] printk: log_buf_len individual max cpu contribution: 4096 bytes
Jul 14 11:20:03 172.20.224.106 kernel: [    6.279776] printk: log_buf_len total cpu_extra contributions: 913408 bytes
Jul 14 11:20:03 172.20.224.106 kernel: [    6.279777] printk: log_buf_len min size: 262144 bytes
Jul 14 11:20:03 172.20.224.106 kernel: [    6.282086] printk: log_buf_len: 2097152 bytes
Jul 14 11:20:03 172.20.224.106 kernel: [    6.282087] printk: early log buf free: 222360(84%)
Jul 14 11:20:03 172.20.224.106 kernel: [    6.289482] mem auto-init: stack:off, heap alloc:on, heap free:off
Jul 14 11:20:03 172.20.224.106 kernel: [   11.321244] Memory: 2113160232K/2147211904K available (16392K kernel code, 4400K rwdata, 11004K rodata, 3376K init, 18688K bss, 34051468K reserved, 0K cma-reserved)
Jul 14 11:20:03 172.20.224.106 kernel: [   11.322984] SLUB: HWalign=64, Order=0-3, MinObjects=0, CPUs=224, Nodes=2
Jul 14 11:20:03 172.20.224.106 kernel: [   11.323088] ftrace: allocating 50824 entries in 199 pages
Jul 14 11:20:03 172.20.224.106 kernel: [   11.357450] ftrace: allocated 199 pages with 5 groups
Jul 14 11:20:03 172.20.224.106 kernel: [   11.358750] rcu: Hierarchical RCU implementation.
Jul 14 11:20:03 172.20.224.106 kernel: [   11.358752] rcu: #011RCU restricting CPUs from NR_CPUS=8192 to nr_cpu_ids=224.
Jul 14 11:20:03 172.20.224.106 kernel: [   11.358754] #011Rude variant of Tasks RCU enabled.
Jul 14 11:20:03 172.20.224.106 kernel: [   11.358755] #011Tracing variant of Tasks RCU enabled.
Jul 14 11:20:03 172.20.224.106 kernel: [   11.358757] rcu: RCU calculated value of scheduler-enlistment delay is 25 jiffies.
Jul 14 11:20:03 172.20.224.106 kernel: [   11.358758] rcu: Adjusting geometry for rcu_fanout_leaf=16, nr_cpu_ids=224
Jul 14 11:20:03 172.20.224.106 kernel: [   11.364617] NR_IRQS: 524544, nr_irqs: 2216, preallocated irqs: 16
Jul 14 11:20:03 172.20.224.106 kernel: [   11.365316] random: crng init done
Jul 14 11:20:03 172.20.224.106 kernel: [   11.365794] Console: colour dummy device 80x25
Jul 14 11:20:03 172.20.224.106 kernel: [   11.366570] printk: console [tty0] enabled
Jul 14 11:20:03 172.20.224.106 kernel: [   11.366919] mempolicy: Enabling automatic NUMA balancing. Configure with numa_balancing= or the kernel.numa_balancing sysctl
Jul 14 11:20:03 172.20.224.106 kernel: [   11.366927] ACPI: Core revision 20210730
Jul 14 11:20:03 172.20.224.106 kernel: [   11.369409] clocksource: hpet: mask: 0xffffffff max_cycles: 0xffffffff, max_idle_ns: 76450417870 ns
Jul 14 11:20:03 172.20.224.106 kernel: [   11.369463] APIC: Switch to symmetric I/O mode setup
Jul 14 11:20:03 172.20.224.106 kernel: [   11.369466] DMAR: Host address width 52
Jul 14 11:20:03 172.20.224.106 kernel: [   11.369469] DMAR: DRHD base: 0x000000da7fc000 flags: 0x0
Jul 14 11:20:03 172.20.224.106 kernel: [   11.369477] DMAR: dmar0: reg_base_addr da7fc000 ver 6:0 cap 19ed008c40780c66 ecap 3ee9e86f050df
Jul 14 11:20:03 172.20.224.106 kernel: [   11.369482] DMAR: DRHD base: 0x000000ea7fc000 flags: 0x0
Jul 14 11:20:03 172.20.224.106 kernel: [   11.369487] DMAR: dmar1: reg_base_addr ea7fc000 ver 6:0 cap 19ed008c40780c66 ecap 3ee9e86f050df
Jul 14 11:20:03 172.20.224.106 kernel: [   11.369491] DMAR: DRHD base: 0x000000ef7fc000 flags: 0x0
Jul 14 11:20:03 172.20.224.106 kernel: [   11.369496] DMAR: dmar2: reg_base_addr ef7fc000 ver 6:0 cap 19ed008c40780c66 ecap 3ee9e86f050df
Jul 14 11:20:03 172.20.224.106 kernel: [   11.369500] DMAR: DRHD base: 0x000000f47fc000 flags: 0x0
Jul 14 11:20:03 172.20.224.106 kernel: [   11.369506] DMAR: dmar3: reg_base_addr f47fc000 ver 6:0 cap 19ed008c40780c66 ecap 3ee9e86f050df
Jul 14 11:20:03 172.20.224.106 kernel: [   11.369511] DMAR: DRHD base: 0x000000f97fc000 flags: 0x0
Jul 14 11:20:03 172.20.224.106 kernel: [   11.369515] DMAR: dmar4: reg_base_addr f97fc000 ver 6:0 cap 19ed008c40780c66 ecap 3ee9e86f050df
Jul 14 11:20:03 172.20.224.106 kernel: [   11.369519] DMAR: DRHD base: 0x000000d57fc000 flags: 0x0
Jul 14 11:20:03 172.20.224.106 kernel: [   11.369523] DMAR: dmar5: reg_base_addr d57fc000 ver 6:0 cap 19ed008c40780c66 ecap 3ee9e86f050df
Jul 14 11:20:03 172.20.224.106 kernel: [   11.369528] DMAR: DRHD base: 0x000000f9ffc000 flags: 0x0
Jul 14 11:20:03 172.20.224.106 kernel: [   11.369532] DMAR: dmar6: reg_base_addr f9ffc000 ver 6:0 cap 19ed008c40780c66 ecap 3ef9ea6f050df
Jul 14 11:20:03 172.20.224.106 kernel: [   11.369536] DMAR: DRHD base: 0x000000fa7fc000 flags: 0x0
Jul 14 11:20:03 172.20.224.106 kernel: [   11.369540] DMAR: dmar7: reg_base_addr fa7fc000 ver 6:0 cap 19ed008c40780c66 ecap 3ef9ea6f050df
Jul 14 11:20:03 172.20.224.106 kernel: [   11.369545] DMAR: DRHD base: 0x000000faffc000 flags: 0x0
Jul 14 11:20:03 172.20.224.106 kernel: [   11.369557] DMAR: dmar8: reg_base_addr faffc000 ver 6:0 cap 19ed008c40780c66 ecap 3ef9ea6f050df
Jul 14 11:20:03 172.20.224.106 kernel: [   11.369562] DMAR: DRHD base: 0x000000fb7fc000 flags: 0x0
Jul 14 11:20:03 172.20.224.106 kernel: [   11.369566] DMAR: dmar9: reg_base_addr fb7fc000 ver 6:0 cap 19ed008c40780c66 ecap 3ef9ea6f050df
Jul 14 11:20:03 172.20.224.106 kernel: [   11.369570] DMAR: DRHD base: 0x000000afffc000 flags: 0x0
Jul 14 11:20:03 172.20.224.106 kernel: [   11.369575] DMAR: dmar10: reg_base_addr afffc000 ver 6:0 cap 19ed008c40780c66 ecap 3ee9e86f050df
Jul 14 11:20:03 172.20.224.106 kernel: [   11.369579] DMAR: DRHD base: 0x000000bfffc000 flags: 0x0
Jul 14 11:20:03 172.20.224.106 kernel: [   11.369585] DMAR: dmar11: reg_base_addr bfffc000 ver 6:0 cap 19ed008c40780c66 ecap 3ee9e86f050df
Jul 14 11:20:03 172.20.224.106 kernel: [   11.369589] DMAR: DRHD base: 0x000000c4ffc000 flags: 0x0
Jul 14 11:20:03 172.20.224.106 kernel: [   11.369593] DMAR: dmar12: reg_base_addr c4ffc000 ver 6:0 cap 19ed008c40780c66 ecap 3ee9e86f050df
Jul 14 11:20:03 172.20.224.106 kernel: [   11.369597] DMAR: DRHD base: 0x000000c9ffc000 flags: 0x0
Jul 14 11:20:03 172.20.224.106 kernel: [   11.369601] DMAR: dmar13: reg_base_addr c9ffc000 ver 6:0 cap 19ed008c40780c66 ecap 3ee9e86f050df
Jul 14 11:20:03 172.20.224.106 kernel: [   11.369605] DMAR: DRHD base: 0x000000ceffc000 flags: 0x0
Jul 14 11:20:03 172.20.224.106 kernel: [   11.369609] DMAR: dmar14: reg_base_addr ceffc000 ver 6:0 cap 19ed008c40780c66 ecap 3ee9e86f050df
Jul 14 11:20:03 172.20.224.106 kernel: [   11.369613] DMAR: DRHD base: 0x000000cf7fc000 flags: 0x0
Jul 14 11:20:03 172.20.224.106 kernel: [   11.369618] DMAR: dmar15: reg_base_addr cf7fc000 ver 6:0 cap 19ed008c40780c66 ecap 3ef9ea6f050df
Jul 14 11:20:03 172.20.224.106 kernel: [   11.369622] DMAR: DRHD base: 0x000000cfffc000 flags: 0x0
Jul 14 11:20:03 172.20.224.106 kernel: [   11.369626] DMAR: dmar16: reg_base_addr cfffc000 ver 6:0 cap 19ed008c40780c66 ecap 3ef9ea6f050df
Jul 14 11:20:03 172.20.224.106 kernel: [   11.369630] DMAR: DRHD base: 0x000000d07fc000 flags: 0x0
Jul 14 11:20:03 172.20.224.106 kernel: [   11.369634] DMAR: dmar17: reg_base_addr d07fc000 ver 6:0 cap 19ed008c40780c66 ecap 3ef9ea6f050df
Jul 14 11:20:03 172.20.224.106 kernel: [   11.369638] DMAR: DRHD base: 0x000000d0ffc000 flags: 0x0
Jul 14 11:20:03 172.20.224.106 kernel: [   11.369642] DMAR: dmar18: reg_base_addr d0ffc000 ver 6:0 cap 19ed008c40780c66 ecap 3ef9ea6f050df
Jul 14 11:20:03 172.20.224.106 kernel: [   11.369646] DMAR: DRHD base: 0x000000aaffc000 flags: 0x1
Jul 14 11:20:03 172.20.224.106 kernel: [   11.369651] DMAR: dmar19: reg_base_addr aaffc000 ver 6:0 cap 19ed008c40780c66 ecap 3ee9e86f050df
Jul 14 11:20:03 172.20.224.106 kernel: [   11.369655] DMAR: RMRR base: 0x00000077290000 end: 0x000000772b2fff
Jul 14 11:20:03 172.20.224.106 kernel: [   11.369659] DMAR: RMRR base: 0x00000076f46000 end: 0x0000007718ffff
Jul 14 11:20:03 172.20.224.106 kernel: [   11.369661] DMAR: ATSR flags: 0x0
Jul 14 11:20:03 172.20.224.106 kernel: [   11.369664] DMAR: RHSA base: 0x000000aaffc000 proximity domain: 0x0
Jul 14 11:20:03 172.20.224.106 kernel: [   11.369666] DMAR: RHSA base: 0x000000afffc000 proximity domain: 0x0
Jul 14 11:20:03 172.20.224.106 kernel: [   11.369669] DMAR: RHSA base: 0x000000bfffc000 proximity domain: 0x0
Jul 14 11:20:03 172.20.224.106 kernel: [   11.369671] DMAR: RHSA base: 0x000000c4ffc000 proximity domain: 0x0
Jul 14 11:20:03 172.20.224.106 kernel: [   11.369673] DMAR: RHSA base: 0x000000c9ffc000 proximity domain: 0x0
Jul 14 11:20:03 172.20.224.106 kernel: [   11.369675] DMAR: RHSA base: 0x000000ceffc000 proximity domain: 0x0
Jul 14 11:20:03 172.20.224.106 kernel: [   11.369677] DMAR: RHSA base: 0x000000cf7fc000 proximity domain: 0x0
Jul 14 11:20:03 172.20.224.106 kernel: [   11.369679] DMAR: RHSA base: 0x000000cfffc000 proximity domain: 0x0
Jul 14 11:20:03 172.20.224.106 kernel: [   11.369681] DMAR: RHSA base: 0x000000d07fc000 proximity domain: 0x0
Jul 14 11:20:03 172.20.224.106 kernel: [   11.369683] DMAR: RHSA base: 0x000000d0ffc000 proximity domain: 0x0
Jul 14 11:20:03 172.20.224.106 kernel: [   11.369685] DMAR: RHSA base: 0x000000da7fc000 proximity domain: 0x1
Jul 14 11:20:03 172.20.224.106 kernel: [   11.369688] DMAR: RHSA base: 0x000000ea7fc000 proximity domain: 0x1
Jul 14 11:20:03 172.20.224.106 kernel: [   11.369690] DMAR: RHSA base: 0x000000ef7fc000 proximity domain: 0x1
Jul 14 11:20:03 172.20.224.106 kernel: [   11.369692] DMAR: RHSA base: 0x000000f47fc000 proximity domain: 0x1
Jul 14 11:20:03 172.20.224.106 kernel: [   11.369694] DMAR: RHSA base: 0x000000f97fc000 proximity domain: 0x1
Jul 14 11:20:03 172.20.224.106 kernel: [   11.369696] DMAR: RHSA base: 0x000000d57fc000 proximity domain: 0x1
Jul 14 11:20:03 172.20.224.106 kernel: [   11.369699] DMAR: RHSA base: 0x000000f9ffc000 proximity domain: 0x1
Jul 14 11:20:03 172.20.224.106 kernel: [   11.369701] DMAR: RHSA base: 0x000000fa7fc000 proximity domain: 0x1
Jul 14 11:20:03 172.20.224.106 kernel: [   11.369703] DMAR: RHSA base: 0x000000faffc000 proximity domain: 0x1
Jul 14 11:20:03 172.20.224.106 kernel: [   11.369705] DMAR: RHSA base: 0x000000fb7fc000 proximity domain: 0x1
Jul 14 11:20:03 172.20.224.106 kernel: [   11.369707] DMAR: SATC flags: 0x0
Jul 14 11:20:03 172.20.224.106 kernel: [   11.369711] DMAR-IR: IOAPIC id 8 under DRHD base  0xaaffc000 IOMMU 19
Jul 14 11:20:03 172.20.224.106 kernel: [   11.369714] DMAR-IR: HPET id 0 under DRHD base 0xaaffc000
Jul 14 11:20:03 172.20.224.106 kernel: [   11.369717] DMAR-IR: Queued invalidation will be enabled to support x2apic and Intr-remapping.
Jul 14 11:20:03 172.20.224.106 kernel: [   11.376249] DMAR-IR: Enabled IRQ remapping in x2apic mode
Jul 14 11:20:03 172.20.224.106 kernel: [   11.377498] ..TIMER: vector=0x30 apic1=0 pin1=2 apic2=-1 pin2=-1
Jul 14 11:20:03 172.20.224.106 kernel: [   11.397454] clocksource: tsc-early: mask: 0xffffffffffffffff max_cycles: 0x39a85c9bff6, max_idle_ns: 881590591483 ns
Jul 14 11:20:03 172.20.224.106 kernel: [   11.397462] Calibrating delay loop (skipped), value calculated using timer frequency.. 4000.00 BogoMIPS (lpj=8000000)
Jul 14 11:20:03 172.20.224.106 kernel: [   11.397539] x86/cpu: SGX disabled by BIOS.
Jul 14 11:20:03 172.20.224.106 kernel: [   11.397548] CPU0: Thermal monitoring enabled (TM1)
Jul 14 11:20:03 172.20.224.106 kernel: [   11.397552] x86/cpu: User Mode Instruction Prevention (UMIP) activated
Jul 14 11:20:03 172.20.224.106 kernel: [   11.397966] process: using mwait in idle threads
Jul 14 11:20:03 172.20.224.106 kernel: [   11.397970] Last level iTLB entries: 4KB 0, 2MB 0, 4MB 0
Jul 14 11:20:03 172.20.224.106 kernel: [   11.397973] Last level dTLB entries: 4KB 0, 2MB 0, 4MB 0, 1GB 0
Jul 14 11:20:03 172.20.224.106 kernel: [   11.397980] Spectre V1 : Mitigation: usercopy/swapgs barriers and __user pointer sanitization
Jul 14 11:20:03 172.20.224.106 kernel: [   11.397986] Spectre V2 : Mitigation: Enhanced / Automatic IBRS
Jul 14 11:20:03 172.20.224.106 kernel: [   11.397988] Spectre V2 : Spectre v2 / SpectreRSB mitigation: Filling RSB on context switch
Jul 14 11:20:03 172.20.224.106 kernel: [   11.397991] Spectre V2 : Spectre v2 / PBRSB-eIBRS: Retire a single CALL on VMEXIT
Jul 14 11:20:03 172.20.224.106 kernel: [   11.397995] Spectre V2 : mitigation: Enabling conditional Indirect Branch Prediction Barrier
Jul 14 11:20:03 172.20.224.106 kernel: [   11.397998] Speculative Store Bypass: Mitigation: Speculative Store Bypass disabled via prctl and seccomp
Jul 14 11:20:03 172.20.224.106 kernel: [   11.398057] x86/fpu: Supporting XSAVE feature 0x001: 'x87 floating point registers'
Jul 14 11:20:03 172.20.224.106 kernel: [   11.398061] x86/fpu: Supporting XSAVE feature 0x002: 'SSE registers'
Jul 14 11:20:03 172.20.224.106 kernel: [   11.398063] x86/fpu: Supporting XSAVE feature 0x004: 'AVX registers'
Jul 14 11:20:03 172.20.224.106 kernel: [   11.398065] x86/fpu: Supporting XSAVE feature 0x020: 'AVX-512 opmask'
Jul 14 11:20:03 172.20.224.106 kernel: [   11.398068] x86/fpu: Supporting XSAVE feature 0x040: 'AVX-512 Hi256'
Jul 14 11:20:03 172.20.224.106 kernel: [   11.398070] x86/fpu: Supporting XSAVE feature 0x080: 'AVX-512 ZMM_Hi256'
Jul 14 11:20:03 172.20.224.106 kernel: [   11.398072] x86/fpu: Supporting XSAVE feature 0x200: 'Protection Keys User registers'
Jul 14 11:20:03 172.20.224.106 kernel: [   11.398075] x86/fpu: Supporting XSAVE feature 0x400: 'PASID state'
Jul 14 11:20:03 172.20.224.106 kernel: [   11.398078] x86/fpu: Supporting XSAVE feature 0x20000: 'AMX Tile config'
Jul 14 11:20:03 172.20.224.106 kernel: [   11.398080] x86/fpu: Supporting XSAVE feature 0x40000: 'AMX Tile data'
Jul 14 11:20:03 172.20.224.106 kernel: [   11.398092] x86/fpu: xstate_offset[2]:  576, xstate_sizes[2]:  256
Jul 14 11:20:03 172.20.224.106 kernel: [   11.398095] x86/fpu: xstate_offset[5]:  832, xstate_sizes[5]:   64
Jul 14 11:20:03 172.20.224.106 kernel: [   11.398097] x86/fpu: xstate_offset[6]:  896, xstate_sizes[6]:  512
Jul 14 11:20:03 172.20.224.106 kernel: [   11.398100] x86/fpu: xstate_offset[7]: 1408, xstate_sizes[7]: 1024
Jul 14 11:20:03 172.20.224.106 kernel: [   11.398102] x86/fpu: xstate_offset[9]: 2432, xstate_sizes[9]:    8
Jul 14 11:20:03 172.20.224.106 kernel: [   11.398105] x86/fpu: xstate_offset[10]: 2440, xstate_sizes[10]:    8
Jul 14 11:20:03 172.20.224.106 kernel: [   11.398107] x86/fpu: xstate_offset[17]: 2496, xstate_sizes[17]:   64
Jul 14 11:20:03 172.20.224.106 kernel: [   11.398110] x86/fpu: xstate_offset[18]: 2560, xstate_sizes[18]: 8192
Jul 14 11:20:03 172.20.224.106 kernel: [   11.398112] x86/fpu: Enabled xstate features 0x606e7, context size is 10752 bytes, using 'compacted' format.
Jul 14 11:20:03 172.20.224.106 kernel: [   11.421402] Freeing SMP alternatives memory: 44K
Jul 14 11:20:03 172.20.224.106 kernel: [   11.421407] pid_max: default: 229376 minimum: 1792
Jul 14 11:20:03 172.20.224.106 kernel: [   11.428426] LSM: Security Framework initializing
Jul 14 11:20:03 172.20.224.106 kernel: [   11.428459] landlock: Up and running.
Jul 14 11:20:03 172.20.224.106 kernel: [   11.428461] Yama: becoming mindful.
Jul 14 11:20:03 172.20.224.106 kernel: [   11.428518] AppArmor: AppArmor initialized
Jul 14 11:20:03 172.20.224.106 kernel: [   11.478627] Dentry cache hash table entries: 33554432 (order: 16, 268435456 bytes, vmalloc)
Jul 14 11:20:03 172.20.224.106 kernel: [   11.503539] Inode-cache hash table entries: 16777216 (order: 15, 134217728 bytes, vmalloc)
Jul 14 11:20:03 172.20.224.106 kernel: [   11.504460] Mount-cache hash table entries: 524288 (order: 10, 4194304 bytes, vmalloc)
Jul 14 11:20:03 172.20.224.106 kernel: [   11.505251] Mountpoint-cache hash table entries: 524288 (order: 10, 4194304 bytes, vmalloc)
Jul 14 11:20:03 172.20.224.106 kernel: [   11.506498] smpboot: Estimated ratio of average max frequency by base frequency (times 1024): 1587
Jul 14 11:20:03 172.20.224.106 kernel: [   11.506524] smpboot: CPU0: Intel(R) Xeon(R) Platinum 8480C (family: 0x6, model: 0x8f, stepping: 0x8)
Jul 14 11:20:03 172.20.224.106 kernel: [   11.506889] Performance Events: XSAVE Architectural LBR, PEBS fmt4+-baseline,  AnyThread deprecated, Sapphire Rapids events, 32-deep LBR, full-width counters, Intel PMU driver.
Jul 14 11:20:03 172.20.224.106 kernel: [   11.506931] ... version:                5
Jul 14 11:20:03 172.20.224.106 kernel: [   11.506933] ... bit width:              48
Jul 14 11:20:03 172.20.224.106 kernel: [   11.506935] ... generic registers:      8
Jul 14 11:20:03 172.20.224.106 kernel: [   11.506936] ... value mask:             0000ffffffffffff
Jul 14 11:20:03 172.20.224.106 kernel: [   11.506938] ... max period:             00007fffffffffff
Jul 14 11:20:03 172.20.224.106 kernel: [   11.506939] ... fixed-purpose events:   4
Jul 14 11:20:03 172.20.224.106 kernel: [   11.506941] ... event mask:             0001000f000000ff
Jul 14 11:20:03 172.20.224.106 kernel: [   11.507146] signal: max sigframe size: 11952
Jul 14 11:20:03 172.20.224.106 kernel: [   11.507173] rcu: Hierarchical SRCU implementation.
Jul 14 11:20:03 172.20.224.106 kernel: [   11.522534] NMI watchdog: Enabled. Permanently consumes one hw-PMU counter.
Jul 14 11:20:03 172.20.224.106 kernel: [   11.524838] smp: Bringing up secondary CPUs ...
Jul 14 11:20:03 172.20.224.106 kernel: [   11.524970] x86: Booting SMP configuration:
Jul 14 11:20:03 172.20.224.106 kernel: [   11.524972] .... node  #0, CPUs:          #1   #2   #3   #4   #5   #6   #7   #8   #9  #10  #11  #12  #13  #14  #15  #16  #17  #18  #19  #20  #21  #22  #23  #24  #25  #26  #27  #28  #29  #30  #31  #32  #33  #34  #35  #36  #37  #38  #39  #40  #41  #42  #43  #44  #45  #46  #47  #48  #49  #50  #51  #52  #53  #54  #55
Jul 14 11:20:03 172.20.224.106 kernel: [   12.988325] .... node  #1, CPUs:    #56
Jul 14 11:20:03 172.20.224.106 kernel: [    0.008154] smpboot: CPU 56 Converting physical 0 to logical die 1
Jul 14 11:20:03 172.20.224.106 kernel: [   13.049650]   #57  #58  #59  #60  #61  #62  #63  #64  #65  #66  #67  #68  #69  #70  #71  #72  #73  #74  #75  #76  #77  #78  #79  #80  #81  #82  #83  #84  #85  #86  #87  #88  #89  #90  #91  #92  #93  #94  #95  #96  #97  #98  #99 #100 #101 #102 #103 #104 #105 #106 #107 #108 #109 #110 #111
Jul 14 11:20:03 172.20.224.106 kernel: [   14.509945] .... node  #0, CPUs:   #112 #113 #114 #115 #116 #117 #118 #119 #120 #121 #122 #123 #124 #125 #126 #127 #128 #129 #130 #131 #132 #133 #134 #135 #136 #137 #138 #139 #140 #141 #142 #143 #144 #145 #146 #147 #148 #149 #150 #151 #152 #153 #154 #155 #156 #157 #158 #159 #160 #161 #162 #163 #164 #165 #166 #167
Jul 14 11:20:03 172.20.224.106 kernel: [   15.987354] .... node  #1, CPUs:   #168 #169 #170 #171 #172 #173 #174 #175 #176 #177 #178 #179 #180 #181 #182 #183 #184 #185 #186 #187 #188 #189 #190 #191 #192 #193 #194 #195 #196 #197 #198 #199 #200 #201 #202 #203 #204 #205 #206 #207 #208 #209 #210 #211 #212 #213 #214 #215 #216 #217 #218 #219 #220 #221 #222 #223
Jul 14 11:20:03 172.20.224.106 kernel: [   17.485704] smp: Brought up 2 nodes, 224 CPUs
Jul 14 11:20:03 172.20.224.106 kernel: [   17.485704] smpboot: Max logical packages: 2
Jul 14 11:20:03 172.20.224.106 kernel: [   17.485704] smpboot: Total of 224 processors activated (894365.69 BogoMIPS)
Jul 14 11:20:03 172.20.224.106 kernel: [   17.603728] devtmpfs: initialized
Jul 14 11:20:03 172.20.224.106 kernel: [   17.603728] x86/mm: Memory block size: 2048MB
Jul 14 11:20:03 172.20.224.106 kernel: [   17.610987] ACPI: PM: Registering ACPI NVS region [mem 0x72103000-0x7530efff] (52477952 bytes)
Jul 14 11:20:03 172.20.224.106 kernel: [   17.610987] clocksource: jiffies: mask: 0xffffffff max_cycles: 0xffffffff, max_idle_ns: 7645041785100000 ns
Jul 14 11:20:03 172.20.224.106 kernel: [   17.610987] futex hash table entries: 65536 (order: 10, 4194304 bytes, vmalloc)
Jul 14 11:20:03 172.20.224.106 kernel: [   17.611677] pinctrl core: initialized pinctrl subsystem
Jul 14 11:20:03 172.20.224.106 kernel: [   17.611876] PM: RTC time: 02:19:43, date: 2025-07-14
Jul 14 11:20:03 172.20.224.106 kernel: [   17.613890] NET: Registered PF_NETLINK/PF_ROUTE protocol family
Jul 14 11:20:03 172.20.224.106 kernel: [   17.614750] DMA: preallocated 4096 KiB GFP_KERNEL pool for atomic allocations
Jul 14 11:20:03 172.20.224.106 kernel: [   17.615263] DMA: preallocated 4096 KiB GFP_KERNEL|GFP_DMA pool for atomic allocations
Jul 14 11:20:03 172.20.224.106 kernel: [   17.615780] DMA: preallocated 4096 KiB GFP_KERNEL|GFP_DMA32 pool for atomic allocations
Jul 14 11:20:03 172.20.224.106 kernel: [   17.615791] audit: initializing netlink subsys (disabled)
Jul 14 11:20:03 172.20.224.106 kernel: [   17.615799] audit: type=2000 audit(1752459581.244:1): state=initialized audit_enabled=0 res=1
Jul 14 11:20:03 172.20.224.106 kernel: [   17.615799] thermal_sys: Registered thermal governor 'fair_share'
Jul 14 11:20:03 172.20.224.106 kernel: [   17.615799] thermal_sys: Registered thermal governor 'bang_bang'
Jul 14 11:20:03 172.20.224.106 kernel: [   17.615799] thermal_sys: Registered thermal governor 'step_wise'
Jul 14 11:20:03 172.20.224.106 kernel: [   17.615799] thermal_sys: Registered thermal governor 'user_space'
Jul 14 11:20:03 172.20.224.106 kernel: [   17.615799] thermal_sys: Registered thermal governor 'power_allocator'
Jul 14 11:20:03 172.20.224.106 kernel: [   17.615799] EISA bus registered
Jul 14 11:20:03 172.20.224.106 kernel: [   17.615799] cpuidle: using governor ladder
Jul 14 11:20:03 172.20.224.106 kernel: [   17.615799] cpuidle: using governor menu
Jul 14 11:20:03 172.20.224.106 kernel: [   17.617621] ACPI FADT declares the system doesn't support PCIe ASPM, so disable it
Jul 14 11:20:03 172.20.224.106 kernel: [   17.617623] ACPI: bus type PCI registered
Jul 14 11:20:03 172.20.224.106 kernel: [   17.617626] acpiphp: ACPI Hot Plug PCI Controller Driver version: 0.5
Jul 14 11:20:03 172.20.224.106 kernel: [   17.617871] PCI: MMCONFIG for domain 0000 [bus 00-ff] at [mem 0x80000000-0x8fffffff] (base 0x80000000)
Jul 14 11:20:03 172.20.224.106 kernel: [   17.617879] PCI: MMCONFIG at [mem 0x80000000-0x8fffffff] reserved in E820
Jul 14 11:20:03 172.20.224.106 kernel: [   17.617889] pmd_set_huge: Cannot satisfy [mem 0x80000000-0x80200000] with a huge-page mapping due to MTRR override.
Jul 14 11:20:03 172.20.224.106 kernel: [   17.618250] PCI: Using configuration type 1 for base access
Jul 14 11:20:03 172.20.224.106 kernel: [   17.625213] ENERGY_PERF_BIAS: Set to 'normal', was 'performance'
Jul 14 11:20:03 172.20.224.106 kernel: [   17.630780] kprobes: kprobe jump-optimization is enabled. All kprobes are optimized if possible.
Jul 14 11:20:03 172.20.224.106 kernel: [   17.633480] HugeTLB registered 1.00 GiB page size, pre-allocated 0 pages
Jul 14 11:20:03 172.20.224.106 kernel: [   17.633483] HugeTLB registered 2.00 MiB page size, pre-allocated 0 pages
Jul 14 11:20:03 172.20.224.106 kernel: [   17.634148] fbcon: Taking over console
Jul 14 11:20:03 172.20.224.106 kernel: [   17.634148] ACPI: Added _OSI(Module Device)
Jul 14 11:20:03 172.20.224.106 kernel: [   17.634148] ACPI: Added _OSI(Processor Device)
Jul 14 11:20:03 172.20.224.106 kernel: [   17.634148] ACPI: Added _OSI(3.0 _SCP Extensions)
Jul 14 11:20:03 172.20.224.106 kernel: [   17.634148] ACPI: Added _OSI(Processor Aggregator Device)
Jul 14 11:20:03 172.20.224.106 kernel: [   17.634148] ACPI: Added _OSI(Linux-Dell-Video)
Jul 14 11:20:03 172.20.224.106 kernel: [   17.634148] ACPI: Added _OSI(Linux-Lenovo-NV-HDMI-Audio)
Jul 14 11:20:03 172.20.224.106 kernel: [   17.634148] ACPI: Added _OSI(Linux-HPI-Hybrid-Graphics)
Jul 14 11:20:03 172.20.224.106 kernel: [   17.927507] ACPI: 5 ACPI AML tables successfully acquired and loaded
Jul 14 11:20:03 172.20.224.106 kernel: [   17.947288] ACPI: \_SB_.SCK0.C000: _OSC native thermal LVT Acked
Jul 14 11:20:03 172.20.224.106 kernel: [   17.948769] ACPI: Dynamic OEM Table Load:
Jul 14 11:20:03 172.20.224.106 kernel: [   18.186485] ACPI: Dynamic OEM Table Load:
Jul 14 11:20:03 172.20.224.106 kernel: [   18.225783] ACPI: Dynamic OEM Table Load:
Jul 14 11:20:03 172.20.224.106 kernel: [   18.744512] ACPI: Interpreter enabled
Jul 14 11:20:03 172.20.224.106 kernel: [   18.744557] ACPI: PM: (supports S0 S5)
Jul 14 11:20:03 172.20.224.106 kernel: [   18.744560] ACPI: Using IOAPIC for interrupt routing
Jul 14 11:20:03 172.20.224.106 kernel: [   18.744679] HEST: Table parsing has been initialized.
Jul 14 11:20:03 172.20.224.106 kernel: [   18.744821] GHES: APEI firmware first mode is enabled by APEI bit and WHEA _OSC.
Jul 14 11:20:03 172.20.224.106 kernel: [   18.744825] PCI: Using host bridge windows from ACPI; if necessary, use "pci=nocrs" and report a bug
Jul 14 11:20:03 172.20.224.106 kernel: [   18.744828] PCI: Using E820 reservations for host bridge windows
Jul 14 11:20:03 172.20.224.106 kernel: [   18.787489] ACPI: Enabled 1 GPEs in block 00 to 7F
Jul 14 11:20:03 172.20.224.106 kernel: [   19.020010] ACPI: PCI Root Bridge [PC00] (domain 0000 [bus 00-14])
Jul 14 11:20:03 172.20.224.106 kernel: [   19.020021] acpi PNP0A08:00: _OSC: OS supports [ExtendedConfig ASPM ClockPM Segments MSI EDR HPX-Type3]
Jul 14 11:20:03 172.20.224.106 kernel: [   19.022215] acpi PNP0A08:00: _OSC: platform does not support [SHPCHotplug AER LTR DPC]
Jul 14 11:20:03 172.20.224.106 kernel: [   19.022441] acpi PNP0A08:00: _OSC: OS now controls [PCIeHotplug PME PCIeCapability]
Jul 14 11:20:03 172.20.224.106 kernel: [   19.022444] acpi PNP0A08:00: FADT indicates ASPM is unsupported, using BIOS configuration
Jul 14 11:20:03 172.20.224.106 kernel: [   19.023064] PCI host bridge to bus 0000:00
Jul 14 11:20:03 172.20.224.106 kernel: [   19.023068] pci_bus 0000:00: root bus resource [bus 00-14]
Jul 14 11:20:03 172.20.224.106 kernel: [   19.023071] pci_bus 0000:00: root bus resource [io  0x0000-0x0cf7 window]
Jul 14 11:20:03 172.20.224.106 kernel: [   19.023074] pci_bus 0000:00: root bus resource [io  0x1000-0x3fff window]
Jul 14 11:20:03 172.20.224.106 kernel: [   19.023076] pci_bus 0000:00: root bus resource [mem 0x000a0000-0x000bffff window]
Jul 14 11:20:03 172.20.224.106 kernel: [   19.023079] pci_bus 0000:00: root bus resource [mem 0x000c8000-0x000cffff window]
Jul 14 11:20:03 172.20.224.106 kernel: [   19.023081] pci_bus 0000:00: root bus resource [mem 0x90040000-0xaaffffff window]
Jul 14 11:20:03 172.20.224.106 kernel: [   19.023083] pci_bus 0000:00: root bus resource [mem 0xfe010000-0xfe010fff window]
Jul 14 11:20:03 172.20.224.106 kernel: [   19.023086] pci_bus 0000:00: root bus resource [mem 0x200000000000-0x20ffffffffff window]
Jul 14 11:20:03 172.20.224.106 kernel: [   19.023191] pci 0000:00:00.0: [8086:09a2] type 00 class 0x088000
Jul 14 11:20:03 172.20.224.106 kernel: [   19.023468] pci 0000:00:00.1: [8086:09a4] type 00 class 0x088000
Jul 14 11:20:03 172.20.224.106 kernel: [   19.023726] pci 0000:00:00.2: [8086:09a3] type 00 class 0x088000
Jul 14 11:20:03 172.20.224.106 kernel: [   19.024073] pci 0000:00:00.4: [8086:0b23] type 00 class 0x080700
Jul 14 11:20:03 172.20.224.106 kernel: [   19.024406] pci 0000:00:08.0: [8086:1bb8] type 01 class 0x060400
Jul 14 11:20:03 172.20.224.106 kernel: [   19.024428] pci 0000:00:08.0: reg 0x10: [mem 0x20ffff980000-0x20ffff99ffff 64bit]
Jul 14 11:20:03 172.20.224.106 kernel: [   19.024454] pci 0000:00:08.0: enabling Extended Tags
Jul 14 11:20:03 172.20.224.106 kernel: [   19.024522] pci 0000:00:08.0: PME# supported from D0 D3hot D3cold
Jul 14 11:20:03 172.20.224.106 kernel: [   19.024560] pci 0000:00:08.0: PTM enabled (root), 2ns granularity
Jul 14 11:20:03 172.20.224.106 kernel: [   19.025372] pci 0000:00:0a.0: [8086:1bba] type 01 class 0x060400
Jul 14 11:20:03 172.20.224.106 kernel: [   19.025393] pci 0000:00:0a.0: reg 0x10: [mem 0x20ffff960000-0x20ffff97ffff 64bit]
Jul 14 11:20:03 172.20.224.106 kernel: [   19.025419] pci 0000:00:0a.0: enabling Extended Tags
Jul 14 11:20:03 172.20.224.106 kernel: [   19.025486] pci 0000:00:0a.0: PME# supported from D0 D3hot D3cold
Jul 14 11:20:03 172.20.224.106 kernel: [   19.025523] pci 0000:00:0a.0: PTM enabled (root), 2ns granularity
Jul 14 11:20:03 172.20.224.106 kernel: [   19.026318] pci 0000:00:0c.0: [8086:1bbc] type 01 class 0x060400
Jul 14 11:20:03 172.20.224.106 kernel: [   19.026339] pci 0000:00:0c.0: reg 0x10: [mem 0x20ffff940000-0x20ffff95ffff 64bit]
Jul 14 11:20:03 172.20.224.106 kernel: [   19.026366] pci 0000:00:0c.0: enabling Extended Tags
Jul 14 11:20:03 172.20.224.106 kernel: [   19.026435] pci 0000:00:0c.0: PME# supported from D0 D3hot D3cold
Jul 14 11:20:03 172.20.224.106 kernel: [   19.026475] pci 0000:00:0c.0: PTM enabled (root), 2ns granularity
Jul 14 11:20:03 172.20.224.106 kernel: [   19.027272] pci 0000:00:0d.0: [8086:1bbd] type 01 class 0x060400
Jul 14 11:20:03 172.20.224.106 kernel: [   19.027294] pci 0000:00:0d.0: reg 0x10: [mem 0x20ffff920000-0x20ffff93ffff 64bit]
Jul 14 11:20:03 172.20.224.106 kernel: [   19.027320] pci 0000:00:0d.0: enabling Extended Tags
Jul 14 11:20:03 172.20.224.106 kernel: [   19.027390] pci 0000:00:0d.0: PME# supported from D0 D3hot D3cold
Jul 14 11:20:03 172.20.224.106 kernel: [   19.027429] pci 0000:00:0d.0: PTM enabled (root), 2ns granularity
Jul 14 11:20:03 172.20.224.106 kernel: [   19.028232] pci 0000:00:10.0: [8086:1bb0] type 01 class 0x060400
Jul 14 11:20:03 172.20.224.106 kernel: [   19.028253] pci 0000:00:10.0: reg 0x10: [mem 0x20ffff900000-0x20ffff91ffff 64bit]
Jul 14 11:20:03 172.20.224.106 kernel: [   19.028280] pci 0000:00:10.0: enabling Extended Tags
Jul 14 11:20:03 172.20.224.106 kernel: [   19.028347] pci 0000:00:10.0: PME# supported from D0 D3hot D3cold
Jul 14 11:20:03 172.20.224.106 kernel: [   19.028387] pci 0000:00:10.0: PTM enabled (root), 2ns granularity
Jul 14 11:20:03 172.20.224.106 kernel: [   19.029202] pci 0000:00:14.0: [8086:1bcd] type 00 class 0x0c0330
Jul 14 11:20:03 172.20.224.106 kernel: [   19.029224] pci 0000:00:14.0: reg 0x10: [mem 0x20ffff9a0000-0x20ffff9affff 64bit]
Jul 14 11:20:03 172.20.224.106 kernel: [   19.029309] pci 0000:00:14.0: PME# supported from D3hot D3cold
Jul 14 11:20:03 172.20.224.106 kernel: [   19.029726] pci 0000:00:14.2: [8086:1bce] type 00 class 0x050000
Jul 14 11:20:03 172.20.224.106 kernel: [   19.029749] pci 0000:00:14.2: reg 0x10: [mem 0x20ffff9b0000-0x20ffff9b3fff 64bit]
Jul 14 11:20:03 172.20.224.106 kernel: [   19.029765] pci 0000:00:14.2: reg 0x18: [mem 0x20ffff9b6000-0x20ffff9b6fff 64bit]
Jul 14 11:20:03 172.20.224.106 kernel: [   19.030048] pci 0000:00:14.4: [8086:1bfe] type 00 class 0x060000
Jul 14 11:20:03 172.20.224.106 kernel: [   19.030388] pci 0000:00:15.0: [8086:1bff] type 00 class 0x088000
Jul 14 11:20:03 172.20.224.106 kernel: [   19.030413] pci 0000:00:15.0: reg 0x10: [mem 0x20ffff9b5000-0x20ffff9b53ff 64bit]
Jul 14 11:20:03 172.20.224.106 kernel: [   19.030851] pci 0000:00:16.0: [8086:1be0] type 00 class 0x078000
Jul 14 11:20:03 172.20.224.106 kernel: [   19.030882] pci 0000:00:16.0: reg 0x10: [mem 0x20ffff9b4000-0x20ffff9b4fff 64bit]
Jul 14 11:20:03 172.20.224.106 kernel: [   19.030986] pci 0000:00:16.0: PME# supported from D3hot
Jul 14 11:20:03 172.20.224.106 kernel: [   19.031257] pci 0000:00:1f.0: [8086:1b81] type 00 class 0x060100
Jul 14 11:20:03 172.20.224.106 kernel: [   19.031651] pci 0000:00:1f.4: [8086:1bc9] type 00 class 0x0c0500
Jul 14 11:20:03 172.20.224.106 kernel: [   19.031683] pci 0000:00:1f.4: reg 0x10: [mem 0x00000000-0x000000ff 64bit]
Jul 14 11:20:03 172.20.224.106 kernel: [   19.031718] pci 0000:00:1f.4: reg 0x20: [io  0x0780-0x079f]
Jul 14 11:20:03 172.20.224.106 kernel: [   19.032046] pci 0000:00:1f.5: [8086:1bca] type 00 class 0x0c8000
Jul 14 11:20:03 172.20.224.106 kernel: [   19.032069] pci 0000:00:1f.5: reg 0x10: [mem 0xfe010000-0xfe010fff]
Jul 14 11:20:03 172.20.224.106 kernel: [   19.032082] pci 0000:00:1f.5: reg 0x14: [mem 0x9e000000-0x9fffffff]
Jul 14 11:20:03 172.20.224.106 kernel: [   19.032289] pci 0000:00:1f.7: [8086:1bcc] type 00 class 0x130000
Jul 14 11:20:03 172.20.224.106 kernel: [   19.032312] pci 0000:00:1f.7: reg 0x10: [mem 0x20ffff800000-0x20ffff8fffff 64bit]
Jul 14 11:20:03 172.20.224.106 kernel: [   19.032326] pci 0000:00:1f.7: reg 0x18: [mem 0x20ffff000000-0x20ffff7fffff 64bit]
Jul 14 11:20:03 172.20.224.106 kernel: [   19.032560] pci 0000:01:00.0: [1344:51c3] type 00 class 0x010802
Jul 14 11:20:03 172.20.224.106 kernel: [   19.032586] pci 0000:01:00.0: reg 0x10: [mem 0xa9540000-0xa957ffff 64bit]
Jul 14 11:20:03 172.20.224.106 kernel: [   19.032635] pci 0000:01:00.0: reg 0x30: [mem 0xa9500000-0xa953ffff pref]
Jul 14 11:20:03 172.20.224.106 kernel: [   19.032721] pci 0000:01:00.0: PME# supported from D0 D1 D3hot
