Jul 14 11:20:04 172.20.224.114 kernel: [    0.000000] Linux version 5.15.0-1076-nvidia (buildd@lcy02-amd64-026) (gcc (Ubuntu 11.4.0-1ubuntu1~22.04) 11.4.0, GNU ld (GNU Binutils for Ubuntu) 2.38) #77-Ubuntu SMP Tue Mar 25 23:43:36 UTC 2025 (Ubuntu 5.15.0-1076.77-nvidia 5.15.178)
Jul 14 11:20:04 172.20.224.114 kernel: [    0.000000] Command line: BOOT_IMAGE=(tftp)/category/vmlinuz.dgx-h200 nouveau.modeset=0 nvme_core.multipath=n console=tty0 rw BOOTIF=01-c4-70-bd-f7-fb-61 ip=172.20.224.114:172.20.224.14:0xac14e001:0xffffff00
Jul 14 11:20:04 172.20.224.114 kernel: [    0.000000] KERNEL supported cpus:
Jul 14 11:20:04 172.20.224.114 kernel: [    0.000000]   Intel GenuineIntel
Jul 14 11:20:04 172.20.224.114 kernel: [    0.000000]   AMD AuthenticAMD
Jul 14 11:20:04 172.20.224.114 kernel: [    0.000000]   Hygon HygonGenuine
Jul 14 11:20:04 172.20.224.114 kernel: [    0.000000]   Centaur CentaurHauls
Jul 14 11:20:04 172.20.224.114 kernel: [    0.000000]   zhaoxin   Shanghai  
Jul 14 11:20:04 172.20.224.114 kernel: [    0.000000] x86/tme: not enabled by BIOS
Jul 14 11:20:04 172.20.224.114 kernel: [    0.000000] x86/split lock detection: #AC: crashing the kernel on kernel split_locks and warning on user-space split_locks
Jul 14 11:20:04 172.20.224.114 kernel: [    0.000000] BIOS-provided physical RAM map:
Jul 14 11:20:04 172.20.224.114 kernel: [    0.000000] BIOS-e820: [mem 0x0000000000000000-0x000000000009ffff] usable
Jul 14 11:20:04 172.20.224.114 kernel: [    0.000000] BIOS-e820: [mem 0x00000000000a0000-0x00000000000fffff] reserved
Jul 14 11:20:04 172.20.224.114 kernel: [    0.000000] BIOS-e820: [mem 0x0000000000100000-0x000000006868cfff] usable
Jul 14 11:20:04 172.20.224.114 kernel: [    0.000000] BIOS-e820: [mem 0x000000006868d000-0x000000006868ffff] reserved
Jul 14 11:20:04 172.20.224.114 kernel: [    0.000000] BIOS-e820: [mem 0x0000000068690000-0x000000006f702fff] usable
Jul 14 11:20:04 172.20.224.114 kernel: [    0.000000] BIOS-e820: [mem 0x000000006f703000-0x0000000071802fff] reserved
Jul 14 11:20:04 172.20.224.114 kernel: [    0.000000] BIOS-e820: [mem 0x0000000071803000-0x0000000072102fff] ACPI data
Jul 14 11:20:04 172.20.224.114 kernel: [    0.000000] BIOS-e820: [mem 0x0000000072103000-0x000000007530efff] ACPI NVS
Jul 14 11:20:04 172.20.224.114 kernel: [    0.000000] BIOS-e820: [mem 0x000000007530f000-0x00000000777fefff] reserved
Jul 14 11:20:04 172.20.224.114 kernel: [    0.000000] BIOS-e820: [mem 0x00000000777ff000-0x00000000777fffff] usable
Jul 14 11:20:04 172.20.224.114 kernel: [    0.000000] BIOS-e820: [mem 0x0000000077800000-0x000000008fffffff] reserved
Jul 14 11:20:04 172.20.224.114 kernel: [    0.000000] BIOS-e820: [mem 0x00000000fe010000-0x00000000fe010fff] reserved
Jul 14 11:20:04 172.20.224.114 kernel: [    0.000000] BIOS-e820: [mem 0x00000000ff000000-0x00000000ffffffff] reserved
Jul 14 11:20:04 172.20.224.114 kernel: [    0.000000] BIOS-e820: [mem 0x0000000100000000-0x000002007fffffff] usable
Jul 14 11:20:04 172.20.224.114 kernel: [    0.000000] NX (Execute Disable) protection: active
Jul 14 11:20:04 172.20.224.114 kernel: [    0.000000] e820: update [mem 0x63d1d018-0x63d55e57] usable ==> usable
Jul 14 11:20:04 172.20.224.114 kernel: [    0.000000] e820: update [mem 0x63d1d018-0x63d55e57] usable ==> usable
Jul 14 11:20:04 172.20.224.114 kernel: [    0.000000] e820: update [mem 0x63c5d018-0x63d1c257] usable ==> usable
Jul 14 11:20:04 172.20.224.114 kernel: [    0.000000] e820: update [mem 0x63c5d018-0x63d1c257] usable ==> usable
Jul 14 11:20:04 172.20.224.114 kernel: [    0.000000] e820: update [mem 0x62db1018-0x62e70257] usable ==> usable
Jul 14 11:20:04 172.20.224.114 kernel: [    0.000000] e820: update [mem 0x62db1018-0x62e70257] usable ==> usable
Jul 14 11:20:04 172.20.224.114 kernel: [    0.000000] e820: update [mem 0x62b6c018-0x62c2b257] usable ==> usable
Jul 14 11:20:04 172.20.224.114 kernel: [    0.000000] e820: update [mem 0x62b6c018-0x62c2b257] usable ==> usable
Jul 14 11:20:04 172.20.224.114 kernel: [    0.000000] e820: update [mem 0x62aac018-0x62b6b257] usable ==> usable
Jul 14 11:20:04 172.20.224.114 kernel: [    0.000000] e820: update [mem 0x62aac018-0x62b6b257] usable ==> usable
Jul 14 11:20:04 172.20.224.114 kernel: [    0.000000] e820: update [mem 0x62a58018-0x62aab657] usable ==> usable
Jul 14 11:20:04 172.20.224.114 kernel: [    0.000000] e820: update [mem 0x62a58018-0x62aab657] usable ==> usable
Jul 14 11:20:04 172.20.224.114 kernel: [    0.000000] e820: update [mem 0x62a04018-0x62a57657] usable ==> usable
Jul 14 11:20:04 172.20.224.114 kernel: [    0.000000] e820: update [mem 0x62a04018-0x62a57657] usable ==> usable
Jul 14 11:20:04 172.20.224.114 kernel: [    0.000000] extended physical RAM map:
Jul 14 11:20:04 172.20.224.114 kernel: [    0.000000] reserve setup_data: [mem 0x0000000000000000-0x000000000009ffff] usable
Jul 14 11:20:04 172.20.224.114 kernel: [    0.000000] reserve setup_data: [mem 0x00000000000a0000-0x00000000000fffff] reserved
Jul 14 11:20:04 172.20.224.114 kernel: [    0.000000] reserve setup_data: [mem 0x0000000000100000-0x0000000062a04017] usable
Jul 14 11:20:04 172.20.224.114 kernel: [    0.000000] reserve setup_data: [mem 0x0000000062a04018-0x0000000062a57657] usable
Jul 14 11:20:04 172.20.224.114 kernel: [    0.000000] reserve setup_data: [mem 0x0000000062a57658-0x0000000062a58017] usable
Jul 14 11:20:04 172.20.224.114 kernel: [    0.000000] reserve setup_data: [mem 0x0000000062a58018-0x0000000062aab657] usable
Jul 14 11:20:04 172.20.224.114 kernel: [    0.000000] reserve setup_data: [mem 0x0000000062aab658-0x0000000062aac017] usable
Jul 14 11:20:04 172.20.224.114 kernel: [    0.000000] reserve setup_data: [mem 0x0000000062aac018-0x0000000062b6b257] usable
Jul 14 11:20:04 172.20.224.114 kernel: [    0.000000] reserve setup_data: [mem 0x0000000062b6b258-0x0000000062b6c017] usable
Jul 14 11:20:04 172.20.224.114 kernel: [    0.000000] reserve setup_data: [mem 0x0000000062b6c018-0x0000000062c2b257] usable
Jul 14 11:20:04 172.20.224.114 kernel: [    0.000000] reserve setup_data: [mem 0x0000000062c2b258-0x0000000062db1017] usable
Jul 14 11:20:04 172.20.224.114 kernel: [    0.000000] reserve setup_data: [mem 0x0000000062db1018-0x0000000062e70257] usable
Jul 14 11:20:04 172.20.224.114 kernel: [    0.000000] reserve setup_data: [mem 0x0000000062e70258-0x0000000063c5d017] usable
Jul 14 11:20:04 172.20.224.114 kernel: [    0.000000] reserve setup_data: [mem 0x0000000063c5d018-0x0000000063d1c257] usable
Jul 14 11:20:04 172.20.224.114 kernel: [    0.000000] reserve setup_data: [mem 0x0000000063d1c258-0x0000000063d1d017] usable
Jul 14 11:20:04 172.20.224.114 kernel: [    0.000000] reserve setup_data: [mem 0x0000000063d1d018-0x0000000063d55e57] usable
Jul 14 11:20:04 172.20.224.114 kernel: [    0.000000] reserve setup_data: [mem 0x0000000063d55e58-0x000000006868cfff] usable
Jul 14 11:20:04 172.20.224.114 kernel: [    0.000000] reserve setup_data: [mem 0x000000006868d000-0x000000006868ffff] reserved
Jul 14 11:20:04 172.20.224.114 kernel: [    0.000000] reserve setup_data: [mem 0x0000000068690000-0x000000006f702fff] usable
Jul 14 11:20:04 172.20.224.114 kernel: [    0.000000] reserve setup_data: [mem 0x000000006f703000-0x0000000071802fff] reserved
Jul 14 11:20:04 172.20.224.114 kernel: [    0.000000] reserve setup_data: [mem 0x0000000071803000-0x0000000072102fff] ACPI data
Jul 14 11:20:04 172.20.224.114 kernel: [    0.000000] reserve setup_data: [mem 0x0000000072103000-0x000000007530efff] ACPI NVS
Jul 14 11:20:04 172.20.224.114 kernel: [    0.000000] reserve setup_data: [mem 0x000000007530f000-0x00000000777fefff] reserved
Jul 14 11:20:04 172.20.224.114 kernel: [    0.000000] reserve setup_data: [mem 0x00000000777ff000-0x00000000777fffff] usable
Jul 14 11:20:04 172.20.224.114 kernel: [    0.000000] reserve setup_data: [mem 0x0000000077800000-0x000000008fffffff] reserved
Jul 14 11:20:04 172.20.224.114 kernel: [    0.000000] reserve setup_data: [mem 0x00000000fe010000-0x00000000fe010fff] reserved
Jul 14 11:20:04 172.20.224.114 kernel: [    0.000000] reserve setup_data: [mem 0x00000000ff000000-0x00000000ffffffff] reserved
Jul 14 11:20:04 172.20.224.114 kernel: [    0.000000] reserve setup_data: [mem 0x0000000100000000-0x000002007fffffff] usable
Jul 14 11:20:04 172.20.224.114 kernel: [    0.000000] efi: EFI v2.90 by American Megatrends
Jul 14 11:20:04 172.20.224.114 kernel: [    0.000000] efi: ACPI=0x72102000 ACPI 2.0=0x72102014 SMBIOS=0x77211000 SMBIOS 3.0=0x77210000 MEMATTR=0x632da018 
Jul 14 11:20:04 172.20.224.114 kernel: [    0.000000] secureboot: Secure boot disabled
Jul 14 11:20:04 172.20.224.114 kernel: [    0.000000] SMBIOS 3.6.0 present.
Jul 14 11:20:04 172.20.224.114 kernel: [    0.000000] DMI: NVIDIA DGXH200/DGXH200, BIOS 1.6.7 02/20/2025
Jul 14 11:20:04 172.20.224.114 kernel: [    0.000000] tsc: Detected 2000.000 MHz processor
Jul 14 11:20:04 172.20.224.114 kernel: [    0.000021] e820: update [mem 0x00000000-0x00000fff] usable ==> reserved
Jul 14 11:20:04 172.20.224.114 kernel: [    0.000025] e820: remove [mem 0x000a0000-0x000fffff] usable
Jul 14 11:20:04 172.20.224.114 kernel: [    0.000041] last_pfn = 0x20080000 max_arch_pfn = 0x10000000000
Jul 14 11:20:04 172.20.224.114 kernel: [    0.000365] x86/PAT: Configuration [0-7]: WB  WC  UC- UC  WB  WP  UC- WT  
Jul 14 11:20:04 172.20.224.114 kernel: [    0.005076] total RAM covered: 4192256M
Jul 14 11:20:04 172.20.224.114 kernel: [    0.005178]  gran_size: 64K #011chunk_size: 64K #011num_reg: 10  #011lose cover RAM: 2048G
Jul 14 11:20:04 172.20.224.114 kernel: [    0.005182]  gran_size: 64K #011chunk_size: 128K #011num_reg: 10  #011lose cover RAM: 2048G
Jul 14 11:20:04 172.20.224.114 kernel: [    0.005185]  gran_size: 64K #011chunk_size: 256K #011num_reg: 10  #011lose cover RAM: 2048G
Jul 14 11:20:04 172.20.224.114 kernel: [    0.005187]  gran_size: 64K #011chunk_size: 512K #011num_reg: 10  #011lose cover RAM: 2048G
Jul 14 11:20:04 172.20.224.114 kernel: [    0.005189]  gran_size: 64K #011chunk_size: 1M #011num_reg: 10  #011lose cover RAM: 2048G
Jul 14 11:20:04 172.20.224.114 kernel: [    0.005191]  gran_size: 64K #011chunk_size: 2M #011num_reg: 10  #011lose cover RAM: 2048G
Jul 14 11:20:04 172.20.224.114 kernel: [    0.005194]  gran_size: 64K #011chunk_size: 4M #011num_reg: 10  #011lose cover RAM: 2048G
Jul 14 11:20:04 172.20.224.114 kernel: [    0.005196]  gran_size: 64K #011chunk_size: 8M #011num_reg: 10  #011lose cover RAM: 2048G
Jul 14 11:20:04 172.20.224.114 kernel: [    0.005198]  gran_size: 64K #011chunk_size: 16M #011num_reg: 10  #011lose cover RAM: 2048G
Jul 14 11:20:04 172.20.224.114 kernel: [    0.005200]  gran_size: 64K #011chunk_size: 32M #011num_reg: 10  #011lose cover RAM: 2048G
Jul 14 11:20:04 172.20.224.114 kernel: [    0.005202]  gran_size: 64K #011chunk_size: 64M #011num_reg: 10  #011lose cover RAM: 2048G
Jul 14 11:20:04 172.20.224.114 kernel: [    0.005204]  gran_size: 64K #011chunk_size: 128M #011num_reg: 10  #011lose cover RAM: 2048G
Jul 14 11:20:04 172.20.224.114 kernel: [    0.005206]  gran_size: 64K #011chunk_size: 256M #011num_reg: 10  #011lose cover RAM: 2048G
Jul 14 11:20:04 172.20.224.114 kernel: [    0.005208]  gran_size: 64K #011chunk_size: 512M #011num_reg: 10  #011lose cover RAM: 2048G
Jul 14 11:20:04 172.20.224.114 kernel: [    0.005210]  gran_size: 64K #011chunk_size: 1G #011num_reg: 10  #011lose cover RAM: 2048G
Jul 14 11:20:04 172.20.224.114 kernel: [    0.005212]  gran_size: 64K #011chunk_size: 2G #011num_reg: 10  #011lose cover RAM: 2048G
Jul 14 11:20:04 172.20.224.114 kernel: [    0.005214]  gran_size: 128K #011chunk_size: 128K #011num_reg: 10  #011lose cover RAM: 2048G
Jul 14 11:20:04 172.20.224.114 kernel: [    0.005216]  gran_size: 128K #011chunk_size: 256K #011num_reg: 10  #011lose cover RAM: 2048G
Jul 14 11:20:04 172.20.224.114 kernel: [    0.005219]  gran_size: 128K #011chunk_size: 512K #011num_reg: 10  #011lose cover RAM: 2048G
Jul 14 11:20:04 172.20.224.114 kernel: [    0.005221]  gran_size: 128K #011chunk_size: 1M #011num_reg: 10  #011lose cover RAM: 2048G
Jul 14 11:20:04 172.20.224.114 kernel: [    0.005223]  gran_size: 128K #011chunk_size: 2M #011num_reg: 10  #011lose cover RAM: 2048G
Jul 14 11:20:04 172.20.224.114 kernel: [    0.005225]  gran_size: 128K #011chunk_size: 4M #011num_reg: 10  #011lose cover RAM: 2048G
Jul 14 11:20:04 172.20.224.114 kernel: [    0.005227]  gran_size: 128K #011chunk_size: 8M #011num_reg: 10  #011lose cover RAM: 2048G
Jul 14 11:20:04 172.20.224.114 kernel: [    0.005229]  gran_size: 128K #011chunk_size: 16M #011num_reg: 10  #011lose cover RAM: 2048G
Jul 14 11:20:04 172.20.224.114 kernel: [    0.005231]  gran_size: 128K #011chunk_size: 32M #011num_reg: 10  #011lose cover RAM: 2048G
Jul 14 11:20:04 172.20.224.114 kernel: [    0.005233]  gran_size: 128K #011chunk_size: 64M #011num_reg: 10  #011lose cover RAM: 2048G
Jul 14 11:20:04 172.20.224.114 kernel: [    0.005235]  gran_size: 128K #011chunk_size: 128M #011num_reg: 10  #011lose cover RAM: 2048G
Jul 14 11:20:04 172.20.224.114 kernel: [    0.005237]  gran_size: 128K #011chunk_size: 256M #011num_reg: 10  #011lose cover RAM: 2048G
Jul 14 11:20:04 172.20.224.114 kernel: [    0.005239]  gran_size: 128K #011chunk_size: 512M #011num_reg: 10  #011lose cover RAM: 2048G
Jul 14 11:20:04 172.20.224.114 kernel: [    0.005241]  gran_size: 128K #011chunk_size: 1G #011num_reg: 10  #011lose cover RAM: 2048G
Jul 14 11:20:04 172.20.224.114 kernel: [    0.005243]  gran_size: 128K #011chunk_size: 2G #011num_reg: 10  #011lose cover RAM: 2048G
Jul 14 11:20:04 172.20.224.114 kernel: [    0.005245]  gran_size: 256K #011chunk_size: 256K #011num_reg: 10  #011lose cover RAM: 2048G
Jul 14 11:20:04 172.20.224.114 kernel: [    0.005248]  gran_size: 256K #011chunk_size: 512K #011num_reg: 10  #011lose cover RAM: 2048G
Jul 14 11:20:04 172.20.224.114 kernel: [    0.005250]  gran_size: 256K #011chunk_size: 1M #011num_reg: 10  #011lose cover RAM: 2048G
Jul 14 11:20:04 172.20.224.114 kernel: [    0.005252]  gran_size: 256K #011chunk_size: 2M #011num_reg: 10  #011lose cover RAM: 2048G
Jul 14 11:20:04 172.20.224.114 kernel: [    0.005254]  gran_size: 256K #011chunk_size: 4M #011num_reg: 10  #011lose cover RAM: 2048G
Jul 14 11:20:04 172.20.224.114 kernel: [    0.005256]  gran_size: 256K #011chunk_size: 8M #011num_reg: 10  #011lose cover RAM: 2048G
Jul 14 11:20:04 172.20.224.114 kernel: [    0.005258]  gran_size: 256K #011chunk_size: 16M #011num_reg: 10  #011lose cover RAM: 2048G
Jul 14 11:20:04 172.20.224.114 kernel: [    0.005260]  gran_size: 256K #011chunk_size: 32M #011num_reg: 10  #011lose cover RAM: 2048G
Jul 14 11:20:04 172.20.224.114 kernel: [    0.005262]  gran_size: 256K #011chunk_size: 64M #011num_reg: 10  #011lose cover RAM: 2048G
Jul 14 11:20:04 172.20.224.114 kernel: [    0.005264]  gran_size: 256K #011chunk_size: 128M #011num_reg: 10  #011lose cover RAM: 2048G
Jul 14 11:20:04 172.20.224.114 kernel: [    0.005266]  gran_size: 256K #011chunk_size: 256M #011num_reg: 10  #011lose cover RAM: 2048G
Jul 14 11:20:04 172.20.224.114 kernel: [    0.005268]  gran_size: 256K #011chunk_size: 512M #011num_reg: 10  #011lose cover RAM: 2048G
Jul 14 11:20:04 172.20.224.114 kernel: [    0.005270]  gran_size: 256K #011chunk_size: 1G #011num_reg: 10  #011lose cover RAM: 2048G
Jul 14 11:20:04 172.20.224.114 kernel: [    0.005272]  gran_size: 256K #011chunk_size: 2G #011num_reg: 10  #011lose cover RAM: 2048G
Jul 14 11:20:04 172.20.224.114 kernel: [    0.005274]  gran_size: 512K #011chunk_size: 512K #011num_reg: 10  #011lose cover RAM: 2048G
Jul 14 11:20:04 172.20.224.114 kernel: [    0.005276]  gran_size: 512K #011chunk_size: 1M #011num_reg: 10  #011lose cover RAM: 2048G
Jul 14 11:20:04 172.20.224.114 kernel: [    0.005278]  gran_size: 512K #011chunk_size: 2M #011num_reg: 10  #011lose cover RAM: 2048G
Jul 14 11:20:04 172.20.224.114 kernel: [    0.005280]  gran_size: 512K #011chunk_size: 4M #011num_reg: 10  #011lose cover RAM: 2048G
Jul 14 11:20:04 172.20.224.114 kernel: [    0.005282]  gran_size: 512K #011chunk_size: 8M #011num_reg: 10  #011lose cover RAM: 2048G
Jul 14 11:20:04 172.20.224.114 kernel: [    0.005284]  gran_size: 512K #011chunk_size: 16M #011num_reg: 10  #011lose cover RAM: 2048G
Jul 14 11:20:04 172.20.224.114 kernel: [    0.005286]  gran_size: 512K #011chunk_size: 32M #011num_reg: 10  #011lose cover RAM: 2048G
Jul 14 11:20:04 172.20.224.114 kernel: [    0.005288]  gran_size: 512K #011chunk_size: 64M #011num_reg: 10  #011lose cover RAM: 2048G
Jul 14 11:20:04 172.20.224.114 kernel: [    0.005290]  gran_size: 512K #011chunk_size: 128M #011num_reg: 10  #011lose cover RAM: 2048G
Jul 14 11:20:04 172.20.224.114 kernel: [    0.005292]  gran_size: 512K #011chunk_size: 256M #011num_reg: 10  #011lose cover RAM: 2048G
Jul 14 11:20:04 172.20.224.114 kernel: [    0.005294]  gran_size: 512K #011chunk_size: 512M #011num_reg: 10  #011lose cover RAM: 2048G
Jul 14 11:20:04 172.20.224.114 kernel: [    0.005296]  gran_size: 512K #011chunk_size: 1G #011num_reg: 10  #011lose cover RAM: 2048G
Jul 14 11:20:04 172.20.224.114 kernel: [    0.005299]  gran_size: 512K #011chunk_size: 2G #011num_reg: 10  #011lose cover RAM: 2048G
Jul 14 11:20:04 172.20.224.114 kernel: [    0.005301]  gran_size: 1M #011chunk_size: 1M #011num_reg: 10  #011lose cover RAM: 2048G
Jul 14 11:20:04 172.20.224.114 kernel: [    0.005303]  gran_size: 1M #011chunk_size: 2M #011num_reg: 10  #011lose cover RAM: 2048G
Jul 14 11:20:04 172.20.224.114 kernel: [    0.005305]  gran_size: 1M #011chunk_size: 4M #011num_reg: 10  #011lose cover RAM: 2048G
Jul 14 11:20:04 172.20.224.114 kernel: [    0.005307]  gran_size: 1M #011chunk_size: 8M #011num_reg: 10  #011lose cover RAM: 2048G
Jul 14 11:20:04 172.20.224.114 kernel: [    0.005309]  gran_size: 1M #011chunk_size: 16M #011num_reg: 10  #011lose cover RAM: 2048G
Jul 14 11:20:04 172.20.224.114 kernel: [    0.005311]  gran_size: 1M #011chunk_size: 32M #011num_reg: 10  #011lose cover RAM: 2048G
Jul 14 11:20:04 172.20.224.114 kernel: [    0.005313]  gran_size: 1M #011chunk_size: 64M #011num_reg: 10  #011lose cover RAM: 2048G
Jul 14 11:20:04 172.20.224.114 kernel: [    0.005315]  gran_size: 1M #011chunk_size: 128M #011num_reg: 10  #011lose cover RAM: 2048G
Jul 14 11:20:04 172.20.224.114 kernel: [    0.005317]  gran_size: 1M #011chunk_size: 256M #011num_reg: 10  #011lose cover RAM: 2048G
Jul 14 11:20:04 172.20.224.114 kernel: [    0.005319]  gran_size: 1M #011chunk_size: 512M #011num_reg: 10  #011lose cover RAM: 2048G
Jul 14 11:20:04 172.20.224.114 kernel: [    0.005321]  gran_size: 1M #011chunk_size: 1G #011num_reg: 10  #011lose cover RAM: 2048G
Jul 14 11:20:04 172.20.224.114 kernel: [    0.005323]  gran_size: 1M #011chunk_size: 2G #011num_reg: 10  #011lose cover RAM: 2048G
Jul 14 11:20:04 172.20.224.114 kernel: [    0.005325]  gran_size: 2M #011chunk_size: 2M #011num_reg: 10  #011lose cover RAM: 2048G
Jul 14 11:20:04 172.20.224.114 kernel: [    0.005327]  gran_size: 2M #011chunk_size: 4M #011num_reg: 10  #011lose cover RAM: 2048G
Jul 14 11:20:04 172.20.224.114 kernel: [    0.005329]  gran_size: 2M #011chunk_size: 8M #011num_reg: 10  #011lose cover RAM: 2048G
Jul 14 11:20:04 172.20.224.114 kernel: [    0.005331]  gran_size: 2M #011chunk_size: 16M #011num_reg: 10  #011lose cover RAM: 2048G
Jul 14 11:20:04 172.20.224.114 kernel: [    0.005334]  gran_size: 2M #011chunk_size: 32M #011num_reg: 10  #011lose cover RAM: 2048G
Jul 14 11:20:04 172.20.224.114 kernel: [    0.005336]  gran_size: 2M #011chunk_size: 64M #011num_reg: 10  #011lose cover RAM: 2048G
Jul 14 11:20:04 172.20.224.114 kernel: [    0.005338]  gran_size: 2M #011chunk_size: 128M #011num_reg: 10  #011lose cover RAM: 2048G
Jul 14 11:20:04 172.20.224.114 kernel: [    0.005340]  gran_size: 2M #011chunk_size: 256M #011num_reg: 10  #011lose cover RAM: 2048G
Jul 14 11:20:04 172.20.224.114 kernel: [    0.005342]  gran_size: 2M #011chunk_size: 512M #011num_reg: 10  #011lose cover RAM: 2048G
Jul 14 11:20:04 172.20.224.114 kernel: [    0.005344]  gran_size: 2M #011chunk_size: 1G #011num_reg: 10  #011lose cover RAM: 2048G
Jul 14 11:20:04 172.20.224.114 kernel: [    0.005346]  gran_size: 2M #011chunk_size: 2G #011num_reg: 10  #011lose cover RAM: 2048G
Jul 14 11:20:04 172.20.224.114 kernel: [    0.005348]  gran_size: 4M #011chunk_size: 4M #011num_reg: 10  #011lose cover RAM: 2048G
Jul 14 11:20:04 172.20.224.114 kernel: [    0.005350]  gran_size: 4M #011chunk_size: 8M #011num_reg: 10  #011lose cover RAM: 2048G
Jul 14 11:20:04 172.20.224.114 kernel: [    0.005352]  gran_size: 4M #011chunk_size: 16M #011num_reg: 10  #011lose cover RAM: 2048G
Jul 14 11:20:04 172.20.224.114 kernel: [    0.005354]  gran_size: 4M #011chunk_size: 32M #011num_reg: 10  #011lose cover RAM: 2048G
Jul 14 11:20:04 172.20.224.114 kernel: [    0.005356]  gran_size: 4M #011chunk_size: 64M #011num_reg: 10  #011lose cover RAM: 2048G
Jul 14 11:20:04 172.20.224.114 kernel: [    0.005358]  gran_size: 4M #011chunk_size: 128M #011num_reg: 10  #011lose cover RAM: 2048G
Jul 14 11:20:04 172.20.224.114 kernel: [    0.005360]  gran_size: 4M #011chunk_size: 256M #011num_reg: 10  #011lose cover RAM: 2048G
Jul 14 11:20:04 172.20.224.114 kernel: [    0.005362]  gran_size: 4M #011chunk_size: 512M #011num_reg: 10  #011lose cover RAM: 2048G
Jul 14 11:20:04 172.20.224.114 kernel: [    0.005364]  gran_size: 4M #011chunk_size: 1G #011num_reg: 10  #011lose cover RAM: 2048G
Jul 14 11:20:04 172.20.224.114 kernel: [    0.005366]  gran_size: 4M #011chunk_size: 2G #011num_reg: 10  #011lose cover RAM: 2048G
Jul 14 11:20:04 172.20.224.114 kernel: [    0.005368]  gran_size: 8M #011chunk_size: 8M #011num_reg: 10  #011lose cover RAM: 2048G
Jul 14 11:20:04 172.20.224.114 kernel: [    0.005370]  gran_size: 8M #011chunk_size: 16M #011num_reg: 10  #011lose cover RAM: 2048G
Jul 14 11:20:04 172.20.224.114 kernel: [    0.005372]  gran_size: 8M #011chunk_size: 32M #011num_reg: 10  #011lose cover RAM: 2048G
Jul 14 11:20:04 172.20.224.114 kernel: [    0.005374]  gran_size: 8M #011chunk_size: 64M #011num_reg: 10  #011lose cover RAM: 2048G
Jul 14 11:20:04 172.20.224.114 kernel: [    0.005376]  gran_size: 8M #011chunk_size: 128M #011num_reg: 10  #011lose cover RAM: 2048G
Jul 14 11:20:04 172.20.224.114 kernel: [    0.005378]  gran_size: 8M #011chunk_size: 256M #011num_reg: 10  #011lose cover RAM: 2048G
Jul 14 11:20:04 172.20.224.114 kernel: [    0.005380]  gran_size: 8M #011chunk_size: 512M #011num_reg: 10  #011lose cover RAM: 2048G
Jul 14 11:20:04 172.20.224.114 kernel: [    0.005382]  gran_size: 8M #011chunk_size: 1G #011num_reg: 10  #011lose cover RAM: 2048G
Jul 14 11:20:04 172.20.224.114 kernel: [    0.005384]  gran_size: 8M #011chunk_size: 2G #011num_reg: 10  #011lose cover RAM: 2048G
Jul 14 11:20:04 172.20.224.114 kernel: [    0.005386]  gran_size: 16M #011chunk_size: 16M #011num_reg: 10  #011lose cover RAM: 2048G
Jul 14 11:20:04 172.20.224.114 kernel: [    0.005389]  gran_size: 16M #011chunk_size: 32M #011num_reg: 10  #011lose cover RAM: 2048G
Jul 14 11:20:04 172.20.224.114 kernel: [    0.005391]  gran_size: 16M #011chunk_size: 64M #011num_reg: 10  #011lose cover RAM: 2048G
Jul 14 11:20:04 172.20.224.114 kernel: [    0.005393]  gran_size: 16M #011chunk_size: 128M #011num_reg: 10  #011lose cover RAM: 2048G
Jul 14 11:20:04 172.20.224.114 kernel: [    0.005395]  gran_size: 16M #011chunk_size: 256M #011num_reg: 10  #011lose cover RAM: 2048G
Jul 14 11:20:04 172.20.224.114 kernel: [    0.005397]  gran_size: 16M #011chunk_size: 512M #011num_reg: 10  #011lose cover RAM: 2048G
Jul 14 11:20:04 172.20.224.114 kernel: [    0.005399]  gran_size: 16M #011chunk_size: 1G #011num_reg: 10  #011lose cover RAM: 2048G
Jul 14 11:20:04 172.20.224.114 kernel: [    0.005401]  gran_size: 16M #011chunk_size: 2G #011num_reg: 10  #011lose cover RAM: 2048G
Jul 14 11:20:04 172.20.224.114 kernel: [    0.005403]  gran_size: 32M #011chunk_size: 32M #011num_reg: 10  #011lose cover RAM: 2048G
Jul 14 11:20:04 172.20.224.114 kernel: [    0.005405]  gran_size: 32M #011chunk_size: 64M #011num_reg: 10  #011lose cover RAM: 2048G
Jul 14 11:20:04 172.20.224.114 kernel: [    0.005407]  gran_size: 32M #011chunk_size: 128M #011num_reg: 10  #011lose cover RAM: 2048G
Jul 14 11:20:04 172.20.224.114 kernel: [    0.005409]  gran_size: 32M #011chunk_size: 256M #011num_reg: 10  #011lose cover RAM: 2048G
Jul 14 11:20:04 172.20.224.114 kernel: [    0.005411]  gran_size: 32M #011chunk_size: 512M #011num_reg: 10  #011lose cover RAM: 2048G
Jul 14 11:20:04 172.20.224.114 kernel: [    0.005413]  gran_size: 32M #011chunk_size: 1G #011num_reg: 10  #011lose cover RAM: 2048G
Jul 14 11:20:04 172.20.224.114 kernel: [    0.005415]  gran_size: 32M #011chunk_size: 2G #011num_reg: 10  #011lose cover RAM: 2048G
Jul 14 11:20:04 172.20.224.114 kernel: [    0.005417]  gran_size: 64M #011chunk_size: 64M #011num_reg: 10  #011lose cover RAM: 2048G
Jul 14 11:20:04 172.20.224.114 kernel: [    0.005419]  gran_size: 64M #011chunk_size: 128M #011num_reg: 10  #011lose cover RAM: 2048G
Jul 14 11:20:04 172.20.224.114 kernel: [    0.005421]  gran_size: 64M #011chunk_size: 256M #011num_reg: 10  #011lose cover RAM: 2048G
Jul 14 11:20:04 172.20.224.114 kernel: [    0.005423]  gran_size: 64M #011chunk_size: 512M #011num_reg: 10  #011lose cover RAM: 2048G
Jul 14 11:20:04 172.20.224.114 kernel: [    0.005425]  gran_size: 64M #011chunk_size: 1G #011num_reg: 10  #011lose cover RAM: 2048G
Jul 14 11:20:04 172.20.224.114 kernel: [    0.005427]  gran_size: 64M #011chunk_size: 2G #011num_reg: 10  #011lose cover RAM: 2048G
Jul 14 11:20:04 172.20.224.114 kernel: [    0.005429]  gran_size: 128M #011chunk_size: 128M #011num_reg: 10  #011lose cover RAM: 2048G
Jul 14 11:20:04 172.20.224.114 kernel: [    0.005432]  gran_size: 128M #011chunk_size: 256M #011num_reg: 10  #011lose cover RAM: 2048G
Jul 14 11:20:04 172.20.224.114 kernel: [    0.005434]  gran_size: 128M #011chunk_size: 512M #011num_reg: 10  #011lose cover RAM: 2048G
Jul 14 11:20:04 172.20.224.114 kernel: [    0.005436]  gran_size: 128M #011chunk_size: 1G #011num_reg: 10  #011lose cover RAM: 2048G
Jul 14 11:20:04 172.20.224.114 kernel: [    0.005438]  gran_size: 128M #011chunk_size: 2G #011num_reg: 10  #011lose cover RAM: 2048G
Jul 14 11:20:04 172.20.224.114 kernel: [    0.005440]  gran_size: 256M #011chunk_size: 256M #011num_reg: 10  #011lose cover RAM: 2048G
Jul 14 11:20:04 172.20.224.114 kernel: [    0.005442]  gran_size: 256M #011chunk_size: 512M #011num_reg: 10  #011lose cover RAM: 2048G
Jul 14 11:20:04 172.20.224.114 kernel: [    0.005444]  gran_size: 256M #011chunk_size: 1G #011num_reg: 10  #011lose cover RAM: 2048G
Jul 14 11:20:04 172.20.224.114 kernel: [    0.005446]  gran_size: 256M #011chunk_size: 2G #011num_reg: 10  #011lose cover RAM: 2048G
Jul 14 11:20:04 172.20.224.114 kernel: [    0.005448]  gran_size: 512M #011chunk_size: 512M #011num_reg: 10  #011lose cover RAM: 2048G
Jul 14 11:20:04 172.20.224.114 kernel: [    0.005450]  gran_size: 512M #011chunk_size: 1G #011num_reg: 10  #011lose cover RAM: 2048G
Jul 14 11:20:04 172.20.224.114 kernel: [    0.005452]  gran_size: 512M #011chunk_size: 2G #011num_reg: 10  #011lose cover RAM: 2048G
Jul 14 11:20:04 172.20.224.114 kernel: [    0.005454]  gran_size: 1G #011chunk_size: 1G #011num_reg: 10  #011lose cover RAM: 2048G
Jul 14 11:20:04 172.20.224.114 kernel: [    0.005456]  gran_size: 1G #011chunk_size: 2G #011num_reg: 10  #011lose cover RAM: 2048G
Jul 14 11:20:04 172.20.224.114 kernel: [    0.005458]  gran_size: 2G #011chunk_size: 2G #011num_reg: 10  #011lose cover RAM: 2048G
Jul 14 11:20:04 172.20.224.114 kernel: [    0.005460] mtrr_cleanup: can not find optimal value
Jul 14 11:20:04 172.20.224.114 kernel: [    0.005462] please specify mtrr_gran_size/mtrr_chunk_size
Jul 14 11:20:04 172.20.224.114 kernel: [    0.005465] e820: update [mem 0x80000000-0xffffffff] usable ==> reserved
Jul 14 11:20:04 172.20.224.114 kernel: [    0.005470] x2apic: enabled by BIOS, switching to x2apic ops
Jul 14 11:20:04 172.20.224.114 kernel: [    0.005471] last_pfn = 0x77800 max_arch_pfn = 0x10000000000
Jul 14 11:20:04 172.20.224.114 kernel: [    0.016310] Using GB pages for direct mapping
Jul 14 11:20:04 172.20.224.114 kernel: [    0.016796] secureboot: Secure boot disabled
Jul 14 11:20:04 172.20.224.114 kernel: [    0.016797] RAMDISK: [mem 0x5ad5c000-0x61842fff]
Jul 14 11:20:04 172.20.224.114 kernel: [    0.016801] ACPI: Early table checksum verification disabled
Jul 14 11:20:04 172.20.224.114 kernel: [    0.016804] ACPI: RSDP 0x0000000072102014 000024 (v02 ALASKA)
Jul 14 11:20:04 172.20.224.114 kernel: [    0.016810] ACPI: XSDT 0x0000000072101728 0000EC (v01 ALASKA A M I    01072009 AMI  01000013)
Jul 14 11:20:04 172.20.224.114 kernel: [    0.016817] ACPI: FACP 0x0000000072100000 000114 (v06 ALASKA A M I    01072009 INTL 20091013)
Jul 14 11:20:04 172.20.224.114 kernel: [    0.016824] ACPI: DSDT 0x0000000072033000 0CB7DD (v02 ALASKA A M I    01072009 INTL 20091013)
Jul 14 11:20:04 172.20.224.114 kernel: [    0.016828] ACPI: FACS 0x000000007530D000 000040
Jul 14 11:20:04 172.20.224.114 kernel: [    0.016832] ACPI: SPMI 0x00000000720FF000 000041 (v05 ALASKA A M I    00000000 AMI. 00000000)
Jul 14 11:20:04 172.20.224.114 kernel: [    0.016837] ACPI: FIDT 0x0000000072032000 00009C (v01 ALASKA A M I    01072009 AMI  00010013)
Jul 14 11:20:04 172.20.224.114 kernel: [    0.016841] ACPI: SSDT 0x0000000072031000 00074C (v02 INTEL  RAS_ACPI 00000001 INTL 20210331)
Jul 14 11:20:04 172.20.224.114 kernel: [    0.016846] ACPI: ERST 0x0000000072030000 000230 (v01 ALASKA A M I    00000001 INTL 00000001)
Jul 14 11:20:04 172.20.224.114 kernel: [    0.016850] ACPI: MCFG 0x000000007202F000 00003C (v01 ALASKA A M I    01072009 MSFT 00000097)
Jul 14 11:20:04 172.20.224.114 kernel: [    0.016854] ACPI: HPET 0x000000007202E000 000038 (v01 ALASKA A M I    00000001 INTL 20091013)
Jul 14 11:20:04 172.20.224.114 kernel: [    0.016858] ACPI: MSCT 0x000000007202D000 000090 (v01 ALASKA A M I    00000001 INTL 20091013)
Jul 14 11:20:04 172.20.224.114 kernel: [    0.016862] ACPI: WDDT 0x000000007202C000 000040 (v01 ALASKA A M I    00000000 INTL 20091013)
Jul 14 11:20:04 172.20.224.114 kernel: [    0.016866] ACPI: APIC 0x000000007202A000 000E5E (v04 ALASKA A M I    00000000 INTL 20091013)
Jul 14 11:20:04 172.20.224.114 kernel: [    0.016870] ACPI: SRAT 0x0000000072022000 007830 (v03 ALASKA A M I    00000002 AMI  01000013)
Jul 14 11:20:04 172.20.224.114 kernel: [    0.016875] ACPI: SLIT 0x0000000072021000 000030 (v01 ALASKA A M I    01072009 AMI  01000013)
Jul 14 11:20:04 172.20.224.114 kernel: [    0.016879] ACPI: HMAT 0x0000000072020000 000158 (v02 ALASKA A M I    01072009 AMI  01000013)
Jul 14 11:20:04 172.20.224.114 kernel: [    0.016883] ACPI: OEM4 0x0000000071E98000 187A51 (v02 INTEL  CPU  CST 00003000 INTL 20210331)
Jul 14 11:20:04 172.20.224.114 kernel: [    0.016888] ACPI: OEM1 0x0000000071D84000 113479 (v02 INTEL  CPU EIST 00003000 INTL 20210331)
Jul 14 11:20:04 172.20.224.114 kernel: [    0.016892] ACPI: OEM2 0x0000000071D3D000 046031 (v02 INTEL  CPU  HWP 00003000 INTL 20210331)
Jul 14 11:20:04 172.20.224.114 kernel: [    0.016896] ACPI: SSDT 0x0000000071CD3000 069895 (v02 INTEL  SSDT  PM 00004000 INTL 20210331)
Jul 14 11:20:04 172.20.224.114 kernel: [    0.016900] ACPI: SSDT 0x0000000071CD2000 000957 (v02 ALASKA A M I    00000000 INTL 20091013)
Jul 14 11:20:04 172.20.224.114 kernel: [    0.016904] ACPI: HEST 0x0000000071CD1000 00013C (v01 ALASKA A M I    00000001 INTL 00000001)
Jul 14 11:20:04 172.20.224.114 kernel: [    0.016909] ACPI: BERT 0x0000000071CD0000 000030 (v01 ALASKA A M I    00000001 INTL 00000001)
Jul 14 11:20:04 172.20.224.114 kernel: [    0.016913] ACPI: SSDT 0x0000000071CCF000 00076E (v02 INTEL  ADDRXLAT 00000001 INTL 20210331)
Jul 14 11:20:04 172.20.224.114 kernel: [    0.016917] ACPI: DMAR 0x0000000071CCE000 000528 (v01 ALASKA A M I    00000001 INTL 20091013)
Jul 14 11:20:04 172.20.224.114 kernel: [    0.016921] ACPI: FPDT 0x0000000071CCD000 000044 (v01 ALASKA A M I    01072009 AMI  01000013)
Jul 14 11:20:04 172.20.224.114 kernel: [    0.016925] ACPI: SPCR 0x0000000071CCC000 000050 (v02 ALASKA A M I    01072009 AMI  00050020)
Jul 14 11:20:04 172.20.224.114 kernel: [    0.016929] ACPI: WSMT 0x000000007202B000 000028 (v01 ALASKA A M I    01072009 AMI  00010013)
Jul 14 11:20:04 172.20.224.114 kernel: [    0.016933] ACPI: Reserving FACP table memory at [mem 0x72100000-0x72100113]
Jul 14 11:20:04 172.20.224.114 kernel: [    0.016936] ACPI: Reserving DSDT table memory at [mem 0x72033000-0x720fe7dc]
Jul 14 11:20:04 172.20.224.114 kernel: [    0.016938] ACPI: Reserving FACS table memory at [mem 0x7530d000-0x7530d03f]
Jul 14 11:20:04 172.20.224.114 kernel: [    0.016940] ACPI: Reserving SPMI table memory at [mem 0x720ff000-0x720ff040]
Jul 14 11:20:04 172.20.224.114 kernel: [    0.016941] ACPI: Reserving FIDT table memory at [mem 0x72032000-0x7203209b]
Jul 14 11:20:04 172.20.224.114 kernel: [    0.016943] ACPI: Reserving SSDT table memory at [mem 0x72031000-0x7203174b]
Jul 14 11:20:04 172.20.224.114 kernel: [    0.016945] ACPI: Reserving ERST table memory at [mem 0x72030000-0x7203022f]
Jul 14 11:20:04 172.20.224.114 kernel: [    0.016946] ACPI: Reserving MCFG table memory at [mem 0x7202f000-0x7202f03b]
Jul 14 11:20:04 172.20.224.114 kernel: [    0.016948] ACPI: Reserving HPET table memory at [mem 0x7202e000-0x7202e037]
Jul 14 11:20:04 172.20.224.114 kernel: [    0.016949] ACPI: Reserving MSCT table memory at [mem 0x7202d000-0x7202d08f]
Jul 14 11:20:04 172.20.224.114 kernel: [    0.016951] ACPI: Reserving WDDT table memory at [mem 0x7202c000-0x7202c03f]
Jul 14 11:20:04 172.20.224.114 kernel: [    0.016953] ACPI: Reserving APIC table memory at [mem 0x7202a000-0x7202ae5d]
Jul 14 11:20:04 172.20.224.114 kernel: [    0.016954] ACPI: Reserving SRAT table memory at [mem 0x72022000-0x7202982f]
Jul 14 11:20:04 172.20.224.114 kernel: [    0.016956] ACPI: Reserving SLIT table memory at [mem 0x72021000-0x7202102f]
Jul 14 11:20:04 172.20.224.114 kernel: [    0.016958] ACPI: Reserving HMAT table memory at [mem 0x72020000-0x72020157]
Jul 14 11:20:04 172.20.224.114 kernel: [    0.016959] ACPI: Reserving OEM4 table memory at [mem 0x71e98000-0x7201fa50]
Jul 14 11:20:04 172.20.224.114 kernel: [    0.016961] ACPI: Reserving OEM1 table memory at [mem 0x71d84000-0x71e97478]
Jul 14 11:20:04 172.20.224.114 kernel: [    0.016963] ACPI: Reserving OEM2 table memory at [mem 0x71d3d000-0x71d83030]
Jul 14 11:20:04 172.20.224.114 kernel: [    0.016964] ACPI: Reserving SSDT table memory at [mem 0x71cd3000-0x71d3c894]
Jul 14 11:20:04 172.20.224.114 kernel: [    0.016966] ACPI: Reserving SSDT table memory at [mem 0x71cd2000-0x71cd2956]
Jul 14 11:20:04 172.20.224.114 kernel: [    0.016968] ACPI: Reserving HEST table memory at [mem 0x71cd1000-0x71cd113b]
Jul 14 11:20:04 172.20.224.114 kernel: [    0.016969] ACPI: Reserving BERT table memory at [mem 0x71cd0000-0x71cd002f]
Jul 14 11:20:04 172.20.224.114 kernel: [    0.016971] ACPI: Reserving SSDT table memory at [mem 0x71ccf000-0x71ccf76d]
Jul 14 11:20:04 172.20.224.114 kernel: [    0.016973] ACPI: Reserving DMAR table memory at [mem 0x71cce000-0x71cce527]
Jul 14 11:20:04 172.20.224.114 kernel: [    0.016974] ACPI: Reserving FPDT table memory at [mem 0x71ccd000-0x71ccd043]
Jul 14 11:20:04 172.20.224.114 kernel: [    0.016976] ACPI: Reserving SPCR table memory at [mem 0x71ccc000-0x71ccc04f]
Jul 14 11:20:04 172.20.224.114 kernel: [    0.016978] ACPI: Reserving WSMT table memory at [mem 0x7202b000-0x7202b027]
Jul 14 11:20:04 172.20.224.114 kernel: [    0.016989] Setting APIC routing to cluster x2apic.
Jul 14 11:20:04 172.20.224.114 kernel: [    0.017057] SRAT: PXM 0 -> APIC 0x0000 -> Node 0
Jul 14 11:20:04 172.20.224.114 kernel: [    0.017059] SRAT: PXM 0 -> APIC 0x0001 -> Node 0
Jul 14 11:20:04 172.20.224.114 kernel: [    0.017060] SRAT: PXM 0 -> APIC 0x0002 -> Node 0
Jul 14 11:20:04 172.20.224.114 kernel: [    0.017062] SRAT: PXM 0 -> APIC 0x0003 -> Node 0
Jul 14 11:20:04 172.20.224.114 kernel: [    0.017063] SRAT: PXM 0 -> APIC 0x0004 -> Node 0
Jul 14 11:20:04 172.20.224.114 kernel: [    0.017064] SRAT: PXM 0 -> APIC 0x0005 -> Node 0
Jul 14 11:20:04 172.20.224.114 kernel: [    0.017065] SRAT: PXM 0 -> APIC 0x0006 -> Node 0
Jul 14 11:20:04 172.20.224.114 kernel: [    0.017067] SRAT: PXM 0 -> APIC 0x0007 -> Node 0
Jul 14 11:20:04 172.20.224.114 kernel: [    0.017068] SRAT: PXM 0 -> APIC 0x0008 -> Node 0
Jul 14 11:20:04 172.20.224.114 kernel: [    0.017069] SRAT: PXM 0 -> APIC 0x0009 -> Node 0
Jul 14 11:20:04 172.20.224.114 kernel: [    0.017070] SRAT: PXM 0 -> APIC 0x000a -> Node 0
Jul 14 11:20:04 172.20.224.114 kernel: [    0.017071] SRAT: PXM 0 -> APIC 0x000b -> Node 0
Jul 14 11:20:04 172.20.224.114 kernel: [    0.017073] SRAT: PXM 0 -> APIC 0x000c -> Node 0
Jul 14 11:20:04 172.20.224.114 kernel: [    0.017074] SRAT: PXM 0 -> APIC 0x000d -> Node 0
Jul 14 11:20:04 172.20.224.114 kernel: [    0.017075] SRAT: PXM 0 -> APIC 0x000e -> Node 0
Jul 14 11:20:04 172.20.224.114 kernel: [    0.017076] SRAT: PXM 0 -> APIC 0x000f -> Node 0
Jul 14 11:20:04 172.20.224.114 kernel: [    0.017077] SRAT: PXM 0 -> APIC 0x0010 -> Node 0
Jul 14 11:20:04 172.20.224.114 kernel: [    0.017079] SRAT: PXM 0 -> APIC 0x0011 -> Node 0
Jul 14 11:20:04 172.20.224.114 kernel: [    0.017080] SRAT: PXM 0 -> APIC 0x0012 -> Node 0
Jul 14 11:20:04 172.20.224.114 kernel: [    0.017081] SRAT: PXM 0 -> APIC 0x0013 -> Node 0
Jul 14 11:20:04 172.20.224.114 kernel: [    0.017083] SRAT: PXM 0 -> APIC 0x0014 -> Node 0
Jul 14 11:20:04 172.20.224.114 kernel: [    0.017084] SRAT: PXM 0 -> APIC 0x0015 -> Node 0
Jul 14 11:20:04 172.20.224.114 kernel: [    0.017085] SRAT: PXM 0 -> APIC 0x0016 -> Node 0
Jul 14 11:20:04 172.20.224.114 kernel: [    0.017086] SRAT: PXM 0 -> APIC 0x0017 -> Node 0
Jul 14 11:20:04 172.20.224.114 kernel: [    0.017087] SRAT: PXM 0 -> APIC 0x0018 -> Node 0
Jul 14 11:20:04 172.20.224.114 kernel: [    0.017089] SRAT: PXM 0 -> APIC 0x0019 -> Node 0
Jul 14 11:20:04 172.20.224.114 kernel: [    0.017090] SRAT: PXM 0 -> APIC 0x001a -> Node 0
Jul 14 11:20:04 172.20.224.114 kernel: [    0.017091] SRAT: PXM 0 -> APIC 0x001b -> Node 0
Jul 14 11:20:04 172.20.224.114 kernel: [    0.017092] SRAT: PXM 0 -> APIC 0x001c -> Node 0
Jul 14 11:20:04 172.20.224.114 kernel: [    0.017093] SRAT: PXM 0 -> APIC 0x001d -> Node 0
Jul 14 11:20:04 172.20.224.114 kernel: [    0.017095] SRAT: PXM 0 -> APIC 0x001e -> Node 0
Jul 14 11:20:04 172.20.224.114 kernel: [    0.017096] SRAT: PXM 0 -> APIC 0x001f -> Node 0
Jul 14 11:20:04 172.20.224.114 kernel: [    0.017097] SRAT: PXM 0 -> APIC 0x0020 -> Node 0
Jul 14 11:20:04 172.20.224.114 kernel: [    0.017098] SRAT: PXM 0 -> APIC 0x0021 -> Node 0
Jul 14 11:20:04 172.20.224.114 kernel: [    0.017099] SRAT: PXM 0 -> APIC 0x0022 -> Node 0
Jul 14 11:20:04 172.20.224.114 kernel: [    0.017101] SRAT: PXM 0 -> APIC 0x0023 -> Node 0
Jul 14 11:20:04 172.20.224.114 kernel: [    0.017102] SRAT: PXM 0 -> APIC 0x0024 -> Node 0
Jul 14 11:20:04 172.20.224.114 kernel: [    0.017103] SRAT: PXM 0 -> APIC 0x0025 -> Node 0
Jul 14 11:20:04 172.20.224.114 kernel: [    0.017104] SRAT: PXM 0 -> APIC 0x0026 -> Node 0
Jul 14 11:20:04 172.20.224.114 kernel: [    0.017105] SRAT: PXM 0 -> APIC 0x0027 -> Node 0
Jul 14 11:20:04 172.20.224.114 kernel: [    0.017107] SRAT: PXM 0 -> APIC 0x0028 -> Node 0
Jul 14 11:20:04 172.20.224.114 kernel: [    0.017108] SRAT: PXM 0 -> APIC 0x0029 -> Node 0
Jul 14 11:20:04 172.20.224.114 kernel: [    0.017109] SRAT: PXM 0 -> APIC 0x002a -> Node 0
Jul 14 11:20:04 172.20.224.114 kernel: [    0.017110] SRAT: PXM 0 -> APIC 0x002b -> Node 0
Jul 14 11:20:04 172.20.224.114 kernel: [    0.017111] SRAT: PXM 0 -> APIC 0x002c -> Node 0
Jul 14 11:20:04 172.20.224.114 kernel: [    0.017113] SRAT: PXM 0 -> APIC 0x002d -> Node 0
Jul 14 11:20:04 172.20.224.114 kernel: [    0.017114] SRAT: PXM 0 -> APIC 0x002e -> Node 0
Jul 14 11:20:04 172.20.224.114 kernel: [    0.017115] SRAT: PXM 0 -> APIC 0x002f -> Node 0
Jul 14 11:20:04 172.20.224.114 kernel: [    0.017116] SRAT: PXM 0 -> APIC 0x0030 -> Node 0
Jul 14 11:20:04 172.20.224.114 kernel: [    0.017118] SRAT: PXM 0 -> APIC 0x0031 -> Node 0
Jul 14 11:20:04 172.20.224.114 kernel: [    0.017119] SRAT: PXM 0 -> APIC 0x0032 -> Node 0
Jul 14 11:20:04 172.20.224.114 kernel: [    0.017120] SRAT: PXM 0 -> APIC 0x0033 -> Node 0
Jul 14 11:20:04 172.20.224.114 kernel: [    0.017121] SRAT: PXM 0 -> APIC 0x0034 -> Node 0
Jul 14 11:20:04 172.20.224.114 kernel: [    0.017122] SRAT: PXM 0 -> APIC 0x0035 -> Node 0
Jul 14 11:20:04 172.20.224.114 kernel: [    0.017124] SRAT: PXM 0 -> APIC 0x0036 -> Node 0
Jul 14 11:20:04 172.20.224.114 kernel: [    0.017125] SRAT: PXM 0 -> APIC 0x0037 -> Node 0
Jul 14 11:20:04 172.20.224.114 kernel: [    0.017126] SRAT: PXM 0 -> APIC 0x0038 -> Node 0
Jul 14 11:20:04 172.20.224.114 kernel: [    0.017127] SRAT: PXM 0 -> APIC 0x0039 -> Node 0
Jul 14 11:20:04 172.20.224.114 kernel: [    0.017128] SRAT: PXM 0 -> APIC 0x003a -> Node 0
Jul 14 11:20:04 172.20.224.114 kernel: [    0.017130] SRAT: PXM 0 -> APIC 0x003b -> Node 0
Jul 14 11:20:04 172.20.224.114 kernel: [    0.017131] SRAT: PXM 0 -> APIC 0x003c -> Node 0
Jul 14 11:20:04 172.20.224.114 kernel: [    0.017132] SRAT: PXM 0 -> APIC 0x003d -> Node 0
Jul 14 11:20:04 172.20.224.114 kernel: [    0.017133] SRAT: PXM 0 -> APIC 0x003e -> Node 0
Jul 14 11:20:04 172.20.224.114 kernel: [    0.017134] SRAT: PXM 0 -> APIC 0x003f -> Node 0
Jul 14 11:20:04 172.20.224.114 kernel: [    0.017136] SRAT: PXM 0 -> APIC 0x0040 -> Node 0
Jul 14 11:20:04 172.20.224.114 kernel: [    0.017137] SRAT: PXM 0 -> APIC 0x0041 -> Node 0
Jul 14 11:20:04 172.20.224.114 kernel: [    0.017138] SRAT: PXM 0 -> APIC 0x0042 -> Node 0
Jul 14 11:20:04 172.20.224.114 kernel: [    0.017139] SRAT: PXM 0 -> APIC 0x0043 -> Node 0
Jul 14 11:20:04 172.20.224.114 kernel: [    0.017140] SRAT: PXM 0 -> APIC 0x0044 -> Node 0
Jul 14 11:20:04 172.20.224.114 kernel: [    0.017142] SRAT: PXM 0 -> APIC 0x0045 -> Node 0
Jul 14 11:20:04 172.20.224.114 kernel: [    0.017143] SRAT: PXM 0 -> APIC 0x0046 -> Node 0
Jul 14 11:20:04 172.20.224.114 kernel: [    0.017144] SRAT: PXM 0 -> APIC 0x0047 -> Node 0
Jul 14 11:20:04 172.20.224.114 kernel: [    0.017145] SRAT: PXM 0 -> APIC 0x0048 -> Node 0
Jul 14 11:20:04 172.20.224.114 kernel: [    0.017146] SRAT: PXM 0 -> APIC 0x0049 -> Node 0
Jul 14 11:20:04 172.20.224.114 kernel: [    0.017148] SRAT: PXM 0 -> APIC 0x004a -> Node 0
Jul 14 11:20:04 172.20.224.114 kernel: [    0.017149] SRAT: PXM 0 -> APIC 0x004b -> Node 0
Jul 14 11:20:04 172.20.224.114 kernel: [    0.017150] SRAT: PXM 0 -> APIC 0x004c -> Node 0
Jul 14 11:20:04 172.20.224.114 kernel: [    0.017151] SRAT: PXM 0 -> APIC 0x004d -> Node 0
Jul 14 11:20:04 172.20.224.114 kernel: [    0.017152] SRAT: PXM 0 -> APIC 0x004e -> Node 0
Jul 14 11:20:04 172.20.224.114 kernel: [    0.017154] SRAT: PXM 0 -> APIC 0x004f -> Node 0
Jul 14 11:20:04 172.20.224.114 kernel: [    0.017155] SRAT: PXM 0 -> APIC 0x0050 -> Node 0
Jul 14 11:20:04 172.20.224.114 kernel: [    0.017156] SRAT: PXM 0 -> APIC 0x0051 -> Node 0
Jul 14 11:20:04 172.20.224.114 kernel: [    0.017157] SRAT: PXM 0 -> APIC 0x0052 -> Node 0
Jul 14 11:20:04 172.20.224.114 kernel: [    0.017158] SRAT: PXM 0 -> APIC 0x0053 -> Node 0
Jul 14 11:20:04 172.20.224.114 kernel: [    0.017160] SRAT: PXM 0 -> APIC 0x0054 -> Node 0
Jul 14 11:20:04 172.20.224.114 kernel: [    0.017161] SRAT: PXM 0 -> APIC 0x0055 -> Node 0
Jul 14 11:20:04 172.20.224.114 kernel: [    0.017162] SRAT: PXM 0 -> APIC 0x0056 -> Node 0
Jul 14 11:20:04 172.20.224.114 kernel: [    0.017163] SRAT: PXM 0 -> APIC 0x0057 -> Node 0
Jul 14 11:20:04 172.20.224.114 kernel: [    0.017164] SRAT: PXM 0 -> APIC 0x0058 -> Node 0
Jul 14 11:20:04 172.20.224.114 kernel: [    0.017166] SRAT: PXM 0 -> APIC 0x0059 -> Node 0
Jul 14 11:20:04 172.20.224.114 kernel: [    0.017167] SRAT: PXM 0 -> APIC 0x005a -> Node 0
Jul 14 11:20:04 172.20.224.114 kernel: [    0.017168] SRAT: PXM 0 -> APIC 0x005b -> Node 0
Jul 14 11:20:04 172.20.224.114 kernel: [    0.017169] SRAT: PXM 0 -> APIC 0x005c -> Node 0
Jul 14 11:20:04 172.20.224.114 kernel: [    0.017170] SRAT: PXM 0 -> APIC 0x005d -> Node 0
Jul 14 11:20:04 172.20.224.114 kernel: [    0.017172] SRAT: PXM 0 -> APIC 0x005e -> Node 0
Jul 14 11:20:04 172.20.224.114 kernel: [    0.017173] SRAT: PXM 0 -> APIC 0x005f -> Node 0
Jul 14 11:20:04 172.20.224.114 kernel: [    0.017174] SRAT: PXM 0 -> APIC 0x0060 -> Node 0
Jul 14 11:20:04 172.20.224.114 kernel: [    0.017175] SRAT: PXM 0 -> APIC 0x0061 -> Node 0
Jul 14 11:20:04 172.20.224.114 kernel: [    0.017176] SRAT: PXM 0 -> APIC 0x0062 -> Node 0
Jul 14 11:20:04 172.20.224.114 kernel: [    0.017178] SRAT: PXM 0 -> APIC 0x0063 -> Node 0
Jul 14 11:20:04 172.20.224.114 kernel: [    0.017179] SRAT: PXM 0 -> APIC 0x0064 -> Node 0
Jul 14 11:20:04 172.20.224.114 kernel: [    0.017180] SRAT: PXM 0 -> APIC 0x0065 -> Node 0
Jul 14 11:20:04 172.20.224.114 kernel: [    0.017181] SRAT: PXM 0 -> APIC 0x0066 -> Node 0
Jul 14 11:20:04 172.20.224.114 kernel: [    0.017182] SRAT: PXM 0 -> APIC 0x0067 -> Node 0
Jul 14 11:20:04 172.20.224.114 kernel: [    0.017184] SRAT: PXM 0 -> APIC 0x0068 -> Node 0
Jul 14 11:20:04 172.20.224.114 kernel: [    0.017185] SRAT: PXM 0 -> APIC 0x0069 -> Node 0
Jul 14 11:20:04 172.20.224.114 kernel: [    0.017186] SRAT: PXM 0 -> APIC 0x006a -> Node 0
Jul 14 11:20:04 172.20.224.114 kernel: [    0.017187] SRAT: PXM 0 -> APIC 0x006b -> Node 0
Jul 14 11:20:04 172.20.224.114 kernel: [    0.017188] SRAT: PXM 0 -> APIC 0x006c -> Node 0
Jul 14 11:20:04 172.20.224.114 kernel: [    0.017190] SRAT: PXM 0 -> APIC 0x006d -> Node 0
Jul 14 11:20:04 172.20.224.114 kernel: [    0.017191] SRAT: PXM 0 -> APIC 0x006e -> Node 0
Jul 14 11:20:04 172.20.224.114 kernel: [    0.017192] SRAT: PXM 0 -> APIC 0x006f -> Node 0
Jul 14 11:20:04 172.20.224.114 kernel: [    0.017193] SRAT: PXM 1 -> APIC 0x0080 -> Node 1
Jul 14 11:20:04 172.20.224.114 kernel: [    0.017195] SRAT: PXM 1 -> APIC 0x0081 -> Node 1
Jul 14 11:20:04 172.20.224.114 kernel: [    0.017196] SRAT: PXM 1 -> APIC 0x0082 -> Node 1
Jul 14 11:20:04 172.20.224.114 kernel: [    0.017197] SRAT: PXM 1 -> APIC 0x0083 -> Node 1
Jul 14 11:20:04 172.20.224.114 kernel: [    0.017198] SRAT: PXM 1 -> APIC 0x0084 -> Node 1
Jul 14 11:20:04 172.20.224.114 kernel: [    0.017199] SRAT: PXM 1 -> APIC 0x0085 -> Node 1
Jul 14 11:20:04 172.20.224.114 kernel: [    0.017201] SRAT: PXM 1 -> APIC 0x0086 -> Node 1
Jul 14 11:20:04 172.20.224.114 kernel: [    0.017202] SRAT: PXM 1 -> APIC 0x0087 -> Node 1
Jul 14 11:20:04 172.20.224.114 kernel: [    0.017203] SRAT: PXM 1 -> APIC 0x0088 -> Node 1
Jul 14 11:20:04 172.20.224.114 kernel: [    0.017204] SRAT: PXM 1 -> APIC 0x0089 -> Node 1
Jul 14 11:20:04 172.20.224.114 kernel: [    0.017205] SRAT: PXM 1 -> APIC 0x008a -> Node 1
Jul 14 11:20:04 172.20.224.114 kernel: [    0.017207] SRAT: PXM 1 -> APIC 0x008b -> Node 1
Jul 14 11:20:04 172.20.224.114 kernel: [    0.017208] SRAT: PXM 1 -> APIC 0x008c -> Node 1
Jul 14 11:20:04 172.20.224.114 kernel: [    0.017209] SRAT: PXM 1 -> APIC 0x008d -> Node 1
Jul 14 11:20:04 172.20.224.114 kernel: [    0.017210] SRAT: PXM 1 -> APIC 0x008e -> Node 1
Jul 14 11:20:04 172.20.224.114 kernel: [    0.017211] SRAT: PXM 1 -> APIC 0x008f -> Node 1
Jul 14 11:20:04 172.20.224.114 kernel: [    0.017213] SRAT: PXM 1 -> APIC 0x0090 -> Node 1
Jul 14 11:20:04 172.20.224.114 kernel: [    0.017214] SRAT: PXM 1 -> APIC 0x0091 -> Node 1
Jul 14 11:20:04 172.20.224.114 kernel: [    0.017215] SRAT: PXM 1 -> APIC 0x0092 -> Node 1
Jul 14 11:20:04 172.20.224.114 kernel: [    0.017216] SRAT: PXM 1 -> APIC 0x0093 -> Node 1
Jul 14 11:20:04 172.20.224.114 kernel: [    0.017217] SRAT: PXM 1 -> APIC 0x0094 -> Node 1
Jul 14 11:20:04 172.20.224.114 kernel: [    0.017219] SRAT: PXM 1 -> APIC 0x0095 -> Node 1
Jul 14 11:20:04 172.20.224.114 kernel: [    0.017220] SRAT: PXM 1 -> APIC 0x0096 -> Node 1
Jul 14 11:20:04 172.20.224.114 kernel: [    0.017221] SRAT: PXM 1 -> APIC 0x0097 -> Node 1
Jul 14 11:20:04 172.20.224.114 kernel: [    0.017222] SRAT: PXM 1 -> APIC 0x0098 -> Node 1
Jul 14 11:20:04 172.20.224.114 kernel: [    0.017223] SRAT: PXM 1 -> APIC 0x0099 -> Node 1
Jul 14 11:20:04 172.20.224.114 kernel: [    0.017225] SRAT: PXM 1 -> APIC 0x009a -> Node 1
Jul 14 11:20:04 172.20.224.114 kernel: [    0.017226] SRAT: PXM 1 -> APIC 0x009b -> Node 1
Jul 14 11:20:04 172.20.224.114 kernel: [    0.017227] SRAT: PXM 1 -> APIC 0x009c -> Node 1
Jul 14 11:20:04 172.20.224.114 kernel: [    0.017228] SRAT: PXM 1 -> APIC 0x009d -> Node 1
Jul 14 11:20:04 172.20.224.114 kernel: [    0.017229] SRAT: PXM 1 -> APIC 0x009e -> Node 1
Jul 14 11:20:04 172.20.224.114 kernel: [    0.017231] SRAT: PXM 1 -> APIC 0x009f -> Node 1
Jul 14 11:20:04 172.20.224.114 kernel: [    0.017232] SRAT: PXM 1 -> APIC 0x00a0 -> Node 1
Jul 14 11:20:04 172.20.224.114 kernel: [    0.017233] SRAT: PXM 1 -> APIC 0x00a1 -> Node 1
Jul 14 11:20:04 172.20.224.114 kernel: [    0.017234] SRAT: PXM 1 -> APIC 0x00a2 -> Node 1
Jul 14 11:20:04 172.20.224.114 kernel: [    0.017235] SRAT: PXM 1 -> APIC 0x00a3 -> Node 1
Jul 14 11:20:04 172.20.224.114 kernel: [    0.017237] SRAT: PXM 1 -> APIC 0x00a4 -> Node 1
Jul 14 11:20:04 172.20.224.114 kernel: [    0.017238] SRAT: PXM 1 -> APIC 0x00a5 -> Node 1
Jul 14 11:20:04 172.20.224.114 kernel: [    0.017239] SRAT: PXM 1 -> APIC 0x00a6 -> Node 1
Jul 14 11:20:04 172.20.224.114 kernel: [    0.017240] SRAT: PXM 1 -> APIC 0x00a7 -> Node 1
Jul 14 11:20:04 172.20.224.114 kernel: [    0.017241] SRAT: PXM 1 -> APIC 0x00a8 -> Node 1
Jul 14 11:20:04 172.20.224.114 kernel: [    0.017243] SRAT: PXM 1 -> APIC 0x00a9 -> Node 1
Jul 14 11:20:04 172.20.224.114 kernel: [    0.017244] SRAT: PXM 1 -> APIC 0x00aa -> Node 1
Jul 14 11:20:04 172.20.224.114 kernel: [    0.017245] SRAT: PXM 1 -> APIC 0x00ab -> Node 1
Jul 14 11:20:04 172.20.224.114 kernel: [    0.017246] SRAT: PXM 1 -> APIC 0x00ac -> Node 1
Jul 14 11:20:04 172.20.224.114 kernel: [    0.017247] SRAT: PXM 1 -> APIC 0x00ad -> Node 1
Jul 14 11:20:04 172.20.224.114 kernel: [    0.017249] SRAT: PXM 1 -> APIC 0x00ae -> Node 1
Jul 14 11:20:04 172.20.224.114 kernel: [    0.017250] SRAT: PXM 1 -> APIC 0x00af -> Node 1
Jul 14 11:20:04 172.20.224.114 kernel: [    0.017251] SRAT: PXM 1 -> APIC 0x00b0 -> Node 1
Jul 14 11:20:04 172.20.224.114 kernel: [    0.017252] SRAT: PXM 1 -> APIC 0x00b1 -> Node 1
Jul 14 11:20:04 172.20.224.114 kernel: [    0.017253] SRAT: PXM 1 -> APIC 0x00b2 -> Node 1
Jul 14 11:20:04 172.20.224.114 kernel: [    0.017255] SRAT: PXM 1 -> APIC 0x00b3 -> Node 1
Jul 14 11:20:04 172.20.224.114 kernel: [    0.017256] SRAT: PXM 1 -> APIC 0x00b4 -> Node 1
Jul 14 11:20:04 172.20.224.114 kernel: [    0.017257] SRAT: PXM 1 -> APIC 0x00b5 -> Node 1
Jul 14 11:20:04 172.20.224.114 kernel: [    0.017258] SRAT: PXM 1 -> APIC 0x00b6 -> Node 1
Jul 14 11:20:04 172.20.224.114 kernel: [    0.017259] SRAT: PXM 1 -> APIC 0x00b7 -> Node 1
Jul 14 11:20:04 172.20.224.114 kernel: [    0.017261] SRAT: PXM 1 -> APIC 0x00b8 -> Node 1
Jul 14 11:20:04 172.20.224.114 kernel: [    0.017262] SRAT: PXM 1 -> APIC 0x00b9 -> Node 1
Jul 14 11:20:04 172.20.224.114 kernel: [    0.017263] SRAT: PXM 1 -> APIC 0x00ba -> Node 1
Jul 14 11:20:04 172.20.224.114 kernel: [    0.017264] SRAT: PXM 1 -> APIC 0x00bb -> Node 1
Jul 14 11:20:04 172.20.224.114 kernel: [    0.017265] SRAT: PXM 1 -> APIC 0x00bc -> Node 1
Jul 14 11:20:04 172.20.224.114 kernel: [    0.017267] SRAT: PXM 1 -> APIC 0x00bd -> Node 1
Jul 14 11:20:04 172.20.224.114 kernel: [    0.017268] SRAT: PXM 1 -> APIC 0x00be -> Node 1
Jul 14 11:20:04 172.20.224.114 kernel: [    0.017269] SRAT: PXM 1 -> APIC 0x00bf -> Node 1
Jul 14 11:20:04 172.20.224.114 kernel: [    0.017270] SRAT: PXM 1 -> APIC 0x00c0 -> Node 1
Jul 14 11:20:04 172.20.224.114 kernel: [    0.017271] SRAT: PXM 1 -> APIC 0x00c1 -> Node 1
Jul 14 11:20:04 172.20.224.114 kernel: [    0.017273] SRAT: PXM 1 -> APIC 0x00c2 -> Node 1
Jul 14 11:20:04 172.20.224.114 kernel: [    0.017274] SRAT: PXM 1 -> APIC 0x00c3 -> Node 1
Jul 14 11:20:04 172.20.224.114 kernel: [    0.017275] SRAT: PXM 1 -> APIC 0x00c4 -> Node 1
Jul 14 11:20:04 172.20.224.114 kernel: [    0.017276] SRAT: PXM 1 -> APIC 0x00c5 -> Node 1
Jul 14 11:20:04 172.20.224.114 kernel: [    0.017277] SRAT: PXM 1 -> APIC 0x00c6 -> Node 1
Jul 14 11:20:04 172.20.224.114 kernel: [    0.017279] SRAT: PXM 1 -> APIC 0x00c7 -> Node 1
Jul 14 11:20:04 172.20.224.114 kernel: [    0.017280] SRAT: PXM 1 -> APIC 0x00c8 -> Node 1
Jul 14 11:20:04 172.20.224.114 kernel: [    0.017281] SRAT: PXM 1 -> APIC 0x00c9 -> Node 1
Jul 14 11:20:04 172.20.224.114 kernel: [    0.017282] SRAT: PXM 1 -> APIC 0x00ca -> Node 1
Jul 14 11:20:04 172.20.224.114 kernel: [    0.017283] SRAT: PXM 1 -> APIC 0x00cb -> Node 1
Jul 14 11:20:04 172.20.224.114 kernel: [    0.017285] SRAT: PXM 1 -> APIC 0x00cc -> Node 1
Jul 14 11:20:04 172.20.224.114 kernel: [    0.017286] SRAT: PXM 1 -> APIC 0x00cd -> Node 1
Jul 14 11:20:04 172.20.224.114 kernel: [    0.017287] SRAT: PXM 1 -> APIC 0x00ce -> Node 1
Jul 14 11:20:04 172.20.224.114 kernel: [    0.017288] SRAT: PXM 1 -> APIC 0x00cf -> Node 1
Jul 14 11:20:04 172.20.224.114 kernel: [    0.017289] SRAT: PXM 1 -> APIC 0x00d0 -> Node 1
Jul 14 11:20:04 172.20.224.114 kernel: [    0.017291] SRAT: PXM 1 -> APIC 0x00d1 -> Node 1
Jul 14 11:20:04 172.20.224.114 kernel: [    0.017292] SRAT: PXM 1 -> APIC 0x00d2 -> Node 1
Jul 14 11:20:04 172.20.224.114 kernel: [    0.017293] SRAT: PXM 1 -> APIC 0x00d3 -> Node 1
Jul 14 11:20:04 172.20.224.114 kernel: [    0.017294] SRAT: PXM 1 -> APIC 0x00d4 -> Node 1
Jul 14 11:20:04 172.20.224.114 kernel: [    0.017295] SRAT: PXM 1 -> APIC 0x00d5 -> Node 1
Jul 14 11:20:04 172.20.224.114 kernel: [    0.017296] SRAT: PXM 1 -> APIC 0x00d6 -> Node 1
Jul 14 11:20:04 172.20.224.114 kernel: [    0.017298] SRAT: PXM 1 -> APIC 0x00d7 -> Node 1
Jul 14 11:20:04 172.20.224.114 kernel: [    0.017299] SRAT: PXM 1 -> APIC 0x00d8 -> Node 1
Jul 14 11:20:04 172.20.224.114 kernel: [    0.017300] SRAT: PXM 1 -> APIC 0x00d9 -> Node 1
Jul 14 11:20:04 172.20.224.114 kernel: [    0.017301] SRAT: PXM 1 -> APIC 0x00da -> Node 1
Jul 14 11:20:04 172.20.224.114 kernel: [    0.017302] SRAT: PXM 1 -> APIC 0x00db -> Node 1
Jul 14 11:20:04 172.20.224.114 kernel: [    0.017304] SRAT: PXM 1 -> APIC 0x00dc -> Node 1
Jul 14 11:20:04 172.20.224.114 kernel: [    0.017305] SRAT: PXM 1 -> APIC 0x00dd -> Node 1
Jul 14 11:20:04 172.20.224.114 kernel: [    0.017306] SRAT: PXM 1 -> APIC 0x00de -> Node 1
Jul 14 11:20:04 172.20.224.114 kernel: [    0.017307] SRAT: PXM 1 -> APIC 0x00df -> Node 1
Jul 14 11:20:04 172.20.224.114 kernel: [    0.017309] SRAT: PXM 1 -> APIC 0x00e0 -> Node 1
Jul 14 11:20:04 172.20.224.114 kernel: [    0.017310] SRAT: PXM 1 -> APIC 0x00e1 -> Node 1
Jul 14 11:20:04 172.20.224.114 kernel: [    0.017311] SRAT: PXM 1 -> APIC 0x00e2 -> Node 1
Jul 14 11:20:04 172.20.224.114 kernel: [    0.017312] SRAT: PXM 1 -> APIC 0x00e3 -> Node 1
Jul 14 11:20:04 172.20.224.114 kernel: [    0.017313] SRAT: PXM 1 -> APIC 0x00e4 -> Node 1
Jul 14 11:20:04 172.20.224.114 kernel: [    0.017315] SRAT: PXM 1 -> APIC 0x00e5 -> Node 1
Jul 14 11:20:04 172.20.224.114 kernel: [    0.017316] SRAT: PXM 1 -> APIC 0x00e6 -> Node 1
Jul 14 11:20:04 172.20.224.114 kernel: [    0.017317] SRAT: PXM 1 -> APIC 0x00e7 -> Node 1
Jul 14 11:20:04 172.20.224.114 kernel: [    0.017318] SRAT: PXM 1 -> APIC 0x00e8 -> Node 1
Jul 14 11:20:04 172.20.224.114 kernel: [    0.017319] SRAT: PXM 1 -> APIC 0x00e9 -> Node 1
Jul 14 11:20:04 172.20.224.114 kernel: [    0.017321] SRAT: PXM 1 -> APIC 0x00ea -> Node 1
Jul 14 11:20:04 172.20.224.114 kernel: [    0.017322] SRAT: PXM 1 -> APIC 0x00eb -> Node 1
Jul 14 11:20:04 172.20.224.114 kernel: [    0.017323] SRAT: PXM 1 -> APIC 0x00ec -> Node 1
Jul 14 11:20:04 172.20.224.114 kernel: [    0.017324] SRAT: PXM 1 -> APIC 0x00ed -> Node 1
Jul 14 11:20:04 172.20.224.114 kernel: [    0.017325] SRAT: PXM 1 -> APIC 0x00ee -> Node 1
Jul 14 11:20:04 172.20.224.114 kernel: [    0.017327] SRAT: PXM 1 -> APIC 0x00ef -> Node 1
Jul 14 11:20:04 172.20.224.114 kernel: [    0.017345] ACPI: SRAT: Node 0 PXM 0 [mem 0x00000000-0x7fffffff]
Jul 14 11:20:04 172.20.224.114 kernel: [    0.017348] ACPI: SRAT: Node 0 PXM 0 [mem 0x100000000-0x1007fffffff]
Jul 14 11:20:04 172.20.224.114 kernel: [    0.017350] ACPI: SRAT: Node 1 PXM 1 [mem 0x10080000000-0x2007fffffff]
Jul 14 11:20:04 172.20.224.114 kernel: [    0.017368] NUMA: Initialized distance table, cnt=2
Jul 14 11:20:04 172.20.224.114 kernel: [    0.017370] NUMA: Node 0 [mem 0x00000000-0x7fffffff] + [mem 0x100000000-0x1007fffffff] -> [mem 0x00000000-0x1007fffffff]
Jul 14 11:20:04 172.20.224.114 kernel: [    0.017384] NODE_DATA(0) allocated [mem 0x1007ffd6000-0x1007fffffff]
Jul 14 11:20:04 172.20.224.114 kernel: [    0.017404] NODE_DATA(1) allocated [mem 0x2007ffd2000-0x2007fffbfff]
Jul 14 11:20:04 172.20.224.114 kernel: [    0.020916] Zone ranges:
Jul 14 11:20:04 172.20.224.114 kernel: [    0.020917]   DMA      [mem 0x0000000000001000-0x0000000000ffffff]
Jul 14 11:20:04 172.20.224.114 kernel: [    0.020921]   DMA32    [mem 0x0000000001000000-0x00000000ffffffff]
Jul 14 11:20:04 172.20.224.114 kernel: [    0.020923]   Normal   [mem 0x0000000100000000-0x000002007fffffff]
Jul 14 11:20:04 172.20.224.114 kernel: [    0.020925]   Device   empty
Jul 14 11:20:04 172.20.224.114 kernel: [    0.020927] Movable zone start for each node
Jul 14 11:20:04 172.20.224.114 kernel: [    0.020931] Early memory node ranges
Jul 14 11:20:04 172.20.224.114 kernel: [    0.020932]   node   0: [mem 0x0000000000001000-0x000000000009ffff]
Jul 14 11:20:04 172.20.224.114 kernel: [    0.020934]   node   0: [mem 0x0000000000100000-0x000000006868cfff]
Jul 14 11:20:04 172.20.224.114 kernel: [    0.020936]   node   0: [mem 0x0000000068690000-0x000000006f702fff]
Jul 14 11:20:04 172.20.224.114 kernel: [    0.020938]   node   0: [mem 0x00000000777ff000-0x00000000777fffff]
Jul 14 11:20:04 172.20.224.114 kernel: [    0.020939]   node   0: [mem 0x0000000100000000-0x000001007fffffff]
Jul 14 11:20:04 172.20.224.114 kernel: [    0.021080]   node   1: [mem 0x0000010080000000-0x000002007fffffff]
Jul 14 11:20:04 172.20.224.114 kernel: [    0.021222] Initmem setup node 0 [mem 0x0000000000001000-0x000001007fffffff]
Jul 14 11:20:04 172.20.224.114 kernel: [    0.021227] Initmem setup node 1 [mem 0x0000010080000000-0x000002007fffffff]
Jul 14 11:20:04 172.20.224.114 kernel: [    0.021232] On node 0, zone DMA: 1 pages in unavailable ranges
Jul 14 11:20:04 172.20.224.114 kernel: [    0.021275] On node 0, zone DMA: 96 pages in unavailable ranges
Jul 14 11:20:04 172.20.224.114 kernel: [    0.025866] On node 0, zone DMA32: 3 pages in unavailable ranges
Jul 14 11:20:04 172.20.224.114 kernel: [    0.026462] On node 0, zone DMA32: 33020 pages in unavailable ranges
Jul 14 11:20:04 172.20.224.114 kernel: [    2.761036] On node 0, zone Normal: 2048 pages in unavailable ranges
Jul 14 11:20:04 172.20.224.114 kernel: [    6.299545] ACPI: PM-Timer IO Port: 0x508
Jul 14 11:20:04 172.20.224.114 kernel: [    6.299591] ACPI: X2APIC_NMI (uid[0xffffffff] high edge lint[0x1])
Jul 14 11:20:04 172.20.224.114 kernel: [    6.299597] ACPI: LAPIC_NMI (acpi_id[0xff] high edge lint[0x1])
Jul 14 11:20:04 172.20.224.114 kernel: [    6.299617] IOAPIC[0]: apic_id 8, version 32, address 0xfec00000, GSI 0-23
Jul 14 11:20:04 172.20.224.114 kernel: [    6.299622] ACPI: INT_SRC_OVR (bus 0 bus_irq 0 global_irq 2 dfl dfl)
Jul 14 11:20:04 172.20.224.114 kernel: [    6.299625] ACPI: INT_SRC_OVR (bus 0 bus_irq 9 global_irq 9 high level)
Jul 14 11:20:04 172.20.224.114 kernel: [    6.299631] ACPI: Using ACPI (MADT) for SMP configuration information
Jul 14 11:20:04 172.20.224.114 kernel: [    6.299633] ACPI: HPET id: 0x8086a701 base: 0xfed00000
Jul 14 11:20:04 172.20.224.114 kernel: [    6.299638] ACPI: SPCR: console: uart,io,0x3f8,115200
Jul 14 11:20:04 172.20.224.114 kernel: [    6.299641] TSC deadline timer available
Jul 14 11:20:04 172.20.224.114 kernel: [    6.299643] smpboot: Allowing 224 CPUs, 0 hotplug CPUs
Jul 14 11:20:04 172.20.224.114 kernel: [    6.299674] PM: hibernation: Registered nosave memory: [mem 0x00000000-0x00000fff]
Jul 14 11:20:04 172.20.224.114 kernel: [    6.299677] PM: hibernation: Registered nosave memory: [mem 0x000a0000-0x000fffff]
Jul 14 11:20:04 172.20.224.114 kernel: [    6.299680] PM: hibernation: Registered nosave memory: [mem 0x62a04000-0x62a04fff]
Jul 14 11:20:04 172.20.224.114 kernel: [    6.299683] PM: hibernation: Registered nosave memory: [mem 0x62a57000-0x62a57fff]
Jul 14 11:20:04 172.20.224.114 kernel: [    6.299685] PM: hibernation: Registered nosave memory: [mem 0x62a58000-0x62a58fff]
Jul 14 11:20:04 172.20.224.114 kernel: [    6.299687] PM: hibernation: Registered nosave memory: [mem 0x62aab000-0x62aabfff]
Jul 14 11:20:04 172.20.224.114 kernel: [    6.299689] PM: hibernation: Registered nosave memory: [mem 0x62aac000-0x62aacfff]
Jul 14 11:20:04 172.20.224.114 kernel: [    6.299691] PM: hibernation: Registered nosave memory: [mem 0x62b6b000-0x62b6bfff]
Jul 14 11:20:04 172.20.224.114 kernel: [    6.299693] PM: hibernation: Registered nosave memory: [mem 0x62b6c000-0x62b6cfff]
Jul 14 11:20:04 172.20.224.114 kernel: [    6.299695] PM: hibernation: Registered nosave memory: [mem 0x62c2b000-0x62c2bfff]
Jul 14 11:20:04 172.20.224.114 kernel: [    6.299698] PM: hibernation: Registered nosave memory: [mem 0x62db1000-0x62db1fff]
Jul 14 11:20:04 172.20.224.114 kernel: [    6.299701] PM: hibernation: Registered nosave memory: [mem 0x62e70000-0x62e70fff]
Jul 14 11:20:04 172.20.224.114 kernel: [    6.299703] PM: hibernation: Registered nosave memory: [mem 0x63c5d000-0x63c5dfff]
Jul 14 11:20:04 172.20.224.114 kernel: [    6.299706] PM: hibernation: Registered nosave memory: [mem 0x63d1c000-0x63d1cfff]
Jul 14 11:20:04 172.20.224.114 kernel: [    6.299707] PM: hibernation: Registered nosave memory: [mem 0x63d1d000-0x63d1dfff]
Jul 14 11:20:04 172.20.224.114 kernel: [    6.299710] PM: hibernation: Registered nosave memory: [mem 0x63d55000-0x63d55fff]
Jul 14 11:20:04 172.20.224.114 kernel: [    6.299713] PM: hibernation: Registered nosave memory: [mem 0x6868d000-0x6868ffff]
Jul 14 11:20:04 172.20.224.114 kernel: [    6.299715] PM: hibernation: Registered nosave memory: [mem 0x6f703000-0x71802fff]
Jul 14 11:20:04 172.20.224.114 kernel: [    6.299716] PM: hibernation: Registered nosave memory: [mem 0x71803000-0x72102fff]
Jul 14 11:20:04 172.20.224.114 kernel: [    6.299718] PM: hibernation: Registered nosave memory: [mem 0x72103000-0x7530efff]
Jul 14 11:20:04 172.20.224.114 kernel: [    6.299719] PM: hibernation: Registered nosave memory: [mem 0x7530f000-0x777fefff]
Jul 14 11:20:04 172.20.224.114 kernel: [    6.299722] PM: hibernation: Registered nosave memory: [mem 0x77800000-0x8fffffff]
Jul 14 11:20:04 172.20.224.114 kernel: [    6.299723] PM: hibernation: Registered nosave memory: [mem 0x90000000-0xfe00ffff]
Jul 14 11:20:04 172.20.224.114 kernel: [    6.299724] PM: hibernation: Registered nosave memory: [mem 0xfe010000-0xfe010fff]
Jul 14 11:20:04 172.20.224.114 kernel: [    6.299725] PM: hibernation: Registered nosave memory: [mem 0xfe011000-0xfeffffff]
Jul 14 11:20:04 172.20.224.114 kernel: [    6.299727] PM: hibernation: Registered nosave memory: [mem 0xff000000-0xffffffff]
Jul 14 11:20:04 172.20.224.114 kernel: [    6.299729] [mem 0x90000000-0xfe00ffff] available for PCI devices
Jul 14 11:20:04 172.20.224.114 kernel: [    6.299731] Booting paravirtualized kernel on bare hardware
Jul 14 11:20:04 172.20.224.114 kernel: [    6.299734] clocksource: refined-jiffies: mask: 0xffffffff max_cycles: 0xffffffff, max_idle_ns: 7645519600211568 ns
Jul 14 11:20:04 172.20.224.114 kernel: [    6.299744] setup_percpu: NR_CPUS:8192 nr_cpumask_bits:224 nr_cpu_ids:224 nr_node_ids:2
Jul 14 11:20:04 172.20.224.114 kernel: [    6.311541] percpu: Embedded 62 pages/cpu s217088 r8192 d28672 u262144
Jul 14 11:20:04 172.20.224.114 kernel: [    6.311561] pcpu-alloc: s217088 r8192 d28672 u262144 alloc=1*2097152
Jul 14 11:20:04 172.20.224.114 kernel: [    6.311564] pcpu-alloc: [0] 000 001 002 003 004 005 006 007 
Jul 14 11:20:04 172.20.224.114 kernel: [    6.311572] pcpu-alloc: [0] 008 009 010 011 012 013 014 015 
Jul 14 11:20:04 172.20.224.114 kernel: [    6.311578] pcpu-alloc: [0] 016 017 018 019 020 021 022 023 
Jul 14 11:20:04 172.20.224.114 kernel: [    6.311585] pcpu-alloc: [0] 024 025 026 027 028 029 030 031 
Jul 14 11:20:04 172.20.224.114 kernel: [    6.311591] pcpu-alloc: [0] 032 033 034 035 036 037 038 039 
Jul 14 11:20:04 172.20.224.114 kernel: [    6.311597] pcpu-alloc: [0] 040 041 042 043 044 045 046 047 
Jul 14 11:20:04 172.20.224.114 kernel: [    6.311603] pcpu-alloc: [0] 048 049 050 051 052 053 054 055 
Jul 14 11:20:04 172.20.224.114 kernel: [    6.311609] pcpu-alloc: [0] 112 113 114 115 116 117 118 119 
Jul 14 11:20:04 172.20.224.114 kernel: [    6.311616] pcpu-alloc: [0] 120 121 122 123 124 125 126 127 
Jul 14 11:20:04 172.20.224.114 kernel: [    6.311622] pcpu-alloc: [0] 128 129 130 131 132 133 134 135 
Jul 14 11:20:04 172.20.224.114 kernel: [    6.311628] pcpu-alloc: [0] 136 137 138 139 140 141 142 143 
Jul 14 11:20:04 172.20.224.114 kernel: [    6.311635] pcpu-alloc: [0] 144 145 146 147 148 149 150 151 
Jul 14 11:20:04 172.20.224.114 kernel: [    6.311641] pcpu-alloc: [0] 152 153 154 155 156 157 158 159 
Jul 14 11:20:04 172.20.224.114 kernel: [    6.311647] pcpu-alloc: [0] 160 161 162 163 164 165 166 167 
Jul 14 11:20:04 172.20.224.114 kernel: [    6.311654] pcpu-alloc: [1] 056 057 058 059 060 061 062 063 
Jul 14 11:20:04 172.20.224.114 kernel: [    6.311660] pcpu-alloc: [1] 064 065 066 067 068 069 070 071 
Jul 14 11:20:04 172.20.224.114 kernel: [    6.311666] pcpu-alloc: [1] 072 073 074 075 076 077 078 079 
Jul 14 11:20:04 172.20.224.114 kernel: [    6.311672] pcpu-alloc: [1] 080 081 082 083 084 085 086 087 
Jul 14 11:20:04 172.20.224.114 kernel: [    6.311678] pcpu-alloc: [1] 088 089 090 091 092 093 094 095 
Jul 14 11:20:04 172.20.224.114 kernel: [    6.311684] pcpu-alloc: [1] 096 097 098 099 100 101 102 103 
Jul 14 11:20:04 172.20.224.114 kernel: [    6.311690] pcpu-alloc: [1] 104 105 106 107 108 109 110 111 
Jul 14 11:20:04 172.20.224.114 kernel: [    6.311697] pcpu-alloc: [1] 168 169 170 171 172 173 174 175 
Jul 14 11:20:04 172.20.224.114 kernel: [    6.311703] pcpu-alloc: [1] 176 177 178 179 180 181 182 183 
Jul 14 11:20:04 172.20.224.114 kernel: [    6.311709] pcpu-alloc: [1] 184 185 186 187 188 189 190 191 
Jul 14 11:20:04 172.20.224.114 kernel: [    6.311715] pcpu-alloc: [1] 192 193 194 195 196 197 198 199 
Jul 14 11:20:04 172.20.224.114 kernel: [    6.311721] pcpu-alloc: [1] 200 201 202 203 204 205 206 207 
Jul 14 11:20:04 172.20.224.114 kernel: [    6.311727] pcpu-alloc: [1] 208 209 210 211 212 213 214 215 
Jul 14 11:20:04 172.20.224.114 kernel: [    6.311734] pcpu-alloc: [1] 216 217 218 219 220 221 222 223 
Jul 14 11:20:04 172.20.224.114 kernel: [    6.311823] Built 2 zonelists, mobility grouping on.  Total pages: 528415268
Jul 14 11:20:04 172.20.224.114 kernel: [    6.311826] Policy zone: Normal
Jul 14 11:20:04 172.20.224.114 kernel: [    6.311828] Kernel command line: BOOT_IMAGE=(tftp)/category/vmlinuz.dgx-h200 nouveau.modeset=0 nvme_core.multipath=n console=tty0 rw BOOTIF=01-c4-70-bd-f7-fb-61 ip=172.20.224.114:172.20.224.14:0xac14e001:0xffffff00
Jul 14 11:20:04 172.20.224.114 kernel: [    6.311949] Unknown kernel command line parameters "BOOT_IMAGE=(tftp)/category/vmlinuz.dgx-h200 BOOTIF=01-c4-70-bd-f7-fb-61 ip=172.20.224.114:172.20.224.14:0xac14e001:0xffffff00", will be passed to user space.
Jul 14 11:20:04 172.20.224.114 kernel: [    6.311952] printk: log_buf_len individual max cpu contribution: 4096 bytes
Jul 14 11:20:04 172.20.224.114 kernel: [    6.311954] printk: log_buf_len total cpu_extra contributions: 913408 bytes
Jul 14 11:20:04 172.20.224.114 kernel: [    6.311955] printk: log_buf_len min size: 262144 bytes
Jul 14 11:20:04 172.20.224.114 kernel: [    6.314273] printk: log_buf_len: 2097152 bytes
Jul 14 11:20:04 172.20.224.114 kernel: [    6.314274] printk: early log buf free: 222360(84%)
Jul 14 11:20:04 172.20.224.114 kernel: [    6.321655] mem auto-init: stack:off, heap alloc:on, heap free:off
Jul 14 11:20:04 172.20.224.114 kernel: [   11.381888] Memory: 2113151092K/2147211904K available (16392K kernel code, 4400K rwdata, 11004K rodata, 3376K init, 18688K bss, 34060608K reserved, 0K cma-reserved)
Jul 14 11:20:04 172.20.224.114 kernel: [   11.385157] SLUB: HWalign=64, Order=0-3, MinObjects=0, CPUs=224, Nodes=2
Jul 14 11:20:04 172.20.224.114 kernel: [   11.385261] ftrace: allocating 50824 entries in 199 pages
Jul 14 11:20:04 172.20.224.114 kernel: [   11.419860] ftrace: allocated 199 pages with 5 groups
Jul 14 11:20:04 172.20.224.114 kernel: [   11.421182] rcu: Hierarchical RCU implementation.
Jul 14 11:20:04 172.20.224.114 kernel: [   11.421183] rcu: #011RCU restricting CPUs from NR_CPUS=8192 to nr_cpu_ids=224.
Jul 14 11:20:04 172.20.224.114 kernel: [   11.421186] #011Rude variant of Tasks RCU enabled.
Jul 14 11:20:04 172.20.224.114 kernel: [   11.421187] #011Tracing variant of Tasks RCU enabled.
Jul 14 11:20:04 172.20.224.114 kernel: [   11.421188] rcu: RCU calculated value of scheduler-enlistment delay is 25 jiffies.
Jul 14 11:20:04 172.20.224.114 kernel: [   11.421190] rcu: Adjusting geometry for rcu_fanout_leaf=16, nr_cpu_ids=224
Jul 14 11:20:04 172.20.224.114 kernel: [   11.427078] NR_IRQS: 524544, nr_irqs: 2216, preallocated irqs: 16
Jul 14 11:20:04 172.20.224.114 kernel: [   11.427795] random: crng init done
Jul 14 11:20:04 172.20.224.114 kernel: [   11.428276] Console: colour dummy device 80x25
Jul 14 11:20:04 172.20.224.114 kernel: [   11.429063] printk: console [tty0] enabled
Jul 14 11:20:04 172.20.224.114 kernel: [   11.429483] mempolicy: Enabling automatic NUMA balancing. Configure with numa_balancing= or the kernel.numa_balancing sysctl
Jul 14 11:20:04 172.20.224.114 kernel: [   11.429492] ACPI: Core revision 20210730
Jul 14 11:20:04 172.20.224.114 kernel: [   11.431968] clocksource: hpet: mask: 0xffffffff max_cycles: 0xffffffff, max_idle_ns: 76450417870 ns
Jul 14 11:20:04 172.20.224.114 kernel: [   11.432022] APIC: Switch to symmetric I/O mode setup
Jul 14 11:20:04 172.20.224.114 kernel: [   11.432026] DMAR: Host address width 52
Jul 14 11:20:04 172.20.224.114 kernel: [   11.432028] DMAR: DRHD base: 0x000000da7fc000 flags: 0x0
Jul 14 11:20:04 172.20.224.114 kernel: [   11.432036] DMAR: dmar0: reg_base_addr da7fc000 ver 6:0 cap 19ed008c40780c66 ecap 3ee9e86f050df
Jul 14 11:20:04 172.20.224.114 kernel: [   11.432041] DMAR: DRHD base: 0x000000ea7fc000 flags: 0x0
Jul 14 11:20:04 172.20.224.114 kernel: [   11.432046] DMAR: dmar1: reg_base_addr ea7fc000 ver 6:0 cap 19ed008c40780c66 ecap 3ee9e86f050df
Jul 14 11:20:04 172.20.224.114 kernel: [   11.432050] DMAR: DRHD base: 0x000000ef7fc000 flags: 0x0
Jul 14 11:20:04 172.20.224.114 kernel: [   11.432055] DMAR: dmar2: reg_base_addr ef7fc000 ver 6:0 cap 19ed008c40780c66 ecap 3ee9e86f050df
Jul 14 11:20:04 172.20.224.114 kernel: [   11.432059] DMAR: DRHD base: 0x000000f47fc000 flags: 0x0
Jul 14 11:20:04 172.20.224.114 kernel: [   11.432066] DMAR: dmar3: reg_base_addr f47fc000 ver 6:0 cap 19ed008c40780c66 ecap 3ee9e86f050df
Jul 14 11:20:04 172.20.224.114 kernel: [   11.432070] DMAR: DRHD base: 0x000000f97fc000 flags: 0x0
Jul 14 11:20:04 172.20.224.114 kernel: [   11.432074] DMAR: dmar4: reg_base_addr f97fc000 ver 6:0 cap 19ed008c40780c66 ecap 3ee9e86f050df
Jul 14 11:20:04 172.20.224.114 kernel: [   11.432079] DMAR: DRHD base: 0x000000d57fc000 flags: 0x0
Jul 14 11:20:04 172.20.224.114 kernel: [   11.432083] DMAR: dmar5: reg_base_addr d57fc000 ver 6:0 cap 19ed008c40780c66 ecap 3ee9e86f050df
Jul 14 11:20:04 172.20.224.114 kernel: [   11.432087] DMAR: DRHD base: 0x000000f9ffc000 flags: 0x0
Jul 14 11:20:04 172.20.224.114 kernel: [   11.432091] DMAR: dmar6: reg_base_addr f9ffc000 ver 6:0 cap 19ed008c40780c66 ecap 3ef9ea6f050df
Jul 14 11:20:04 172.20.224.114 kernel: [   11.432096] DMAR: DRHD base: 0x000000fa7fc000 flags: 0x0
Jul 14 11:20:04 172.20.224.114 kernel: [   11.432100] DMAR: dmar7: reg_base_addr fa7fc000 ver 6:0 cap 19ed008c40780c66 ecap 3ef9ea6f050df
Jul 14 11:20:04 172.20.224.114 kernel: [   11.432104] DMAR: DRHD base: 0x000000faffc000 flags: 0x0
Jul 14 11:20:04 172.20.224.114 kernel: [   11.432117] DMAR: dmar8: reg_base_addr faffc000 ver 6:0 cap 19ed008c40780c66 ecap 3ef9ea6f050df
Jul 14 11:20:04 172.20.224.114 kernel: [   11.432121] DMAR: DRHD base: 0x000000fb7fc000 flags: 0x0
Jul 14 11:20:04 172.20.224.114 kernel: [   11.432126] DMAR: dmar9: reg_base_addr fb7fc000 ver 6:0 cap 19ed008c40780c66 ecap 3ef9ea6f050df
Jul 14 11:20:04 172.20.224.114 kernel: [   11.432130] DMAR: DRHD base: 0x000000afffc000 flags: 0x0
Jul 14 11:20:04 172.20.224.114 kernel: [   11.432134] DMAR: dmar10: reg_base_addr afffc000 ver 6:0 cap 19ed008c40780c66 ecap 3ee9e86f050df
Jul 14 11:20:04 172.20.224.114 kernel: [   11.432138] DMAR: DRHD base: 0x000000bfffc000 flags: 0x0
Jul 14 11:20:04 172.20.224.114 kernel: [   11.432144] DMAR: dmar11: reg_base_addr bfffc000 ver 6:0 cap 19ed008c40780c66 ecap 3ee9e86f050df
Jul 14 11:20:04 172.20.224.114 kernel: [   11.432149] DMAR: DRHD base: 0x000000c4ffc000 flags: 0x0
Jul 14 11:20:04 172.20.224.114 kernel: [   11.432153] DMAR: dmar12: reg_base_addr c4ffc000 ver 6:0 cap 19ed008c40780c66 ecap 3ee9e86f050df
Jul 14 11:20:04 172.20.224.114 kernel: [   11.432157] DMAR: DRHD base: 0x000000c9ffc000 flags: 0x0
Jul 14 11:20:04 172.20.224.114 kernel: [   11.432161] DMAR: dmar13: reg_base_addr c9ffc000 ver 6:0 cap 19ed008c40780c66 ecap 3ee9e86f050df
Jul 14 11:20:04 172.20.224.114 kernel: [   11.432165] DMAR: DRHD base: 0x000000ceffc000 flags: 0x0
Jul 14 11:20:04 172.20.224.114 kernel: [   11.432169] DMAR: dmar14: reg_base_addr ceffc000 ver 6:0 cap 19ed008c40780c66 ecap 3ee9e86f050df
Jul 14 11:20:04 172.20.224.114 kernel: [   11.432173] DMAR: DRHD base: 0x000000cf7fc000 flags: 0x0
Jul 14 11:20:04 172.20.224.114 kernel: [   11.432178] DMAR: dmar15: reg_base_addr cf7fc000 ver 6:0 cap 19ed008c40780c66 ecap 3ef9ea6f050df
Jul 14 11:20:04 172.20.224.114 kernel: [   11.432182] DMAR: DRHD base: 0x000000cfffc000 flags: 0x0
Jul 14 11:20:04 172.20.224.114 kernel: [   11.432186] DMAR: dmar16: reg_base_addr cfffc000 ver 6:0 cap 19ed008c40780c66 ecap 3ef9ea6f050df
Jul 14 11:20:04 172.20.224.114 kernel: [   11.432190] DMAR: DRHD base: 0x000000d07fc000 flags: 0x0
Jul 14 11:20:04 172.20.224.114 kernel: [   11.432194] DMAR: dmar17: reg_base_addr d07fc000 ver 6:0 cap 19ed008c40780c66 ecap 3ef9ea6f050df
Jul 14 11:20:04 172.20.224.114 kernel: [   11.432198] DMAR: DRHD base: 0x000000d0ffc000 flags: 0x0
Jul 14 11:20:04 172.20.224.114 kernel: [   11.432202] DMAR: dmar18: reg_base_addr d0ffc000 ver 6:0 cap 19ed008c40780c66 ecap 3ef9ea6f050df
Jul 14 11:20:04 172.20.224.114 kernel: [   11.432206] DMAR: DRHD base: 0x000000aaffc000 flags: 0x1
Jul 14 11:20:04 172.20.224.114 kernel: [   11.432211] DMAR: dmar19: reg_base_addr aaffc000 ver 6:0 cap 19ed008c40780c66 ecap 3ee9e86f050df
Jul 14 11:20:04 172.20.224.114 kernel: [   11.432215] DMAR: RMRR base: 0x00000077290000 end: 0x000000772b2fff
Jul 14 11:20:04 172.20.224.114 kernel: [   11.432218] DMAR: RMRR base: 0x00000076f46000 end: 0x0000007718ffff
Jul 14 11:20:04 172.20.224.114 kernel: [   11.432221] DMAR: ATSR flags: 0x0
Jul 14 11:20:04 172.20.224.114 kernel: [   11.432223] DMAR: RHSA base: 0x000000aaffc000 proximity domain: 0x0
Jul 14 11:20:04 172.20.224.114 kernel: [   11.432226] DMAR: RHSA base: 0x000000afffc000 proximity domain: 0x0
Jul 14 11:20:04 172.20.224.114 kernel: [   11.432228] DMAR: RHSA base: 0x000000bfffc000 proximity domain: 0x0
Jul 14 11:20:04 172.20.224.114 kernel: [   11.432230] DMAR: RHSA base: 0x000000c4ffc000 proximity domain: 0x0
Jul 14 11:20:04 172.20.224.114 kernel: [   11.432232] DMAR: RHSA base: 0x000000c9ffc000 proximity domain: 0x0
Jul 14 11:20:04 172.20.224.114 kernel: [   11.432234] DMAR: RHSA base: 0x000000ceffc000 proximity domain: 0x0
Jul 14 11:20:04 172.20.224.114 kernel: [   11.432236] DMAR: RHSA base: 0x000000cf7fc000 proximity domain: 0x0
Jul 14 11:20:04 172.20.224.114 kernel: [   11.432238] DMAR: RHSA base: 0x000000cfffc000 proximity domain: 0x0
Jul 14 11:20:04 172.20.224.114 kernel: [   11.432241] DMAR: RHSA base: 0x000000d07fc000 proximity domain: 0x0
Jul 14 11:20:04 172.20.224.114 kernel: [   11.432243] DMAR: RHSA base: 0x000000d0ffc000 proximity domain: 0x0
Jul 14 11:20:04 172.20.224.114 kernel: [   11.432245] DMAR: RHSA base: 0x000000da7fc000 proximity domain: 0x1
Jul 14 11:20:04 172.20.224.114 kernel: [   11.432247] DMAR: RHSA base: 0x000000ea7fc000 proximity domain: 0x1
Jul 14 11:20:04 172.20.224.114 kernel: [   11.432249] DMAR: RHSA base: 0x000000ef7fc000 proximity domain: 0x1
Jul 14 11:20:04 172.20.224.114 kernel: [   11.432251] DMAR: RHSA base: 0x000000f47fc000 proximity domain: 0x1
Jul 14 11:20:04 172.20.224.114 kernel: [   11.432254] DMAR: RHSA base: 0x000000f97fc000 proximity domain: 0x1
Jul 14 11:20:04 172.20.224.114 kernel: [   11.432256] DMAR: RHSA base: 0x000000d57fc000 proximity domain: 0x1
Jul 14 11:20:04 172.20.224.114 kernel: [   11.432258] DMAR: RHSA base: 0x000000f9ffc000 proximity domain: 0x1
Jul 14 11:20:04 172.20.224.114 kernel: [   11.432260] DMAR: RHSA base: 0x000000fa7fc000 proximity domain: 0x1
Jul 14 11:20:04 172.20.224.114 kernel: [   11.432262] DMAR: RHSA base: 0x000000faffc000 proximity domain: 0x1
Jul 14 11:20:04 172.20.224.114 kernel: [   11.432264] DMAR: RHSA base: 0x000000fb7fc000 proximity domain: 0x1
Jul 14 11:20:04 172.20.224.114 kernel: [   11.432266] DMAR: SATC flags: 0x0
Jul 14 11:20:04 172.20.224.114 kernel: [   11.432270] DMAR-IR: IOAPIC id 8 under DRHD base  0xaaffc000 IOMMU 19
Jul 14 11:20:04 172.20.224.114 kernel: [   11.432273] DMAR-IR: HPET id 0 under DRHD base 0xaaffc000
Jul 14 11:20:04 172.20.224.114 kernel: [   11.432276] DMAR-IR: Queued invalidation will be enabled to support x2apic and Intr-remapping.
Jul 14 11:20:04 172.20.224.114 kernel: [   11.438819] DMAR-IR: Enabled IRQ remapping in x2apic mode
Jul 14 11:20:04 172.20.224.114 kernel: [   11.440070] ..TIMER: vector=0x30 apic1=0 pin1=2 apic2=-1 pin2=-1
Jul 14 11:20:04 172.20.224.114 kernel: [   11.460014] clocksource: tsc-early: mask: 0xffffffffffffffff max_cycles: 0x39a85c9bff6, max_idle_ns: 881590591483 ns
Jul 14 11:20:04 172.20.224.114 kernel: [   11.460023] Calibrating delay loop (skipped), value calculated using timer frequency.. 4000.00 BogoMIPS (lpj=8000000)
Jul 14 11:20:04 172.20.224.114 kernel: [   11.460098] x86/cpu: SGX disabled by BIOS.
Jul 14 11:20:04 172.20.224.114 kernel: [   11.460106] CPU0: Thermal monitoring enabled (TM1)
Jul 14 11:20:04 172.20.224.114 kernel: [   11.460111] x86/cpu: User Mode Instruction Prevention (UMIP) activated
Jul 14 11:20:04 172.20.224.114 kernel: [   11.460525] process: using mwait in idle threads
Jul 14 11:20:04 172.20.224.114 kernel: [   11.460530] Last level iTLB entries: 4KB 0, 2MB 0, 4MB 0
Jul 14 11:20:04 172.20.224.114 kernel: [   11.460532] Last level dTLB entries: 4KB 0, 2MB 0, 4MB 0, 1GB 0
Jul 14 11:20:04 172.20.224.114 kernel: [   11.460540] Spectre V1 : Mitigation: usercopy/swapgs barriers and __user pointer sanitization
Jul 14 11:20:04 172.20.224.114 kernel: [   11.460545] Spectre V2 : Mitigation: Enhanced / Automatic IBRS
Jul 14 11:20:04 172.20.224.114 kernel: [   11.460547] Spectre V2 : Spectre v2 / SpectreRSB mitigation: Filling RSB on context switch
Jul 14 11:20:04 172.20.224.114 kernel: [   11.460550] Spectre V2 : Spectre v2 / PBRSB-eIBRS: Retire a single CALL on VMEXIT
Jul 14 11:20:04 172.20.224.114 kernel: [   11.460554] Spectre V2 : mitigation: Enabling conditional Indirect Branch Prediction Barrier
Jul 14 11:20:04 172.20.224.114 kernel: [   11.460558] Speculative Store Bypass: Mitigation: Speculative Store Bypass disabled via prctl and seccomp
Jul 14 11:20:04 172.20.224.114 kernel: [   11.460619] x86/fpu: Supporting XSAVE feature 0x001: 'x87 floating point registers'
Jul 14 11:20:04 172.20.224.114 kernel: [   11.460623] x86/fpu: Supporting XSAVE feature 0x002: 'SSE registers'
Jul 14 11:20:04 172.20.224.114 kernel: [   11.460625] x86/fpu: Supporting XSAVE feature 0x004: 'AVX registers'
Jul 14 11:20:04 172.20.224.114 kernel: [   11.460627] x86/fpu: Supporting XSAVE feature 0x020: 'AVX-512 opmask'
Jul 14 11:20:04 172.20.224.114 kernel: [   11.460630] x86/fpu: Supporting XSAVE feature 0x040: 'AVX-512 Hi256'
Jul 14 11:20:04 172.20.224.114 kernel: [   11.460632] x86/fpu: Supporting XSAVE feature 0x080: 'AVX-512 ZMM_Hi256'
Jul 14 11:20:04 172.20.224.114 kernel: [   11.460634] x86/fpu: Supporting XSAVE feature 0x200: 'Protection Keys User registers'
Jul 14 11:20:04 172.20.224.114 kernel: [   11.460637] x86/fpu: Supporting XSAVE feature 0x400: 'PASID state'
Jul 14 11:20:04 172.20.224.114 kernel: [   11.460639] x86/fpu: Supporting XSAVE feature 0x20000: 'AMX Tile config'
Jul 14 11:20:04 172.20.224.114 kernel: [   11.460642] x86/fpu: Supporting XSAVE feature 0x40000: 'AMX Tile data'
Jul 14 11:20:04 172.20.224.114 kernel: [   11.460654] x86/fpu: xstate_offset[2]:  576, xstate_sizes[2]:  256
Jul 14 11:20:04 172.20.224.114 kernel: [   11.460657] x86/fpu: xstate_offset[5]:  832, xstate_sizes[5]:   64
Jul 14 11:20:04 172.20.224.114 kernel: [   11.460659] x86/fpu: xstate_offset[6]:  896, xstate_sizes[6]:  512
Jul 14 11:20:04 172.20.224.114 kernel: [   11.460662] x86/fpu: xstate_offset[7]: 1408, xstate_sizes[7]: 1024
Jul 14 11:20:04 172.20.224.114 kernel: [   11.460664] x86/fpu: xstate_offset[9]: 2432, xstate_sizes[9]:    8
Jul 14 11:20:04 172.20.224.114 kernel: [   11.460666] x86/fpu: xstate_offset[10]: 2440, xstate_sizes[10]:    8
Jul 14 11:20:04 172.20.224.114 kernel: [   11.460669] x86/fpu: xstate_offset[17]: 2496, xstate_sizes[17]:   64
Jul 14 11:20:04 172.20.224.114 kernel: [   11.460671] x86/fpu: xstate_offset[18]: 2560, xstate_sizes[18]: 8192
Jul 14 11:20:04 172.20.224.114 kernel: [   11.460674] x86/fpu: Enabled xstate features 0x606e7, context size is 10752 bytes, using 'compacted' format.
Jul 14 11:20:04 172.20.224.114 kernel: [   11.483927] Freeing SMP alternatives memory: 44K
Jul 14 11:20:04 172.20.224.114 kernel: [   11.483934] pid_max: default: 229376 minimum: 1792
Jul 14 11:20:04 172.20.224.114 kernel: [   11.491099] LSM: Security Framework initializing
Jul 14 11:20:04 172.20.224.114 kernel: [   11.491133] landlock: Up and running.
Jul 14 11:20:04 172.20.224.114 kernel: [   11.491135] Yama: becoming mindful.
Jul 14 11:20:04 172.20.224.114 kernel: [   11.491193] AppArmor: AppArmor initialized
Jul 14 11:20:04 172.20.224.114 kernel: [   11.541473] Dentry cache hash table entries: 33554432 (order: 16, 268435456 bytes, vmalloc)
Jul 14 11:20:04 172.20.224.114 kernel: [   11.566491] Inode-cache hash table entries: 16777216 (order: 15, 134217728 bytes, vmalloc)
Jul 14 11:20:04 172.20.224.114 kernel: [   11.567373] Mount-cache hash table entries: 524288 (order: 10, 4194304 bytes, vmalloc)
Jul 14 11:20:04 172.20.224.114 kernel: [   11.568174] Mountpoint-cache hash table entries: 524288 (order: 10, 4194304 bytes, vmalloc)
Jul 14 11:20:04 172.20.224.114 kernel: [   11.569522] smpboot: Estimated ratio of average max frequency by base frequency (times 1024): 1587
Jul 14 11:20:04 172.20.224.114 kernel: [   11.569548] smpboot: CPU0: Intel(R) Xeon(R) Platinum 8480C (family: 0x6, model: 0x8f, stepping: 0x8)
Jul 14 11:20:04 172.20.224.114 kernel: [   11.569914] Performance Events: XSAVE Architectural LBR, PEBS fmt4+-baseline,  AnyThread deprecated, Sapphire Rapids events, 32-deep LBR, full-width counters, Intel PMU driver.
Jul 14 11:20:04 172.20.224.114 kernel: [   11.569995] ... version:                5
Jul 14 11:20:04 172.20.224.114 kernel: [   11.569996] ... bit width:              48
Jul 14 11:20:04 172.20.224.114 kernel: [   11.569998] ... generic registers:      8
Jul 14 11:20:04 172.20.224.114 kernel: [   11.569999] ... value mask:             0000ffffffffffff
Jul 14 11:20:04 172.20.224.114 kernel: [   11.570001] ... max period:             00007fffffffffff
Jul 14 11:20:04 172.20.224.114 kernel: [   11.570002] ... fixed-purpose events:   4
Jul 14 11:20:04 172.20.224.114 kernel: [   11.570004] ... event mask:             0001000f000000ff
Jul 14 11:20:04 172.20.224.114 kernel: [   11.570217] signal: max sigframe size: 11952
Jul 14 11:20:04 172.20.224.114 kernel: [   11.570242] rcu: Hierarchical SRCU implementation.
Jul 14 11:20:04 172.20.224.114 kernel: [   11.585147] NMI watchdog: Enabled. Permanently consumes one hw-PMU counter.
Jul 14 11:20:04 172.20.224.114 kernel: [   11.587451] smp: Bringing up secondary CPUs ...
Jul 14 11:20:04 172.20.224.114 kernel: [   11.587584] x86: Booting SMP configuration:
Jul 14 11:20:04 172.20.224.114 kernel: [   11.587586] .... node  #0, CPUs:          #1   #2   #3   #4   #5   #6   #7   #8   #9  #10  #11  #12  #13  #14  #15  #16  #17  #18  #19  #20  #21  #22  #23  #24  #25  #26  #27  #28  #29  #30  #31  #32  #33  #34  #35  #36  #37  #38  #39  #40  #41  #42  #43  #44  #45  #46  #47  #48  #49  #50  #51  #52  #53  #54  #55
Jul 14 11:20:04 172.20.224.114 kernel: [   13.050926] .... node  #1, CPUs:    #56
Jul 14 11:20:04 172.20.224.114 kernel: [    0.008235] smpboot: CPU 56 Converting physical 0 to logical die 1
Jul 14 11:20:04 172.20.224.114 kernel: [   13.112213]   #57  #58  #59  #60  #61  #62  #63  #64  #65  #66  #67  #68  #69  #70  #71  #72  #73  #74  #75  #76  #77  #78  #79  #80  #81  #82  #83  #84  #85  #86  #87  #88  #89  #90  #91  #92  #93  #94  #95  #96  #97  #98  #99 #100 #101 #102 #103 #104 #105 #106 #107 #108 #109 #110 #111
Jul 14 11:20:04 172.20.224.114 kernel: [   14.570220] .... node  #0, CPUs:   #112 #113 #114 #115 #116 #117 #118 #119 #120 #121 #122 #123 #124 #125 #126 #127 #128 #129 #130 #131 #132 #133 #134 #135 #136 #137 #138 #139 #140 #141 #142 #143 #144 #145 #146 #147 #148 #149 #150 #151 #152 #153 #154 #155 #156 #157 #158 #159 #160 #161 #162 #163 #164 #165 #166 #167
Jul 14 11:20:04 172.20.224.114 kernel: [   16.046530] .... node  #1, CPUs:   #168 #169 #170 #171 #172 #173 #174 #175 #176 #177 #178 #179 #180 #181 #182 #183 #184 #185 #186 #187 #188 #189 #190 #191 #192 #193 #194 #195 #196 #197 #198 #199 #200 #201 #202 #203 #204 #205 #206 #207 #208 #209 #210 #211 #212 #213 #214 #215 #216 #217 #218 #219 #220 #221 #222 #223
Jul 14 11:20:04 172.20.224.114 kernel: [   17.542355] smp: Brought up 2 nodes, 224 CPUs
Jul 14 11:20:04 172.20.224.114 kernel: [   17.542355] smpboot: Max logical packages: 2
Jul 14 11:20:04 172.20.224.114 kernel: [   17.542355] smpboot: Total of 224 processors activated (894365.69 BogoMIPS)
Jul 14 11:20:04 172.20.224.114 kernel: [   17.658705] devtmpfs: initialized
Jul 14 11:20:04 172.20.224.114 kernel: [   17.658705] x86/mm: Memory block size: 2048MB
Jul 14 11:20:04 172.20.224.114 kernel: [   17.665938] ACPI: PM: Registering ACPI NVS region [mem 0x72103000-0x7530efff] (52477952 bytes)
Jul 14 11:20:04 172.20.224.114 kernel: [   17.665938] clocksource: jiffies: mask: 0xffffffff max_cycles: 0xffffffff, max_idle_ns: 7645041785100000 ns
Jul 14 11:20:04 172.20.224.114 kernel: [   17.665938] futex hash table entries: 65536 (order: 10, 4194304 bytes, vmalloc)
Jul 14 11:20:04 172.20.224.114 kernel: [   17.668246] pinctrl core: initialized pinctrl subsystem
Jul 14 11:20:04 172.20.224.114 kernel: [   17.668446] PM: RTC time: 02:19:43, date: 2025-07-14
Jul 14 11:20:04 172.20.224.114 kernel: [   17.668881] NET: Registered PF_NETLINK/PF_ROUTE protocol family
Jul 14 11:20:04 172.20.224.114 kernel: [   17.669531] DMA: preallocated 4096 KiB GFP_KERNEL pool for atomic allocations
Jul 14 11:20:04 172.20.224.114 kernel: [   17.670050] DMA: preallocated 4096 KiB GFP_KERNEL|GFP_DMA pool for atomic allocations
Jul 14 11:20:04 172.20.224.114 kernel: [   17.670563] DMA: preallocated 4096 KiB GFP_KERNEL|GFP_DMA32 pool for atomic allocations
Jul 14 11:20:04 172.20.224.114 kernel: [   17.670574] audit: initializing netlink subsys (disabled)
Jul 14 11:20:04 172.20.224.114 kernel: [   17.670582] audit: type=2000 audit(1752459581.236:1): state=initialized audit_enabled=0 res=1
Jul 14 11:20:04 172.20.224.114 kernel: [   17.670582] thermal_sys: Registered thermal governor 'fair_share'
Jul 14 11:20:04 172.20.224.114 kernel: [   17.670582] thermal_sys: Registered thermal governor 'bang_bang'
Jul 14 11:20:04 172.20.224.114 kernel: [   17.670582] thermal_sys: Registered thermal governor 'step_wise'
Jul 14 11:20:04 172.20.224.114 kernel: [   17.670582] thermal_sys: Registered thermal governor 'user_space'
Jul 14 11:20:04 172.20.224.114 kernel: [   17.670582] thermal_sys: Registered thermal governor 'power_allocator'
Jul 14 11:20:04 172.20.224.114 kernel: [   17.670582] EISA bus registered
Jul 14 11:20:04 172.20.224.114 kernel: [   17.670582] cpuidle: using governor ladder
Jul 14 11:20:04 172.20.224.114 kernel: [   17.670582] cpuidle: using governor menu
Jul 14 11:20:04 172.20.224.114 kernel: [   17.672184] ACPI FADT declares the system doesn't support PCIe ASPM, so disable it
Jul 14 11:20:04 172.20.224.114 kernel: [   17.672187] ACPI: bus type PCI registered
Jul 14 11:20:04 172.20.224.114 kernel: [   17.672190] acpiphp: ACPI Hot Plug PCI Controller Driver version: 0.5
Jul 14 11:20:04 172.20.224.114 kernel: [   17.672444] PCI: MMCONFIG for domain 0000 [bus 00-ff] at [mem 0x80000000-0x8fffffff] (base 0x80000000)
Jul 14 11:20:04 172.20.224.114 kernel: [   17.672452] PCI: MMCONFIG at [mem 0x80000000-0x8fffffff] reserved in E820
Jul 14 11:20:04 172.20.224.114 kernel: [   17.672461] pmd_set_huge: Cannot satisfy [mem 0x80000000-0x80200000] with a huge-page mapping due to MTRR override.
Jul 14 11:20:04 172.20.224.114 kernel: [   17.672812] PCI: Using configuration type 1 for base access
Jul 14 11:20:04 172.20.224.114 kernel: [   17.680119] ENERGY_PERF_BIAS: Set to 'normal', was 'performance'
Jul 14 11:20:04 172.20.224.114 kernel: [   17.685338] kprobes: kprobe jump-optimization is enabled. All kprobes are optimized if possible.
Jul 14 11:20:04 172.20.224.114 kernel: [   17.688115] HugeTLB registered 1.00 GiB page size, pre-allocated 0 pages
Jul 14 11:20:04 172.20.224.114 kernel: [   17.688115] HugeTLB registered 2.00 MiB page size, pre-allocated 0 pages
Jul 14 11:20:04 172.20.224.114 kernel: [   17.688701] fbcon: Taking over console
Jul 14 11:20:04 172.20.224.114 kernel: [   17.692180] ACPI: Added _OSI(Module Device)
Jul 14 11:20:04 172.20.224.114 kernel: [   17.692183] ACPI: Added _OSI(Processor Device)
Jul 14 11:20:04 172.20.224.114 kernel: [   17.692184] ACPI: Added _OSI(3.0 _SCP Extensions)
Jul 14 11:20:04 172.20.224.114 kernel: [   17.692186] ACPI: Added _OSI(Processor Aggregator Device)
Jul 14 11:20:04 172.20.224.114 kernel: [   17.692188] ACPI: Added _OSI(Linux-Dell-Video)
Jul 14 11:20:04 172.20.224.114 kernel: [   17.692190] ACPI: Added _OSI(Linux-Lenovo-NV-HDMI-Audio)
Jul 14 11:20:04 172.20.224.114 kernel: [   17.692192] ACPI: Added _OSI(Linux-HPI-Hybrid-Graphics)
Jul 14 11:20:04 172.20.224.114 kernel: [   17.987872] ACPI: 5 ACPI AML tables successfully acquired and loaded
Jul 14 11:20:04 172.20.224.114 kernel: [   18.005885] ACPI: \_SB_.SCK0.C000: _OSC native thermal LVT Acked
Jul 14 11:20:04 172.20.224.114 kernel: [   18.007377] ACPI: Dynamic OEM Table Load:
Jul 14 11:20:04 172.20.224.114 kernel: [   18.247341] ACPI: Dynamic OEM Table Load:
Jul 14 11:20:04 172.20.224.114 kernel: [   18.289781] ACPI: Dynamic OEM Table Load:
Jul 14 11:20:04 172.20.224.114 kernel: [   18.818142] ACPI: Interpreter enabled
Jul 14 11:20:04 172.20.224.114 kernel: [   18.818186] ACPI: PM: (supports S0 S5)
Jul 14 11:20:04 172.20.224.114 kernel: [   18.818188] ACPI: Using IOAPIC for interrupt routing
Jul 14 11:20:04 172.20.224.114 kernel: [   18.818280] HEST: Table parsing has been initialized.
Jul 14 11:20:04 172.20.224.114 kernel: [   18.818424] GHES: APEI firmware first mode is enabled by APEI bit and WHEA _OSC.
Jul 14 11:20:04 172.20.224.114 kernel: [   18.818428] PCI: Using host bridge windows from ACPI; if necessary, use "pci=nocrs" and report a bug
Jul 14 11:20:04 172.20.224.114 kernel: [   18.818431] PCI: Using E820 reservations for host bridge windows
Jul 14 11:20:04 172.20.224.114 kernel: [   18.861476] ACPI: Enabled 1 GPEs in block 00 to 7F
Jul 14 11:20:04 172.20.224.114 kernel: [   19.096345] ACPI: PCI Root Bridge [PC00] (domain 0000 [bus 00-14])
Jul 14 11:20:04 172.20.224.114 kernel: [   19.096355] acpi PNP0A08:00: _OSC: OS supports [ExtendedConfig ASPM ClockPM Segments MSI EDR HPX-Type3]
Jul 14 11:20:04 172.20.224.114 kernel: [   19.098543] acpi PNP0A08:00: _OSC: platform does not support [SHPCHotplug AER LTR DPC]
Jul 14 11:20:04 172.20.224.114 kernel: [   19.098768] acpi PNP0A08:00: _OSC: OS now controls [PCIeHotplug PME PCIeCapability]
Jul 14 11:20:04 172.20.224.114 kernel: [   19.098771] acpi PNP0A08:00: FADT indicates ASPM is unsupported, using BIOS configuration
Jul 14 11:20:04 172.20.224.114 kernel: [   19.099395] PCI host bridge to bus 0000:00
Jul 14 11:20:04 172.20.224.114 kernel: [   19.099399] pci_bus 0000:00: root bus resource [bus 00-14]
Jul 14 11:20:04 172.20.224.114 kernel: [   19.099402] pci_bus 0000:00: root bus resource [io  0x0000-0x0cf7 window]
Jul 14 11:20:04 172.20.224.114 kernel: [   19.099405] pci_bus 0000:00: root bus resource [io  0x1000-0x3fff window]
Jul 14 11:20:04 172.20.224.114 kernel: [   19.099408] pci_bus 0000:00: root bus resource [mem 0x000a0000-0x000bffff window]
Jul 14 11:20:04 172.20.224.114 kernel: [   19.099410] pci_bus 0000:00: root bus resource [mem 0x000c8000-0x000cffff window]
Jul 14 11:20:04 172.20.224.114 kernel: [   19.099413] pci_bus 0000:00: root bus resource [mem 0x90040000-0xaaffffff window]
Jul 14 11:20:04 172.20.224.114 kernel: [   19.099415] pci_bus 0000:00: root bus resource [mem 0xfe010000-0xfe010fff window]
Jul 14 11:20:04 172.20.224.114 kernel: [   19.099417] pci_bus 0000:00: root bus resource [mem 0x200000000000-0x20ffffffffff window]
Jul 14 11:20:04 172.20.224.114 kernel: [   19.099524] pci 0000:00:00.0: [8086:09a2] type 00 class 0x088000
Jul 14 11:20:04 172.20.224.114 kernel: [   19.099799] pci 0000:00:00.1: [8086:09a4] type 00 class 0x088000
Jul 14 11:20:04 172.20.224.114 kernel: [   19.100063] pci 0000:00:00.2: [8086:09a3] type 00 class 0x088000
Jul 14 11:20:04 172.20.224.114 kernel: [   19.100411] pci 0000:00:00.4: [8086:0b23] type 00 class 0x080700
Jul 14 11:20:04 172.20.224.114 kernel: [   19.100746] pci 0000:00:08.0: [8086:1bb8] type 01 class 0x060400
Jul 14 11:20:04 172.20.224.114 kernel: [   19.100767] pci 0000:00:08.0: reg 0x10: [mem 0x20ffff980000-0x20ffff99ffff 64bit]
Jul 14 11:20:04 172.20.224.114 kernel: [   19.100794] pci 0000:00:08.0: enabling Extended Tags
Jul 14 11:20:04 172.20.224.114 kernel: [   19.100862] pci 0000:00:08.0: PME# supported from D0 D3hot D3cold
Jul 14 11:20:04 172.20.224.114 kernel: [   19.100901] pci 0000:00:08.0: PTM enabled (root), 2ns granularity
Jul 14 11:20:04 172.20.224.114 kernel: [   19.101724] pci 0000:00:0a.0: [8086:1bba] type 01 class 0x060400
Jul 14 11:20:04 172.20.224.114 kernel: [   19.101745] pci 0000:00:0a.0: reg 0x10: [mem 0x20ffff960000-0x20ffff97ffff 64bit]
Jul 14 11:20:04 172.20.224.114 kernel: [   19.101771] pci 0000:00:0a.0: enabling Extended Tags
Jul 14 11:20:04 172.20.224.114 kernel: [   19.101837] pci 0000:00:0a.0: PME# supported from D0 D3hot D3cold
Jul 14 11:20:04 172.20.224.114 kernel: [   19.101875] pci 0000:00:0a.0: PTM enabled (root), 2ns granularity
Jul 14 11:20:04 172.20.224.114 kernel: [   19.102678] pci 0000:00:0c.0: [8086:1bbc] type 01 class 0x060400
Jul 14 11:20:04 172.20.224.114 kernel: [   19.102699] pci 0000:00:0c.0: reg 0x10: [mem 0x20ffff940000-0x20ffff95ffff 64bit]
Jul 14 11:20:04 172.20.224.114 kernel: [   19.102726] pci 0000:00:0c.0: enabling Extended Tags
Jul 14 11:20:04 172.20.224.114 kernel: [   19.102794] pci 0000:00:0c.0: PME# supported from D0 D3hot D3cold
Jul 14 11:20:04 172.20.224.114 kernel: [   19.102834] pci 0000:00:0c.0: PTM enabled (root), 2ns granularity
Jul 14 11:20:04 172.20.224.114 kernel: [   19.103653] pci 0000:00:0d.0: [8086:1bbd] type 01 class 0x060400
Jul 14 11:20:04 172.20.224.114 kernel: [   19.103675] pci 0000:00:0d.0: reg 0x10: [mem 0x20ffff920000-0x20ffff93ffff 64bit]
Jul 14 11:20:04 172.20.224.114 kernel: [   19.103701] pci 0000:00:0d.0: enabling Extended Tags
Jul 14 11:20:04 172.20.224.114 kernel: [   19.103770] pci 0000:00:0d.0: PME# supported from D0 D3hot D3cold
Jul 14 11:20:04 172.20.224.114 kernel: [   19.103810] pci 0000:00:0d.0: PTM enabled (root), 2ns granularity
Jul 14 11:20:04 172.20.224.114 kernel: [   19.104613] pci 0000:00:10.0: [8086:1bb0] type 01 class 0x060400
Jul 14 11:20:04 172.20.224.114 kernel: [   19.104634] pci 0000:00:10.0: reg 0x10: [mem 0x20ffff900000-0x20ffff91ffff 64bit]
Jul 14 11:20:04 172.20.224.114 kernel: [   19.104661] pci 0000:00:10.0: enabling Extended Tags
Jul 14 11:20:04 172.20.224.114 kernel: [   19.104728] pci 0000:00:10.0: PME# supported from D0 D3hot D3cold
Jul 14 11:20:04 172.20.224.114 kernel: [   19.104768] pci 0000:00:10.0: PTM enabled (root), 2ns granularity
Jul 14 11:20:04 172.20.224.114 kernel: [   19.105581] pci 0000:00:14.0: [8086:1bcd] type 00 class 0x0c0330
Jul 14 11:20:04 172.20.224.114 kernel: [   19.105603] pci 0000:00:14.0: reg 0x10: [mem 0x20ffff9a0000-0x20ffff9affff 64bit]
Jul 14 11:20:04 172.20.224.114 kernel: [   19.105687] pci 0000:00:14.0: PME# supported from D3hot D3cold
Jul 14 11:20:04 172.20.224.114 kernel: [   19.106112] pci 0000:00:14.2: [8086:1bce] type 00 class 0x050000
Jul 14 11:20:04 172.20.224.114 kernel: [   19.106135] pci 0000:00:14.2: reg 0x10: [mem 0x20ffff9b0000-0x20ffff9b3fff 64bit]
Jul 14 11:20:04 172.20.224.114 kernel: [   19.106150] pci 0000:00:14.2: reg 0x18: [mem 0x20ffff9b6000-0x20ffff9b6fff 64bit]
Jul 14 11:20:04 172.20.224.114 kernel: [   19.106433] pci 0000:00:14.4: [8086:1bfe] type 00 class 0x060000
Jul 14 11:20:04 172.20.224.114 kernel: [   19.106773] pci 0000:00:15.0: [8086:1bff] type 00 class 0x088000
Jul 14 11:20:04 172.20.224.114 kernel: [   19.106799] pci 0000:00:15.0: reg 0x10: [mem 0x20ffff9b5000-0x20ffff9b53ff 64bit]
Jul 14 11:20:04 172.20.224.114 kernel: [   19.107234] pci 0000:00:16.0: [8086:1be0] type 00 class 0x078000
Jul 14 11:20:04 172.20.224.114 kernel: [   19.107264] pci 0000:00:16.0: reg 0x10: [mem 0x20ffff9b4000-0x20ffff9b4fff 64bit]
Jul 14 11:20:04 172.20.224.114 kernel: [   19.107368] pci 0000:00:16.0: PME# supported from D3hot
Jul 14 11:20:04 172.20.224.114 kernel: [   19.107638] pci 0000:00:1f.0: [8086:1b81] type 00 class 0x060100
Jul 14 11:20:04 172.20.224.114 kernel: [   19.108040] pci 0000:00:1f.4: [8086:1bc9] type 00 class 0x0c0500
Jul 14 11:20:04 172.20.224.114 kernel: [   19.108071] pci 0000:00:1f.4: reg 0x10: [mem 0x00000000-0x000000ff 64bit]
Jul 14 11:20:04 172.20.224.114 kernel: [   19.108107] pci 0000:00:1f.4: reg 0x20: [io  0x0780-0x079f]
Jul 14 11:20:04 172.20.224.114 kernel: [   19.108430] pci 0000:00:1f.5: [8086:1bca] type 00 class 0x0c8000
Jul 14 11:20:04 172.20.224.114 kernel: [   19.108453] pci 0000:00:1f.5: reg 0x10: [mem 0xfe010000-0xfe010fff]
Jul 14 11:20:04 172.20.224.114 kernel: [   19.108467] pci 0000:00:1f.5: reg 0x14: [mem 0x9e000000-0x9fffffff]
Jul 14 11:20:04 172.20.224.114 kernel: [   19.108676] pci 0000:00:1f.7: [8086:1bcc] type 00 class 0x130000
Jul 14 11:20:04 172.20.224.114 kernel: [   19.108699] pci 0000:00:1f.7: reg 0x10: [mem 0x20ffff800000-0x20ffff8fffff 64bit]
Jul 14 11:20:04 172.20.224.114 kernel: [   19.108714] pci 0000:00:1f.7: reg 0x18: [mem 0x20ffff000000-0x20ffff7fffff 64bit]
Jul 14 11:20:04 172.20.224.114 kernel: [   19.108948] pci 0000:01:00.0: [144d:a80a] type 00 class 0x010802
Jul 14 11:20:04 172.20.224.114 kernel: [   19.108976] pci 0000:01:00.0: reg 0x10: [mem 0xa9510000-0xa9513fff 64bit]
Jul 14 11:20:04 172.20.224.114 kernel: [   19.109027] pci 0000:01:00.0: reg 0x30: [mem 0xa9500000-0xa950ffff pref]
Jul 14 11:20:04 172.20.224.114 kernel: [   19.109193] pci 0000:01:00.0: 31.504 Gb/s available PCIe bandwidth, limited by 8.0 GT/s PCIe x4 link at 0000:00:08.0 (capable of 63.012 Gb/s with 16.0 GT/s PCIe x4 link)
