Jul 14 11:22:09 172.20.224.115 kernel: [    0.000000] Linux version 5.15.0-1076-nvidia (buildd@lcy02-amd64-026) (gcc (Ubuntu 11.4.0-1ubuntu1~22.04) 11.4.0, GNU ld (GNU Binutils for Ubuntu) 2.38) #77-Ubuntu SMP Tue Mar 25 23:43:36 UTC 2025 (Ubuntu 5.15.0-1076.77-nvidia 5.15.178)
Jul 14 11:22:09 172.20.224.115 kernel: [    0.000000] Command line: BOOT_IMAGE=(tftp)/category/vmlinuz.dgx-h200 nouveau.modeset=0 nvme_core.multipath=n console=tty0 rw BOOTIF=01-b8-e9-24-5a-b0-e9 ip=172.20.224.115:172.20.224.13:0xac14e001:0xffffff00
Jul 14 11:22:09 172.20.224.115 kernel: [    0.000000] KERNEL supported cpus:
Jul 14 11:22:09 172.20.224.115 kernel: [    0.000000]   Intel GenuineIntel
Jul 14 11:22:09 172.20.224.115 kernel: [    0.000000]   AMD AuthenticAMD
Jul 14 11:22:09 172.20.224.115 kernel: [    0.000000]   Hygon HygonGenuine
Jul 14 11:22:09 172.20.224.115 kernel: [    0.000000]   Centaur CentaurHauls
Jul 14 11:22:09 172.20.224.115 kernel: [    0.000000]   zhaoxin   Shanghai  
Jul 14 11:22:09 172.20.224.115 kernel: [    0.000000] x86/tme: not enabled by BIOS
Jul 14 11:22:09 172.20.224.115 kernel: [    0.000000] x86/split lock detection: #AC: crashing the kernel on kernel split_locks and warning on user-space split_locks
Jul 14 11:22:09 172.20.224.115 kernel: [    0.000000] BIOS-provided physical RAM map:
Jul 14 11:22:09 172.20.224.115 kernel: [    0.000000] BIOS-e820: [mem 0x0000000000000000-0x000000000009ffff] usable
Jul 14 11:22:09 172.20.224.115 kernel: [    0.000000] BIOS-e820: [mem 0x00000000000a0000-0x00000000000fffff] reserved
Jul 14 11:22:09 172.20.224.115 kernel: [    0.000000] BIOS-e820: [mem 0x0000000000100000-0x000000006868cfff] usable
Jul 14 11:22:09 172.20.224.115 kernel: [    0.000000] BIOS-e820: [mem 0x000000006868d000-0x000000006868ffff] reserved
Jul 14 11:22:09 172.20.224.115 kernel: [    0.000000] BIOS-e820: [mem 0x0000000068690000-0x000000006f702fff] usable
Jul 14 11:22:09 172.20.224.115 kernel: [    0.000000] BIOS-e820: [mem 0x000000006f703000-0x0000000071802fff] reserved
Jul 14 11:22:09 172.20.224.115 kernel: [    0.000000] BIOS-e820: [mem 0x0000000071803000-0x0000000072102fff] ACPI data
Jul 14 11:22:09 172.20.224.115 kernel: [    0.000000] BIOS-e820: [mem 0x0000000072103000-0x000000007530efff] ACPI NVS
Jul 14 11:22:09 172.20.224.115 kernel: [    0.000000] BIOS-e820: [mem 0x000000007530f000-0x00000000777fefff] reserved
Jul 14 11:22:09 172.20.224.115 kernel: [    0.000000] BIOS-e820: [mem 0x00000000777ff000-0x00000000777fffff] usable
Jul 14 11:22:09 172.20.224.115 kernel: [    0.000000] BIOS-e820: [mem 0x0000000077800000-0x000000008fffffff] reserved
Jul 14 11:22:09 172.20.224.115 kernel: [    0.000000] BIOS-e820: [mem 0x00000000fe010000-0x00000000fe010fff] reserved
Jul 14 11:22:09 172.20.224.115 kernel: [    0.000000] BIOS-e820: [mem 0x00000000ff000000-0x00000000ffffffff] reserved
Jul 14 11:22:09 172.20.224.115 kernel: [    0.000000] BIOS-e820: [mem 0x0000000100000000-0x000002007fffffff] usable
Jul 14 11:22:09 172.20.224.115 kernel: [    0.000000] NX (Execute Disable) protection: active
Jul 14 11:22:09 172.20.224.115 kernel: [    0.000000] e820: update [mem 0x6511a018-0x65152e57] usable ==> usable
Jul 14 11:22:09 172.20.224.115 kernel: [    0.000000] e820: update [mem 0x6511a018-0x65152e57] usable ==> usable
Jul 14 11:22:09 172.20.224.115 kernel: [    0.000000] e820: update [mem 0x62dac018-0x62e6b257] usable ==> usable
Jul 14 11:22:09 172.20.224.115 kernel: [    0.000000] e820: update [mem 0x62dac018-0x62e6b257] usable ==> usable
Jul 14 11:22:09 172.20.224.115 kernel: [    0.000000] e820: update [mem 0x62b67018-0x62c26257] usable ==> usable
Jul 14 11:22:09 172.20.224.115 kernel: [    0.000000] e820: update [mem 0x62b67018-0x62c26257] usable ==> usable
Jul 14 11:22:09 172.20.224.115 kernel: [    0.000000] e820: update [mem 0x62aa7018-0x62b66257] usable ==> usable
Jul 14 11:22:09 172.20.224.115 kernel: [    0.000000] e820: update [mem 0x62aa7018-0x62b66257] usable ==> usable
Jul 14 11:22:09 172.20.224.115 kernel: [    0.000000] e820: update [mem 0x629e7018-0x62aa6257] usable ==> usable
Jul 14 11:22:09 172.20.224.115 kernel: [    0.000000] e820: update [mem 0x629e7018-0x62aa6257] usable ==> usable
Jul 14 11:22:09 172.20.224.115 kernel: [    0.000000] e820: update [mem 0x650c6018-0x65119657] usable ==> usable
Jul 14 11:22:09 172.20.224.115 kernel: [    0.000000] e820: update [mem 0x650c6018-0x65119657] usable ==> usable
Jul 14 11:22:09 172.20.224.115 kernel: [    0.000000] e820: update [mem 0x62993018-0x629e6657] usable ==> usable
Jul 14 11:22:09 172.20.224.115 kernel: [    0.000000] e820: update [mem 0x62993018-0x629e6657] usable ==> usable
Jul 14 11:22:09 172.20.224.115 kernel: [    0.000000] extended physical RAM map:
Jul 14 11:22:09 172.20.224.115 kernel: [    0.000000] reserve setup_data: [mem 0x0000000000000000-0x000000000009ffff] usable
Jul 14 11:22:09 172.20.224.115 kernel: [    0.000000] reserve setup_data: [mem 0x00000000000a0000-0x00000000000fffff] reserved
Jul 14 11:22:09 172.20.224.115 kernel: [    0.000000] reserve setup_data: [mem 0x0000000000100000-0x0000000062993017] usable
Jul 14 11:22:09 172.20.224.115 kernel: [    0.000000] reserve setup_data: [mem 0x0000000062993018-0x00000000629e6657] usable
Jul 14 11:22:09 172.20.224.115 kernel: [    0.000000] reserve setup_data: [mem 0x00000000629e6658-0x00000000629e7017] usable
Jul 14 11:22:09 172.20.224.115 kernel: [    0.000000] reserve setup_data: [mem 0x00000000629e7018-0x0000000062aa6257] usable
Jul 14 11:22:09 172.20.224.115 kernel: [    0.000000] reserve setup_data: [mem 0x0000000062aa6258-0x0000000062aa7017] usable
Jul 14 11:22:09 172.20.224.115 kernel: [    0.000000] reserve setup_data: [mem 0x0000000062aa7018-0x0000000062b66257] usable
Jul 14 11:22:09 172.20.224.115 kernel: [    0.000000] reserve setup_data: [mem 0x0000000062b66258-0x0000000062b67017] usable
Jul 14 11:22:09 172.20.224.115 kernel: [    0.000000] reserve setup_data: [mem 0x0000000062b67018-0x0000000062c26257] usable
Jul 14 11:22:09 172.20.224.115 kernel: [    0.000000] reserve setup_data: [mem 0x0000000062c26258-0x0000000062dac017] usable
Jul 14 11:22:09 172.20.224.115 kernel: [    0.000000] reserve setup_data: [mem 0x0000000062dac018-0x0000000062e6b257] usable
Jul 14 11:22:09 172.20.224.115 kernel: [    0.000000] reserve setup_data: [mem 0x0000000062e6b258-0x00000000650c6017] usable
Jul 14 11:22:09 172.20.224.115 kernel: [    0.000000] reserve setup_data: [mem 0x00000000650c6018-0x0000000065119657] usable
Jul 14 11:22:09 172.20.224.115 kernel: [    0.000000] reserve setup_data: [mem 0x0000000065119658-0x000000006511a017] usable
Jul 14 11:22:09 172.20.224.115 kernel: [    0.000000] reserve setup_data: [mem 0x000000006511a018-0x0000000065152e57] usable
Jul 14 11:22:09 172.20.224.115 kernel: [    0.000000] reserve setup_data: [mem 0x0000000065152e58-0x000000006868cfff] usable
Jul 14 11:22:09 172.20.224.115 kernel: [    0.000000] reserve setup_data: [mem 0x000000006868d000-0x000000006868ffff] reserved
Jul 14 11:22:09 172.20.224.115 kernel: [    0.000000] reserve setup_data: [mem 0x0000000068690000-0x000000006f702fff] usable
Jul 14 11:22:09 172.20.224.115 kernel: [    0.000000] reserve setup_data: [mem 0x000000006f703000-0x0000000071802fff] reserved
Jul 14 11:22:09 172.20.224.115 kernel: [    0.000000] reserve setup_data: [mem 0x0000000071803000-0x0000000072102fff] ACPI data
Jul 14 11:22:09 172.20.224.115 kernel: [    0.000000] reserve setup_data: [mem 0x0000000072103000-0x000000007530efff] ACPI NVS
Jul 14 11:22:09 172.20.224.115 kernel: [    0.000000] reserve setup_data: [mem 0x000000007530f000-0x00000000777fefff] reserved
Jul 14 11:22:09 172.20.224.115 kernel: [    0.000000] reserve setup_data: [mem 0x00000000777ff000-0x00000000777fffff] usable
Jul 14 11:22:09 172.20.224.115 kernel: [    0.000000] reserve setup_data: [mem 0x0000000077800000-0x000000008fffffff] reserved
Jul 14 11:22:09 172.20.224.115 kernel: [    0.000000] reserve setup_data: [mem 0x00000000fe010000-0x00000000fe010fff] reserved
Jul 14 11:22:09 172.20.224.115 kernel: [    0.000000] reserve setup_data: [mem 0x00000000ff000000-0x00000000ffffffff] reserved
Jul 14 11:22:09 172.20.224.115 kernel: [    0.000000] reserve setup_data: [mem 0x0000000100000000-0x000002007fffffff] usable
Jul 14 11:22:09 172.20.224.115 kernel: [    0.000000] efi: EFI v2.90 by American Megatrends
Jul 14 11:22:09 172.20.224.115 kernel: [    0.000000] efi: ACPI=0x72102000 ACPI 2.0=0x72102014 SMBIOS=0x77211000 SMBIOS 3.0=0x77210000 MEMATTR=0x6a1c6018 
Jul 14 11:22:09 172.20.224.115 kernel: [    0.000000] secureboot: Secure boot disabled
Jul 14 11:22:09 172.20.224.115 kernel: [    0.000000] SMBIOS 3.6.0 present.
Jul 14 11:22:09 172.20.224.115 kernel: [    0.000000] DMI: NVIDIA DGXH200/DGXH200, BIOS 1.6.7 02/20/2025
Jul 14 11:22:09 172.20.224.115 kernel: [    0.000000] tsc: Detected 2000.000 MHz processor
Jul 14 11:22:09 172.20.224.115 kernel: [    0.000021] e820: update [mem 0x00000000-0x00000fff] usable ==> reserved
Jul 14 11:22:09 172.20.224.115 kernel: [    0.000025] e820: remove [mem 0x000a0000-0x000fffff] usable
Jul 14 11:22:09 172.20.224.115 kernel: [    0.000041] last_pfn = 0x20080000 max_arch_pfn = 0x10000000000
Jul 14 11:22:09 172.20.224.115 kernel: [    0.000368] x86/PAT: Configuration [0-7]: WB  WC  UC- UC  WB  WP  UC- WT  
Jul 14 11:22:09 172.20.224.115 kernel: [    0.005087] total RAM covered: 4192256M
Jul 14 11:22:09 172.20.224.115 kernel: [    0.005189]  gran_size: 64K #011chunk_size: 64K #011num_reg: 10  #011lose cover RAM: 2048G
Jul 14 11:22:09 172.20.224.115 kernel: [    0.005192]  gran_size: 64K #011chunk_size: 128K #011num_reg: 10  #011lose cover RAM: 2048G
Jul 14 11:22:09 172.20.224.115 kernel: [    0.005195]  gran_size: 64K #011chunk_size: 256K #011num_reg: 10  #011lose cover RAM: 2048G
Jul 14 11:22:09 172.20.224.115 kernel: [    0.005197]  gran_size: 64K #011chunk_size: 512K #011num_reg: 10  #011lose cover RAM: 2048G
Jul 14 11:22:09 172.20.224.115 kernel: [    0.005199]  gran_size: 64K #011chunk_size: 1M #011num_reg: 10  #011lose cover RAM: 2048G
Jul 14 11:22:09 172.20.224.115 kernel: [    0.005202]  gran_size: 64K #011chunk_size: 2M #011num_reg: 10  #011lose cover RAM: 2048G
Jul 14 11:22:09 172.20.224.115 kernel: [    0.005204]  gran_size: 64K #011chunk_size: 4M #011num_reg: 10  #011lose cover RAM: 2048G
Jul 14 11:22:09 172.20.224.115 kernel: [    0.005206]  gran_size: 64K #011chunk_size: 8M #011num_reg: 10  #011lose cover RAM: 2048G
Jul 14 11:22:09 172.20.224.115 kernel: [    0.005208]  gran_size: 64K #011chunk_size: 16M #011num_reg: 10  #011lose cover RAM: 2048G
Jul 14 11:22:09 172.20.224.115 kernel: [    0.005210]  gran_size: 64K #011chunk_size: 32M #011num_reg: 10  #011lose cover RAM: 2048G
Jul 14 11:22:09 172.20.224.115 kernel: [    0.005212]  gran_size: 64K #011chunk_size: 64M #011num_reg: 10  #011lose cover RAM: 2048G
Jul 14 11:22:09 172.20.224.115 kernel: [    0.005214]  gran_size: 64K #011chunk_size: 128M #011num_reg: 10  #011lose cover RAM: 2048G
Jul 14 11:22:09 172.20.224.115 kernel: [    0.005216]  gran_size: 64K #011chunk_size: 256M #011num_reg: 10  #011lose cover RAM: 2048G
Jul 14 11:22:09 172.20.224.115 kernel: [    0.005218]  gran_size: 64K #011chunk_size: 512M #011num_reg: 10  #011lose cover RAM: 2048G
Jul 14 11:22:09 172.20.224.115 kernel: [    0.005220]  gran_size: 64K #011chunk_size: 1G #011num_reg: 10  #011lose cover RAM: 2048G
Jul 14 11:22:09 172.20.224.115 kernel: [    0.005222]  gran_size: 64K #011chunk_size: 2G #011num_reg: 10  #011lose cover RAM: 2048G
Jul 14 11:22:09 172.20.224.115 kernel: [    0.005224]  gran_size: 128K #011chunk_size: 128K #011num_reg: 10  #011lose cover RAM: 2048G
Jul 14 11:22:09 172.20.224.115 kernel: [    0.005226]  gran_size: 128K #011chunk_size: 256K #011num_reg: 10  #011lose cover RAM: 2048G
Jul 14 11:22:09 172.20.224.115 kernel: [    0.005228]  gran_size: 128K #011chunk_size: 512K #011num_reg: 10  #011lose cover RAM: 2048G
Jul 14 11:22:09 172.20.224.115 kernel: [    0.005231]  gran_size: 128K #011chunk_size: 1M #011num_reg: 10  #011lose cover RAM: 2048G
Jul 14 11:22:09 172.20.224.115 kernel: [    0.005233]  gran_size: 128K #011chunk_size: 2M #011num_reg: 10  #011lose cover RAM: 2048G
Jul 14 11:22:09 172.20.224.115 kernel: [    0.005235]  gran_size: 128K #011chunk_size: 4M #011num_reg: 10  #011lose cover RAM: 2048G
Jul 14 11:22:09 172.20.224.115 kernel: [    0.005237]  gran_size: 128K #011chunk_size: 8M #011num_reg: 10  #011lose cover RAM: 2048G
Jul 14 11:22:09 172.20.224.115 kernel: [    0.005239]  gran_size: 128K #011chunk_size: 16M #011num_reg: 10  #011lose cover RAM: 2048G
Jul 14 11:22:09 172.20.224.115 kernel: [    0.005241]  gran_size: 128K #011chunk_size: 32M #011num_reg: 10  #011lose cover RAM: 2048G
Jul 14 11:22:09 172.20.224.115 kernel: [    0.005243]  gran_size: 128K #011chunk_size: 64M #011num_reg: 10  #011lose cover RAM: 2048G
Jul 14 11:22:09 172.20.224.115 kernel: [    0.005245]  gran_size: 128K #011chunk_size: 128M #011num_reg: 10  #011lose cover RAM: 2048G
Jul 14 11:22:09 172.20.224.115 kernel: [    0.005247]  gran_size: 128K #011chunk_size: 256M #011num_reg: 10  #011lose cover RAM: 2048G
Jul 14 11:22:09 172.20.224.115 kernel: [    0.005249]  gran_size: 128K #011chunk_size: 512M #011num_reg: 10  #011lose cover RAM: 2048G
Jul 14 11:22:09 172.20.224.115 kernel: [    0.005251]  gran_size: 128K #011chunk_size: 1G #011num_reg: 10  #011lose cover RAM: 2048G
Jul 14 11:22:09 172.20.224.115 kernel: [    0.005253]  gran_size: 128K #011chunk_size: 2G #011num_reg: 10  #011lose cover RAM: 2048G
Jul 14 11:22:09 172.20.224.115 kernel: [    0.005255]  gran_size: 256K #011chunk_size: 256K #011num_reg: 10  #011lose cover RAM: 2048G
Jul 14 11:22:09 172.20.224.115 kernel: [    0.005257]  gran_size: 256K #011chunk_size: 512K #011num_reg: 10  #011lose cover RAM: 2048G
Jul 14 11:22:09 172.20.224.115 kernel: [    0.005259]  gran_size: 256K #011chunk_size: 1M #011num_reg: 10  #011lose cover RAM: 2048G
Jul 14 11:22:09 172.20.224.115 kernel: [    0.005261]  gran_size: 256K #011chunk_size: 2M #011num_reg: 10  #011lose cover RAM: 2048G
Jul 14 11:22:09 172.20.224.115 kernel: [    0.005263]  gran_size: 256K #011chunk_size: 4M #011num_reg: 10  #011lose cover RAM: 2048G
Jul 14 11:22:09 172.20.224.115 kernel: [    0.005265]  gran_size: 256K #011chunk_size: 8M #011num_reg: 10  #011lose cover RAM: 2048G
Jul 14 11:22:09 172.20.224.115 kernel: [    0.005267]  gran_size: 256K #011chunk_size: 16M #011num_reg: 10  #011lose cover RAM: 2048G
Jul 14 11:22:09 172.20.224.115 kernel: [    0.005269]  gran_size: 256K #011chunk_size: 32M #011num_reg: 10  #011lose cover RAM: 2048G
Jul 14 11:22:09 172.20.224.115 kernel: [    0.005271]  gran_size: 256K #011chunk_size: 64M #011num_reg: 10  #011lose cover RAM: 2048G
Jul 14 11:22:09 172.20.224.115 kernel: [    0.005273]  gran_size: 256K #011chunk_size: 128M #011num_reg: 10  #011lose cover RAM: 2048G
Jul 14 11:22:09 172.20.224.115 kernel: [    0.005275]  gran_size: 256K #011chunk_size: 256M #011num_reg: 10  #011lose cover RAM: 2048G
Jul 14 11:22:09 172.20.224.115 kernel: [    0.005277]  gran_size: 256K #011chunk_size: 512M #011num_reg: 10  #011lose cover RAM: 2048G
Jul 14 11:22:09 172.20.224.115 kernel: [    0.005279]  gran_size: 256K #011chunk_size: 1G #011num_reg: 10  #011lose cover RAM: 2048G
Jul 14 11:22:09 172.20.224.115 kernel: [    0.005281]  gran_size: 256K #011chunk_size: 2G #011num_reg: 10  #011lose cover RAM: 2048G
Jul 14 11:22:09 172.20.224.115 kernel: [    0.005283]  gran_size: 512K #011chunk_size: 512K #011num_reg: 10  #011lose cover RAM: 2048G
Jul 14 11:22:09 172.20.224.115 kernel: [    0.005285]  gran_size: 512K #011chunk_size: 1M #011num_reg: 10  #011lose cover RAM: 2048G
Jul 14 11:22:09 172.20.224.115 kernel: [    0.005287]  gran_size: 512K #011chunk_size: 2M #011num_reg: 10  #011lose cover RAM: 2048G
Jul 14 11:22:09 172.20.224.115 kernel: [    0.005289]  gran_size: 512K #011chunk_size: 4M #011num_reg: 10  #011lose cover RAM: 2048G
Jul 14 11:22:09 172.20.224.115 kernel: [    0.005291]  gran_size: 512K #011chunk_size: 8M #011num_reg: 10  #011lose cover RAM: 2048G
Jul 14 11:22:09 172.20.224.115 kernel: [    0.005293]  gran_size: 512K #011chunk_size: 16M #011num_reg: 10  #011lose cover RAM: 2048G
Jul 14 11:22:09 172.20.224.115 kernel: [    0.005295]  gran_size: 512K #011chunk_size: 32M #011num_reg: 10  #011lose cover RAM: 2048G
Jul 14 11:22:09 172.20.224.115 kernel: [    0.005297]  gran_size: 512K #011chunk_size: 64M #011num_reg: 10  #011lose cover RAM: 2048G
Jul 14 11:22:09 172.20.224.115 kernel: [    0.005299]  gran_size: 512K #011chunk_size: 128M #011num_reg: 10  #011lose cover RAM: 2048G
Jul 14 11:22:09 172.20.224.115 kernel: [    0.005301]  gran_size: 512K #011chunk_size: 256M #011num_reg: 10  #011lose cover RAM: 2048G
Jul 14 11:22:09 172.20.224.115 kernel: [    0.005303]  gran_size: 512K #011chunk_size: 512M #011num_reg: 10  #011lose cover RAM: 2048G
Jul 14 11:22:09 172.20.224.115 kernel: [    0.005306]  gran_size: 512K #011chunk_size: 1G #011num_reg: 10  #011lose cover RAM: 2048G
Jul 14 11:22:09 172.20.224.115 kernel: [    0.005308]  gran_size: 512K #011chunk_size: 2G #011num_reg: 10  #011lose cover RAM: 2048G
Jul 14 11:22:09 172.20.224.115 kernel: [    0.005310]  gran_size: 1M #011chunk_size: 1M #011num_reg: 10  #011lose cover RAM: 2048G
Jul 14 11:22:09 172.20.224.115 kernel: [    0.005312]  gran_size: 1M #011chunk_size: 2M #011num_reg: 10  #011lose cover RAM: 2048G
Jul 14 11:22:09 172.20.224.115 kernel: [    0.005314]  gran_size: 1M #011chunk_size: 4M #011num_reg: 10  #011lose cover RAM: 2048G
Jul 14 11:22:09 172.20.224.115 kernel: [    0.005316]  gran_size: 1M #011chunk_size: 8M #011num_reg: 10  #011lose cover RAM: 2048G
Jul 14 11:22:09 172.20.224.115 kernel: [    0.005318]  gran_size: 1M #011chunk_size: 16M #011num_reg: 10  #011lose cover RAM: 2048G
Jul 14 11:22:09 172.20.224.115 kernel: [    0.005320]  gran_size: 1M #011chunk_size: 32M #011num_reg: 10  #011lose cover RAM: 2048G
Jul 14 11:22:09 172.20.224.115 kernel: [    0.005322]  gran_size: 1M #011chunk_size: 64M #011num_reg: 10  #011lose cover RAM: 2048G
Jul 14 11:22:09 172.20.224.115 kernel: [    0.005324]  gran_size: 1M #011chunk_size: 128M #011num_reg: 10  #011lose cover RAM: 2048G
Jul 14 11:22:09 172.20.224.115 kernel: [    0.005326]  gran_size: 1M #011chunk_size: 256M #011num_reg: 10  #011lose cover RAM: 2048G
Jul 14 11:22:09 172.20.224.115 kernel: [    0.005328]  gran_size: 1M #011chunk_size: 512M #011num_reg: 10  #011lose cover RAM: 2048G
Jul 14 11:22:09 172.20.224.115 kernel: [    0.005330]  gran_size: 1M #011chunk_size: 1G #011num_reg: 10  #011lose cover RAM: 2048G
Jul 14 11:22:09 172.20.224.115 kernel: [    0.005332]  gran_size: 1M #011chunk_size: 2G #011num_reg: 10  #011lose cover RAM: 2048G
Jul 14 11:22:09 172.20.224.115 kernel: [    0.005334]  gran_size: 2M #011chunk_size: 2M #011num_reg: 10  #011lose cover RAM: 2048G
Jul 14 11:22:09 172.20.224.115 kernel: [    0.005336]  gran_size: 2M #011chunk_size: 4M #011num_reg: 10  #011lose cover RAM: 2048G
Jul 14 11:22:09 172.20.224.115 kernel: [    0.005338]  gran_size: 2M #011chunk_size: 8M #011num_reg: 10  #011lose cover RAM: 2048G
Jul 14 11:22:09 172.20.224.115 kernel: [    0.005340]  gran_size: 2M #011chunk_size: 16M #011num_reg: 10  #011lose cover RAM: 2048G
Jul 14 11:22:09 172.20.224.115 kernel: [    0.005342]  gran_size: 2M #011chunk_size: 32M #011num_reg: 10  #011lose cover RAM: 2048G
Jul 14 11:22:09 172.20.224.115 kernel: [    0.005344]  gran_size: 2M #011chunk_size: 64M #011num_reg: 10  #011lose cover RAM: 2048G
Jul 14 11:22:09 172.20.224.115 kernel: [    0.005346]  gran_size: 2M #011chunk_size: 128M #011num_reg: 10  #011lose cover RAM: 2048G
Jul 14 11:22:09 172.20.224.115 kernel: [    0.005348]  gran_size: 2M #011chunk_size: 256M #011num_reg: 10  #011lose cover RAM: 2048G
Jul 14 11:22:09 172.20.224.115 kernel: [    0.005350]  gran_size: 2M #011chunk_size: 512M #011num_reg: 10  #011lose cover RAM: 2048G
Jul 14 11:22:09 172.20.224.115 kernel: [    0.005352]  gran_size: 2M #011chunk_size: 1G #011num_reg: 10  #011lose cover RAM: 2048G
Jul 14 11:22:09 172.20.224.115 kernel: [    0.005354]  gran_size: 2M #011chunk_size: 2G #011num_reg: 10  #011lose cover RAM: 2048G
Jul 14 11:22:09 172.20.224.115 kernel: [    0.005356]  gran_size: 4M #011chunk_size: 4M #011num_reg: 10  #011lose cover RAM: 2048G
Jul 14 11:22:09 172.20.224.115 kernel: [    0.005358]  gran_size: 4M #011chunk_size: 8M #011num_reg: 10  #011lose cover RAM: 2048G
Jul 14 11:22:09 172.20.224.115 kernel: [    0.005360]  gran_size: 4M #011chunk_size: 16M #011num_reg: 10  #011lose cover RAM: 2048G
Jul 14 11:22:09 172.20.224.115 kernel: [    0.005362]  gran_size: 4M #011chunk_size: 32M #011num_reg: 10  #011lose cover RAM: 2048G
Jul 14 11:22:09 172.20.224.115 kernel: [    0.005364]  gran_size: 4M #011chunk_size: 64M #011num_reg: 10  #011lose cover RAM: 2048G
Jul 14 11:22:09 172.20.224.115 kernel: [    0.005366]  gran_size: 4M #011chunk_size: 128M #011num_reg: 10  #011lose cover RAM: 2048G
Jul 14 11:22:09 172.20.224.115 kernel: [    0.005368]  gran_size: 4M #011chunk_size: 256M #011num_reg: 10  #011lose cover RAM: 2048G
Jul 14 11:22:09 172.20.224.115 kernel: [    0.005370]  gran_size: 4M #011chunk_size: 512M #011num_reg: 10  #011lose cover RAM: 2048G
Jul 14 11:22:09 172.20.224.115 kernel: [    0.005372]  gran_size: 4M #011chunk_size: 1G #011num_reg: 10  #011lose cover RAM: 2048G
Jul 14 11:22:09 172.20.224.115 kernel: [    0.005374]  gran_size: 4M #011chunk_size: 2G #011num_reg: 10  #011lose cover RAM: 2048G
Jul 14 11:22:09 172.20.224.115 kernel: [    0.005376]  gran_size: 8M #011chunk_size: 8M #011num_reg: 10  #011lose cover RAM: 2048G
Jul 14 11:22:09 172.20.224.115 kernel: [    0.005378]  gran_size: 8M #011chunk_size: 16M #011num_reg: 10  #011lose cover RAM: 2048G
Jul 14 11:22:09 172.20.224.115 kernel: [    0.005380]  gran_size: 8M #011chunk_size: 32M #011num_reg: 10  #011lose cover RAM: 2048G
Jul 14 11:22:09 172.20.224.115 kernel: [    0.005382]  gran_size: 8M #011chunk_size: 64M #011num_reg: 10  #011lose cover RAM: 2048G
Jul 14 11:22:09 172.20.224.115 kernel: [    0.005384]  gran_size: 8M #011chunk_size: 128M #011num_reg: 10  #011lose cover RAM: 2048G
Jul 14 11:22:09 172.20.224.115 kernel: [    0.005386]  gran_size: 8M #011chunk_size: 256M #011num_reg: 10  #011lose cover RAM: 2048G
Jul 14 11:22:09 172.20.224.115 kernel: [    0.005388]  gran_size: 8M #011chunk_size: 512M #011num_reg: 10  #011lose cover RAM: 2048G
Jul 14 11:22:09 172.20.224.115 kernel: [    0.005390]  gran_size: 8M #011chunk_size: 1G #011num_reg: 10  #011lose cover RAM: 2048G
Jul 14 11:22:09 172.20.224.115 kernel: [    0.005392]  gran_size: 8M #011chunk_size: 2G #011num_reg: 10  #011lose cover RAM: 2048G
Jul 14 11:22:09 172.20.224.115 kernel: [    0.005394]  gran_size: 16M #011chunk_size: 16M #011num_reg: 10  #011lose cover RAM: 2048G
Jul 14 11:22:09 172.20.224.115 kernel: [    0.005396]  gran_size: 16M #011chunk_size: 32M #011num_reg: 10  #011lose cover RAM: 2048G
Jul 14 11:22:09 172.20.224.115 kernel: [    0.005398]  gran_size: 16M #011chunk_size: 64M #011num_reg: 10  #011lose cover RAM: 2048G
Jul 14 11:22:09 172.20.224.115 kernel: [    0.005400]  gran_size: 16M #011chunk_size: 128M #011num_reg: 10  #011lose cover RAM: 2048G
Jul 14 11:22:09 172.20.224.115 kernel: [    0.005403]  gran_size: 16M #011chunk_size: 256M #011num_reg: 10  #011lose cover RAM: 2048G
Jul 14 11:22:09 172.20.224.115 kernel: [    0.005405]  gran_size: 16M #011chunk_size: 512M #011num_reg: 10  #011lose cover RAM: 2048G
Jul 14 11:22:09 172.20.224.115 kernel: [    0.005407]  gran_size: 16M #011chunk_size: 1G #011num_reg: 10  #011lose cover RAM: 2048G
Jul 14 11:22:09 172.20.224.115 kernel: [    0.005409]  gran_size: 16M #011chunk_size: 2G #011num_reg: 10  #011lose cover RAM: 2048G
Jul 14 11:22:09 172.20.224.115 kernel: [    0.005411]  gran_size: 32M #011chunk_size: 32M #011num_reg: 10  #011lose cover RAM: 2048G
Jul 14 11:22:09 172.20.224.115 kernel: [    0.005413]  gran_size: 32M #011chunk_size: 64M #011num_reg: 10  #011lose cover RAM: 2048G
Jul 14 11:22:09 172.20.224.115 kernel: [    0.005415]  gran_size: 32M #011chunk_size: 128M #011num_reg: 10  #011lose cover RAM: 2048G
Jul 14 11:22:09 172.20.224.115 kernel: [    0.005417]  gran_size: 32M #011chunk_size: 256M #011num_reg: 10  #011lose cover RAM: 2048G
Jul 14 11:22:09 172.20.224.115 kernel: [    0.005419]  gran_size: 32M #011chunk_size: 512M #011num_reg: 10  #011lose cover RAM: 2048G
Jul 14 11:22:09 172.20.224.115 kernel: [    0.005421]  gran_size: 32M #011chunk_size: 1G #011num_reg: 10  #011lose cover RAM: 2048G
Jul 14 11:22:09 172.20.224.115 kernel: [    0.005423]  gran_size: 32M #011chunk_size: 2G #011num_reg: 10  #011lose cover RAM: 2048G
Jul 14 11:22:09 172.20.224.115 kernel: [    0.005425]  gran_size: 64M #011chunk_size: 64M #011num_reg: 10  #011lose cover RAM: 2048G
Jul 14 11:22:09 172.20.224.115 kernel: [    0.005427]  gran_size: 64M #011chunk_size: 128M #011num_reg: 10  #011lose cover RAM: 2048G
Jul 14 11:22:09 172.20.224.115 kernel: [    0.005429]  gran_size: 64M #011chunk_size: 256M #011num_reg: 10  #011lose cover RAM: 2048G
Jul 14 11:22:09 172.20.224.115 kernel: [    0.005431]  gran_size: 64M #011chunk_size: 512M #011num_reg: 10  #011lose cover RAM: 2048G
Jul 14 11:22:09 172.20.224.115 kernel: [    0.005433]  gran_size: 64M #011chunk_size: 1G #011num_reg: 10  #011lose cover RAM: 2048G
Jul 14 11:22:09 172.20.224.115 kernel: [    0.005435]  gran_size: 64M #011chunk_size: 2G #011num_reg: 10  #011lose cover RAM: 2048G
Jul 14 11:22:09 172.20.224.115 kernel: [    0.005437]  gran_size: 128M #011chunk_size: 128M #011num_reg: 10  #011lose cover RAM: 2048G
Jul 14 11:22:09 172.20.224.115 kernel: [    0.005439]  gran_size: 128M #011chunk_size: 256M #011num_reg: 10  #011lose cover RAM: 2048G
Jul 14 11:22:09 172.20.224.115 kernel: [    0.005441]  gran_size: 128M #011chunk_size: 512M #011num_reg: 10  #011lose cover RAM: 2048G
Jul 14 11:22:09 172.20.224.115 kernel: [    0.005444]  gran_size: 128M #011chunk_size: 1G #011num_reg: 10  #011lose cover RAM: 2048G
Jul 14 11:22:09 172.20.224.115 kernel: [    0.005446]  gran_size: 128M #011chunk_size: 2G #011num_reg: 10  #011lose cover RAM: 2048G
Jul 14 11:22:09 172.20.224.115 kernel: [    0.005448]  gran_size: 256M #011chunk_size: 256M #011num_reg: 10  #011lose cover RAM: 2048G
Jul 14 11:22:09 172.20.224.115 kernel: [    0.005450]  gran_size: 256M #011chunk_size: 512M #011num_reg: 10  #011lose cover RAM: 2048G
Jul 14 11:22:09 172.20.224.115 kernel: [    0.005452]  gran_size: 256M #011chunk_size: 1G #011num_reg: 10  #011lose cover RAM: 2048G
Jul 14 11:22:09 172.20.224.115 kernel: [    0.005454]  gran_size: 256M #011chunk_size: 2G #011num_reg: 10  #011lose cover RAM: 2048G
Jul 14 11:22:09 172.20.224.115 kernel: [    0.005456]  gran_size: 512M #011chunk_size: 512M #011num_reg: 10  #011lose cover RAM: 2048G
Jul 14 11:22:09 172.20.224.115 kernel: [    0.005458]  gran_size: 512M #011chunk_size: 1G #011num_reg: 10  #011lose cover RAM: 2048G
Jul 14 11:22:09 172.20.224.115 kernel: [    0.005460]  gran_size: 512M #011chunk_size: 2G #011num_reg: 10  #011lose cover RAM: 2048G
Jul 14 11:22:09 172.20.224.115 kernel: [    0.005462]  gran_size: 1G #011chunk_size: 1G #011num_reg: 10  #011lose cover RAM: 2048G
Jul 14 11:22:09 172.20.224.115 kernel: [    0.005464]  gran_size: 1G #011chunk_size: 2G #011num_reg: 10  #011lose cover RAM: 2048G
Jul 14 11:22:09 172.20.224.115 kernel: [    0.005466]  gran_size: 2G #011chunk_size: 2G #011num_reg: 10  #011lose cover RAM: 2048G
Jul 14 11:22:09 172.20.224.115 kernel: [    0.005468] mtrr_cleanup: can not find optimal value
Jul 14 11:22:09 172.20.224.115 kernel: [    0.005469] please specify mtrr_gran_size/mtrr_chunk_size
Jul 14 11:22:09 172.20.224.115 kernel: [    0.005473] e820: update [mem 0x80000000-0xffffffff] usable ==> reserved
Jul 14 11:22:09 172.20.224.115 kernel: [    0.005477] x2apic: enabled by BIOS, switching to x2apic ops
Jul 14 11:22:09 172.20.224.115 kernel: [    0.005479] last_pfn = 0x77800 max_arch_pfn = 0x10000000000
Jul 14 11:22:09 172.20.224.115 kernel: [    0.015666] Using GB pages for direct mapping
Jul 14 11:22:09 172.20.224.115 kernel: [    0.016325] secureboot: Secure boot disabled
Jul 14 11:22:09 172.20.224.115 kernel: [    0.016326] RAMDISK: [mem 0x5ad55000-0x6183bfff]
Jul 14 11:22:09 172.20.224.115 kernel: [    0.016330] ACPI: Early table checksum verification disabled
Jul 14 11:22:09 172.20.224.115 kernel: [    0.016333] ACPI: RSDP 0x0000000072102014 000024 (v02 ALASKA)
Jul 14 11:22:09 172.20.224.115 kernel: [    0.016338] ACPI: XSDT 0x0000000072101728 0000EC (v01 ALASKA A M I    01072009 AMI  01000013)
Jul 14 11:22:09 172.20.224.115 kernel: [    0.016345] ACPI: FACP 0x0000000072100000 000114 (v06 ALASKA A M I    01072009 INTL 20091013)
Jul 14 11:22:09 172.20.224.115 kernel: [    0.016352] ACPI: DSDT 0x0000000072033000 0CB7DD (v02 ALASKA A M I    01072009 INTL 20091013)
Jul 14 11:22:09 172.20.224.115 kernel: [    0.016357] ACPI: FACS 0x000000007530D000 000040
Jul 14 11:22:09 172.20.224.115 kernel: [    0.016361] ACPI: SPMI 0x00000000720FF000 000041 (v05 ALASKA A M I    00000000 AMI. 00000000)
Jul 14 11:22:09 172.20.224.115 kernel: [    0.016365] ACPI: FIDT 0x0000000072032000 00009C (v01 ALASKA A M I    01072009 AMI  00010013)
Jul 14 11:22:09 172.20.224.115 kernel: [    0.016370] ACPI: SSDT 0x0000000072031000 00074C (v02 INTEL  RAS_ACPI 00000001 INTL 20210331)
Jul 14 11:22:09 172.20.224.115 kernel: [    0.016374] ACPI: ERST 0x0000000072030000 000230 (v01 ALASKA A M I    00000001 INTL 00000001)
Jul 14 11:22:09 172.20.224.115 kernel: [    0.016378] ACPI: MCFG 0x000000007202F000 00003C (v01 ALASKA A M I    01072009 MSFT 00000097)
Jul 14 11:22:09 172.20.224.115 kernel: [    0.016382] ACPI: HPET 0x000000007202E000 000038 (v01 ALASKA A M I    00000001 INTL 20091013)
Jul 14 11:22:09 172.20.224.115 kernel: [    0.016386] ACPI: MSCT 0x000000007202D000 000090 (v01 ALASKA A M I    00000001 INTL 20091013)
Jul 14 11:22:09 172.20.224.115 kernel: [    0.016391] ACPI: WDDT 0x000000007202C000 000040 (v01 ALASKA A M I    00000000 INTL 20091013)
Jul 14 11:22:09 172.20.224.115 kernel: [    0.016395] ACPI: APIC 0x000000007202A000 000E5E (v04 ALASKA A M I    00000000 INTL 20091013)
Jul 14 11:22:09 172.20.224.115 kernel: [    0.016399] ACPI: SRAT 0x0000000072022000 007830 (v03 ALASKA A M I    00000002 AMI  01000013)
Jul 14 11:22:09 172.20.224.115 kernel: [    0.016403] ACPI: SLIT 0x0000000072021000 000030 (v01 ALASKA A M I    01072009 AMI  01000013)
Jul 14 11:22:09 172.20.224.115 kernel: [    0.016407] ACPI: HMAT 0x0000000072020000 000158 (v02 ALASKA A M I    01072009 AMI  01000013)
Jul 14 11:22:09 172.20.224.115 kernel: [    0.016411] ACPI: OEM4 0x0000000071E98000 187A51 (v02 INTEL  CPU  CST 00003000 INTL 20210331)
Jul 14 11:22:09 172.20.224.115 kernel: [    0.016416] ACPI: OEM1 0x0000000071D84000 113479 (v02 INTEL  CPU EIST 00003000 INTL 20210331)
Jul 14 11:22:09 172.20.224.115 kernel: [    0.016420] ACPI: OEM2 0x0000000071D3D000 046031 (v02 INTEL  CPU  HWP 00003000 INTL 20210331)
Jul 14 11:22:09 172.20.224.115 kernel: [    0.016424] ACPI: SSDT 0x0000000071CD3000 069895 (v02 INTEL  SSDT  PM 00004000 INTL 20210331)
Jul 14 11:22:09 172.20.224.115 kernel: [    0.016429] ACPI: SSDT 0x0000000071CD2000 000957 (v02 ALASKA A M I    00000000 INTL 20091013)
Jul 14 11:22:09 172.20.224.115 kernel: [    0.016433] ACPI: HEST 0x0000000071CD1000 00013C (v01 ALASKA A M I    00000001 INTL 00000001)
Jul 14 11:22:09 172.20.224.115 kernel: [    0.016437] ACPI: BERT 0x0000000071CD0000 000030 (v01 ALASKA A M I    00000001 INTL 00000001)
Jul 14 11:22:09 172.20.224.115 kernel: [    0.016441] ACPI: SSDT 0x0000000071CCF000 00076E (v02 INTEL  ADDRXLAT 00000001 INTL 20210331)
Jul 14 11:22:09 172.20.224.115 kernel: [    0.016445] ACPI: DMAR 0x0000000071CCE000 000528 (v01 ALASKA A M I    00000001 INTL 20091013)
Jul 14 11:22:09 172.20.224.115 kernel: [    0.016449] ACPI: FPDT 0x0000000071CCD000 000044 (v01 ALASKA A M I    01072009 AMI  01000013)
Jul 14 11:22:09 172.20.224.115 kernel: [    0.016454] ACPI: SPCR 0x0000000071CCC000 000050 (v02 ALASKA A M I    01072009 AMI  00050020)
Jul 14 11:22:09 172.20.224.115 kernel: [    0.016458] ACPI: WSMT 0x000000007202B000 000028 (v01 ALASKA A M I    01072009 AMI  00010013)
Jul 14 11:22:09 172.20.224.115 kernel: [    0.016461] ACPI: Reserving FACP table memory at [mem 0x72100000-0x72100113]
Jul 14 11:22:09 172.20.224.115 kernel: [    0.016464] ACPI: Reserving DSDT table memory at [mem 0x72033000-0x720fe7dc]
Jul 14 11:22:09 172.20.224.115 kernel: [    0.016466] ACPI: Reserving FACS table memory at [mem 0x7530d000-0x7530d03f]
Jul 14 11:22:09 172.20.224.115 kernel: [    0.016468] ACPI: Reserving SPMI table memory at [mem 0x720ff000-0x720ff040]
Jul 14 11:22:09 172.20.224.115 kernel: [    0.016469] ACPI: Reserving FIDT table memory at [mem 0x72032000-0x7203209b]
Jul 14 11:22:09 172.20.224.115 kernel: [    0.016471] ACPI: Reserving SSDT table memory at [mem 0x72031000-0x7203174b]
Jul 14 11:22:09 172.20.224.115 kernel: [    0.016473] ACPI: Reserving ERST table memory at [mem 0x72030000-0x7203022f]
Jul 14 11:22:09 172.20.224.115 kernel: [    0.016474] ACPI: Reserving MCFG table memory at [mem 0x7202f000-0x7202f03b]
Jul 14 11:22:09 172.20.224.115 kernel: [    0.016476] ACPI: Reserving HPET table memory at [mem 0x7202e000-0x7202e037]
Jul 14 11:22:09 172.20.224.115 kernel: [    0.016478] ACPI: Reserving MSCT table memory at [mem 0x7202d000-0x7202d08f]
Jul 14 11:22:09 172.20.224.115 kernel: [    0.016479] ACPI: Reserving WDDT table memory at [mem 0x7202c000-0x7202c03f]
Jul 14 11:22:09 172.20.224.115 kernel: [    0.016481] ACPI: Reserving APIC table memory at [mem 0x7202a000-0x7202ae5d]
Jul 14 11:22:09 172.20.224.115 kernel: [    0.016483] ACPI: Reserving SRAT table memory at [mem 0x72022000-0x7202982f]
Jul 14 11:22:09 172.20.224.115 kernel: [    0.016484] ACPI: Reserving SLIT table memory at [mem 0x72021000-0x7202102f]
Jul 14 11:22:09 172.20.224.115 kernel: [    0.016486] ACPI: Reserving HMAT table memory at [mem 0x72020000-0x72020157]
Jul 14 11:22:09 172.20.224.115 kernel: [    0.016488] ACPI: Reserving OEM4 table memory at [mem 0x71e98000-0x7201fa50]
Jul 14 11:22:09 172.20.224.115 kernel: [    0.016489] ACPI: Reserving OEM1 table memory at [mem 0x71d84000-0x71e97478]
Jul 14 11:22:09 172.20.224.115 kernel: [    0.016491] ACPI: Reserving OEM2 table memory at [mem 0x71d3d000-0x71d83030]
Jul 14 11:22:09 172.20.224.115 kernel: [    0.016493] ACPI: Reserving SSDT table memory at [mem 0x71cd3000-0x71d3c894]
Jul 14 11:22:09 172.20.224.115 kernel: [    0.016494] ACPI: Reserving SSDT table memory at [mem 0x71cd2000-0x71cd2956]
Jul 14 11:22:09 172.20.224.115 kernel: [    0.016496] ACPI: Reserving HEST table memory at [mem 0x71cd1000-0x71cd113b]
Jul 14 11:22:09 172.20.224.115 kernel: [    0.016498] ACPI: Reserving BERT table memory at [mem 0x71cd0000-0x71cd002f]
Jul 14 11:22:09 172.20.224.115 kernel: [    0.016499] ACPI: Reserving SSDT table memory at [mem 0x71ccf000-0x71ccf76d]
Jul 14 11:22:09 172.20.224.115 kernel: [    0.016501] ACPI: Reserving DMAR table memory at [mem 0x71cce000-0x71cce527]
Jul 14 11:22:09 172.20.224.115 kernel: [    0.016503] ACPI: Reserving FPDT table memory at [mem 0x71ccd000-0x71ccd043]
Jul 14 11:22:09 172.20.224.115 kernel: [    0.016505] ACPI: Reserving SPCR table memory at [mem 0x71ccc000-0x71ccc04f]
Jul 14 11:22:09 172.20.224.115 kernel: [    0.016506] ACPI: Reserving WSMT table memory at [mem 0x7202b000-0x7202b027]
Jul 14 11:22:09 172.20.224.115 kernel: [    0.016518] Setting APIC routing to cluster x2apic.
Jul 14 11:22:09 172.20.224.115 kernel: [    0.016585] SRAT: PXM 0 -> APIC 0x0000 -> Node 0
Jul 14 11:22:09 172.20.224.115 kernel: [    0.016587] SRAT: PXM 0 -> APIC 0x0001 -> Node 0
Jul 14 11:22:09 172.20.224.115 kernel: [    0.016589] SRAT: PXM 0 -> APIC 0x0002 -> Node 0
Jul 14 11:22:09 172.20.224.115 kernel: [    0.016590] SRAT: PXM 0 -> APIC 0x0003 -> Node 0
Jul 14 11:22:09 172.20.224.115 kernel: [    0.016591] SRAT: PXM 0 -> APIC 0x0004 -> Node 0
Jul 14 11:22:09 172.20.224.115 kernel: [    0.016592] SRAT: PXM 0 -> APIC 0x0005 -> Node 0
Jul 14 11:22:09 172.20.224.115 kernel: [    0.016594] SRAT: PXM 0 -> APIC 0x0006 -> Node 0
Jul 14 11:22:09 172.20.224.115 kernel: [    0.016595] SRAT: PXM 0 -> APIC 0x0007 -> Node 0
Jul 14 11:22:09 172.20.224.115 kernel: [    0.016596] SRAT: PXM 0 -> APIC 0x0008 -> Node 0
Jul 14 11:22:09 172.20.224.115 kernel: [    0.016597] SRAT: PXM 0 -> APIC 0x0009 -> Node 0
Jul 14 11:22:09 172.20.224.115 kernel: [    0.016599] SRAT: PXM 0 -> APIC 0x000a -> Node 0
Jul 14 11:22:09 172.20.224.115 kernel: [    0.016600] SRAT: PXM 0 -> APIC 0x000b -> Node 0
Jul 14 11:22:09 172.20.224.115 kernel: [    0.016601] SRAT: PXM 0 -> APIC 0x000c -> Node 0
Jul 14 11:22:09 172.20.224.115 kernel: [    0.016602] SRAT: PXM 0 -> APIC 0x000d -> Node 0
Jul 14 11:22:09 172.20.224.115 kernel: [    0.016603] SRAT: PXM 0 -> APIC 0x000e -> Node 0
Jul 14 11:22:09 172.20.224.115 kernel: [    0.016605] SRAT: PXM 0 -> APIC 0x000f -> Node 0
Jul 14 11:22:09 172.20.224.115 kernel: [    0.016606] SRAT: PXM 0 -> APIC 0x0010 -> Node 0
Jul 14 11:22:09 172.20.224.115 kernel: [    0.016607] SRAT: PXM 0 -> APIC 0x0011 -> Node 0
Jul 14 11:22:09 172.20.224.115 kernel: [    0.016609] SRAT: PXM 0 -> APIC 0x0012 -> Node 0
Jul 14 11:22:09 172.20.224.115 kernel: [    0.016610] SRAT: PXM 0 -> APIC 0x0013 -> Node 0
Jul 14 11:22:09 172.20.224.115 kernel: [    0.016611] SRAT: PXM 0 -> APIC 0x0014 -> Node 0
Jul 14 11:22:09 172.20.224.115 kernel: [    0.016612] SRAT: PXM 0 -> APIC 0x0015 -> Node 0
Jul 14 11:22:09 172.20.224.115 kernel: [    0.016614] SRAT: PXM 0 -> APIC 0x0016 -> Node 0
Jul 14 11:22:09 172.20.224.115 kernel: [    0.016615] SRAT: PXM 0 -> APIC 0x0017 -> Node 0
Jul 14 11:22:09 172.20.224.115 kernel: [    0.016616] SRAT: PXM 0 -> APIC 0x0018 -> Node 0
Jul 14 11:22:09 172.20.224.115 kernel: [    0.016617] SRAT: PXM 0 -> APIC 0x0019 -> Node 0
Jul 14 11:22:09 172.20.224.115 kernel: [    0.016618] SRAT: PXM 0 -> APIC 0x001a -> Node 0
Jul 14 11:22:09 172.20.224.115 kernel: [    0.016620] SRAT: PXM 0 -> APIC 0x001b -> Node 0
Jul 14 11:22:09 172.20.224.115 kernel: [    0.016621] SRAT: PXM 0 -> APIC 0x001c -> Node 0
Jul 14 11:22:09 172.20.224.115 kernel: [    0.016622] SRAT: PXM 0 -> APIC 0x001d -> Node 0
Jul 14 11:22:09 172.20.224.115 kernel: [    0.016623] SRAT: PXM 0 -> APIC 0x001e -> Node 0
Jul 14 11:22:09 172.20.224.115 kernel: [    0.016625] SRAT: PXM 0 -> APIC 0x001f -> Node 0
Jul 14 11:22:09 172.20.224.115 kernel: [    0.016626] SRAT: PXM 0 -> APIC 0x0020 -> Node 0
Jul 14 11:22:09 172.20.224.115 kernel: [    0.016627] SRAT: PXM 0 -> APIC 0x0021 -> Node 0
Jul 14 11:22:09 172.20.224.115 kernel: [    0.016628] SRAT: PXM 0 -> APIC 0x0022 -> Node 0
Jul 14 11:22:09 172.20.224.115 kernel: [    0.016629] SRAT: PXM 0 -> APIC 0x0023 -> Node 0
Jul 14 11:22:09 172.20.224.115 kernel: [    0.016631] SRAT: PXM 0 -> APIC 0x0024 -> Node 0
Jul 14 11:22:09 172.20.224.115 kernel: [    0.016632] SRAT: PXM 0 -> APIC 0x0025 -> Node 0
Jul 14 11:22:09 172.20.224.115 kernel: [    0.016633] SRAT: PXM 0 -> APIC 0x0026 -> Node 0
Jul 14 11:22:09 172.20.224.115 kernel: [    0.016634] SRAT: PXM 0 -> APIC 0x0027 -> Node 0
Jul 14 11:22:09 172.20.224.115 kernel: [    0.016636] SRAT: PXM 0 -> APIC 0x0028 -> Node 0
Jul 14 11:22:09 172.20.224.115 kernel: [    0.016637] SRAT: PXM 0 -> APIC 0x0029 -> Node 0
Jul 14 11:22:09 172.20.224.115 kernel: [    0.016638] SRAT: PXM 0 -> APIC 0x002a -> Node 0
Jul 14 11:22:09 172.20.224.115 kernel: [    0.016639] SRAT: PXM 0 -> APIC 0x002b -> Node 0
Jul 14 11:22:09 172.20.224.115 kernel: [    0.016640] SRAT: PXM 0 -> APIC 0x002c -> Node 0
Jul 14 11:22:09 172.20.224.115 kernel: [    0.016642] SRAT: PXM 0 -> APIC 0x002d -> Node 0
Jul 14 11:22:09 172.20.224.115 kernel: [    0.016643] SRAT: PXM 0 -> APIC 0x002e -> Node 0
Jul 14 11:22:09 172.20.224.115 kernel: [    0.016644] SRAT: PXM 0 -> APIC 0x002f -> Node 0
Jul 14 11:22:09 172.20.224.115 kernel: [    0.016645] SRAT: PXM 0 -> APIC 0x0030 -> Node 0
Jul 14 11:22:09 172.20.224.115 kernel: [    0.016647] SRAT: PXM 0 -> APIC 0x0031 -> Node 0
Jul 14 11:22:09 172.20.224.115 kernel: [    0.016648] SRAT: PXM 0 -> APIC 0x0032 -> Node 0
Jul 14 11:22:09 172.20.224.115 kernel: [    0.016649] SRAT: PXM 0 -> APIC 0x0033 -> Node 0
Jul 14 11:22:09 172.20.224.115 kernel: [    0.016650] SRAT: PXM 0 -> APIC 0x0034 -> Node 0
Jul 14 11:22:09 172.20.224.115 kernel: [    0.016651] SRAT: PXM 0 -> APIC 0x0035 -> Node 0
Jul 14 11:22:09 172.20.224.115 kernel: [    0.016653] SRAT: PXM 0 -> APIC 0x0036 -> Node 0
Jul 14 11:22:09 172.20.224.115 kernel: [    0.016654] SRAT: PXM 0 -> APIC 0x0037 -> Node 0
Jul 14 11:22:09 172.20.224.115 kernel: [    0.016655] SRAT: PXM 0 -> APIC 0x0038 -> Node 0
Jul 14 11:22:09 172.20.224.115 kernel: [    0.016656] SRAT: PXM 0 -> APIC 0x0039 -> Node 0
Jul 14 11:22:09 172.20.224.115 kernel: [    0.016657] SRAT: PXM 0 -> APIC 0x003a -> Node 0
Jul 14 11:22:09 172.20.224.115 kernel: [    0.016659] SRAT: PXM 0 -> APIC 0x003b -> Node 0
Jul 14 11:22:09 172.20.224.115 kernel: [    0.016660] SRAT: PXM 0 -> APIC 0x003c -> Node 0
Jul 14 11:22:09 172.20.224.115 kernel: [    0.016661] SRAT: PXM 0 -> APIC 0x003d -> Node 0
Jul 14 11:22:09 172.20.224.115 kernel: [    0.016662] SRAT: PXM 0 -> APIC 0x003e -> Node 0
Jul 14 11:22:09 172.20.224.115 kernel: [    0.016664] SRAT: PXM 0 -> APIC 0x003f -> Node 0
Jul 14 11:22:09 172.20.224.115 kernel: [    0.016665] SRAT: PXM 0 -> APIC 0x0040 -> Node 0
Jul 14 11:22:09 172.20.224.115 kernel: [    0.016666] SRAT: PXM 0 -> APIC 0x0041 -> Node 0
Jul 14 11:22:09 172.20.224.115 kernel: [    0.016667] SRAT: PXM 0 -> APIC 0x0042 -> Node 0
Jul 14 11:22:09 172.20.224.115 kernel: [    0.016668] SRAT: PXM 0 -> APIC 0x0043 -> Node 0
Jul 14 11:22:09 172.20.224.115 kernel: [    0.016670] SRAT: PXM 0 -> APIC 0x0044 -> Node 0
Jul 14 11:22:09 172.20.224.115 kernel: [    0.016671] SRAT: PXM 0 -> APIC 0x0045 -> Node 0
Jul 14 11:22:09 172.20.224.115 kernel: [    0.016672] SRAT: PXM 0 -> APIC 0x0046 -> Node 0
Jul 14 11:22:09 172.20.224.115 kernel: [    0.016673] SRAT: PXM 0 -> APIC 0x0047 -> Node 0
Jul 14 11:22:09 172.20.224.115 kernel: [    0.016675] SRAT: PXM 0 -> APIC 0x0048 -> Node 0
Jul 14 11:22:09 172.20.224.115 kernel: [    0.016676] SRAT: PXM 0 -> APIC 0x0049 -> Node 0
Jul 14 11:22:09 172.20.224.115 kernel: [    0.016677] SRAT: PXM 0 -> APIC 0x004a -> Node 0
Jul 14 11:22:09 172.20.224.115 kernel: [    0.016678] SRAT: PXM 0 -> APIC 0x004b -> Node 0
Jul 14 11:22:09 172.20.224.115 kernel: [    0.016679] SRAT: PXM 0 -> APIC 0x004c -> Node 0
Jul 14 11:22:09 172.20.224.115 kernel: [    0.016681] SRAT: PXM 0 -> APIC 0x004d -> Node 0
Jul 14 11:22:09 172.20.224.115 kernel: [    0.016682] SRAT: PXM 0 -> APIC 0x004e -> Node 0
Jul 14 11:22:09 172.20.224.115 kernel: [    0.016683] SRAT: PXM 0 -> APIC 0x004f -> Node 0
Jul 14 11:22:09 172.20.224.115 kernel: [    0.016684] SRAT: PXM 0 -> APIC 0x0050 -> Node 0
Jul 14 11:22:09 172.20.224.115 kernel: [    0.016685] SRAT: PXM 0 -> APIC 0x0051 -> Node 0
Jul 14 11:22:09 172.20.224.115 kernel: [    0.016687] SRAT: PXM 0 -> APIC 0x0052 -> Node 0
Jul 14 11:22:09 172.20.224.115 kernel: [    0.016688] SRAT: PXM 0 -> APIC 0x0053 -> Node 0
Jul 14 11:22:09 172.20.224.115 kernel: [    0.016689] SRAT: PXM 0 -> APIC 0x0054 -> Node 0
Jul 14 11:22:09 172.20.224.115 kernel: [    0.016690] SRAT: PXM 0 -> APIC 0x0055 -> Node 0
Jul 14 11:22:09 172.20.224.115 kernel: [    0.016691] SRAT: PXM 0 -> APIC 0x0056 -> Node 0
Jul 14 11:22:09 172.20.224.115 kernel: [    0.016693] SRAT: PXM 0 -> APIC 0x0057 -> Node 0
Jul 14 11:22:09 172.20.224.115 kernel: [    0.016694] SRAT: PXM 0 -> APIC 0x0058 -> Node 0
Jul 14 11:22:09 172.20.224.115 kernel: [    0.016695] SRAT: PXM 0 -> APIC 0x0059 -> Node 0
Jul 14 11:22:09 172.20.224.115 kernel: [    0.016696] SRAT: PXM 0 -> APIC 0x005a -> Node 0
Jul 14 11:22:09 172.20.224.115 kernel: [    0.016698] SRAT: PXM 0 -> APIC 0x005b -> Node 0
Jul 14 11:22:09 172.20.224.115 kernel: [    0.016699] SRAT: PXM 0 -> APIC 0x005c -> Node 0
Jul 14 11:22:09 172.20.224.115 kernel: [    0.016700] SRAT: PXM 0 -> APIC 0x005d -> Node 0
Jul 14 11:22:09 172.20.224.115 kernel: [    0.016701] SRAT: PXM 0 -> APIC 0x005e -> Node 0
Jul 14 11:22:09 172.20.224.115 kernel: [    0.016702] SRAT: PXM 0 -> APIC 0x005f -> Node 0
Jul 14 11:22:09 172.20.224.115 kernel: [    0.016704] SRAT: PXM 0 -> APIC 0x0060 -> Node 0
Jul 14 11:22:09 172.20.224.115 kernel: [    0.016705] SRAT: PXM 0 -> APIC 0x0061 -> Node 0
Jul 14 11:22:09 172.20.224.115 kernel: [    0.016706] SRAT: PXM 0 -> APIC 0x0062 -> Node 0
Jul 14 11:22:09 172.20.224.115 kernel: [    0.016707] SRAT: PXM 0 -> APIC 0x0063 -> Node 0
Jul 14 11:22:09 172.20.224.115 kernel: [    0.016708] SRAT: PXM 0 -> APIC 0x0064 -> Node 0
Jul 14 11:22:09 172.20.224.115 kernel: [    0.016710] SRAT: PXM 0 -> APIC 0x0065 -> Node 0
Jul 14 11:22:09 172.20.224.115 kernel: [    0.016711] SRAT: PXM 0 -> APIC 0x0066 -> Node 0
Jul 14 11:22:09 172.20.224.115 kernel: [    0.016712] SRAT: PXM 0 -> APIC 0x0067 -> Node 0
Jul 14 11:22:09 172.20.224.115 kernel: [    0.016713] SRAT: PXM 0 -> APIC 0x0068 -> Node 0
Jul 14 11:22:09 172.20.224.115 kernel: [    0.016715] SRAT: PXM 0 -> APIC 0x0069 -> Node 0
Jul 14 11:22:09 172.20.224.115 kernel: [    0.016716] SRAT: PXM 0 -> APIC 0x006a -> Node 0
Jul 14 11:22:09 172.20.224.115 kernel: [    0.016717] SRAT: PXM 0 -> APIC 0x006b -> Node 0
Jul 14 11:22:09 172.20.224.115 kernel: [    0.016718] SRAT: PXM 0 -> APIC 0x006c -> Node 0
Jul 14 11:22:09 172.20.224.115 kernel: [    0.016719] SRAT: PXM 0 -> APIC 0x006d -> Node 0
Jul 14 11:22:09 172.20.224.115 kernel: [    0.016721] SRAT: PXM 0 -> APIC 0x006e -> Node 0
Jul 14 11:22:09 172.20.224.115 kernel: [    0.016722] SRAT: PXM 0 -> APIC 0x006f -> Node 0
Jul 14 11:22:09 172.20.224.115 kernel: [    0.016723] SRAT: PXM 1 -> APIC 0x0080 -> Node 1
Jul 14 11:22:09 172.20.224.115 kernel: [    0.016725] SRAT: PXM 1 -> APIC 0x0081 -> Node 1
Jul 14 11:22:09 172.20.224.115 kernel: [    0.016726] SRAT: PXM 1 -> APIC 0x0082 -> Node 1
Jul 14 11:22:09 172.20.224.115 kernel: [    0.016727] SRAT: PXM 1 -> APIC 0x0083 -> Node 1
Jul 14 11:22:09 172.20.224.115 kernel: [    0.016728] SRAT: PXM 1 -> APIC 0x0084 -> Node 1
Jul 14 11:22:09 172.20.224.115 kernel: [    0.016729] SRAT: PXM 1 -> APIC 0x0085 -> Node 1
Jul 14 11:22:09 172.20.224.115 kernel: [    0.016731] SRAT: PXM 1 -> APIC 0x0086 -> Node 1
Jul 14 11:22:09 172.20.224.115 kernel: [    0.016732] SRAT: PXM 1 -> APIC 0x0087 -> Node 1
Jul 14 11:22:09 172.20.224.115 kernel: [    0.016733] SRAT: PXM 1 -> APIC 0x0088 -> Node 1
Jul 14 11:22:09 172.20.224.115 kernel: [    0.016734] SRAT: PXM 1 -> APIC 0x0089 -> Node 1
Jul 14 11:22:09 172.20.224.115 kernel: [    0.016735] SRAT: PXM 1 -> APIC 0x008a -> Node 1
Jul 14 11:22:09 172.20.224.115 kernel: [    0.016737] SRAT: PXM 1 -> APIC 0x008b -> Node 1
Jul 14 11:22:09 172.20.224.115 kernel: [    0.016738] SRAT: PXM 1 -> APIC 0x008c -> Node 1
Jul 14 11:22:09 172.20.224.115 kernel: [    0.016739] SRAT: PXM 1 -> APIC 0x008d -> Node 1
Jul 14 11:22:09 172.20.224.115 kernel: [    0.016740] SRAT: PXM 1 -> APIC 0x008e -> Node 1
Jul 14 11:22:09 172.20.224.115 kernel: [    0.016741] SRAT: PXM 1 -> APIC 0x008f -> Node 1
Jul 14 11:22:09 172.20.224.115 kernel: [    0.016743] SRAT: PXM 1 -> APIC 0x0090 -> Node 1
Jul 14 11:22:09 172.20.224.115 kernel: [    0.016744] SRAT: PXM 1 -> APIC 0x0091 -> Node 1
Jul 14 11:22:09 172.20.224.115 kernel: [    0.016745] SRAT: PXM 1 -> APIC 0x0092 -> Node 1
Jul 14 11:22:09 172.20.224.115 kernel: [    0.016746] SRAT: PXM 1 -> APIC 0x0093 -> Node 1
Jul 14 11:22:09 172.20.224.115 kernel: [    0.016748] SRAT: PXM 1 -> APIC 0x0094 -> Node 1
Jul 14 11:22:09 172.20.224.115 kernel: [    0.016749] SRAT: PXM 1 -> APIC 0x0095 -> Node 1
Jul 14 11:22:09 172.20.224.115 kernel: [    0.016750] SRAT: PXM 1 -> APIC 0x0096 -> Node 1
Jul 14 11:22:09 172.20.224.115 kernel: [    0.016751] SRAT: PXM 1 -> APIC 0x0097 -> Node 1
Jul 14 11:22:09 172.20.224.115 kernel: [    0.016752] SRAT: PXM 1 -> APIC 0x0098 -> Node 1
Jul 14 11:22:09 172.20.224.115 kernel: [    0.016754] SRAT: PXM 1 -> APIC 0x0099 -> Node 1
Jul 14 11:22:09 172.20.224.115 kernel: [    0.016755] SRAT: PXM 1 -> APIC 0x009a -> Node 1
Jul 14 11:22:09 172.20.224.115 kernel: [    0.016756] SRAT: PXM 1 -> APIC 0x009b -> Node 1
Jul 14 11:22:09 172.20.224.115 kernel: [    0.016757] SRAT: PXM 1 -> APIC 0x009c -> Node 1
Jul 14 11:22:09 172.20.224.115 kernel: [    0.016759] SRAT: PXM 1 -> APIC 0x009d -> Node 1
Jul 14 11:22:09 172.20.224.115 kernel: [    0.016760] SRAT: PXM 1 -> APIC 0x009e -> Node 1
Jul 14 11:22:09 172.20.224.115 kernel: [    0.016761] SRAT: PXM 1 -> APIC 0x009f -> Node 1
Jul 14 11:22:09 172.20.224.115 kernel: [    0.016762] SRAT: PXM 1 -> APIC 0x00a0 -> Node 1
Jul 14 11:22:09 172.20.224.115 kernel: [    0.016763] SRAT: PXM 1 -> APIC 0x00a1 -> Node 1
Jul 14 11:22:09 172.20.224.115 kernel: [    0.016765] SRAT: PXM 1 -> APIC 0x00a2 -> Node 1
Jul 14 11:22:09 172.20.224.115 kernel: [    0.016766] SRAT: PXM 1 -> APIC 0x00a3 -> Node 1
Jul 14 11:22:09 172.20.224.115 kernel: [    0.016767] SRAT: PXM 1 -> APIC 0x00a4 -> Node 1
Jul 14 11:22:09 172.20.224.115 kernel: [    0.016768] SRAT: PXM 1 -> APIC 0x00a5 -> Node 1
Jul 14 11:22:09 172.20.224.115 kernel: [    0.016769] SRAT: PXM 1 -> APIC 0x00a6 -> Node 1
Jul 14 11:22:09 172.20.224.115 kernel: [    0.016771] SRAT: PXM 1 -> APIC 0x00a7 -> Node 1
Jul 14 11:22:09 172.20.224.115 kernel: [    0.016772] SRAT: PXM 1 -> APIC 0x00a8 -> Node 1
Jul 14 11:22:09 172.20.224.115 kernel: [    0.016773] SRAT: PXM 1 -> APIC 0x00a9 -> Node 1
Jul 14 11:22:09 172.20.224.115 kernel: [    0.016774] SRAT: PXM 1 -> APIC 0x00aa -> Node 1
Jul 14 11:22:09 172.20.224.115 kernel: [    0.016775] SRAT: PXM 1 -> APIC 0x00ab -> Node 1
Jul 14 11:22:09 172.20.224.115 kernel: [    0.016777] SRAT: PXM 1 -> APIC 0x00ac -> Node 1
Jul 14 11:22:09 172.20.224.115 kernel: [    0.016778] SRAT: PXM 1 -> APIC 0x00ad -> Node 1
Jul 14 11:22:09 172.20.224.115 kernel: [    0.016779] SRAT: PXM 1 -> APIC 0x00ae -> Node 1
Jul 14 11:22:09 172.20.224.115 kernel: [    0.016780] SRAT: PXM 1 -> APIC 0x00af -> Node 1
Jul 14 11:22:09 172.20.224.115 kernel: [    0.016782] SRAT: PXM 1 -> APIC 0x00b0 -> Node 1
Jul 14 11:22:09 172.20.224.115 kernel: [    0.016783] SRAT: PXM 1 -> APIC 0x00b1 -> Node 1
Jul 14 11:22:09 172.20.224.115 kernel: [    0.016784] SRAT: PXM 1 -> APIC 0x00b2 -> Node 1
Jul 14 11:22:09 172.20.224.115 kernel: [    0.016785] SRAT: PXM 1 -> APIC 0x00b3 -> Node 1
Jul 14 11:22:09 172.20.224.115 kernel: [    0.016786] SRAT: PXM 1 -> APIC 0x00b4 -> Node 1
Jul 14 11:22:09 172.20.224.115 kernel: [    0.016788] SRAT: PXM 1 -> APIC 0x00b5 -> Node 1
Jul 14 11:22:09 172.20.224.115 kernel: [    0.016789] SRAT: PXM 1 -> APIC 0x00b6 -> Node 1
Jul 14 11:22:09 172.20.224.115 kernel: [    0.016790] SRAT: PXM 1 -> APIC 0x00b7 -> Node 1
Jul 14 11:22:09 172.20.224.115 kernel: [    0.016791] SRAT: PXM 1 -> APIC 0x00b8 -> Node 1
Jul 14 11:22:09 172.20.224.115 kernel: [    0.016792] SRAT: PXM 1 -> APIC 0x00b9 -> Node 1
Jul 14 11:22:09 172.20.224.115 kernel: [    0.016794] SRAT: PXM 1 -> APIC 0x00ba -> Node 1
Jul 14 11:22:09 172.20.224.115 kernel: [    0.016795] SRAT: PXM 1 -> APIC 0x00bb -> Node 1
Jul 14 11:22:09 172.20.224.115 kernel: [    0.016796] SRAT: PXM 1 -> APIC 0x00bc -> Node 1
Jul 14 11:22:09 172.20.224.115 kernel: [    0.016797] SRAT: PXM 1 -> APIC 0x00bd -> Node 1
Jul 14 11:22:09 172.20.224.115 kernel: [    0.016799] SRAT: PXM 1 -> APIC 0x00be -> Node 1
Jul 14 11:22:09 172.20.224.115 kernel: [    0.016800] SRAT: PXM 1 -> APIC 0x00bf -> Node 1
Jul 14 11:22:09 172.20.224.115 kernel: [    0.016801] SRAT: PXM 1 -> APIC 0x00c0 -> Node 1
Jul 14 11:22:09 172.20.224.115 kernel: [    0.016802] SRAT: PXM 1 -> APIC 0x00c1 -> Node 1
Jul 14 11:22:09 172.20.224.115 kernel: [    0.016803] SRAT: PXM 1 -> APIC 0x00c2 -> Node 1
Jul 14 11:22:09 172.20.224.115 kernel: [    0.016805] SRAT: PXM 1 -> APIC 0x00c3 -> Node 1
Jul 14 11:22:09 172.20.224.115 kernel: [    0.016806] SRAT: PXM 1 -> APIC 0x00c4 -> Node 1
Jul 14 11:22:09 172.20.224.115 kernel: [    0.016807] SRAT: PXM 1 -> APIC 0x00c5 -> Node 1
Jul 14 11:22:09 172.20.224.115 kernel: [    0.016808] SRAT: PXM 1 -> APIC 0x00c6 -> Node 1
Jul 14 11:22:09 172.20.224.115 kernel: [    0.016809] SRAT: PXM 1 -> APIC 0x00c7 -> Node 1
Jul 14 11:22:09 172.20.224.115 kernel: [    0.016811] SRAT: PXM 1 -> APIC 0x00c8 -> Node 1
Jul 14 11:22:09 172.20.224.115 kernel: [    0.016812] SRAT: PXM 1 -> APIC 0x00c9 -> Node 1
Jul 14 11:22:09 172.20.224.115 kernel: [    0.016813] SRAT: PXM 1 -> APIC 0x00ca -> Node 1
Jul 14 11:22:09 172.20.224.115 kernel: [    0.016814] SRAT: PXM 1 -> APIC 0x00cb -> Node 1
Jul 14 11:22:09 172.20.224.115 kernel: [    0.016815] SRAT: PXM 1 -> APIC 0x00cc -> Node 1
Jul 14 11:22:09 172.20.224.115 kernel: [    0.016817] SRAT: PXM 1 -> APIC 0x00cd -> Node 1
Jul 14 11:22:09 172.20.224.115 kernel: [    0.016818] SRAT: PXM 1 -> APIC 0x00ce -> Node 1
Jul 14 11:22:09 172.20.224.115 kernel: [    0.016819] SRAT: PXM 1 -> APIC 0x00cf -> Node 1
Jul 14 11:22:09 172.20.224.115 kernel: [    0.016820] SRAT: PXM 1 -> APIC 0x00d0 -> Node 1
Jul 14 11:22:09 172.20.224.115 kernel: [    0.016821] SRAT: PXM 1 -> APIC 0x00d1 -> Node 1
Jul 14 11:22:09 172.20.224.115 kernel: [    0.016823] SRAT: PXM 1 -> APIC 0x00d2 -> Node 1
Jul 14 11:22:09 172.20.224.115 kernel: [    0.016824] SRAT: PXM 1 -> APIC 0x00d3 -> Node 1
Jul 14 11:22:09 172.20.224.115 kernel: [    0.016825] SRAT: PXM 1 -> APIC 0x00d4 -> Node 1
Jul 14 11:22:09 172.20.224.115 kernel: [    0.016826] SRAT: PXM 1 -> APIC 0x00d5 -> Node 1
Jul 14 11:22:09 172.20.224.115 kernel: [    0.016827] SRAT: PXM 1 -> APIC 0x00d6 -> Node 1
Jul 14 11:22:09 172.20.224.115 kernel: [    0.016829] SRAT: PXM 1 -> APIC 0x00d7 -> Node 1
Jul 14 11:22:09 172.20.224.115 kernel: [    0.016830] SRAT: PXM 1 -> APIC 0x00d8 -> Node 1
Jul 14 11:22:09 172.20.224.115 kernel: [    0.016831] SRAT: PXM 1 -> APIC 0x00d9 -> Node 1
Jul 14 11:22:09 172.20.224.115 kernel: [    0.016832] SRAT: PXM 1 -> APIC 0x00da -> Node 1
Jul 14 11:22:09 172.20.224.115 kernel: [    0.016834] SRAT: PXM 1 -> APIC 0x00db -> Node 1
Jul 14 11:22:09 172.20.224.115 kernel: [    0.016835] SRAT: PXM 1 -> APIC 0x00dc -> Node 1
Jul 14 11:22:09 172.20.224.115 kernel: [    0.016836] SRAT: PXM 1 -> APIC 0x00dd -> Node 1
Jul 14 11:22:09 172.20.224.115 kernel: [    0.016837] SRAT: PXM 1 -> APIC 0x00de -> Node 1
Jul 14 11:22:09 172.20.224.115 kernel: [    0.016838] SRAT: PXM 1 -> APIC 0x00df -> Node 1
Jul 14 11:22:09 172.20.224.115 kernel: [    0.016840] SRAT: PXM 1 -> APIC 0x00e0 -> Node 1
Jul 14 11:22:09 172.20.224.115 kernel: [    0.016841] SRAT: PXM 1 -> APIC 0x00e1 -> Node 1
Jul 14 11:22:09 172.20.224.115 kernel: [    0.016842] SRAT: PXM 1 -> APIC 0x00e2 -> Node 1
Jul 14 11:22:09 172.20.224.115 kernel: [    0.016843] SRAT: PXM 1 -> APIC 0x00e3 -> Node 1
Jul 14 11:22:09 172.20.224.115 kernel: [    0.016844] SRAT: PXM 1 -> APIC 0x00e4 -> Node 1
Jul 14 11:22:09 172.20.224.115 kernel: [    0.016846] SRAT: PXM 1 -> APIC 0x00e5 -> Node 1
Jul 14 11:22:09 172.20.224.115 kernel: [    0.016847] SRAT: PXM 1 -> APIC 0x00e6 -> Node 1
Jul 14 11:22:09 172.20.224.115 kernel: [    0.016848] SRAT: PXM 1 -> APIC 0x00e7 -> Node 1
Jul 14 11:22:09 172.20.224.115 kernel: [    0.016849] SRAT: PXM 1 -> APIC 0x00e8 -> Node 1
Jul 14 11:22:09 172.20.224.115 kernel: [    0.016850] SRAT: PXM 1 -> APIC 0x00e9 -> Node 1
Jul 14 11:22:09 172.20.224.115 kernel: [    0.016852] SRAT: PXM 1 -> APIC 0x00ea -> Node 1
Jul 14 11:22:09 172.20.224.115 kernel: [    0.016853] SRAT: PXM 1 -> APIC 0x00eb -> Node 1
Jul 14 11:22:09 172.20.224.115 kernel: [    0.016854] SRAT: PXM 1 -> APIC 0x00ec -> Node 1
Jul 14 11:22:09 172.20.224.115 kernel: [    0.016855] SRAT: PXM 1 -> APIC 0x00ed -> Node 1
Jul 14 11:22:09 172.20.224.115 kernel: [    0.016856] SRAT: PXM 1 -> APIC 0x00ee -> Node 1
Jul 14 11:22:09 172.20.224.115 kernel: [    0.016858] SRAT: PXM 1 -> APIC 0x00ef -> Node 1
Jul 14 11:22:09 172.20.224.115 kernel: [    0.016875] ACPI: SRAT: Node 0 PXM 0 [mem 0x00000000-0x7fffffff]
Jul 14 11:22:09 172.20.224.115 kernel: [    0.016878] ACPI: SRAT: Node 0 PXM 0 [mem 0x100000000-0x1007fffffff]
Jul 14 11:22:09 172.20.224.115 kernel: [    0.016880] ACPI: SRAT: Node 1 PXM 1 [mem 0x10080000000-0x2007fffffff]
Jul 14 11:22:09 172.20.224.115 kernel: [    0.016896] NUMA: Initialized distance table, cnt=2
Jul 14 11:22:09 172.20.224.115 kernel: [    0.016899] NUMA: Node 0 [mem 0x00000000-0x7fffffff] + [mem 0x100000000-0x1007fffffff] -> [mem 0x00000000-0x1007fffffff]
Jul 14 11:22:09 172.20.224.115 kernel: [    0.016914] NODE_DATA(0) allocated [mem 0x1007ffd6000-0x1007fffffff]
Jul 14 11:22:09 172.20.224.115 kernel: [    0.016933] NODE_DATA(1) allocated [mem 0x2007ffd2000-0x2007fffbfff]
Jul 14 11:22:09 172.20.224.115 kernel: [    0.020440] Zone ranges:
Jul 14 11:22:09 172.20.224.115 kernel: [    0.020441]   DMA      [mem 0x0000000000001000-0x0000000000ffffff]
Jul 14 11:22:09 172.20.224.115 kernel: [    0.020445]   DMA32    [mem 0x0000000001000000-0x00000000ffffffff]
Jul 14 11:22:09 172.20.224.115 kernel: [    0.020448]   Normal   [mem 0x0000000100000000-0x000002007fffffff]
Jul 14 11:22:09 172.20.224.115 kernel: [    0.020450]   Device   empty
Jul 14 11:22:09 172.20.224.115 kernel: [    0.020451] Movable zone start for each node
Jul 14 11:22:09 172.20.224.115 kernel: [    0.020456] Early memory node ranges
Jul 14 11:22:09 172.20.224.115 kernel: [    0.020456]   node   0: [mem 0x0000000000001000-0x000000000009ffff]
Jul 14 11:22:09 172.20.224.115 kernel: [    0.020459]   node   0: [mem 0x0000000000100000-0x000000006868cfff]
Jul 14 11:22:09 172.20.224.115 kernel: [    0.020461]   node   0: [mem 0x0000000068690000-0x000000006f702fff]
Jul 14 11:22:09 172.20.224.115 kernel: [    0.020463]   node   0: [mem 0x00000000777ff000-0x00000000777fffff]
Jul 14 11:22:09 172.20.224.115 kernel: [    0.020464]   node   0: [mem 0x0000000100000000-0x000001007fffffff]
Jul 14 11:22:09 172.20.224.115 kernel: [    0.020605]   node   1: [mem 0x0000010080000000-0x000002007fffffff]
Jul 14 11:22:09 172.20.224.115 kernel: [    0.020746] Initmem setup node 0 [mem 0x0000000000001000-0x000001007fffffff]
Jul 14 11:22:09 172.20.224.115 kernel: [    0.020752] Initmem setup node 1 [mem 0x0000010080000000-0x000002007fffffff]
Jul 14 11:22:09 172.20.224.115 kernel: [    0.020757] On node 0, zone DMA: 1 pages in unavailable ranges
Jul 14 11:22:09 172.20.224.115 kernel: [    0.020801] On node 0, zone DMA: 96 pages in unavailable ranges
Jul 14 11:22:09 172.20.224.115 kernel: [    0.025396] On node 0, zone DMA32: 3 pages in unavailable ranges
Jul 14 11:22:09 172.20.224.115 kernel: [    0.025946] On node 0, zone DMA32: 33020 pages in unavailable ranges
Jul 14 11:22:09 172.20.224.115 kernel: [    2.757890] On node 0, zone Normal: 2048 pages in unavailable ranges
Jul 14 11:22:09 172.20.224.115 kernel: [    6.288686] ACPI: PM-Timer IO Port: 0x508
Jul 14 11:22:09 172.20.224.115 kernel: [    6.288732] ACPI: X2APIC_NMI (uid[0xffffffff] high edge lint[0x1])
Jul 14 11:22:09 172.20.224.115 kernel: [    6.288737] ACPI: LAPIC_NMI (acpi_id[0xff] high edge lint[0x1])
Jul 14 11:22:09 172.20.224.115 kernel: [    6.288758] IOAPIC[0]: apic_id 8, version 32, address 0xfec00000, GSI 0-23
Jul 14 11:22:09 172.20.224.115 kernel: [    6.288763] ACPI: INT_SRC_OVR (bus 0 bus_irq 0 global_irq 2 dfl dfl)
Jul 14 11:22:09 172.20.224.115 kernel: [    6.288765] ACPI: INT_SRC_OVR (bus 0 bus_irq 9 global_irq 9 high level)
Jul 14 11:22:09 172.20.224.115 kernel: [    6.288772] ACPI: Using ACPI (MADT) for SMP configuration information
Jul 14 11:22:09 172.20.224.115 kernel: [    6.288773] ACPI: HPET id: 0x8086a701 base: 0xfed00000
Jul 14 11:22:09 172.20.224.115 kernel: [    6.288779] ACPI: SPCR: console: uart,io,0x3f8,115200
Jul 14 11:22:09 172.20.224.115 kernel: [    6.288781] TSC deadline timer available
Jul 14 11:22:09 172.20.224.115 kernel: [    6.288783] smpboot: Allowing 224 CPUs, 0 hotplug CPUs
Jul 14 11:22:09 172.20.224.115 kernel: [    6.288814] PM: hibernation: Registered nosave memory: [mem 0x00000000-0x00000fff]
Jul 14 11:22:09 172.20.224.115 kernel: [    6.288817] PM: hibernation: Registered nosave memory: [mem 0x000a0000-0x000fffff]
Jul 14 11:22:09 172.20.224.115 kernel: [    6.288820] PM: hibernation: Registered nosave memory: [mem 0x62993000-0x62993fff]
Jul 14 11:22:09 172.20.224.115 kernel: [    6.288823] PM: hibernation: Registered nosave memory: [mem 0x629e6000-0x629e6fff]
Jul 14 11:22:09 172.20.224.115 kernel: [    6.288825] PM: hibernation: Registered nosave memory: [mem 0x629e7000-0x629e7fff]
Jul 14 11:22:09 172.20.224.115 kernel: [    6.288827] PM: hibernation: Registered nosave memory: [mem 0x62aa6000-0x62aa6fff]
Jul 14 11:22:09 172.20.224.115 kernel: [    6.288829] PM: hibernation: Registered nosave memory: [mem 0x62aa7000-0x62aa7fff]
Jul 14 11:22:09 172.20.224.115 kernel: [    6.288831] PM: hibernation: Registered nosave memory: [mem 0x62b66000-0x62b66fff]
Jul 14 11:22:09 172.20.224.115 kernel: [    6.288833] PM: hibernation: Registered nosave memory: [mem 0x62b67000-0x62b67fff]
Jul 14 11:22:09 172.20.224.115 kernel: [    6.288835] PM: hibernation: Registered nosave memory: [mem 0x62c26000-0x62c26fff]
Jul 14 11:22:09 172.20.224.115 kernel: [    6.288838] PM: hibernation: Registered nosave memory: [mem 0x62dac000-0x62dacfff]
Jul 14 11:22:09 172.20.224.115 kernel: [    6.288841] PM: hibernation: Registered nosave memory: [mem 0x62e6b000-0x62e6bfff]
Jul 14 11:22:09 172.20.224.115 kernel: [    6.288843] PM: hibernation: Registered nosave memory: [mem 0x650c6000-0x650c6fff]
Jul 14 11:22:09 172.20.224.115 kernel: [    6.288846] PM: hibernation: Registered nosave memory: [mem 0x65119000-0x65119fff]
Jul 14 11:22:09 172.20.224.115 kernel: [    6.288848] PM: hibernation: Registered nosave memory: [mem 0x6511a000-0x6511afff]
Jul 14 11:22:09 172.20.224.115 kernel: [    6.288850] PM: hibernation: Registered nosave memory: [mem 0x65152000-0x65152fff]
Jul 14 11:22:09 172.20.224.115 kernel: [    6.288853] PM: hibernation: Registered nosave memory: [mem 0x6868d000-0x6868ffff]
Jul 14 11:22:09 172.20.224.115 kernel: [    6.288855] PM: hibernation: Registered nosave memory: [mem 0x6f703000-0x71802fff]
Jul 14 11:22:09 172.20.224.115 kernel: [    6.288857] PM: hibernation: Registered nosave memory: [mem 0x71803000-0x72102fff]
Jul 14 11:22:09 172.20.224.115 kernel: [    6.288858] PM: hibernation: Registered nosave memory: [mem 0x72103000-0x7530efff]
Jul 14 11:22:09 172.20.224.115 kernel: [    6.288859] PM: hibernation: Registered nosave memory: [mem 0x7530f000-0x777fefff]
Jul 14 11:22:09 172.20.224.115 kernel: [    6.288862] PM: hibernation: Registered nosave memory: [mem 0x77800000-0x8fffffff]
Jul 14 11:22:09 172.20.224.115 kernel: [    6.288863] PM: hibernation: Registered nosave memory: [mem 0x90000000-0xfe00ffff]
Jul 14 11:22:09 172.20.224.115 kernel: [    6.288864] PM: hibernation: Registered nosave memory: [mem 0xfe010000-0xfe010fff]
Jul 14 11:22:09 172.20.224.115 kernel: [    6.288866] PM: hibernation: Registered nosave memory: [mem 0xfe011000-0xfeffffff]
Jul 14 11:22:09 172.20.224.115 kernel: [    6.288867] PM: hibernation: Registered nosave memory: [mem 0xff000000-0xffffffff]
Jul 14 11:22:09 172.20.224.115 kernel: [    6.288869] [mem 0x90000000-0xfe00ffff] available for PCI devices
Jul 14 11:22:09 172.20.224.115 kernel: [    6.288872] Booting paravirtualized kernel on bare hardware
Jul 14 11:22:09 172.20.224.115 kernel: [    6.288874] clocksource: refined-jiffies: mask: 0xffffffff max_cycles: 0xffffffff, max_idle_ns: 7645519600211568 ns
Jul 14 11:22:09 172.20.224.115 kernel: [    6.288884] setup_percpu: NR_CPUS:8192 nr_cpumask_bits:224 nr_cpu_ids:224 nr_node_ids:2
Jul 14 11:22:09 172.20.224.115 kernel: [    6.300646] percpu: Embedded 62 pages/cpu s217088 r8192 d28672 u262144
Jul 14 11:22:09 172.20.224.115 kernel: [    6.300665] pcpu-alloc: s217088 r8192 d28672 u262144 alloc=1*2097152
Jul 14 11:22:09 172.20.224.115 kernel: [    6.300668] pcpu-alloc: [0] 000 001 002 003 004 005 006 007 
Jul 14 11:22:09 172.20.224.115 kernel: [    6.300676] pcpu-alloc: [0] 008 009 010 011 012 013 014 015 
Jul 14 11:22:09 172.20.224.115 kernel: [    6.300683] pcpu-alloc: [0] 016 017 018 019 020 021 022 023 
Jul 14 11:22:09 172.20.224.115 kernel: [    6.300689] pcpu-alloc: [0] 024 025 026 027 028 029 030 031 
Jul 14 11:22:09 172.20.224.115 kernel: [    6.300695] pcpu-alloc: [0] 032 033 034 035 036 037 038 039 
Jul 14 11:22:09 172.20.224.115 kernel: [    6.300701] pcpu-alloc: [0] 040 041 042 043 044 045 046 047 
Jul 14 11:22:09 172.20.224.115 kernel: [    6.300707] pcpu-alloc: [0] 048 049 050 051 052 053 054 055 
Jul 14 11:22:09 172.20.224.115 kernel: [    6.300713] pcpu-alloc: [0] 112 113 114 115 116 117 118 119 
Jul 14 11:22:09 172.20.224.115 kernel: [    6.300720] pcpu-alloc: [0] 120 121 122 123 124 125 126 127 
Jul 14 11:22:09 172.20.224.115 kernel: [    6.300726] pcpu-alloc: [0] 128 129 130 131 132 133 134 135 
Jul 14 11:22:09 172.20.224.115 kernel: [    6.300732] pcpu-alloc: [0] 136 137 138 139 140 141 142 143 
Jul 14 11:22:09 172.20.224.115 kernel: [    6.300739] pcpu-alloc: [0] 144 145 146 147 148 149 150 151 
Jul 14 11:22:09 172.20.224.115 kernel: [    6.300745] pcpu-alloc: [0] 152 153 154 155 156 157 158 159 
Jul 14 11:22:09 172.20.224.115 kernel: [    6.300751] pcpu-alloc: [0] 160 161 162 163 164 165 166 167 
Jul 14 11:22:09 172.20.224.115 kernel: [    6.300757] pcpu-alloc: [1] 056 057 058 059 060 061 062 063 
Jul 14 11:22:09 172.20.224.115 kernel: [    6.300764] pcpu-alloc: [1] 064 065 066 067 068 069 070 071 
Jul 14 11:22:09 172.20.224.115 kernel: [    6.300770] pcpu-alloc: [1] 072 073 074 075 076 077 078 079 
Jul 14 11:22:09 172.20.224.115 kernel: [    6.300776] pcpu-alloc: [1] 080 081 082 083 084 085 086 087 
Jul 14 11:22:09 172.20.224.115 kernel: [    6.300782] pcpu-alloc: [1] 088 089 090 091 092 093 094 095 
Jul 14 11:22:09 172.20.224.115 kernel: [    6.300788] pcpu-alloc: [1] 096 097 098 099 100 101 102 103 
Jul 14 11:22:09 172.20.224.115 kernel: [    6.300794] pcpu-alloc: [1] 104 105 106 107 108 109 110 111 
Jul 14 11:22:09 172.20.224.115 kernel: [    6.300800] pcpu-alloc: [1] 168 169 170 171 172 173 174 175 
Jul 14 11:22:09 172.20.224.115 kernel: [    6.300807] pcpu-alloc: [1] 176 177 178 179 180 181 182 183 
Jul 14 11:22:09 172.20.224.115 kernel: [    6.300813] pcpu-alloc: [1] 184 185 186 187 188 189 190 191 
Jul 14 11:22:09 172.20.224.115 kernel: [    6.300819] pcpu-alloc: [1] 192 193 194 195 196 197 198 199 
Jul 14 11:22:09 172.20.224.115 kernel: [    6.300825] pcpu-alloc: [1] 200 201 202 203 204 205 206 207 
Jul 14 11:22:09 172.20.224.115 kernel: [    6.300832] pcpu-alloc: [1] 208 209 210 211 212 213 214 215 
Jul 14 11:22:09 172.20.224.115 kernel: [    6.300838] pcpu-alloc: [1] 216 217 218 219 220 221 222 223 
Jul 14 11:22:09 172.20.224.115 kernel: [    6.300930] Built 2 zonelists, mobility grouping on.  Total pages: 528415268
Jul 14 11:22:09 172.20.224.115 kernel: [    6.300933] Policy zone: Normal
Jul 14 11:22:09 172.20.224.115 kernel: [    6.300935] Kernel command line: BOOT_IMAGE=(tftp)/category/vmlinuz.dgx-h200 nouveau.modeset=0 nvme_core.multipath=n console=tty0 rw BOOTIF=01-b8-e9-24-5a-b0-e9 ip=172.20.224.115:172.20.224.13:0xac14e001:0xffffff00
Jul 14 11:22:09 172.20.224.115 kernel: [    6.301056] Unknown kernel command line parameters "BOOT_IMAGE=(tftp)/category/vmlinuz.dgx-h200 BOOTIF=01-b8-e9-24-5a-b0-e9 ip=172.20.224.115:172.20.224.13:0xac14e001:0xffffff00", will be passed to user space.
Jul 14 11:22:09 172.20.224.115 kernel: [    6.301059] printk: log_buf_len individual max cpu contribution: 4096 bytes
Jul 14 11:22:09 172.20.224.115 kernel: [    6.301060] printk: log_buf_len total cpu_extra contributions: 913408 bytes
Jul 14 11:22:09 172.20.224.115 kernel: [    6.301062] printk: log_buf_len min size: 262144 bytes
Jul 14 11:22:09 172.20.224.115 kernel: [    6.303380] printk: log_buf_len: 2097152 bytes
Jul 14 11:22:09 172.20.224.115 kernel: [    6.303382] printk: early log buf free: 222360(84%)
Jul 14 11:22:09 172.20.224.115 kernel: [    6.310831] mem auto-init: stack:off, heap alloc:on, heap free:off
Jul 14 11:22:09 172.20.224.115 kernel: [   11.346580] Memory: 2113245920K/2147211904K available (16392K kernel code, 4400K rwdata, 11004K rodata, 3376K init, 18688K bss, 33965780K reserved, 0K cma-reserved)
Jul 14 11:22:09 172.20.224.115 kernel: [   11.349845] SLUB: HWalign=64, Order=0-3, MinObjects=0, CPUs=224, Nodes=2
Jul 14 11:22:09 172.20.224.115 kernel: [   11.349950] ftrace: allocating 50824 entries in 199 pages
Jul 14 11:22:09 172.20.224.115 kernel: [   11.384214] ftrace: allocated 199 pages with 5 groups
Jul 14 11:22:09 172.20.224.115 kernel: [   11.385464] rcu: Hierarchical RCU implementation.
Jul 14 11:22:09 172.20.224.115 kernel: [   11.385466] rcu: #011RCU restricting CPUs from NR_CPUS=8192 to nr_cpu_ids=224.
Jul 14 11:22:09 172.20.224.115 kernel: [   11.385469] #011Rude variant of Tasks RCU enabled.
Jul 14 11:22:09 172.20.224.115 kernel: [   11.385470] #011Tracing variant of Tasks RCU enabled.
Jul 14 11:22:09 172.20.224.115 kernel: [   11.385471] rcu: RCU calculated value of scheduler-enlistment delay is 25 jiffies.
Jul 14 11:22:09 172.20.224.115 kernel: [   11.385472] rcu: Adjusting geometry for rcu_fanout_leaf=16, nr_cpu_ids=224
Jul 14 11:22:09 172.20.224.115 kernel: [   11.391321] NR_IRQS: 524544, nr_irqs: 2216, preallocated irqs: 16
Jul 14 11:22:09 172.20.224.115 kernel: [   11.392054] random: crng init done
Jul 14 11:22:09 172.20.224.115 kernel: [   11.392514] Console: colour dummy device 80x25
Jul 14 11:22:09 172.20.224.115 kernel: [   11.393303] printk: console [tty0] enabled
Jul 14 11:22:09 172.20.224.115 kernel: [   11.393719] mempolicy: Enabling automatic NUMA balancing. Configure with numa_balancing= or the kernel.numa_balancing sysctl
Jul 14 11:22:09 172.20.224.115 kernel: [   11.393728] ACPI: Core revision 20210730
Jul 14 11:22:09 172.20.224.115 kernel: [   11.396300] clocksource: hpet: mask: 0xffffffff max_cycles: 0xffffffff, max_idle_ns: 76450417870 ns
Jul 14 11:22:09 172.20.224.115 kernel: [   11.396353] APIC: Switch to symmetric I/O mode setup
Jul 14 11:22:09 172.20.224.115 kernel: [   11.396357] DMAR: Host address width 52
Jul 14 11:22:09 172.20.224.115 kernel: [   11.396360] DMAR: DRHD base: 0x000000da7fc000 flags: 0x0
Jul 14 11:22:09 172.20.224.115 kernel: [   11.396368] DMAR: dmar0: reg_base_addr da7fc000 ver 6:0 cap 19ed008c40780c66 ecap 3ee9e86f050df
Jul 14 11:22:09 172.20.224.115 kernel: [   11.396373] DMAR: DRHD base: 0x000000ea7fc000 flags: 0x0
Jul 14 11:22:09 172.20.224.115 kernel: [   11.396378] DMAR: dmar1: reg_base_addr ea7fc000 ver 6:0 cap 19ed008c40780c66 ecap 3ee9e86f050df
Jul 14 11:22:09 172.20.224.115 kernel: [   11.396383] DMAR: DRHD base: 0x000000ef7fc000 flags: 0x0
Jul 14 11:22:09 172.20.224.115 kernel: [   11.396388] DMAR: dmar2: reg_base_addr ef7fc000 ver 6:0 cap 19ed008c40780c66 ecap 3ee9e86f050df
Jul 14 11:22:09 172.20.224.115 kernel: [   11.396392] DMAR: DRHD base: 0x000000f47fc000 flags: 0x0
Jul 14 11:22:09 172.20.224.115 kernel: [   11.396398] DMAR: dmar3: reg_base_addr f47fc000 ver 6:0 cap 19ed008c40780c66 ecap 3ee9e86f050df
Jul 14 11:22:09 172.20.224.115 kernel: [   11.396403] DMAR: DRHD base: 0x000000f97fc000 flags: 0x0
Jul 14 11:22:09 172.20.224.115 kernel: [   11.396407] DMAR: dmar4: reg_base_addr f97fc000 ver 6:0 cap 19ed008c40780c66 ecap 3ee9e86f050df
Jul 14 11:22:09 172.20.224.115 kernel: [   11.396411] DMAR: DRHD base: 0x000000d57fc000 flags: 0x0
Jul 14 11:22:09 172.20.224.115 kernel: [   11.396415] DMAR: dmar5: reg_base_addr d57fc000 ver 6:0 cap 19ed008c40780c66 ecap 3ee9e86f050df
Jul 14 11:22:09 172.20.224.115 kernel: [   11.396420] DMAR: DRHD base: 0x000000f9ffc000 flags: 0x0
Jul 14 11:22:09 172.20.224.115 kernel: [   11.396424] DMAR: dmar6: reg_base_addr f9ffc000 ver 6:0 cap 19ed008c40780c66 ecap 3ef9ea6f050df
Jul 14 11:22:09 172.20.224.115 kernel: [   11.396428] DMAR: DRHD base: 0x000000fa7fc000 flags: 0x0
Jul 14 11:22:09 172.20.224.115 kernel: [   11.396433] DMAR: dmar7: reg_base_addr fa7fc000 ver 6:0 cap 19ed008c40780c66 ecap 3ef9ea6f050df
Jul 14 11:22:09 172.20.224.115 kernel: [   11.396437] DMAR: DRHD base: 0x000000faffc000 flags: 0x0
Jul 14 11:22:09 172.20.224.115 kernel: [   11.396450] DMAR: dmar8: reg_base_addr faffc000 ver 6:0 cap 19ed008c40780c66 ecap 3ef9ea6f050df
Jul 14 11:22:09 172.20.224.115 kernel: [   11.396454] DMAR: DRHD base: 0x000000fb7fc000 flags: 0x0
Jul 14 11:22:09 172.20.224.115 kernel: [   11.396459] DMAR: dmar9: reg_base_addr fb7fc000 ver 6:0 cap 19ed008c40780c66 ecap 3ef9ea6f050df
Jul 14 11:22:09 172.20.224.115 kernel: [   11.396463] DMAR: DRHD base: 0x000000afffc000 flags: 0x0
Jul 14 11:22:09 172.20.224.115 kernel: [   11.396468] DMAR: dmar10: reg_base_addr afffc000 ver 6:0 cap 19ed008c40780c66 ecap 3ee9e86f050df
Jul 14 11:22:09 172.20.224.115 kernel: [   11.396472] DMAR: DRHD base: 0x000000bfffc000 flags: 0x0
Jul 14 11:22:09 172.20.224.115 kernel: [   11.396478] DMAR: dmar11: reg_base_addr bfffc000 ver 6:0 cap 19ed008c40780c66 ecap 3ee9e86f050df
Jul 14 11:22:09 172.20.224.115 kernel: [   11.396482] DMAR: DRHD base: 0x000000c4ffc000 flags: 0x0
Jul 14 11:22:09 172.20.224.115 kernel: [   11.396487] DMAR: dmar12: reg_base_addr c4ffc000 ver 6:0 cap 19ed008c40780c66 ecap 3ee9e86f050df
Jul 14 11:22:09 172.20.224.115 kernel: [   11.396491] DMAR: DRHD base: 0x000000c9ffc000 flags: 0x0
Jul 14 11:22:09 172.20.224.115 kernel: [   11.396495] DMAR: dmar13: reg_base_addr c9ffc000 ver 6:0 cap 19ed008c40780c66 ecap 3ee9e86f050df
Jul 14 11:22:09 172.20.224.115 kernel: [   11.396499] DMAR: DRHD base: 0x000000ceffc000 flags: 0x0
Jul 14 11:22:09 172.20.224.115 kernel: [   11.396503] DMAR: dmar14: reg_base_addr ceffc000 ver 6:0 cap 19ed008c40780c66 ecap 3ee9e86f050df
Jul 14 11:22:09 172.20.224.115 kernel: [   11.396507] DMAR: DRHD base: 0x000000cf7fc000 flags: 0x0
Jul 14 11:22:09 172.20.224.115 kernel: [   11.396511] DMAR: dmar15: reg_base_addr cf7fc000 ver 6:0 cap 19ed008c40780c66 ecap 3ef9ea6f050df
Jul 14 11:22:09 172.20.224.115 kernel: [   11.396516] DMAR: DRHD base: 0x000000cfffc000 flags: 0x0
Jul 14 11:22:09 172.20.224.115 kernel: [   11.396520] DMAR: dmar16: reg_base_addr cfffc000 ver 6:0 cap 19ed008c40780c66 ecap 3ef9ea6f050df
Jul 14 11:22:09 172.20.224.115 kernel: [   11.396524] DMAR: DRHD base: 0x000000d07fc000 flags: 0x0
Jul 14 11:22:09 172.20.224.115 kernel: [   11.396528] DMAR: dmar17: reg_base_addr d07fc000 ver 6:0 cap 19ed008c40780c66 ecap 3ef9ea6f050df
Jul 14 11:22:09 172.20.224.115 kernel: [   11.396532] DMAR: DRHD base: 0x000000d0ffc000 flags: 0x0
Jul 14 11:22:09 172.20.224.115 kernel: [   11.396537] DMAR: dmar18: reg_base_addr d0ffc000 ver 6:0 cap 19ed008c40780c66 ecap 3ef9ea6f050df
Jul 14 11:22:09 172.20.224.115 kernel: [   11.396541] DMAR: DRHD base: 0x000000aaffc000 flags: 0x1
Jul 14 11:22:09 172.20.224.115 kernel: [   11.396545] DMAR: dmar19: reg_base_addr aaffc000 ver 6:0 cap 19ed008c40780c66 ecap 3ee9e86f050df
Jul 14 11:22:09 172.20.224.115 kernel: [   11.396549] DMAR: RMRR base: 0x00000077290000 end: 0x000000772b2fff
Jul 14 11:22:09 172.20.224.115 kernel: [   11.396553] DMAR: RMRR base: 0x00000076f46000 end: 0x0000007718ffff
Jul 14 11:22:09 172.20.224.115 kernel: [   11.396555] DMAR: ATSR flags: 0x0
Jul 14 11:22:09 172.20.224.115 kernel: [   11.396558] DMAR: RHSA base: 0x000000aaffc000 proximity domain: 0x0
Jul 14 11:22:09 172.20.224.115 kernel: [   11.396561] DMAR: RHSA base: 0x000000afffc000 proximity domain: 0x0
Jul 14 11:22:09 172.20.224.115 kernel: [   11.396563] DMAR: RHSA base: 0x000000bfffc000 proximity domain: 0x0
Jul 14 11:22:09 172.20.224.115 kernel: [   11.396565] DMAR: RHSA base: 0x000000c4ffc000 proximity domain: 0x0
Jul 14 11:22:09 172.20.224.115 kernel: [   11.396567] DMAR: RHSA base: 0x000000c9ffc000 proximity domain: 0x0
Jul 14 11:22:09 172.20.224.115 kernel: [   11.396569] DMAR: RHSA base: 0x000000ceffc000 proximity domain: 0x0
Jul 14 11:22:09 172.20.224.115 kernel: [   11.396571] DMAR: RHSA base: 0x000000cf7fc000 proximity domain: 0x0
Jul 14 11:22:09 172.20.224.115 kernel: [   11.396573] DMAR: RHSA base: 0x000000cfffc000 proximity domain: 0x0
Jul 14 11:22:09 172.20.224.115 kernel: [   11.396575] DMAR: RHSA base: 0x000000d07fc000 proximity domain: 0x0
Jul 14 11:22:09 172.20.224.115 kernel: [   11.396578] DMAR: RHSA base: 0x000000d0ffc000 proximity domain: 0x0
Jul 14 11:22:09 172.20.224.115 kernel: [   11.396580] DMAR: RHSA base: 0x000000da7fc000 proximity domain: 0x1
Jul 14 11:22:09 172.20.224.115 kernel: [   11.396582] DMAR: RHSA base: 0x000000ea7fc000 proximity domain: 0x1
Jul 14 11:22:09 172.20.224.115 kernel: [   11.396584] DMAR: RHSA base: 0x000000ef7fc000 proximity domain: 0x1
Jul 14 11:22:09 172.20.224.115 kernel: [   11.396586] DMAR: RHSA base: 0x000000f47fc000 proximity domain: 0x1
Jul 14 11:22:09 172.20.224.115 kernel: [   11.396588] DMAR: RHSA base: 0x000000f97fc000 proximity domain: 0x1
Jul 14 11:22:09 172.20.224.115 kernel: [   11.396590] DMAR: RHSA base: 0x000000d57fc000 proximity domain: 0x1
Jul 14 11:22:09 172.20.224.115 kernel: [   11.396593] DMAR: RHSA base: 0x000000f9ffc000 proximity domain: 0x1
Jul 14 11:22:09 172.20.224.115 kernel: [   11.396595] DMAR: RHSA base: 0x000000fa7fc000 proximity domain: 0x1
Jul 14 11:22:09 172.20.224.115 kernel: [   11.396597] DMAR: RHSA base: 0x000000faffc000 proximity domain: 0x1
Jul 14 11:22:09 172.20.224.115 kernel: [   11.396599] DMAR: RHSA base: 0x000000fb7fc000 proximity domain: 0x1
Jul 14 11:22:09 172.20.224.115 kernel: [   11.396601] DMAR: SATC flags: 0x0
Jul 14 11:22:09 172.20.224.115 kernel: [   11.396605] DMAR-IR: IOAPIC id 8 under DRHD base  0xaaffc000 IOMMU 19
Jul 14 11:22:09 172.20.224.115 kernel: [   11.396608] DMAR-IR: HPET id 0 under DRHD base 0xaaffc000
Jul 14 11:22:09 172.20.224.115 kernel: [   11.396611] DMAR-IR: Queued invalidation will be enabled to support x2apic and Intr-remapping.
Jul 14 11:22:09 172.20.224.115 kernel: [   11.403086] DMAR-IR: Enabled IRQ remapping in x2apic mode
Jul 14 11:22:09 172.20.224.115 kernel: [   11.404331] ..TIMER: vector=0x30 apic1=0 pin1=2 apic2=-1 pin2=-1
Jul 14 11:22:09 172.20.224.115 kernel: [   11.424343] clocksource: tsc-early: mask: 0xffffffffffffffff max_cycles: 0x39a85c9bff6, max_idle_ns: 881590591483 ns
Jul 14 11:22:09 172.20.224.115 kernel: [   11.424353] Calibrating delay loop (skipped), value calculated using timer frequency.. 4000.00 BogoMIPS (lpj=8000000)
Jul 14 11:22:09 172.20.224.115 kernel: [   11.424428] x86/cpu: SGX disabled by BIOS.
Jul 14 11:22:09 172.20.224.115 kernel: [   11.424436] CPU0: Thermal monitoring enabled (TM1)
Jul 14 11:22:09 172.20.224.115 kernel: [   11.424440] x86/cpu: User Mode Instruction Prevention (UMIP) activated
Jul 14 11:22:09 172.20.224.115 kernel: [   11.424853] process: using mwait in idle threads
Jul 14 11:22:09 172.20.224.115 kernel: [   11.424858] Last level iTLB entries: 4KB 0, 2MB 0, 4MB 0
Jul 14 11:22:09 172.20.224.115 kernel: [   11.424860] Last level dTLB entries: 4KB 0, 2MB 0, 4MB 0, 1GB 0
Jul 14 11:22:09 172.20.224.115 kernel: [   11.424867] Spectre V1 : Mitigation: usercopy/swapgs barriers and __user pointer sanitization
Jul 14 11:22:09 172.20.224.115 kernel: [   11.424872] Spectre V2 : Mitigation: Enhanced / Automatic IBRS
Jul 14 11:22:09 172.20.224.115 kernel: [   11.424875] Spectre V2 : Spectre v2 / SpectreRSB mitigation: Filling RSB on context switch
Jul 14 11:22:09 172.20.224.115 kernel: [   11.424878] Spectre V2 : Spectre v2 / PBRSB-eIBRS: Retire a single CALL on VMEXIT
Jul 14 11:22:09 172.20.224.115 kernel: [   11.424881] Spectre V2 : mitigation: Enabling conditional Indirect Branch Prediction Barrier
Jul 14 11:22:09 172.20.224.115 kernel: [   11.424885] Speculative Store Bypass: Mitigation: Speculative Store Bypass disabled via prctl and seccomp
Jul 14 11:22:09 172.20.224.115 kernel: [   11.424943] x86/fpu: Supporting XSAVE feature 0x001: 'x87 floating point registers'
Jul 14 11:22:09 172.20.224.115 kernel: [   11.424947] x86/fpu: Supporting XSAVE feature 0x002: 'SSE registers'
Jul 14 11:22:09 172.20.224.115 kernel: [   11.424950] x86/fpu: Supporting XSAVE feature 0x004: 'AVX registers'
Jul 14 11:22:09 172.20.224.115 kernel: [   11.424952] x86/fpu: Supporting XSAVE feature 0x020: 'AVX-512 opmask'
Jul 14 11:22:09 172.20.224.115 kernel: [   11.424954] x86/fpu: Supporting XSAVE feature 0x040: 'AVX-512 Hi256'
Jul 14 11:22:09 172.20.224.115 kernel: [   11.424956] x86/fpu: Supporting XSAVE feature 0x080: 'AVX-512 ZMM_Hi256'
Jul 14 11:22:09 172.20.224.115 kernel: [   11.424959] x86/fpu: Supporting XSAVE feature 0x200: 'Protection Keys User registers'
Jul 14 11:22:09 172.20.224.115 kernel: [   11.424962] x86/fpu: Supporting XSAVE feature 0x400: 'PASID state'
Jul 14 11:22:09 172.20.224.115 kernel: [   11.424964] x86/fpu: Supporting XSAVE feature 0x20000: 'AMX Tile config'
Jul 14 11:22:09 172.20.224.115 kernel: [   11.424966] x86/fpu: Supporting XSAVE feature 0x40000: 'AMX Tile data'
Jul 14 11:22:09 172.20.224.115 kernel: [   11.424979] x86/fpu: xstate_offset[2]:  576, xstate_sizes[2]:  256
Jul 14 11:22:09 172.20.224.115 kernel: [   11.424982] x86/fpu: xstate_offset[5]:  832, xstate_sizes[5]:   64
Jul 14 11:22:09 172.20.224.115 kernel: [   11.424984] x86/fpu: xstate_offset[6]:  896, xstate_sizes[6]:  512
Jul 14 11:22:09 172.20.224.115 kernel: [   11.424986] x86/fpu: xstate_offset[7]: 1408, xstate_sizes[7]: 1024
Jul 14 11:22:09 172.20.224.115 kernel: [   11.424989] x86/fpu: xstate_offset[9]: 2432, xstate_sizes[9]:    8
Jul 14 11:22:09 172.20.224.115 kernel: [   11.424991] x86/fpu: xstate_offset[10]: 2440, xstate_sizes[10]:    8
Jul 14 11:22:09 172.20.224.115 kernel: [   11.424994] x86/fpu: xstate_offset[17]: 2496, xstate_sizes[17]:   64
Jul 14 11:22:09 172.20.224.115 kernel: [   11.424996] x86/fpu: xstate_offset[18]: 2560, xstate_sizes[18]: 8192
Jul 14 11:22:09 172.20.224.115 kernel: [   11.424999] x86/fpu: Enabled xstate features 0x606e7, context size is 10752 bytes, using 'compacted' format.
Jul 14 11:22:09 172.20.224.115 kernel: [   11.448164] Freeing SMP alternatives memory: 44K
Jul 14 11:22:09 172.20.224.115 kernel: [   11.448170] pid_max: default: 229376 minimum: 1792
Jul 14 11:22:09 172.20.224.115 kernel: [   11.452939] LSM: Security Framework initializing
Jul 14 11:22:09 172.20.224.115 kernel: [   11.453019] landlock: Up and running.
Jul 14 11:22:09 172.20.224.115 kernel: [   11.453021] Yama: becoming mindful.
Jul 14 11:22:09 172.20.224.115 kernel: [   11.453106] AppArmor: AppArmor initialized
Jul 14 11:22:09 172.20.224.115 kernel: [   11.504181] Dentry cache hash table entries: 33554432 (order: 16, 268435456 bytes, vmalloc)
Jul 14 11:22:09 172.20.224.115 kernel: [   11.529446] Inode-cache hash table entries: 16777216 (order: 15, 134217728 bytes, vmalloc)
Jul 14 11:22:09 172.20.224.115 kernel: [   11.530392] Mount-cache hash table entries: 524288 (order: 10, 4194304 bytes, vmalloc)
Jul 14 11:22:09 172.20.224.115 kernel: [   11.531170] Mountpoint-cache hash table entries: 524288 (order: 10, 4194304 bytes, vmalloc)
Jul 14 11:22:09 172.20.224.115 kernel: [   11.532434] smpboot: Estimated ratio of average max frequency by base frequency (times 1024): 1587
Jul 14 11:22:09 172.20.224.115 kernel: [   11.532460] smpboot: CPU0: Intel(R) Xeon(R) Platinum 8480C (family: 0x6, model: 0x8f, stepping: 0x8)
Jul 14 11:22:09 172.20.224.115 kernel: [   11.532821] Performance Events: XSAVE Architectural LBR, PEBS fmt4+-baseline,  AnyThread deprecated, Sapphire Rapids events, 32-deep LBR, full-width counters, Intel PMU driver.
Jul 14 11:22:09 172.20.224.115 kernel: [   11.532864] ... version:                5
Jul 14 11:22:09 172.20.224.115 kernel: [   11.532866] ... bit width:              48
Jul 14 11:22:09 172.20.224.115 kernel: [   11.532867] ... generic registers:      8
Jul 14 11:22:09 172.20.224.115 kernel: [   11.532868] ... value mask:             0000ffffffffffff
Jul 14 11:22:09 172.20.224.115 kernel: [   11.532870] ... max period:             00007fffffffffff
Jul 14 11:22:09 172.20.224.115 kernel: [   11.532871] ... fixed-purpose events:   4
Jul 14 11:22:09 172.20.224.115 kernel: [   11.532873] ... event mask:             0001000f000000ff
Jul 14 11:22:09 172.20.224.115 kernel: [   11.533083] signal: max sigframe size: 11952
Jul 14 11:22:09 172.20.224.115 kernel: [   11.533108] rcu: Hierarchical SRCU implementation.
Jul 14 11:22:09 172.20.224.115 kernel: [   11.549471] NMI watchdog: Enabled. Permanently consumes one hw-PMU counter.
Jul 14 11:22:09 172.20.224.115 kernel: [   11.551757] smp: Bringing up secondary CPUs ...
Jul 14 11:22:09 172.20.224.115 kernel: [   11.551886] x86: Booting SMP configuration:
Jul 14 11:22:09 172.20.224.115 kernel: [   11.551888] .... node  #0, CPUs:          #1   #2   #3   #4   #5   #6   #7   #8   #9  #10  #11  #12  #13  #14  #15  #16  #17  #18  #19  #20  #21  #22  #23  #24  #25  #26  #27  #28  #29  #30  #31  #32  #33  #34  #35  #36  #37  #38  #39  #40  #41  #42  #43  #44  #45  #46  #47  #48  #49  #50  #51  #52  #53  #54  #55
Jul 14 11:22:09 172.20.224.115 kernel: [   13.025835] .... node  #1, CPUs:    #56
Jul 14 11:22:09 172.20.224.115 kernel: [    0.008306] smpboot: CPU 56 Converting physical 0 to logical die 1
Jul 14 11:22:09 172.20.224.115 kernel: [   13.092546]   #57  #58  #59  #60  #61  #62  #63  #64  #65  #66  #67  #68  #69  #70  #71  #72  #73  #74  #75  #76  #77  #78  #79  #80  #81  #82  #83  #84  #85  #86  #87  #88  #89  #90  #91  #92  #93  #94  #95  #96  #97  #98  #99 #100 #101 #102 #103 #104 #105 #106 #107 #108 #109 #110 #111
Jul 14 11:22:09 172.20.224.115 kernel: [   14.558250] .... node  #0, CPUs:   #112 #113 #114 #115 #116 #117 #118 #119 #120 #121 #122 #123 #124 #125 #126 #127 #128 #129 #130 #131 #132 #133 #134 #135 #136 #137 #138 #139 #140 #141 #142 #143 #144 #145 #146 #147 #148 #149 #150 #151 #152 #153 #154 #155 #156 #157 #158 #159 #160 #161 #162 #163 #164 #165 #166 #167
Jul 14 11:22:09 172.20.224.115 kernel: [   16.045189] .... node  #1, CPUs:   #168 #169 #170 #171 #172 #173 #174 #175 #176 #177 #178 #179 #180 #181 #182 #183 #184 #185 #186 #187 #188 #189 #190 #191 #192 #193 #194 #195 #196 #197 #198 #199 #200 #201 #202 #203 #204 #205 #206 #207 #208 #209 #210 #211 #212 #213 #214 #215 #216 #217 #218 #219 #220 #221 #222 #223
Jul 14 11:22:09 172.20.224.115 kernel: [   17.548934] smp: Brought up 2 nodes, 224 CPUs
Jul 14 11:22:09 172.20.224.115 kernel: [   17.548934] smpboot: Max logical packages: 2
Jul 14 11:22:09 172.20.224.115 kernel: [   17.548934] smpboot: Total of 224 processors activated (894365.69 BogoMIPS)
Jul 14 11:22:09 172.20.224.115 kernel: [   17.666589] devtmpfs: initialized
Jul 14 11:22:09 172.20.224.115 kernel: [   17.666589] x86/mm: Memory block size: 2048MB
Jul 14 11:22:09 172.20.224.115 kernel: [   17.673845] ACPI: PM: Registering ACPI NVS region [mem 0x72103000-0x7530efff] (52477952 bytes)
Jul 14 11:22:09 172.20.224.115 kernel: [   17.673845] clocksource: jiffies: mask: 0xffffffff max_cycles: 0xffffffff, max_idle_ns: 7645041785100000 ns
Jul 14 11:22:09 172.20.224.115 kernel: [   17.673884] futex hash table entries: 65536 (order: 10, 4194304 bytes, vmalloc)
Jul 14 11:22:09 172.20.224.115 kernel: [   17.674575] pinctrl core: initialized pinctrl subsystem
Jul 14 11:22:09 172.20.224.115 kernel: [   17.674771] PM: RTC time: 02:21:47, date: 2025-07-14
Jul 14 11:22:09 172.20.224.115 kernel: [   17.676765] NET: Registered PF_NETLINK/PF_ROUTE protocol family
Jul 14 11:22:09 172.20.224.115 kernel: [   17.677441] DMA: preallocated 4096 KiB GFP_KERNEL pool for atomic allocations
Jul 14 11:22:09 172.20.224.115 kernel: [   17.677961] DMA: preallocated 4096 KiB GFP_KERNEL|GFP_DMA pool for atomic allocations
Jul 14 11:22:09 172.20.224.115 kernel: [   17.678479] DMA: preallocated 4096 KiB GFP_KERNEL|GFP_DMA32 pool for atomic allocations
Jul 14 11:22:09 172.20.224.115 kernel: [   17.678490] audit: initializing netlink subsys (disabled)
Jul 14 11:22:09 172.20.224.115 kernel: [   17.678497] audit: type=2000 audit(1752459705.280:1): state=initialized audit_enabled=0 res=1
Jul 14 11:22:09 172.20.224.115 kernel: [   17.678497] thermal_sys: Registered thermal governor 'fair_share'
Jul 14 11:22:09 172.20.224.115 kernel: [   17.678497] thermal_sys: Registered thermal governor 'bang_bang'
Jul 14 11:22:09 172.20.224.115 kernel: [   17.678497] thermal_sys: Registered thermal governor 'step_wise'
Jul 14 11:22:09 172.20.224.115 kernel: [   17.678497] thermal_sys: Registered thermal governor 'user_space'
Jul 14 11:22:09 172.20.224.115 kernel: [   17.678497] thermal_sys: Registered thermal governor 'power_allocator'
Jul 14 11:22:09 172.20.224.115 kernel: [   17.678497] EISA bus registered
Jul 14 11:22:09 172.20.224.115 kernel: [   17.678497] cpuidle: using governor ladder
Jul 14 11:22:09 172.20.224.115 kernel: [   17.678497] cpuidle: using governor menu
Jul 14 11:22:09 172.20.224.115 kernel: [   17.680516] ACPI FADT declares the system doesn't support PCIe ASPM, so disable it
Jul 14 11:22:09 172.20.224.115 kernel: [   17.680519] ACPI: bus type PCI registered
Jul 14 11:22:09 172.20.224.115 kernel: [   17.680521] acpiphp: ACPI Hot Plug PCI Controller Driver version: 0.5
Jul 14 11:22:09 172.20.224.115 kernel: [   17.680775] PCI: MMCONFIG for domain 0000 [bus 00-ff] at [mem 0x80000000-0x8fffffff] (base 0x80000000)
Jul 14 11:22:09 172.20.224.115 kernel: [   17.680782] PCI: MMCONFIG at [mem 0x80000000-0x8fffffff] reserved in E820
Jul 14 11:22:09 172.20.224.115 kernel: [   17.680792] pmd_set_huge: Cannot satisfy [mem 0x80000000-0x80200000] with a huge-page mapping due to MTRR override.
Jul 14 11:22:09 172.20.224.115 kernel: [   17.681145] PCI: Using configuration type 1 for base access
Jul 14 11:22:09 172.20.224.115 kernel: [   17.687918] ENERGY_PERF_BIAS: Set to 'normal', was 'performance'
Jul 14 11:22:09 172.20.224.115 kernel: [   17.693676] kprobes: kprobe jump-optimization is enabled. All kprobes are optimized if possible.
Jul 14 11:22:09 172.20.224.115 kernel: [   17.693682] HugeTLB registered 1.00 GiB page size, pre-allocated 0 pages
Jul 14 11:22:09 172.20.224.115 kernel: [   17.693682] HugeTLB registered 2.00 MiB page size, pre-allocated 0 pages
Jul 14 11:22:09 172.20.224.115 kernel: [   17.696551] fbcon: Taking over console
Jul 14 11:22:09 172.20.224.115 kernel: [   17.696632] ACPI: Added _OSI(Module Device)
Jul 14 11:22:09 172.20.224.115 kernel: [   17.696634] ACPI: Added _OSI(Processor Device)
Jul 14 11:22:09 172.20.224.115 kernel: [   17.696636] ACPI: Added _OSI(3.0 _SCP Extensions)
Jul 14 11:22:09 172.20.224.115 kernel: [   17.696638] ACPI: Added _OSI(Processor Aggregator Device)
Jul 14 11:22:09 172.20.224.115 kernel: [   17.696640] ACPI: Added _OSI(Linux-Dell-Video)
Jul 14 11:22:09 172.20.224.115 kernel: [   17.696642] ACPI: Added _OSI(Linux-Lenovo-NV-HDMI-Audio)
Jul 14 11:22:09 172.20.224.115 kernel: [   17.696644] ACPI: Added _OSI(Linux-HPI-Hybrid-Graphics)
Jul 14 11:22:09 172.20.224.115 kernel: [   17.989574] ACPI: 5 ACPI AML tables successfully acquired and loaded
Jul 14 11:22:09 172.20.224.115 kernel: [   18.014275] ACPI: \_SB_.SCK0.C000: _OSC native thermal LVT Acked
Jul 14 11:22:09 172.20.224.115 kernel: [   18.015798] ACPI: Dynamic OEM Table Load:
Jul 14 11:22:09 172.20.224.115 kernel: [   18.251432] ACPI: Dynamic OEM Table Load:
Jul 14 11:22:09 172.20.224.115 kernel: [   18.290617] ACPI: Dynamic OEM Table Load:
Jul 14 11:22:09 172.20.224.115 kernel: [   18.815571] ACPI: Interpreter enabled
Jul 14 11:22:09 172.20.224.115 kernel: [   18.815614] ACPI: PM: (supports S0 S5)
Jul 14 11:22:09 172.20.224.115 kernel: [   18.815617] ACPI: Using IOAPIC for interrupt routing
Jul 14 11:22:09 172.20.224.115 kernel: [   18.815713] HEST: Table parsing has been initialized.
Jul 14 11:22:09 172.20.224.115 kernel: [   18.815849] GHES: APEI firmware first mode is enabled by APEI bit and WHEA _OSC.
Jul 14 11:22:09 172.20.224.115 kernel: [   18.815853] PCI: Using host bridge windows from ACPI; if necessary, use "pci=nocrs" and report a bug
Jul 14 11:22:09 172.20.224.115 kernel: [   18.815856] PCI: Using E820 reservations for host bridge windows
Jul 14 11:22:09 172.20.224.115 kernel: [   18.858614] ACPI: Enabled 1 GPEs in block 00 to 7F
Jul 14 11:22:09 172.20.224.115 kernel: [   19.092418] ACPI: PCI Root Bridge [PC00] (domain 0000 [bus 00-14])
Jul 14 11:22:09 172.20.224.115 kernel: [   19.092429] acpi PNP0A08:00: _OSC: OS supports [ExtendedConfig ASPM ClockPM Segments MSI EDR HPX-Type3]
Jul 14 11:22:09 172.20.224.115 kernel: [   19.094611] acpi PNP0A08:00: _OSC: platform does not support [SHPCHotplug AER LTR DPC]
Jul 14 11:22:09 172.20.224.115 kernel: [   19.094837] acpi PNP0A08:00: _OSC: OS now controls [PCIeHotplug PME PCIeCapability]
Jul 14 11:22:09 172.20.224.115 kernel: [   19.094839] acpi PNP0A08:00: FADT indicates ASPM is unsupported, using BIOS configuration
Jul 14 11:22:09 172.20.224.115 kernel: [   19.095462] PCI host bridge to bus 0000:00
Jul 14 11:22:09 172.20.224.115 kernel: [   19.095466] pci_bus 0000:00: root bus resource [bus 00-14]
Jul 14 11:22:09 172.20.224.115 kernel: [   19.095469] pci_bus 0000:00: root bus resource [io  0x0000-0x0cf7 window]
Jul 14 11:22:09 172.20.224.115 kernel: [   19.095472] pci_bus 0000:00: root bus resource [io  0x1000-0x3fff window]
Jul 14 11:22:09 172.20.224.115 kernel: [   19.095475] pci_bus 0000:00: root bus resource [mem 0x000a0000-0x000bffff window]
Jul 14 11:22:09 172.20.224.115 kernel: [   19.095478] pci_bus 0000:00: root bus resource [mem 0x000c8000-0x000cffff window]
Jul 14 11:22:09 172.20.224.115 kernel: [   19.095480] pci_bus 0000:00: root bus resource [mem 0x90040000-0xaaffffff window]
Jul 14 11:22:09 172.20.224.115 kernel: [   19.095482] pci_bus 0000:00: root bus resource [mem 0xfe010000-0xfe010fff window]
Jul 14 11:22:09 172.20.224.115 kernel: [   19.095485] pci_bus 0000:00: root bus resource [mem 0x200000000000-0x20ffffffffff window]
Jul 14 11:22:09 172.20.224.115 kernel: [   19.095590] pci 0000:00:00.0: [8086:09a2] type 00 class 0x088000
Jul 14 11:22:09 172.20.224.115 kernel: [   19.095864] pci 0000:00:00.1: [8086:09a4] type 00 class 0x088000
Jul 14 11:22:09 172.20.224.115 kernel: [   19.096122] pci 0000:00:00.2: [8086:09a3] type 00 class 0x088000
Jul 14 11:22:09 172.20.224.115 kernel: [   19.096470] pci 0000:00:00.4: [8086:0b23] type 00 class 0x080700
Jul 14 11:22:09 172.20.224.115 kernel: [   19.096804] pci 0000:00:08.0: [8086:1bb8] type 01 class 0x060400
Jul 14 11:22:09 172.20.224.115 kernel: [   19.096824] pci 0000:00:08.0: reg 0x10: [mem 0x20ffff980000-0x20ffff99ffff 64bit]
Jul 14 11:22:09 172.20.224.115 kernel: [   19.096851] pci 0000:00:08.0: enabling Extended Tags
Jul 14 11:22:09 172.20.224.115 kernel: [   19.096918] pci 0000:00:08.0: PME# supported from D0 D3hot D3cold
Jul 14 11:22:09 172.20.224.115 kernel: [   19.096957] pci 0000:00:08.0: PTM enabled (root), 2ns granularity
Jul 14 11:22:09 172.20.224.115 kernel: [   19.097781] pci 0000:00:0a.0: [8086:1bba] type 01 class 0x060400
Jul 14 11:22:09 172.20.224.115 kernel: [   19.097802] pci 0000:00:0a.0: reg 0x10: [mem 0x20ffff960000-0x20ffff97ffff 64bit]
Jul 14 11:22:09 172.20.224.115 kernel: [   19.097827] pci 0000:00:0a.0: enabling Extended Tags
Jul 14 11:22:09 172.20.224.115 kernel: [   19.097893] pci 0000:00:0a.0: PME# supported from D0 D3hot D3cold
Jul 14 11:22:09 172.20.224.115 kernel: [   19.097931] pci 0000:00:0a.0: PTM enabled (root), 2ns granularity
Jul 14 11:22:09 172.20.224.115 kernel: [   19.098734] pci 0000:00:0c.0: [8086:1bbc] type 01 class 0x060400
Jul 14 11:22:09 172.20.224.115 kernel: [   19.098755] pci 0000:00:0c.0: reg 0x10: [mem 0x20ffff940000-0x20ffff95ffff 64bit]
Jul 14 11:22:09 172.20.224.115 kernel: [   19.098782] pci 0000:00:0c.0: enabling Extended Tags
Jul 14 11:22:09 172.20.224.115 kernel: [   19.098850] pci 0000:00:0c.0: PME# supported from D0 D3hot D3cold
Jul 14 11:22:09 172.20.224.115 kernel: [   19.098889] pci 0000:00:0c.0: PTM enabled (root), 2ns granularity
Jul 14 11:22:09 172.20.224.115 kernel: [   19.099701] pci 0000:00:0d.0: [8086:1bbd] type 01 class 0x060400
Jul 14 11:22:09 172.20.224.115 kernel: [   19.099722] pci 0000:00:0d.0: reg 0x10: [mem 0x20ffff920000-0x20ffff93ffff 64bit]
Jul 14 11:22:09 172.20.224.115 kernel: [   19.099748] pci 0000:00:0d.0: enabling Extended Tags
Jul 14 11:22:09 172.20.224.115 kernel: [   19.099817] pci 0000:00:0d.0: PME# supported from D0 D3hot D3cold
Jul 14 11:22:09 172.20.224.115 kernel: [   19.099857] pci 0000:00:0d.0: PTM enabled (root), 2ns granularity
Jul 14 11:22:09 172.20.224.115 kernel: [   19.100662] pci 0000:00:10.0: [8086:1bb0] type 01 class 0x060400
Jul 14 11:22:09 172.20.224.115 kernel: [   19.100683] pci 0000:00:10.0: reg 0x10: [mem 0x20ffff900000-0x20ffff91ffff 64bit]
Jul 14 11:22:09 172.20.224.115 kernel: [   19.100710] pci 0000:00:10.0: enabling Extended Tags
Jul 14 11:22:09 172.20.224.115 kernel: [   19.100777] pci 0000:00:10.0: PME# supported from D0 D3hot D3cold
Jul 14 11:22:09 172.20.224.115 kernel: [   19.100816] pci 0000:00:10.0: PTM enabled (root), 2ns granularity
Jul 14 11:22:09 172.20.224.115 kernel: [   19.101623] pci 0000:00:14.0: [8086:1bcd] type 00 class 0x0c0330
Jul 14 11:22:09 172.20.224.115 kernel: [   19.101645] pci 0000:00:14.0: reg 0x10: [mem 0x20ffff9a0000-0x20ffff9affff 64bit]
Jul 14 11:22:09 172.20.224.115 kernel: [   19.101729] pci 0000:00:14.0: PME# supported from D3hot D3cold
Jul 14 11:22:09 172.20.224.115 kernel: [   19.102152] pci 0000:00:14.2: [8086:1bce] type 00 class 0x050000
Jul 14 11:22:09 172.20.224.115 kernel: [   19.102176] pci 0000:00:14.2: reg 0x10: [mem 0x20ffff9b0000-0x20ffff9b3fff 64bit]
Jul 14 11:22:09 172.20.224.115 kernel: [   19.102191] pci 0000:00:14.2: reg 0x18: [mem 0x20ffff9b6000-0x20ffff9b6fff 64bit]
Jul 14 11:22:09 172.20.224.115 kernel: [   19.102473] pci 0000:00:14.4: [8086:1bfe] type 00 class 0x060000
Jul 14 11:22:09 172.20.224.115 kernel: [   19.102810] pci 0000:00:15.0: [8086:1bff] type 00 class 0x088000
Jul 14 11:22:09 172.20.224.115 kernel: [   19.102836] pci 0000:00:15.0: reg 0x10: [mem 0x20ffff9b5000-0x20ffff9b53ff 64bit]
Jul 14 11:22:09 172.20.224.115 kernel: [   19.103271] pci 0000:00:16.0: [8086:1be0] type 00 class 0x078000
Jul 14 11:22:09 172.20.224.115 kernel: [   19.103301] pci 0000:00:16.0: reg 0x10: [mem 0x20ffff9b4000-0x20ffff9b4fff 64bit]
Jul 14 11:22:09 172.20.224.115 kernel: [   19.103405] pci 0000:00:16.0: PME# supported from D3hot
Jul 14 11:22:09 172.20.224.115 kernel: [   19.103677] pci 0000:00:1f.0: [8086:1b81] type 00 class 0x060100
Jul 14 11:22:09 172.20.224.115 kernel: [   19.104075] pci 0000:00:1f.4: [8086:1bc9] type 00 class 0x0c0500
Jul 14 11:22:09 172.20.224.115 kernel: [   19.104106] pci 0000:00:1f.4: reg 0x10: [mem 0x00000000-0x000000ff 64bit]
Jul 14 11:22:09 172.20.224.115 kernel: [   19.104141] pci 0000:00:1f.4: reg 0x20: [io  0x0780-0x079f]
Jul 14 11:22:09 172.20.224.115 kernel: [   19.104466] pci 0000:00:1f.5: [8086:1bca] type 00 class 0x0c8000
Jul 14 11:22:09 172.20.224.115 kernel: [   19.104488] pci 0000:00:1f.5: reg 0x10: [mem 0xfe010000-0xfe010fff]
Jul 14 11:22:09 172.20.224.115 kernel: [   19.104501] pci 0000:00:1f.5: reg 0x14: [mem 0x9e000000-0x9fffffff]
Jul 14 11:22:09 172.20.224.115 kernel: [   19.104708] pci 0000:00:1f.7: [8086:1bcc] type 00 class 0x130000
Jul 14 11:22:09 172.20.224.115 kernel: [   19.104731] pci 0000:00:1f.7: reg 0x10: [mem 0x20ffff800000-0x20ffff8fffff 64bit]
Jul 14 11:22:09 172.20.224.115 kernel: [   19.104745] pci 0000:00:1f.7: reg 0x18: [mem 0x20ffff000000-0x20ffff7fffff 64bit]
Jul 14 11:22:09 172.20.224.115 kernel: [   19.104981] pci 0000:01:00.0: [144d:a80a] type 00 class 0x010802
Jul 14 11:22:09 172.20.224.115 kernel: [   19.105009] pci 0000:01:00.0: reg 0x10: [mem 0xa9510000-0xa9513fff 64bit]
Jul 14 11:22:09 172.20.224.115 kernel: [   19.105059] pci 0000:01:00.0: reg 0x30: [mem 0xa9500000-0xa950ffff pref]
Jul 14 11:22:09 172.20.224.115 kernel: [   19.105225] pci 0000:01:00.0: 31.504 Gb/s available PCIe bandwidth, limited by 8.0 GT/s PCIe x4 link at 0000:00:08.0 (capable of 63.012 Gb/s with 16.0 GT/s PCIe x4 link)
