Jul 14 11:20:13 172.20.224.111 kernel: [    0.000000] Linux version 5.15.0-1076-nvidia (buildd@lcy02-amd64-026) (gcc (Ubuntu 11.4.0-1ubuntu1~22.04) 11.4.0, GNU ld (GNU Binutils for Ubuntu) 2.38) #77-Ubuntu SMP Tue Mar 25 23:43:36 UTC 2025 (Ubuntu 5.15.0-1076.77-nvidia 5.15.178)
Jul 14 11:20:13 172.20.224.111 kernel: [    0.000000] Command line: BOOT_IMAGE=(tftp)/category/vmlinuz.dgx-h200 nouveau.modeset=0 nvme_core.multipath=n console=tty0 rw BOOTIF=01-c4-70-bd-d9-6f-01 ip=172.20.224.111:172.20.224.14:0xac14e001:0xffffff00
Jul 14 11:20:13 172.20.224.111 kernel: [    0.000000] KERNEL supported cpus:
Jul 14 11:20:13 172.20.224.111 kernel: [    0.000000]   Intel GenuineIntel
Jul 14 11:20:13 172.20.224.111 kernel: [    0.000000]   AMD AuthenticAMD
Jul 14 11:20:13 172.20.224.111 kernel: [    0.000000]   Hygon HygonGenuine
Jul 14 11:20:13 172.20.224.111 kernel: [    0.000000]   Centaur CentaurHauls
Jul 14 11:20:13 172.20.224.111 kernel: [    0.000000]   zhaoxin   Shanghai  
Jul 14 11:20:13 172.20.224.111 kernel: [    0.000000] x86/tme: not enabled by BIOS
Jul 14 11:20:13 172.20.224.111 kernel: [    0.000000] x86/split lock detection: #AC: crashing the kernel on kernel split_locks and warning on user-space split_locks
Jul 14 11:20:13 172.20.224.111 kernel: [    0.000000] BIOS-provided physical RAM map:
Jul 14 11:20:13 172.20.224.111 kernel: [    0.000000] BIOS-e820: [mem 0x0000000000000000-0x000000000009ffff] usable
Jul 14 11:20:13 172.20.224.111 kernel: [    0.000000] BIOS-e820: [mem 0x00000000000a0000-0x00000000000fffff] reserved
Jul 14 11:20:13 172.20.224.111 kernel: [    0.000000] BIOS-e820: [mem 0x0000000000100000-0x000000006868cfff] usable
Jul 14 11:20:13 172.20.224.111 kernel: [    0.000000] BIOS-e820: [mem 0x000000006868d000-0x000000006868ffff] reserved
Jul 14 11:20:13 172.20.224.111 kernel: [    0.000000] BIOS-e820: [mem 0x0000000068690000-0x000000006f702fff] usable
Jul 14 11:20:13 172.20.224.111 kernel: [    0.000000] BIOS-e820: [mem 0x000000006f703000-0x0000000071802fff] reserved
Jul 14 11:20:13 172.20.224.111 kernel: [    0.000000] BIOS-e820: [mem 0x0000000071803000-0x0000000072102fff] ACPI data
Jul 14 11:20:13 172.20.224.111 kernel: [    0.000000] BIOS-e820: [mem 0x0000000072103000-0x000000007530efff] ACPI NVS
Jul 14 11:20:13 172.20.224.111 kernel: [    0.000000] BIOS-e820: [mem 0x000000007530f000-0x00000000777fefff] reserved
Jul 14 11:20:13 172.20.224.111 kernel: [    0.000000] BIOS-e820: [mem 0x00000000777ff000-0x00000000777fffff] usable
Jul 14 11:20:13 172.20.224.111 kernel: [    0.000000] BIOS-e820: [mem 0x0000000077800000-0x000000008fffffff] reserved
Jul 14 11:20:13 172.20.224.111 kernel: [    0.000000] BIOS-e820: [mem 0x00000000fe010000-0x00000000fe010fff] reserved
Jul 14 11:20:13 172.20.224.111 kernel: [    0.000000] BIOS-e820: [mem 0x00000000ff000000-0x00000000ffffffff] reserved
Jul 14 11:20:13 172.20.224.111 kernel: [    0.000000] BIOS-e820: [mem 0x0000000100000000-0x000002007fffffff] usable
Jul 14 11:20:13 172.20.224.111 kernel: [    0.000000] NX (Execute Disable) protection: active
Jul 14 11:20:13 172.20.224.111 kernel: [    0.000000] e820: update [mem 0x63f2d018-0x63f65e57] usable ==> usable
Jul 14 11:20:13 172.20.224.111 kernel: [    0.000000] e820: update [mem 0x63f2d018-0x63f65e57] usable ==> usable
Jul 14 11:20:13 172.20.224.111 kernel: [    0.000000] e820: update [mem 0x62db5018-0x62e74257] usable ==> usable
Jul 14 11:20:13 172.20.224.111 kernel: [    0.000000] e820: update [mem 0x62db5018-0x62e74257] usable ==> usable
Jul 14 11:20:13 172.20.224.111 kernel: [    0.000000] e820: update [mem 0x62b71018-0x62c30257] usable ==> usable
Jul 14 11:20:13 172.20.224.111 kernel: [    0.000000] e820: update [mem 0x62b71018-0x62c30257] usable ==> usable
Jul 14 11:20:13 172.20.224.111 kernel: [    0.000000] e820: update [mem 0x62ab1018-0x62b70257] usable ==> usable
Jul 14 11:20:13 172.20.224.111 kernel: [    0.000000] e820: update [mem 0x62ab1018-0x62b70257] usable ==> usable
Jul 14 11:20:13 172.20.224.111 kernel: [    0.000000] e820: update [mem 0x629f1018-0x62ab0257] usable ==> usable
Jul 14 11:20:13 172.20.224.111 kernel: [    0.000000] e820: update [mem 0x629f1018-0x62ab0257] usable ==> usable
Jul 14 11:20:13 172.20.224.111 kernel: [    0.000000] e820: update [mem 0x63ed9018-0x63f2c657] usable ==> usable
Jul 14 11:20:13 172.20.224.111 kernel: [    0.000000] e820: update [mem 0x63ed9018-0x63f2c657] usable ==> usable
Jul 14 11:20:13 172.20.224.111 kernel: [    0.000000] e820: update [mem 0x63e85018-0x63ed8657] usable ==> usable
Jul 14 11:20:13 172.20.224.111 kernel: [    0.000000] e820: update [mem 0x63e85018-0x63ed8657] usable ==> usable
Jul 14 11:20:13 172.20.224.111 kernel: [    0.000000] extended physical RAM map:
Jul 14 11:20:13 172.20.224.111 kernel: [    0.000000] reserve setup_data: [mem 0x0000000000000000-0x000000000009ffff] usable
Jul 14 11:20:13 172.20.224.111 kernel: [    0.000000] reserve setup_data: [mem 0x00000000000a0000-0x00000000000fffff] reserved
Jul 14 11:20:13 172.20.224.111 kernel: [    0.000000] reserve setup_data: [mem 0x0000000000100000-0x00000000629f1017] usable
Jul 14 11:20:13 172.20.224.111 kernel: [    0.000000] reserve setup_data: [mem 0x00000000629f1018-0x0000000062ab0257] usable
Jul 14 11:20:13 172.20.224.111 kernel: [    0.000000] reserve setup_data: [mem 0x0000000062ab0258-0x0000000062ab1017] usable
Jul 14 11:20:13 172.20.224.111 kernel: [    0.000000] reserve setup_data: [mem 0x0000000062ab1018-0x0000000062b70257] usable
Jul 14 11:20:13 172.20.224.111 kernel: [    0.000000] reserve setup_data: [mem 0x0000000062b70258-0x0000000062b71017] usable
Jul 14 11:20:13 172.20.224.111 kernel: [    0.000000] reserve setup_data: [mem 0x0000000062b71018-0x0000000062c30257] usable
Jul 14 11:20:13 172.20.224.111 kernel: [    0.000000] reserve setup_data: [mem 0x0000000062c30258-0x0000000062db5017] usable
Jul 14 11:20:13 172.20.224.111 kernel: [    0.000000] reserve setup_data: [mem 0x0000000062db5018-0x0000000062e74257] usable
Jul 14 11:20:13 172.20.224.111 kernel: [    0.000000] reserve setup_data: [mem 0x0000000062e74258-0x0000000063e85017] usable
Jul 14 11:20:13 172.20.224.111 kernel: [    0.000000] reserve setup_data: [mem 0x0000000063e85018-0x0000000063ed8657] usable
Jul 14 11:20:13 172.20.224.111 kernel: [    0.000000] reserve setup_data: [mem 0x0000000063ed8658-0x0000000063ed9017] usable
Jul 14 11:20:13 172.20.224.111 kernel: [    0.000000] reserve setup_data: [mem 0x0000000063ed9018-0x0000000063f2c657] usable
Jul 14 11:20:13 172.20.224.111 kernel: [    0.000000] reserve setup_data: [mem 0x0000000063f2c658-0x0000000063f2d017] usable
Jul 14 11:20:13 172.20.224.111 kernel: [    0.000000] reserve setup_data: [mem 0x0000000063f2d018-0x0000000063f65e57] usable
Jul 14 11:20:13 172.20.224.111 kernel: [    0.000000] reserve setup_data: [mem 0x0000000063f65e58-0x000000006868cfff] usable
Jul 14 11:20:13 172.20.224.111 kernel: [    0.000000] reserve setup_data: [mem 0x000000006868d000-0x000000006868ffff] reserved
Jul 14 11:20:13 172.20.224.111 kernel: [    0.000000] reserve setup_data: [mem 0x0000000068690000-0x000000006f702fff] usable
Jul 14 11:20:13 172.20.224.111 kernel: [    0.000000] reserve setup_data: [mem 0x000000006f703000-0x0000000071802fff] reserved
Jul 14 11:20:13 172.20.224.111 kernel: [    0.000000] reserve setup_data: [mem 0x0000000071803000-0x0000000072102fff] ACPI data
Jul 14 11:20:13 172.20.224.111 kernel: [    0.000000] reserve setup_data: [mem 0x0000000072103000-0x000000007530efff] ACPI NVS
Jul 14 11:20:13 172.20.224.111 kernel: [    0.000000] reserve setup_data: [mem 0x000000007530f000-0x00000000777fefff] reserved
Jul 14 11:20:13 172.20.224.111 kernel: [    0.000000] reserve setup_data: [mem 0x00000000777ff000-0x00000000777fffff] usable
Jul 14 11:20:13 172.20.224.111 kernel: [    0.000000] reserve setup_data: [mem 0x0000000077800000-0x000000008fffffff] reserved
Jul 14 11:20:13 172.20.224.111 kernel: [    0.000000] reserve setup_data: [mem 0x00000000fe010000-0x00000000fe010fff] reserved
Jul 14 11:20:13 172.20.224.111 kernel: [    0.000000] reserve setup_data: [mem 0x00000000ff000000-0x00000000ffffffff] reserved
Jul 14 11:20:13 172.20.224.111 kernel: [    0.000000] reserve setup_data: [mem 0x0000000100000000-0x000002007fffffff] usable
Jul 14 11:20:13 172.20.224.111 kernel: [    0.000000] efi: EFI v2.90 by American Megatrends
Jul 14 11:20:13 172.20.224.111 kernel: [    0.000000] efi: ACPI=0x72102000 ACPI 2.0=0x72102014 SMBIOS=0x77211000 SMBIOS 3.0=0x77210000 MEMATTR=0x6328c018 
Jul 14 11:20:13 172.20.224.111 kernel: [    0.000000] secureboot: Secure boot disabled
Jul 14 11:20:13 172.20.224.111 kernel: [    0.000000] SMBIOS 3.6.0 present.
Jul 14 11:20:13 172.20.224.111 kernel: [    0.000000] DMI: NVIDIA DGXH200/DGXH200, BIOS 1.6.7 02/20/2025
Jul 14 11:20:13 172.20.224.111 kernel: [    0.000000] tsc: Detected 2000.000 MHz processor
Jul 14 11:20:13 172.20.224.111 kernel: [    0.000021] e820: update [mem 0x00000000-0x00000fff] usable ==> reserved
Jul 14 11:20:13 172.20.224.111 kernel: [    0.000025] e820: remove [mem 0x000a0000-0x000fffff] usable
Jul 14 11:20:13 172.20.224.111 kernel: [    0.000042] last_pfn = 0x20080000 max_arch_pfn = 0x10000000000
Jul 14 11:20:13 172.20.224.111 kernel: [    0.000369] x86/PAT: Configuration [0-7]: WB  WC  UC- UC  WB  WP  UC- WT  
Jul 14 11:20:13 172.20.224.111 kernel: [    0.005067] total RAM covered: 4192256M
Jul 14 11:20:13 172.20.224.111 kernel: [    0.005167]  gran_size: 64K #011chunk_size: 64K #011num_reg: 10  #011lose cover RAM: 2048G
Jul 14 11:20:13 172.20.224.111 kernel: [    0.005170]  gran_size: 64K #011chunk_size: 128K #011num_reg: 10  #011lose cover RAM: 2048G
Jul 14 11:20:13 172.20.224.111 kernel: [    0.005173]  gran_size: 64K #011chunk_size: 256K #011num_reg: 10  #011lose cover RAM: 2048G
Jul 14 11:20:13 172.20.224.111 kernel: [    0.005175]  gran_size: 64K #011chunk_size: 512K #011num_reg: 10  #011lose cover RAM: 2048G
Jul 14 11:20:13 172.20.224.111 kernel: [    0.005177]  gran_size: 64K #011chunk_size: 1M #011num_reg: 10  #011lose cover RAM: 2048G
Jul 14 11:20:13 172.20.224.111 kernel: [    0.005179]  gran_size: 64K #011chunk_size: 2M #011num_reg: 10  #011lose cover RAM: 2048G
Jul 14 11:20:13 172.20.224.111 kernel: [    0.005181]  gran_size: 64K #011chunk_size: 4M #011num_reg: 10  #011lose cover RAM: 2048G
Jul 14 11:20:13 172.20.224.111 kernel: [    0.005183]  gran_size: 64K #011chunk_size: 8M #011num_reg: 10  #011lose cover RAM: 2048G
Jul 14 11:20:13 172.20.224.111 kernel: [    0.005185]  gran_size: 64K #011chunk_size: 16M #011num_reg: 10  #011lose cover RAM: 2048G
Jul 14 11:20:13 172.20.224.111 kernel: [    0.005187]  gran_size: 64K #011chunk_size: 32M #011num_reg: 10  #011lose cover RAM: 2048G
Jul 14 11:20:13 172.20.224.111 kernel: [    0.005189]  gran_size: 64K #011chunk_size: 64M #011num_reg: 10  #011lose cover RAM: 2048G
Jul 14 11:20:13 172.20.224.111 kernel: [    0.005191]  gran_size: 64K #011chunk_size: 128M #011num_reg: 10  #011lose cover RAM: 2048G
Jul 14 11:20:13 172.20.224.111 kernel: [    0.005193]  gran_size: 64K #011chunk_size: 256M #011num_reg: 10  #011lose cover RAM: 2048G
Jul 14 11:20:13 172.20.224.111 kernel: [    0.005195]  gran_size: 64K #011chunk_size: 512M #011num_reg: 10  #011lose cover RAM: 2048G
Jul 14 11:20:13 172.20.224.111 kernel: [    0.005197]  gran_size: 64K #011chunk_size: 1G #011num_reg: 10  #011lose cover RAM: 2048G
Jul 14 11:20:13 172.20.224.111 kernel: [    0.005200]  gran_size: 64K #011chunk_size: 2G #011num_reg: 10  #011lose cover RAM: 2048G
Jul 14 11:20:13 172.20.224.111 kernel: [    0.005202]  gran_size: 128K #011chunk_size: 128K #011num_reg: 10  #011lose cover RAM: 2048G
Jul 14 11:20:13 172.20.224.111 kernel: [    0.005204]  gran_size: 128K #011chunk_size: 256K #011num_reg: 10  #011lose cover RAM: 2048G
Jul 14 11:20:13 172.20.224.111 kernel: [    0.005206]  gran_size: 128K #011chunk_size: 512K #011num_reg: 10  #011lose cover RAM: 2048G
Jul 14 11:20:13 172.20.224.111 kernel: [    0.005208]  gran_size: 128K #011chunk_size: 1M #011num_reg: 10  #011lose cover RAM: 2048G
Jul 14 11:20:13 172.20.224.111 kernel: [    0.005210]  gran_size: 128K #011chunk_size: 2M #011num_reg: 10  #011lose cover RAM: 2048G
Jul 14 11:20:13 172.20.224.111 kernel: [    0.005212]  gran_size: 128K #011chunk_size: 4M #011num_reg: 10  #011lose cover RAM: 2048G
Jul 14 11:20:13 172.20.224.111 kernel: [    0.005214]  gran_size: 128K #011chunk_size: 8M #011num_reg: 10  #011lose cover RAM: 2048G
Jul 14 11:20:13 172.20.224.111 kernel: [    0.005216]  gran_size: 128K #011chunk_size: 16M #011num_reg: 10  #011lose cover RAM: 2048G
Jul 14 11:20:13 172.20.224.111 kernel: [    0.005218]  gran_size: 128K #011chunk_size: 32M #011num_reg: 10  #011lose cover RAM: 2048G
Jul 14 11:20:13 172.20.224.111 kernel: [    0.005220]  gran_size: 128K #011chunk_size: 64M #011num_reg: 10  #011lose cover RAM: 2048G
Jul 14 11:20:13 172.20.224.111 kernel: [    0.005222]  gran_size: 128K #011chunk_size: 128M #011num_reg: 10  #011lose cover RAM: 2048G
Jul 14 11:20:13 172.20.224.111 kernel: [    0.005224]  gran_size: 128K #011chunk_size: 256M #011num_reg: 10  #011lose cover RAM: 2048G
Jul 14 11:20:13 172.20.224.111 kernel: [    0.005226]  gran_size: 128K #011chunk_size: 512M #011num_reg: 10  #011lose cover RAM: 2048G
Jul 14 11:20:13 172.20.224.111 kernel: [    0.005228]  gran_size: 128K #011chunk_size: 1G #011num_reg: 10  #011lose cover RAM: 2048G
Jul 14 11:20:13 172.20.224.111 kernel: [    0.005230]  gran_size: 128K #011chunk_size: 2G #011num_reg: 10  #011lose cover RAM: 2048G
Jul 14 11:20:13 172.20.224.111 kernel: [    0.005232]  gran_size: 256K #011chunk_size: 256K #011num_reg: 10  #011lose cover RAM: 2048G
Jul 14 11:20:13 172.20.224.111 kernel: [    0.005235]  gran_size: 256K #011chunk_size: 512K #011num_reg: 10  #011lose cover RAM: 2048G
Jul 14 11:20:13 172.20.224.111 kernel: [    0.005237]  gran_size: 256K #011chunk_size: 1M #011num_reg: 10  #011lose cover RAM: 2048G
Jul 14 11:20:13 172.20.224.111 kernel: [    0.005239]  gran_size: 256K #011chunk_size: 2M #011num_reg: 10  #011lose cover RAM: 2048G
Jul 14 11:20:13 172.20.224.111 kernel: [    0.005241]  gran_size: 256K #011chunk_size: 4M #011num_reg: 10  #011lose cover RAM: 2048G
Jul 14 11:20:13 172.20.224.111 kernel: [    0.005243]  gran_size: 256K #011chunk_size: 8M #011num_reg: 10  #011lose cover RAM: 2048G
Jul 14 11:20:13 172.20.224.111 kernel: [    0.005245]  gran_size: 256K #011chunk_size: 16M #011num_reg: 10  #011lose cover RAM: 2048G
Jul 14 11:20:13 172.20.224.111 kernel: [    0.005247]  gran_size: 256K #011chunk_size: 32M #011num_reg: 10  #011lose cover RAM: 2048G
Jul 14 11:20:13 172.20.224.111 kernel: [    0.005249]  gran_size: 256K #011chunk_size: 64M #011num_reg: 10  #011lose cover RAM: 2048G
Jul 14 11:20:13 172.20.224.111 kernel: [    0.005251]  gran_size: 256K #011chunk_size: 128M #011num_reg: 10  #011lose cover RAM: 2048G
Jul 14 11:20:13 172.20.224.111 kernel: [    0.005253]  gran_size: 256K #011chunk_size: 256M #011num_reg: 10  #011lose cover RAM: 2048G
Jul 14 11:20:13 172.20.224.111 kernel: [    0.005255]  gran_size: 256K #011chunk_size: 512M #011num_reg: 10  #011lose cover RAM: 2048G
Jul 14 11:20:13 172.20.224.111 kernel: [    0.005257]  gran_size: 256K #011chunk_size: 1G #011num_reg: 10  #011lose cover RAM: 2048G
Jul 14 11:20:13 172.20.224.111 kernel: [    0.005259]  gran_size: 256K #011chunk_size: 2G #011num_reg: 10  #011lose cover RAM: 2048G
Jul 14 11:20:13 172.20.224.111 kernel: [    0.005261]  gran_size: 512K #011chunk_size: 512K #011num_reg: 10  #011lose cover RAM: 2048G
Jul 14 11:20:13 172.20.224.111 kernel: [    0.005263]  gran_size: 512K #011chunk_size: 1M #011num_reg: 10  #011lose cover RAM: 2048G
Jul 14 11:20:13 172.20.224.111 kernel: [    0.005265]  gran_size: 512K #011chunk_size: 2M #011num_reg: 10  #011lose cover RAM: 2048G
Jul 14 11:20:13 172.20.224.111 kernel: [    0.005267]  gran_size: 512K #011chunk_size: 4M #011num_reg: 10  #011lose cover RAM: 2048G
Jul 14 11:20:13 172.20.224.111 kernel: [    0.005269]  gran_size: 512K #011chunk_size: 8M #011num_reg: 10  #011lose cover RAM: 2048G
Jul 14 11:20:13 172.20.224.111 kernel: [    0.005271]  gran_size: 512K #011chunk_size: 16M #011num_reg: 10  #011lose cover RAM: 2048G
Jul 14 11:20:13 172.20.224.111 kernel: [    0.005273]  gran_size: 512K #011chunk_size: 32M #011num_reg: 10  #011lose cover RAM: 2048G
Jul 14 11:20:13 172.20.224.111 kernel: [    0.005275]  gran_size: 512K #011chunk_size: 64M #011num_reg: 10  #011lose cover RAM: 2048G
Jul 14 11:20:13 172.20.224.111 kernel: [    0.005277]  gran_size: 512K #011chunk_size: 128M #011num_reg: 10  #011lose cover RAM: 2048G
Jul 14 11:20:13 172.20.224.111 kernel: [    0.005279]  gran_size: 512K #011chunk_size: 256M #011num_reg: 10  #011lose cover RAM: 2048G
Jul 14 11:20:13 172.20.224.111 kernel: [    0.005281]  gran_size: 512K #011chunk_size: 512M #011num_reg: 10  #011lose cover RAM: 2048G
Jul 14 11:20:13 172.20.224.111 kernel: [    0.005283]  gran_size: 512K #011chunk_size: 1G #011num_reg: 10  #011lose cover RAM: 2048G
Jul 14 11:20:13 172.20.224.111 kernel: [    0.005285]  gran_size: 512K #011chunk_size: 2G #011num_reg: 10  #011lose cover RAM: 2048G
Jul 14 11:20:13 172.20.224.111 kernel: [    0.005287]  gran_size: 1M #011chunk_size: 1M #011num_reg: 10  #011lose cover RAM: 2048G
Jul 14 11:20:13 172.20.224.111 kernel: [    0.005289]  gran_size: 1M #011chunk_size: 2M #011num_reg: 10  #011lose cover RAM: 2048G
Jul 14 11:20:13 172.20.224.111 kernel: [    0.005291]  gran_size: 1M #011chunk_size: 4M #011num_reg: 10  #011lose cover RAM: 2048G
Jul 14 11:20:13 172.20.224.111 kernel: [    0.005293]  gran_size: 1M #011chunk_size: 8M #011num_reg: 10  #011lose cover RAM: 2048G
Jul 14 11:20:13 172.20.224.111 kernel: [    0.005295]  gran_size: 1M #011chunk_size: 16M #011num_reg: 10  #011lose cover RAM: 2048G
Jul 14 11:20:13 172.20.224.111 kernel: [    0.005297]  gran_size: 1M #011chunk_size: 32M #011num_reg: 10  #011lose cover RAM: 2048G
Jul 14 11:20:13 172.20.224.111 kernel: [    0.005299]  gran_size: 1M #011chunk_size: 64M #011num_reg: 10  #011lose cover RAM: 2048G
Jul 14 11:20:13 172.20.224.111 kernel: [    0.005301]  gran_size: 1M #011chunk_size: 128M #011num_reg: 10  #011lose cover RAM: 2048G
Jul 14 11:20:13 172.20.224.111 kernel: [    0.005304]  gran_size: 1M #011chunk_size: 256M #011num_reg: 10  #011lose cover RAM: 2048G
Jul 14 11:20:13 172.20.224.111 kernel: [    0.005306]  gran_size: 1M #011chunk_size: 512M #011num_reg: 10  #011lose cover RAM: 2048G
Jul 14 11:20:13 172.20.224.111 kernel: [    0.005308]  gran_size: 1M #011chunk_size: 1G #011num_reg: 10  #011lose cover RAM: 2048G
Jul 14 11:20:13 172.20.224.111 kernel: [    0.005310]  gran_size: 1M #011chunk_size: 2G #011num_reg: 10  #011lose cover RAM: 2048G
Jul 14 11:20:13 172.20.224.111 kernel: [    0.005312]  gran_size: 2M #011chunk_size: 2M #011num_reg: 10  #011lose cover RAM: 2048G
Jul 14 11:20:13 172.20.224.111 kernel: [    0.005314]  gran_size: 2M #011chunk_size: 4M #011num_reg: 10  #011lose cover RAM: 2048G
Jul 14 11:20:13 172.20.224.111 kernel: [    0.005316]  gran_size: 2M #011chunk_size: 8M #011num_reg: 10  #011lose cover RAM: 2048G
Jul 14 11:20:13 172.20.224.111 kernel: [    0.005318]  gran_size: 2M #011chunk_size: 16M #011num_reg: 10  #011lose cover RAM: 2048G
Jul 14 11:20:13 172.20.224.111 kernel: [    0.005320]  gran_size: 2M #011chunk_size: 32M #011num_reg: 10  #011lose cover RAM: 2048G
Jul 14 11:20:13 172.20.224.111 kernel: [    0.005322]  gran_size: 2M #011chunk_size: 64M #011num_reg: 10  #011lose cover RAM: 2048G
Jul 14 11:20:13 172.20.224.111 kernel: [    0.005324]  gran_size: 2M #011chunk_size: 128M #011num_reg: 10  #011lose cover RAM: 2048G
Jul 14 11:20:13 172.20.224.111 kernel: [    0.005326]  gran_size: 2M #011chunk_size: 256M #011num_reg: 10  #011lose cover RAM: 2048G
Jul 14 11:20:13 172.20.224.111 kernel: [    0.005328]  gran_size: 2M #011chunk_size: 512M #011num_reg: 10  #011lose cover RAM: 2048G
Jul 14 11:20:13 172.20.224.111 kernel: [    0.005330]  gran_size: 2M #011chunk_size: 1G #011num_reg: 10  #011lose cover RAM: 2048G
Jul 14 11:20:13 172.20.224.111 kernel: [    0.005332]  gran_size: 2M #011chunk_size: 2G #011num_reg: 10  #011lose cover RAM: 2048G
Jul 14 11:20:13 172.20.224.111 kernel: [    0.005334]  gran_size: 4M #011chunk_size: 4M #011num_reg: 10  #011lose cover RAM: 2048G
Jul 14 11:20:13 172.20.224.111 kernel: [    0.005336]  gran_size: 4M #011chunk_size: 8M #011num_reg: 10  #011lose cover RAM: 2048G
Jul 14 11:20:13 172.20.224.111 kernel: [    0.005338]  gran_size: 4M #011chunk_size: 16M #011num_reg: 10  #011lose cover RAM: 2048G
Jul 14 11:20:13 172.20.224.111 kernel: [    0.005340]  gran_size: 4M #011chunk_size: 32M #011num_reg: 10  #011lose cover RAM: 2048G
Jul 14 11:20:13 172.20.224.111 kernel: [    0.005342]  gran_size: 4M #011chunk_size: 64M #011num_reg: 10  #011lose cover RAM: 2048G
Jul 14 11:20:13 172.20.224.111 kernel: [    0.005344]  gran_size: 4M #011chunk_size: 128M #011num_reg: 10  #011lose cover RAM: 2048G
Jul 14 11:20:13 172.20.224.111 kernel: [    0.005346]  gran_size: 4M #011chunk_size: 256M #011num_reg: 10  #011lose cover RAM: 2048G
Jul 14 11:20:13 172.20.224.111 kernel: [    0.005348]  gran_size: 4M #011chunk_size: 512M #011num_reg: 10  #011lose cover RAM: 2048G
Jul 14 11:20:13 172.20.224.111 kernel: [    0.005350]  gran_size: 4M #011chunk_size: 1G #011num_reg: 10  #011lose cover RAM: 2048G
Jul 14 11:20:13 172.20.224.111 kernel: [    0.005352]  gran_size: 4M #011chunk_size: 2G #011num_reg: 10  #011lose cover RAM: 2048G
Jul 14 11:20:13 172.20.224.111 kernel: [    0.005354]  gran_size: 8M #011chunk_size: 8M #011num_reg: 10  #011lose cover RAM: 2048G
Jul 14 11:20:13 172.20.224.111 kernel: [    0.005356]  gran_size: 8M #011chunk_size: 16M #011num_reg: 10  #011lose cover RAM: 2048G
Jul 14 11:20:13 172.20.224.111 kernel: [    0.005358]  gran_size: 8M #011chunk_size: 32M #011num_reg: 10  #011lose cover RAM: 2048G
Jul 14 11:20:13 172.20.224.111 kernel: [    0.005360]  gran_size: 8M #011chunk_size: 64M #011num_reg: 10  #011lose cover RAM: 2048G
Jul 14 11:20:13 172.20.224.111 kernel: [    0.005362]  gran_size: 8M #011chunk_size: 128M #011num_reg: 10  #011lose cover RAM: 2048G
Jul 14 11:20:13 172.20.224.111 kernel: [    0.005364]  gran_size: 8M #011chunk_size: 256M #011num_reg: 10  #011lose cover RAM: 2048G
Jul 14 11:20:13 172.20.224.111 kernel: [    0.005366]  gran_size: 8M #011chunk_size: 512M #011num_reg: 10  #011lose cover RAM: 2048G
Jul 14 11:20:13 172.20.224.111 kernel: [    0.005368]  gran_size: 8M #011chunk_size: 1G #011num_reg: 10  #011lose cover RAM: 2048G
Jul 14 11:20:13 172.20.224.111 kernel: [    0.005370]  gran_size: 8M #011chunk_size: 2G #011num_reg: 10  #011lose cover RAM: 2048G
Jul 14 11:20:13 172.20.224.111 kernel: [    0.005372]  gran_size: 16M #011chunk_size: 16M #011num_reg: 10  #011lose cover RAM: 2048G
Jul 14 11:20:13 172.20.224.111 kernel: [    0.005374]  gran_size: 16M #011chunk_size: 32M #011num_reg: 10  #011lose cover RAM: 2048G
Jul 14 11:20:13 172.20.224.111 kernel: [    0.005376]  gran_size: 16M #011chunk_size: 64M #011num_reg: 10  #011lose cover RAM: 2048G
Jul 14 11:20:13 172.20.224.111 kernel: [    0.005378]  gran_size: 16M #011chunk_size: 128M #011num_reg: 10  #011lose cover RAM: 2048G
Jul 14 11:20:13 172.20.224.111 kernel: [    0.005380]  gran_size: 16M #011chunk_size: 256M #011num_reg: 10  #011lose cover RAM: 2048G
Jul 14 11:20:13 172.20.224.111 kernel: [    0.005383]  gran_size: 16M #011chunk_size: 512M #011num_reg: 10  #011lose cover RAM: 2048G
Jul 14 11:20:13 172.20.224.111 kernel: [    0.005385]  gran_size: 16M #011chunk_size: 1G #011num_reg: 10  #011lose cover RAM: 2048G
Jul 14 11:20:13 172.20.224.111 kernel: [    0.005387]  gran_size: 16M #011chunk_size: 2G #011num_reg: 10  #011lose cover RAM: 2048G
Jul 14 11:20:13 172.20.224.111 kernel: [    0.005389]  gran_size: 32M #011chunk_size: 32M #011num_reg: 10  #011lose cover RAM: 2048G
Jul 14 11:20:13 172.20.224.111 kernel: [    0.005391]  gran_size: 32M #011chunk_size: 64M #011num_reg: 10  #011lose cover RAM: 2048G
Jul 14 11:20:13 172.20.224.111 kernel: [    0.005393]  gran_size: 32M #011chunk_size: 128M #011num_reg: 10  #011lose cover RAM: 2048G
Jul 14 11:20:13 172.20.224.111 kernel: [    0.005395]  gran_size: 32M #011chunk_size: 256M #011num_reg: 10  #011lose cover RAM: 2048G
Jul 14 11:20:13 172.20.224.111 kernel: [    0.005397]  gran_size: 32M #011chunk_size: 512M #011num_reg: 10  #011lose cover RAM: 2048G
Jul 14 11:20:13 172.20.224.111 kernel: [    0.005399]  gran_size: 32M #011chunk_size: 1G #011num_reg: 10  #011lose cover RAM: 2048G
Jul 14 11:20:13 172.20.224.111 kernel: [    0.005401]  gran_size: 32M #011chunk_size: 2G #011num_reg: 10  #011lose cover RAM: 2048G
Jul 14 11:20:13 172.20.224.111 kernel: [    0.005403]  gran_size: 64M #011chunk_size: 64M #011num_reg: 10  #011lose cover RAM: 2048G
Jul 14 11:20:13 172.20.224.111 kernel: [    0.005405]  gran_size: 64M #011chunk_size: 128M #011num_reg: 10  #011lose cover RAM: 2048G
Jul 14 11:20:13 172.20.224.111 kernel: [    0.005407]  gran_size: 64M #011chunk_size: 256M #011num_reg: 10  #011lose cover RAM: 2048G
Jul 14 11:20:13 172.20.224.111 kernel: [    0.005409]  gran_size: 64M #011chunk_size: 512M #011num_reg: 10  #011lose cover RAM: 2048G
Jul 14 11:20:13 172.20.224.111 kernel: [    0.005411]  gran_size: 64M #011chunk_size: 1G #011num_reg: 10  #011lose cover RAM: 2048G
Jul 14 11:20:13 172.20.224.111 kernel: [    0.005413]  gran_size: 64M #011chunk_size: 2G #011num_reg: 10  #011lose cover RAM: 2048G
Jul 14 11:20:13 172.20.224.111 kernel: [    0.005415]  gran_size: 128M #011chunk_size: 128M #011num_reg: 10  #011lose cover RAM: 2048G
Jul 14 11:20:13 172.20.224.111 kernel: [    0.005417]  gran_size: 128M #011chunk_size: 256M #011num_reg: 10  #011lose cover RAM: 2048G
Jul 14 11:20:13 172.20.224.111 kernel: [    0.005419]  gran_size: 128M #011chunk_size: 512M #011num_reg: 10  #011lose cover RAM: 2048G
Jul 14 11:20:13 172.20.224.111 kernel: [    0.005421]  gran_size: 128M #011chunk_size: 1G #011num_reg: 10  #011lose cover RAM: 2048G
Jul 14 11:20:13 172.20.224.111 kernel: [    0.005423]  gran_size: 128M #011chunk_size: 2G #011num_reg: 10  #011lose cover RAM: 2048G
Jul 14 11:20:13 172.20.224.111 kernel: [    0.005425]  gran_size: 256M #011chunk_size: 256M #011num_reg: 10  #011lose cover RAM: 2048G
Jul 14 11:20:13 172.20.224.111 kernel: [    0.005427]  gran_size: 256M #011chunk_size: 512M #011num_reg: 10  #011lose cover RAM: 2048G
Jul 14 11:20:13 172.20.224.111 kernel: [    0.005429]  gran_size: 256M #011chunk_size: 1G #011num_reg: 10  #011lose cover RAM: 2048G
Jul 14 11:20:13 172.20.224.111 kernel: [    0.005431]  gran_size: 256M #011chunk_size: 2G #011num_reg: 10  #011lose cover RAM: 2048G
Jul 14 11:20:13 172.20.224.111 kernel: [    0.005433]  gran_size: 512M #011chunk_size: 512M #011num_reg: 10  #011lose cover RAM: 2048G
Jul 14 11:20:13 172.20.224.111 kernel: [    0.005435]  gran_size: 512M #011chunk_size: 1G #011num_reg: 10  #011lose cover RAM: 2048G
Jul 14 11:20:13 172.20.224.111 kernel: [    0.005437]  gran_size: 512M #011chunk_size: 2G #011num_reg: 10  #011lose cover RAM: 2048G
Jul 14 11:20:13 172.20.224.111 kernel: [    0.005439]  gran_size: 1G #011chunk_size: 1G #011num_reg: 10  #011lose cover RAM: 2048G
Jul 14 11:20:13 172.20.224.111 kernel: [    0.005442]  gran_size: 1G #011chunk_size: 2G #011num_reg: 10  #011lose cover RAM: 2048G
Jul 14 11:20:13 172.20.224.111 kernel: [    0.005444]  gran_size: 2G #011chunk_size: 2G #011num_reg: 10  #011lose cover RAM: 2048G
Jul 14 11:20:13 172.20.224.111 kernel: [    0.005446] mtrr_cleanup: can not find optimal value
Jul 14 11:20:13 172.20.224.111 kernel: [    0.005447] please specify mtrr_gran_size/mtrr_chunk_size
Jul 14 11:20:13 172.20.224.111 kernel: [    0.005450] e820: update [mem 0x80000000-0xffffffff] usable ==> reserved
Jul 14 11:20:13 172.20.224.111 kernel: [    0.005455] x2apic: enabled by BIOS, switching to x2apic ops
Jul 14 11:20:13 172.20.224.111 kernel: [    0.005457] last_pfn = 0x77800 max_arch_pfn = 0x10000000000
Jul 14 11:20:13 172.20.224.111 kernel: [    0.015714] Using GB pages for direct mapping
Jul 14 11:20:13 172.20.224.111 kernel: [    0.016434] secureboot: Secure boot disabled
Jul 14 11:20:13 172.20.224.111 kernel: [    0.016435] RAMDISK: [mem 0x5ad5e000-0x61844fff]
Jul 14 11:20:13 172.20.224.111 kernel: [    0.016439] ACPI: Early table checksum verification disabled
Jul 14 11:20:13 172.20.224.111 kernel: [    0.016442] ACPI: RSDP 0x0000000072102014 000024 (v02 ALASKA)
Jul 14 11:20:13 172.20.224.111 kernel: [    0.016448] ACPI: XSDT 0x0000000072101728 0000EC (v01 ALASKA A M I    01072009 AMI  01000013)
Jul 14 11:20:13 172.20.224.111 kernel: [    0.016454] ACPI: FACP 0x0000000072100000 000114 (v06 ALASKA A M I    01072009 INTL 20091013)
Jul 14 11:20:13 172.20.224.111 kernel: [    0.016461] ACPI: DSDT 0x0000000072033000 0CB7DD (v02 ALASKA A M I    01072009 INTL 20091013)
Jul 14 11:20:13 172.20.224.111 kernel: [    0.016466] ACPI: FACS 0x000000007530D000 000040
Jul 14 11:20:13 172.20.224.111 kernel: [    0.016470] ACPI: SPMI 0x00000000720FF000 000041 (v05 ALASKA A M I    00000000 AMI. 00000000)
Jul 14 11:20:13 172.20.224.111 kernel: [    0.016474] ACPI: FIDT 0x0000000072032000 00009C (v01 ALASKA A M I    01072009 AMI  00010013)
Jul 14 11:20:13 172.20.224.111 kernel: [    0.016478] ACPI: SSDT 0x0000000072031000 00074C (v02 INTEL  RAS_ACPI 00000001 INTL 20210331)
Jul 14 11:20:13 172.20.224.111 kernel: [    0.016483] ACPI: ERST 0x0000000072030000 000230 (v01 ALASKA A M I    00000001 INTL 00000001)
Jul 14 11:20:13 172.20.224.111 kernel: [    0.016487] ACPI: MCFG 0x000000007202F000 00003C (v01 ALASKA A M I    01072009 MSFT 00000097)
Jul 14 11:20:13 172.20.224.111 kernel: [    0.016491] ACPI: HPET 0x000000007202E000 000038 (v01 ALASKA A M I    00000001 INTL 20091013)
Jul 14 11:20:13 172.20.224.111 kernel: [    0.016495] ACPI: MSCT 0x000000007202D000 000090 (v01 ALASKA A M I    00000001 INTL 20091013)
Jul 14 11:20:13 172.20.224.111 kernel: [    0.016499] ACPI: WDDT 0x000000007202C000 000040 (v01 ALASKA A M I    00000000 INTL 20091013)
Jul 14 11:20:13 172.20.224.111 kernel: [    0.016503] ACPI: APIC 0x000000007202A000 000E5E (v04 ALASKA A M I    00000000 INTL 20091013)
Jul 14 11:20:13 172.20.224.111 kernel: [    0.016507] ACPI: SRAT 0x0000000072022000 007830 (v03 ALASKA A M I    00000002 AMI  01000013)
Jul 14 11:20:13 172.20.224.111 kernel: [    0.016512] ACPI: SLIT 0x0000000072021000 000030 (v01 ALASKA A M I    01072009 AMI  01000013)
Jul 14 11:20:13 172.20.224.111 kernel: [    0.016516] ACPI: HMAT 0x0000000072020000 000158 (v02 ALASKA A M I    01072009 AMI  01000013)
Jul 14 11:20:13 172.20.224.111 kernel: [    0.016520] ACPI: OEM4 0x0000000071E98000 187A51 (v02 INTEL  CPU  CST 00003000 INTL 20210331)
Jul 14 11:20:13 172.20.224.111 kernel: [    0.016524] ACPI: OEM1 0x0000000071D84000 113479 (v02 INTEL  CPU EIST 00003000 INTL 20210331)
Jul 14 11:20:13 172.20.224.111 kernel: [    0.016529] ACPI: OEM2 0x0000000071D3D000 046031 (v02 INTEL  CPU  HWP 00003000 INTL 20210331)
Jul 14 11:20:13 172.20.224.111 kernel: [    0.016533] ACPI: SSDT 0x0000000071CD3000 069895 (v02 INTEL  SSDT  PM 00004000 INTL 20210331)
Jul 14 11:20:13 172.20.224.111 kernel: [    0.016537] ACPI: SSDT 0x0000000071CD2000 000957 (v02 ALASKA A M I    00000000 INTL 20091013)
Jul 14 11:20:13 172.20.224.111 kernel: [    0.016541] ACPI: HEST 0x0000000071CD1000 00013C (v01 ALASKA A M I    00000001 INTL 00000001)
Jul 14 11:20:13 172.20.224.111 kernel: [    0.016546] ACPI: BERT 0x0000000071CD0000 000030 (v01 ALASKA A M I    00000001 INTL 00000001)
Jul 14 11:20:13 172.20.224.111 kernel: [    0.016550] ACPI: SSDT 0x0000000071CCF000 00076E (v02 INTEL  ADDRXLAT 00000001 INTL 20210331)
Jul 14 11:20:13 172.20.224.111 kernel: [    0.016554] ACPI: DMAR 0x0000000071CCE000 000528 (v01 ALASKA A M I    00000001 INTL 20091013)
Jul 14 11:20:13 172.20.224.111 kernel: [    0.016558] ACPI: FPDT 0x0000000071CCD000 000044 (v01 ALASKA A M I    01072009 AMI  01000013)
Jul 14 11:20:13 172.20.224.111 kernel: [    0.016562] ACPI: SPCR 0x0000000071CCC000 000050 (v02 ALASKA A M I    01072009 AMI  00050020)
Jul 14 11:20:13 172.20.224.111 kernel: [    0.016566] ACPI: WSMT 0x000000007202B000 000028 (v01 ALASKA A M I    01072009 AMI  00010013)
Jul 14 11:20:13 172.20.224.111 kernel: [    0.016570] ACPI: Reserving FACP table memory at [mem 0x72100000-0x72100113]
Jul 14 11:20:13 172.20.224.111 kernel: [    0.016573] ACPI: Reserving DSDT table memory at [mem 0x72033000-0x720fe7dc]
Jul 14 11:20:13 172.20.224.111 kernel: [    0.016574] ACPI: Reserving FACS table memory at [mem 0x7530d000-0x7530d03f]
Jul 14 11:20:13 172.20.224.111 kernel: [    0.016576] ACPI: Reserving SPMI table memory at [mem 0x720ff000-0x720ff040]
Jul 14 11:20:13 172.20.224.111 kernel: [    0.016578] ACPI: Reserving FIDT table memory at [mem 0x72032000-0x7203209b]
Jul 14 11:20:13 172.20.224.111 kernel: [    0.016580] ACPI: Reserving SSDT table memory at [mem 0x72031000-0x7203174b]
Jul 14 11:20:13 172.20.224.111 kernel: [    0.016581] ACPI: Reserving ERST table memory at [mem 0x72030000-0x7203022f]
Jul 14 11:20:13 172.20.224.111 kernel: [    0.016583] ACPI: Reserving MCFG table memory at [mem 0x7202f000-0x7202f03b]
Jul 14 11:20:13 172.20.224.111 kernel: [    0.016584] ACPI: Reserving HPET table memory at [mem 0x7202e000-0x7202e037]
Jul 14 11:20:13 172.20.224.111 kernel: [    0.016586] ACPI: Reserving MSCT table memory at [mem 0x7202d000-0x7202d08f]
Jul 14 11:20:13 172.20.224.111 kernel: [    0.016588] ACPI: Reserving WDDT table memory at [mem 0x7202c000-0x7202c03f]
Jul 14 11:20:13 172.20.224.111 kernel: [    0.016589] ACPI: Reserving APIC table memory at [mem 0x7202a000-0x7202ae5d]
Jul 14 11:20:13 172.20.224.111 kernel: [    0.016591] ACPI: Reserving SRAT table memory at [mem 0x72022000-0x7202982f]
Jul 14 11:20:13 172.20.224.111 kernel: [    0.016593] ACPI: Reserving SLIT table memory at [mem 0x72021000-0x7202102f]
Jul 14 11:20:13 172.20.224.111 kernel: [    0.016594] ACPI: Reserving HMAT table memory at [mem 0x72020000-0x72020157]
Jul 14 11:20:13 172.20.224.111 kernel: [    0.016596] ACPI: Reserving OEM4 table memory at [mem 0x71e98000-0x7201fa50]
Jul 14 11:20:13 172.20.224.111 kernel: [    0.016598] ACPI: Reserving OEM1 table memory at [mem 0x71d84000-0x71e97478]
Jul 14 11:20:13 172.20.224.111 kernel: [    0.016599] ACPI: Reserving OEM2 table memory at [mem 0x71d3d000-0x71d83030]
Jul 14 11:20:13 172.20.224.111 kernel: [    0.016601] ACPI: Reserving SSDT table memory at [mem 0x71cd3000-0x71d3c894]
Jul 14 11:20:13 172.20.224.111 kernel: [    0.016602] ACPI: Reserving SSDT table memory at [mem 0x71cd2000-0x71cd2956]
Jul 14 11:20:13 172.20.224.111 kernel: [    0.016604] ACPI: Reserving HEST table memory at [mem 0x71cd1000-0x71cd113b]
Jul 14 11:20:13 172.20.224.111 kernel: [    0.016606] ACPI: Reserving BERT table memory at [mem 0x71cd0000-0x71cd002f]
Jul 14 11:20:13 172.20.224.111 kernel: [    0.016607] ACPI: Reserving SSDT table memory at [mem 0x71ccf000-0x71ccf76d]
Jul 14 11:20:13 172.20.224.111 kernel: [    0.016609] ACPI: Reserving DMAR table memory at [mem 0x71cce000-0x71cce527]
Jul 14 11:20:13 172.20.224.111 kernel: [    0.016611] ACPI: Reserving FPDT table memory at [mem 0x71ccd000-0x71ccd043]
Jul 14 11:20:13 172.20.224.111 kernel: [    0.016612] ACPI: Reserving SPCR table memory at [mem 0x71ccc000-0x71ccc04f]
Jul 14 11:20:13 172.20.224.111 kernel: [    0.016614] ACPI: Reserving WSMT table memory at [mem 0x7202b000-0x7202b027]
Jul 14 11:20:13 172.20.224.111 kernel: [    0.016626] Setting APIC routing to cluster x2apic.
Jul 14 11:20:13 172.20.224.111 kernel: [    0.016694] SRAT: PXM 0 -> APIC 0x0000 -> Node 0
Jul 14 11:20:13 172.20.224.111 kernel: [    0.016696] SRAT: PXM 0 -> APIC 0x0001 -> Node 0
Jul 14 11:20:13 172.20.224.111 kernel: [    0.016697] SRAT: PXM 0 -> APIC 0x0002 -> Node 0
Jul 14 11:20:13 172.20.224.111 kernel: [    0.016698] SRAT: PXM 0 -> APIC 0x0003 -> Node 0
Jul 14 11:20:13 172.20.224.111 kernel: [    0.016700] SRAT: PXM 0 -> APIC 0x0004 -> Node 0
Jul 14 11:20:13 172.20.224.111 kernel: [    0.016701] SRAT: PXM 0 -> APIC 0x0005 -> Node 0
Jul 14 11:20:13 172.20.224.111 kernel: [    0.016702] SRAT: PXM 0 -> APIC 0x0006 -> Node 0
Jul 14 11:20:13 172.20.224.111 kernel: [    0.016703] SRAT: PXM 0 -> APIC 0x0007 -> Node 0
Jul 14 11:20:13 172.20.224.111 kernel: [    0.016705] SRAT: PXM 0 -> APIC 0x0008 -> Node 0
Jul 14 11:20:13 172.20.224.111 kernel: [    0.016706] SRAT: PXM 0 -> APIC 0x0009 -> Node 0
Jul 14 11:20:13 172.20.224.111 kernel: [    0.016707] SRAT: PXM 0 -> APIC 0x000a -> Node 0
Jul 14 11:20:13 172.20.224.111 kernel: [    0.016708] SRAT: PXM 0 -> APIC 0x000b -> Node 0
Jul 14 11:20:13 172.20.224.111 kernel: [    0.016709] SRAT: PXM 0 -> APIC 0x000c -> Node 0
Jul 14 11:20:13 172.20.224.111 kernel: [    0.016711] SRAT: PXM 0 -> APIC 0x000d -> Node 0
Jul 14 11:20:13 172.20.224.111 kernel: [    0.016712] SRAT: PXM 0 -> APIC 0x000e -> Node 0
Jul 14 11:20:13 172.20.224.111 kernel: [    0.016713] SRAT: PXM 0 -> APIC 0x000f -> Node 0
Jul 14 11:20:13 172.20.224.111 kernel: [    0.016714] SRAT: PXM 0 -> APIC 0x0010 -> Node 0
Jul 14 11:20:13 172.20.224.111 kernel: [    0.016716] SRAT: PXM 0 -> APIC 0x0011 -> Node 0
Jul 14 11:20:13 172.20.224.111 kernel: [    0.016717] SRAT: PXM 0 -> APIC 0x0012 -> Node 0
Jul 14 11:20:13 172.20.224.111 kernel: [    0.016718] SRAT: PXM 0 -> APIC 0x0013 -> Node 0
Jul 14 11:20:13 172.20.224.111 kernel: [    0.016719] SRAT: PXM 0 -> APIC 0x0014 -> Node 0
Jul 14 11:20:13 172.20.224.111 kernel: [    0.016720] SRAT: PXM 0 -> APIC 0x0015 -> Node 0
Jul 14 11:20:13 172.20.224.111 kernel: [    0.016722] SRAT: PXM 0 -> APIC 0x0016 -> Node 0
Jul 14 11:20:13 172.20.224.111 kernel: [    0.016723] SRAT: PXM 0 -> APIC 0x0017 -> Node 0
Jul 14 11:20:13 172.20.224.111 kernel: [    0.016724] SRAT: PXM 0 -> APIC 0x0018 -> Node 0
Jul 14 11:20:13 172.20.224.111 kernel: [    0.016725] SRAT: PXM 0 -> APIC 0x0019 -> Node 0
Jul 14 11:20:13 172.20.224.111 kernel: [    0.016727] SRAT: PXM 0 -> APIC 0x001a -> Node 0
Jul 14 11:20:13 172.20.224.111 kernel: [    0.016728] SRAT: PXM 0 -> APIC 0x001b -> Node 0
Jul 14 11:20:13 172.20.224.111 kernel: [    0.016729] SRAT: PXM 0 -> APIC 0x001c -> Node 0
Jul 14 11:20:13 172.20.224.111 kernel: [    0.016730] SRAT: PXM 0 -> APIC 0x001d -> Node 0
Jul 14 11:20:13 172.20.224.111 kernel: [    0.016731] SRAT: PXM 0 -> APIC 0x001e -> Node 0
Jul 14 11:20:13 172.20.224.111 kernel: [    0.016733] SRAT: PXM 0 -> APIC 0x001f -> Node 0
Jul 14 11:20:13 172.20.224.111 kernel: [    0.016734] SRAT: PXM 0 -> APIC 0x0020 -> Node 0
Jul 14 11:20:13 172.20.224.111 kernel: [    0.016735] SRAT: PXM 0 -> APIC 0x0021 -> Node 0
Jul 14 11:20:13 172.20.224.111 kernel: [    0.016736] SRAT: PXM 0 -> APIC 0x0022 -> Node 0
Jul 14 11:20:13 172.20.224.111 kernel: [    0.016737] SRAT: PXM 0 -> APIC 0x0023 -> Node 0
Jul 14 11:20:13 172.20.224.111 kernel: [    0.016739] SRAT: PXM 0 -> APIC 0x0024 -> Node 0
Jul 14 11:20:13 172.20.224.111 kernel: [    0.016740] SRAT: PXM 0 -> APIC 0x0025 -> Node 0
Jul 14 11:20:13 172.20.224.111 kernel: [    0.016741] SRAT: PXM 0 -> APIC 0x0026 -> Node 0
Jul 14 11:20:13 172.20.224.111 kernel: [    0.016742] SRAT: PXM 0 -> APIC 0x0027 -> Node 0
Jul 14 11:20:13 172.20.224.111 kernel: [    0.016743] SRAT: PXM 0 -> APIC 0x0028 -> Node 0
Jul 14 11:20:13 172.20.224.111 kernel: [    0.016745] SRAT: PXM 0 -> APIC 0x0029 -> Node 0
Jul 14 11:20:13 172.20.224.111 kernel: [    0.016746] SRAT: PXM 0 -> APIC 0x002a -> Node 0
Jul 14 11:20:13 172.20.224.111 kernel: [    0.016747] SRAT: PXM 0 -> APIC 0x002b -> Node 0
Jul 14 11:20:13 172.20.224.111 kernel: [    0.016748] SRAT: PXM 0 -> APIC 0x002c -> Node 0
Jul 14 11:20:13 172.20.224.111 kernel: [    0.016749] SRAT: PXM 0 -> APIC 0x002d -> Node 0
Jul 14 11:20:13 172.20.224.111 kernel: [    0.016751] SRAT: PXM 0 -> APIC 0x002e -> Node 0
Jul 14 11:20:13 172.20.224.111 kernel: [    0.016752] SRAT: PXM 0 -> APIC 0x002f -> Node 0
Jul 14 11:20:13 172.20.224.111 kernel: [    0.016753] SRAT: PXM 0 -> APIC 0x0030 -> Node 0
Jul 14 11:20:13 172.20.224.111 kernel: [    0.016754] SRAT: PXM 0 -> APIC 0x0031 -> Node 0
Jul 14 11:20:13 172.20.224.111 kernel: [    0.016755] SRAT: PXM 0 -> APIC 0x0032 -> Node 0
Jul 14 11:20:13 172.20.224.111 kernel: [    0.016757] SRAT: PXM 0 -> APIC 0x0033 -> Node 0
Jul 14 11:20:13 172.20.224.111 kernel: [    0.016758] SRAT: PXM 0 -> APIC 0x0034 -> Node 0
Jul 14 11:20:13 172.20.224.111 kernel: [    0.016759] SRAT: PXM 0 -> APIC 0x0035 -> Node 0
Jul 14 11:20:13 172.20.224.111 kernel: [    0.016760] SRAT: PXM 0 -> APIC 0x0036 -> Node 0
Jul 14 11:20:13 172.20.224.111 kernel: [    0.016761] SRAT: PXM 0 -> APIC 0x0037 -> Node 0
Jul 14 11:20:13 172.20.224.111 kernel: [    0.016763] SRAT: PXM 0 -> APIC 0x0038 -> Node 0
Jul 14 11:20:13 172.20.224.111 kernel: [    0.016764] SRAT: PXM 0 -> APIC 0x0039 -> Node 0
Jul 14 11:20:13 172.20.224.111 kernel: [    0.016765] SRAT: PXM 0 -> APIC 0x003a -> Node 0
Jul 14 11:20:13 172.20.224.111 kernel: [    0.016766] SRAT: PXM 0 -> APIC 0x003b -> Node 0
Jul 14 11:20:13 172.20.224.111 kernel: [    0.016767] SRAT: PXM 0 -> APIC 0x003c -> Node 0
Jul 14 11:20:13 172.20.224.111 kernel: [    0.016769] SRAT: PXM 0 -> APIC 0x003d -> Node 0
Jul 14 11:20:13 172.20.224.111 kernel: [    0.016770] SRAT: PXM 0 -> APIC 0x003e -> Node 0
Jul 14 11:20:13 172.20.224.111 kernel: [    0.016771] SRAT: PXM 0 -> APIC 0x003f -> Node 0
Jul 14 11:20:13 172.20.224.111 kernel: [    0.016772] SRAT: PXM 0 -> APIC 0x0040 -> Node 0
Jul 14 11:20:13 172.20.224.111 kernel: [    0.016773] SRAT: PXM 0 -> APIC 0x0041 -> Node 0
Jul 14 11:20:13 172.20.224.111 kernel: [    0.016774] SRAT: PXM 0 -> APIC 0x0042 -> Node 0
Jul 14 11:20:13 172.20.224.111 kernel: [    0.016776] SRAT: PXM 0 -> APIC 0x0043 -> Node 0
Jul 14 11:20:13 172.20.224.111 kernel: [    0.016777] SRAT: PXM 0 -> APIC 0x0044 -> Node 0
Jul 14 11:20:13 172.20.224.111 kernel: [    0.016778] SRAT: PXM 0 -> APIC 0x0045 -> Node 0
Jul 14 11:20:13 172.20.224.111 kernel: [    0.016779] SRAT: PXM 0 -> APIC 0x0046 -> Node 0
Jul 14 11:20:13 172.20.224.111 kernel: [    0.016780] SRAT: PXM 0 -> APIC 0x0047 -> Node 0
Jul 14 11:20:13 172.20.224.111 kernel: [    0.016782] SRAT: PXM 0 -> APIC 0x0048 -> Node 0
Jul 14 11:20:13 172.20.224.111 kernel: [    0.016783] SRAT: PXM 0 -> APIC 0x0049 -> Node 0
Jul 14 11:20:13 172.20.224.111 kernel: [    0.016784] SRAT: PXM 0 -> APIC 0x004a -> Node 0
Jul 14 11:20:13 172.20.224.111 kernel: [    0.016785] SRAT: PXM 0 -> APIC 0x004b -> Node 0
Jul 14 11:20:13 172.20.224.111 kernel: [    0.016786] SRAT: PXM 0 -> APIC 0x004c -> Node 0
Jul 14 11:20:13 172.20.224.111 kernel: [    0.016788] SRAT: PXM 0 -> APIC 0x004d -> Node 0
Jul 14 11:20:13 172.20.224.111 kernel: [    0.016789] SRAT: PXM 0 -> APIC 0x004e -> Node 0
Jul 14 11:20:13 172.20.224.111 kernel: [    0.016790] SRAT: PXM 0 -> APIC 0x004f -> Node 0
Jul 14 11:20:13 172.20.224.111 kernel: [    0.016791] SRAT: PXM 0 -> APIC 0x0050 -> Node 0
Jul 14 11:20:13 172.20.224.111 kernel: [    0.016792] SRAT: PXM 0 -> APIC 0x0051 -> Node 0
Jul 14 11:20:13 172.20.224.111 kernel: [    0.016794] SRAT: PXM 0 -> APIC 0x0052 -> Node 0
Jul 14 11:20:13 172.20.224.111 kernel: [    0.016795] SRAT: PXM 0 -> APIC 0x0053 -> Node 0
Jul 14 11:20:13 172.20.224.111 kernel: [    0.016796] SRAT: PXM 0 -> APIC 0x0054 -> Node 0
Jul 14 11:20:13 172.20.224.111 kernel: [    0.016797] SRAT: PXM 0 -> APIC 0x0055 -> Node 0
Jul 14 11:20:13 172.20.224.111 kernel: [    0.016798] SRAT: PXM 0 -> APIC 0x0056 -> Node 0
Jul 14 11:20:13 172.20.224.111 kernel: [    0.016800] SRAT: PXM 0 -> APIC 0x0057 -> Node 0
Jul 14 11:20:13 172.20.224.111 kernel: [    0.016801] SRAT: PXM 0 -> APIC 0x0058 -> Node 0
Jul 14 11:20:13 172.20.224.111 kernel: [    0.016802] SRAT: PXM 0 -> APIC 0x0059 -> Node 0
Jul 14 11:20:13 172.20.224.111 kernel: [    0.016803] SRAT: PXM 0 -> APIC 0x005a -> Node 0
Jul 14 11:20:13 172.20.224.111 kernel: [    0.016804] SRAT: PXM 0 -> APIC 0x005b -> Node 0
Jul 14 11:20:13 172.20.224.111 kernel: [    0.016806] SRAT: PXM 0 -> APIC 0x005c -> Node 0
Jul 14 11:20:13 172.20.224.111 kernel: [    0.016807] SRAT: PXM 0 -> APIC 0x005d -> Node 0
Jul 14 11:20:13 172.20.224.111 kernel: [    0.016808] SRAT: PXM 0 -> APIC 0x005e -> Node 0
Jul 14 11:20:13 172.20.224.111 kernel: [    0.016809] SRAT: PXM 0 -> APIC 0x005f -> Node 0
Jul 14 11:20:13 172.20.224.111 kernel: [    0.016810] SRAT: PXM 0 -> APIC 0x0060 -> Node 0
Jul 14 11:20:13 172.20.224.111 kernel: [    0.016812] SRAT: PXM 0 -> APIC 0x0061 -> Node 0
Jul 14 11:20:13 172.20.224.111 kernel: [    0.016813] SRAT: PXM 0 -> APIC 0x0062 -> Node 0
Jul 14 11:20:13 172.20.224.111 kernel: [    0.016814] SRAT: PXM 0 -> APIC 0x0063 -> Node 0
Jul 14 11:20:13 172.20.224.111 kernel: [    0.016815] SRAT: PXM 0 -> APIC 0x0064 -> Node 0
Jul 14 11:20:13 172.20.224.111 kernel: [    0.016816] SRAT: PXM 0 -> APIC 0x0065 -> Node 0
Jul 14 11:20:13 172.20.224.111 kernel: [    0.016818] SRAT: PXM 0 -> APIC 0x0066 -> Node 0
Jul 14 11:20:13 172.20.224.111 kernel: [    0.016819] SRAT: PXM 0 -> APIC 0x0067 -> Node 0
Jul 14 11:20:13 172.20.224.111 kernel: [    0.016820] SRAT: PXM 0 -> APIC 0x0068 -> Node 0
Jul 14 11:20:13 172.20.224.111 kernel: [    0.016821] SRAT: PXM 0 -> APIC 0x0069 -> Node 0
Jul 14 11:20:13 172.20.224.111 kernel: [    0.016822] SRAT: PXM 0 -> APIC 0x006a -> Node 0
Jul 14 11:20:13 172.20.224.111 kernel: [    0.016824] SRAT: PXM 0 -> APIC 0x006b -> Node 0
Jul 14 11:20:13 172.20.224.111 kernel: [    0.016825] SRAT: PXM 0 -> APIC 0x006c -> Node 0
Jul 14 11:20:13 172.20.224.111 kernel: [    0.016826] SRAT: PXM 0 -> APIC 0x006d -> Node 0
Jul 14 11:20:13 172.20.224.111 kernel: [    0.016827] SRAT: PXM 0 -> APIC 0x006e -> Node 0
Jul 14 11:20:13 172.20.224.111 kernel: [    0.016828] SRAT: PXM 0 -> APIC 0x006f -> Node 0
Jul 14 11:20:13 172.20.224.111 kernel: [    0.016830] SRAT: PXM 1 -> APIC 0x0080 -> Node 1
Jul 14 11:20:13 172.20.224.111 kernel: [    0.016831] SRAT: PXM 1 -> APIC 0x0081 -> Node 1
Jul 14 11:20:13 172.20.224.111 kernel: [    0.016832] SRAT: PXM 1 -> APIC 0x0082 -> Node 1
Jul 14 11:20:13 172.20.224.111 kernel: [    0.016833] SRAT: PXM 1 -> APIC 0x0083 -> Node 1
Jul 14 11:20:13 172.20.224.111 kernel: [    0.016835] SRAT: PXM 1 -> APIC 0x0084 -> Node 1
Jul 14 11:20:13 172.20.224.111 kernel: [    0.016836] SRAT: PXM 1 -> APIC 0x0085 -> Node 1
Jul 14 11:20:13 172.20.224.111 kernel: [    0.016837] SRAT: PXM 1 -> APIC 0x0086 -> Node 1
Jul 14 11:20:13 172.20.224.111 kernel: [    0.016838] SRAT: PXM 1 -> APIC 0x0087 -> Node 1
Jul 14 11:20:13 172.20.224.111 kernel: [    0.016839] SRAT: PXM 1 -> APIC 0x0088 -> Node 1
Jul 14 11:20:13 172.20.224.111 kernel: [    0.016841] SRAT: PXM 1 -> APIC 0x0089 -> Node 1
Jul 14 11:20:13 172.20.224.111 kernel: [    0.016842] SRAT: PXM 1 -> APIC 0x008a -> Node 1
Jul 14 11:20:13 172.20.224.111 kernel: [    0.016843] SRAT: PXM 1 -> APIC 0x008b -> Node 1
Jul 14 11:20:13 172.20.224.111 kernel: [    0.016844] SRAT: PXM 1 -> APIC 0x008c -> Node 1
Jul 14 11:20:13 172.20.224.111 kernel: [    0.016845] SRAT: PXM 1 -> APIC 0x008d -> Node 1
Jul 14 11:20:13 172.20.224.111 kernel: [    0.016847] SRAT: PXM 1 -> APIC 0x008e -> Node 1
Jul 14 11:20:13 172.20.224.111 kernel: [    0.016848] SRAT: PXM 1 -> APIC 0x008f -> Node 1
Jul 14 11:20:13 172.20.224.111 kernel: [    0.016849] SRAT: PXM 1 -> APIC 0x0090 -> Node 1
Jul 14 11:20:13 172.20.224.111 kernel: [    0.016850] SRAT: PXM 1 -> APIC 0x0091 -> Node 1
Jul 14 11:20:13 172.20.224.111 kernel: [    0.016851] SRAT: PXM 1 -> APIC 0x0092 -> Node 1
Jul 14 11:20:13 172.20.224.111 kernel: [    0.016853] SRAT: PXM 1 -> APIC 0x0093 -> Node 1
Jul 14 11:20:13 172.20.224.111 kernel: [    0.016854] SRAT: PXM 1 -> APIC 0x0094 -> Node 1
Jul 14 11:20:13 172.20.224.111 kernel: [    0.016855] SRAT: PXM 1 -> APIC 0x0095 -> Node 1
Jul 14 11:20:13 172.20.224.111 kernel: [    0.016856] SRAT: PXM 1 -> APIC 0x0096 -> Node 1
Jul 14 11:20:13 172.20.224.111 kernel: [    0.016857] SRAT: PXM 1 -> APIC 0x0097 -> Node 1
Jul 14 11:20:13 172.20.224.111 kernel: [    0.016859] SRAT: PXM 1 -> APIC 0x0098 -> Node 1
Jul 14 11:20:13 172.20.224.111 kernel: [    0.016860] SRAT: PXM 1 -> APIC 0x0099 -> Node 1
Jul 14 11:20:13 172.20.224.111 kernel: [    0.016861] SRAT: PXM 1 -> APIC 0x009a -> Node 1
Jul 14 11:20:13 172.20.224.111 kernel: [    0.016862] SRAT: PXM 1 -> APIC 0x009b -> Node 1
Jul 14 11:20:13 172.20.224.111 kernel: [    0.016863] SRAT: PXM 1 -> APIC 0x009c -> Node 1
Jul 14 11:20:13 172.20.224.111 kernel: [    0.016864] SRAT: PXM 1 -> APIC 0x009d -> Node 1
Jul 14 11:20:13 172.20.224.111 kernel: [    0.016866] SRAT: PXM 1 -> APIC 0x009e -> Node 1
Jul 14 11:20:13 172.20.224.111 kernel: [    0.016867] SRAT: PXM 1 -> APIC 0x009f -> Node 1
Jul 14 11:20:13 172.20.224.111 kernel: [    0.016868] SRAT: PXM 1 -> APIC 0x00a0 -> Node 1
Jul 14 11:20:13 172.20.224.111 kernel: [    0.016869] SRAT: PXM 1 -> APIC 0x00a1 -> Node 1
Jul 14 11:20:13 172.20.224.111 kernel: [    0.016870] SRAT: PXM 1 -> APIC 0x00a2 -> Node 1
Jul 14 11:20:13 172.20.224.111 kernel: [    0.016872] SRAT: PXM 1 -> APIC 0x00a3 -> Node 1
Jul 14 11:20:13 172.20.224.111 kernel: [    0.016873] SRAT: PXM 1 -> APIC 0x00a4 -> Node 1
Jul 14 11:20:13 172.20.224.111 kernel: [    0.016874] SRAT: PXM 1 -> APIC 0x00a5 -> Node 1
Jul 14 11:20:13 172.20.224.111 kernel: [    0.016875] SRAT: PXM 1 -> APIC 0x00a6 -> Node 1
Jul 14 11:20:13 172.20.224.111 kernel: [    0.016876] SRAT: PXM 1 -> APIC 0x00a7 -> Node 1
Jul 14 11:20:13 172.20.224.111 kernel: [    0.016878] SRAT: PXM 1 -> APIC 0x00a8 -> Node 1
Jul 14 11:20:13 172.20.224.111 kernel: [    0.016879] SRAT: PXM 1 -> APIC 0x00a9 -> Node 1
Jul 14 11:20:13 172.20.224.111 kernel: [    0.016880] SRAT: PXM 1 -> APIC 0x00aa -> Node 1
Jul 14 11:20:13 172.20.224.111 kernel: [    0.016881] SRAT: PXM 1 -> APIC 0x00ab -> Node 1
Jul 14 11:20:13 172.20.224.111 kernel: [    0.016882] SRAT: PXM 1 -> APIC 0x00ac -> Node 1
Jul 14 11:20:13 172.20.224.111 kernel: [    0.016884] SRAT: PXM 1 -> APIC 0x00ad -> Node 1
Jul 14 11:20:13 172.20.224.111 kernel: [    0.016885] SRAT: PXM 1 -> APIC 0x00ae -> Node 1
Jul 14 11:20:13 172.20.224.111 kernel: [    0.016886] SRAT: PXM 1 -> APIC 0x00af -> Node 1
Jul 14 11:20:13 172.20.224.111 kernel: [    0.016887] SRAT: PXM 1 -> APIC 0x00b0 -> Node 1
Jul 14 11:20:13 172.20.224.111 kernel: [    0.016888] SRAT: PXM 1 -> APIC 0x00b1 -> Node 1
Jul 14 11:20:13 172.20.224.111 kernel: [    0.016889] SRAT: PXM 1 -> APIC 0x00b2 -> Node 1
Jul 14 11:20:13 172.20.224.111 kernel: [    0.016891] SRAT: PXM 1 -> APIC 0x00b3 -> Node 1
Jul 14 11:20:13 172.20.224.111 kernel: [    0.016892] SRAT: PXM 1 -> APIC 0x00b4 -> Node 1
Jul 14 11:20:13 172.20.224.111 kernel: [    0.016893] SRAT: PXM 1 -> APIC 0x00b5 -> Node 1
Jul 14 11:20:13 172.20.224.111 kernel: [    0.016894] SRAT: PXM 1 -> APIC 0x00b6 -> Node 1
Jul 14 11:20:13 172.20.224.111 kernel: [    0.016895] SRAT: PXM 1 -> APIC 0x00b7 -> Node 1
Jul 14 11:20:13 172.20.224.111 kernel: [    0.016897] SRAT: PXM 1 -> APIC 0x00b8 -> Node 1
Jul 14 11:20:13 172.20.224.111 kernel: [    0.016898] SRAT: PXM 1 -> APIC 0x00b9 -> Node 1
Jul 14 11:20:13 172.20.224.111 kernel: [    0.016899] SRAT: PXM 1 -> APIC 0x00ba -> Node 1
Jul 14 11:20:13 172.20.224.111 kernel: [    0.016900] SRAT: PXM 1 -> APIC 0x00bb -> Node 1
Jul 14 11:20:13 172.20.224.111 kernel: [    0.016901] SRAT: PXM 1 -> APIC 0x00bc -> Node 1
Jul 14 11:20:13 172.20.224.111 kernel: [    0.016903] SRAT: PXM 1 -> APIC 0x00bd -> Node 1
Jul 14 11:20:13 172.20.224.111 kernel: [    0.016904] SRAT: PXM 1 -> APIC 0x00be -> Node 1
Jul 14 11:20:13 172.20.224.111 kernel: [    0.016905] SRAT: PXM 1 -> APIC 0x00bf -> Node 1
Jul 14 11:20:13 172.20.224.111 kernel: [    0.016906] SRAT: PXM 1 -> APIC 0x00c0 -> Node 1
Jul 14 11:20:13 172.20.224.111 kernel: [    0.016907] SRAT: PXM 1 -> APIC 0x00c1 -> Node 1
Jul 14 11:20:13 172.20.224.111 kernel: [    0.016909] SRAT: PXM 1 -> APIC 0x00c2 -> Node 1
Jul 14 11:20:13 172.20.224.111 kernel: [    0.016910] SRAT: PXM 1 -> APIC 0x00c3 -> Node 1
Jul 14 11:20:13 172.20.224.111 kernel: [    0.016911] SRAT: PXM 1 -> APIC 0x00c4 -> Node 1
Jul 14 11:20:13 172.20.224.111 kernel: [    0.016912] SRAT: PXM 1 -> APIC 0x00c5 -> Node 1
Jul 14 11:20:13 172.20.224.111 kernel: [    0.016913] SRAT: PXM 1 -> APIC 0x00c6 -> Node 1
Jul 14 11:20:13 172.20.224.111 kernel: [    0.016915] SRAT: PXM 1 -> APIC 0x00c7 -> Node 1
Jul 14 11:20:13 172.20.224.111 kernel: [    0.016916] SRAT: PXM 1 -> APIC 0x00c8 -> Node 1
Jul 14 11:20:13 172.20.224.111 kernel: [    0.016917] SRAT: PXM 1 -> APIC 0x00c9 -> Node 1
Jul 14 11:20:13 172.20.224.111 kernel: [    0.016918] SRAT: PXM 1 -> APIC 0x00ca -> Node 1
Jul 14 11:20:13 172.20.224.111 kernel: [    0.016919] SRAT: PXM 1 -> APIC 0x00cb -> Node 1
Jul 14 11:20:13 172.20.224.111 kernel: [    0.016921] SRAT: PXM 1 -> APIC 0x00cc -> Node 1
Jul 14 11:20:13 172.20.224.111 kernel: [    0.016922] SRAT: PXM 1 -> APIC 0x00cd -> Node 1
Jul 14 11:20:13 172.20.224.111 kernel: [    0.016923] SRAT: PXM 1 -> APIC 0x00ce -> Node 1
Jul 14 11:20:13 172.20.224.111 kernel: [    0.016924] SRAT: PXM 1 -> APIC 0x00cf -> Node 1
Jul 14 11:20:13 172.20.224.111 kernel: [    0.016925] SRAT: PXM 1 -> APIC 0x00d0 -> Node 1
Jul 14 11:20:13 172.20.224.111 kernel: [    0.016927] SRAT: PXM 1 -> APIC 0x00d1 -> Node 1
Jul 14 11:20:13 172.20.224.111 kernel: [    0.016928] SRAT: PXM 1 -> APIC 0x00d2 -> Node 1
Jul 14 11:20:13 172.20.224.111 kernel: [    0.016929] SRAT: PXM 1 -> APIC 0x00d3 -> Node 1
Jul 14 11:20:13 172.20.224.111 kernel: [    0.016930] SRAT: PXM 1 -> APIC 0x00d4 -> Node 1
Jul 14 11:20:13 172.20.224.111 kernel: [    0.016931] SRAT: PXM 1 -> APIC 0x00d5 -> Node 1
Jul 14 11:20:13 172.20.224.111 kernel: [    0.016933] SRAT: PXM 1 -> APIC 0x00d6 -> Node 1
Jul 14 11:20:13 172.20.224.111 kernel: [    0.016934] SRAT: PXM 1 -> APIC 0x00d7 -> Node 1
Jul 14 11:20:13 172.20.224.111 kernel: [    0.016935] SRAT: PXM 1 -> APIC 0x00d8 -> Node 1
Jul 14 11:20:13 172.20.224.111 kernel: [    0.016936] SRAT: PXM 1 -> APIC 0x00d9 -> Node 1
Jul 14 11:20:13 172.20.224.111 kernel: [    0.016937] SRAT: PXM 1 -> APIC 0x00da -> Node 1
Jul 14 11:20:13 172.20.224.111 kernel: [    0.016938] SRAT: PXM 1 -> APIC 0x00db -> Node 1
Jul 14 11:20:13 172.20.224.111 kernel: [    0.016940] SRAT: PXM 1 -> APIC 0x00dc -> Node 1
Jul 14 11:20:13 172.20.224.111 kernel: [    0.016941] SRAT: PXM 1 -> APIC 0x00dd -> Node 1
Jul 14 11:20:13 172.20.224.111 kernel: [    0.016942] SRAT: PXM 1 -> APIC 0x00de -> Node 1
Jul 14 11:20:13 172.20.224.111 kernel: [    0.016943] SRAT: PXM 1 -> APIC 0x00df -> Node 1
Jul 14 11:20:13 172.20.224.111 kernel: [    0.016944] SRAT: PXM 1 -> APIC 0x00e0 -> Node 1
Jul 14 11:20:13 172.20.224.111 kernel: [    0.016946] SRAT: PXM 1 -> APIC 0x00e1 -> Node 1
Jul 14 11:20:13 172.20.224.111 kernel: [    0.016947] SRAT: PXM 1 -> APIC 0x00e2 -> Node 1
Jul 14 11:20:13 172.20.224.111 kernel: [    0.016948] SRAT: PXM 1 -> APIC 0x00e3 -> Node 1
Jul 14 11:20:13 172.20.224.111 kernel: [    0.016949] SRAT: PXM 1 -> APIC 0x00e4 -> Node 1
Jul 14 11:20:13 172.20.224.111 kernel: [    0.016950] SRAT: PXM 1 -> APIC 0x00e5 -> Node 1
Jul 14 11:20:13 172.20.224.111 kernel: [    0.016952] SRAT: PXM 1 -> APIC 0x00e6 -> Node 1
Jul 14 11:20:13 172.20.224.111 kernel: [    0.016953] SRAT: PXM 1 -> APIC 0x00e7 -> Node 1
Jul 14 11:20:13 172.20.224.111 kernel: [    0.016954] SRAT: PXM 1 -> APIC 0x00e8 -> Node 1
Jul 14 11:20:13 172.20.224.111 kernel: [    0.016955] SRAT: PXM 1 -> APIC 0x00e9 -> Node 1
Jul 14 11:20:13 172.20.224.111 kernel: [    0.016956] SRAT: PXM 1 -> APIC 0x00ea -> Node 1
Jul 14 11:20:13 172.20.224.111 kernel: [    0.016958] SRAT: PXM 1 -> APIC 0x00eb -> Node 1
Jul 14 11:20:13 172.20.224.111 kernel: [    0.016959] SRAT: PXM 1 -> APIC 0x00ec -> Node 1
Jul 14 11:20:13 172.20.224.111 kernel: [    0.016960] SRAT: PXM 1 -> APIC 0x00ed -> Node 1
Jul 14 11:20:13 172.20.224.111 kernel: [    0.016961] SRAT: PXM 1 -> APIC 0x00ee -> Node 1
Jul 14 11:20:13 172.20.224.111 kernel: [    0.016962] SRAT: PXM 1 -> APIC 0x00ef -> Node 1
Jul 14 11:20:13 172.20.224.111 kernel: [    0.016981] ACPI: SRAT: Node 0 PXM 0 [mem 0x00000000-0x7fffffff]
Jul 14 11:20:13 172.20.224.111 kernel: [    0.016984] ACPI: SRAT: Node 0 PXM 0 [mem 0x100000000-0x1007fffffff]
Jul 14 11:20:13 172.20.224.111 kernel: [    0.016986] ACPI: SRAT: Node 1 PXM 1 [mem 0x10080000000-0x2007fffffff]
Jul 14 11:20:13 172.20.224.111 kernel: [    0.017003] NUMA: Initialized distance table, cnt=2
Jul 14 11:20:13 172.20.224.111 kernel: [    0.017006] NUMA: Node 0 [mem 0x00000000-0x7fffffff] + [mem 0x100000000-0x1007fffffff] -> [mem 0x00000000-0x1007fffffff]
Jul 14 11:20:13 172.20.224.111 kernel: [    0.017020] NODE_DATA(0) allocated [mem 0x1007ffd6000-0x1007fffffff]
Jul 14 11:20:13 172.20.224.111 kernel: [    0.017040] NODE_DATA(1) allocated [mem 0x2007ffd3000-0x2007fffcfff]
Jul 14 11:20:13 172.20.224.111 kernel: [    0.020583] Zone ranges:
Jul 14 11:20:13 172.20.224.111 kernel: [    0.020585]   DMA      [mem 0x0000000000001000-0x0000000000ffffff]
Jul 14 11:20:13 172.20.224.111 kernel: [    0.020589]   DMA32    [mem 0x0000000001000000-0x00000000ffffffff]
Jul 14 11:20:13 172.20.224.111 kernel: [    0.020591]   Normal   [mem 0x0000000100000000-0x000002007fffffff]
Jul 14 11:20:13 172.20.224.111 kernel: [    0.020593]   Device   empty
Jul 14 11:20:13 172.20.224.111 kernel: [    0.020595] Movable zone start for each node
Jul 14 11:20:13 172.20.224.111 kernel: [    0.020599] Early memory node ranges
Jul 14 11:20:13 172.20.224.111 kernel: [    0.020600]   node   0: [mem 0x0000000000001000-0x000000000009ffff]
Jul 14 11:20:13 172.20.224.111 kernel: [    0.020602]   node   0: [mem 0x0000000000100000-0x000000006868cfff]
Jul 14 11:20:13 172.20.224.111 kernel: [    0.020604]   node   0: [mem 0x0000000068690000-0x000000006f702fff]
Jul 14 11:20:13 172.20.224.111 kernel: [    0.020606]   node   0: [mem 0x00000000777ff000-0x00000000777fffff]
Jul 14 11:20:13 172.20.224.111 kernel: [    0.020607]   node   0: [mem 0x0000000100000000-0x000001007fffffff]
Jul 14 11:20:13 172.20.224.111 kernel: [    0.020748]   node   1: [mem 0x0000010080000000-0x000002007fffffff]
Jul 14 11:20:13 172.20.224.111 kernel: [    0.020873] Initmem setup node 0 [mem 0x0000000000001000-0x000001007fffffff]
Jul 14 11:20:13 172.20.224.111 kernel: [    0.020878] Initmem setup node 1 [mem 0x0000010080000000-0x000002007fffffff]
Jul 14 11:20:13 172.20.224.111 kernel: [    0.020883] On node 0, zone DMA: 1 pages in unavailable ranges
Jul 14 11:20:13 172.20.224.111 kernel: [    0.020928] On node 0, zone DMA: 96 pages in unavailable ranges
Jul 14 11:20:13 172.20.224.111 kernel: [    0.025503] On node 0, zone DMA32: 3 pages in unavailable ranges
Jul 14 11:20:13 172.20.224.111 kernel: [    0.026126] On node 0, zone DMA32: 33020 pages in unavailable ranges
Jul 14 11:20:13 172.20.224.111 kernel: [    2.754661] On node 0, zone Normal: 2048 pages in unavailable ranges
Jul 14 11:20:13 172.20.224.111 kernel: [    6.250956] ACPI: PM-Timer IO Port: 0x508
Jul 14 11:20:13 172.20.224.111 kernel: [    6.251003] ACPI: X2APIC_NMI (uid[0xffffffff] high edge lint[0x1])
Jul 14 11:20:13 172.20.224.111 kernel: [    6.251008] ACPI: LAPIC_NMI (acpi_id[0xff] high edge lint[0x1])
Jul 14 11:20:13 172.20.224.111 kernel: [    6.251029] IOAPIC[0]: apic_id 8, version 32, address 0xfec00000, GSI 0-23
Jul 14 11:20:13 172.20.224.111 kernel: [    6.251034] ACPI: INT_SRC_OVR (bus 0 bus_irq 0 global_irq 2 dfl dfl)
Jul 14 11:20:13 172.20.224.111 kernel: [    6.251037] ACPI: INT_SRC_OVR (bus 0 bus_irq 9 global_irq 9 high level)
Jul 14 11:20:13 172.20.224.111 kernel: [    6.251043] ACPI: Using ACPI (MADT) for SMP configuration information
Jul 14 11:20:13 172.20.224.111 kernel: [    6.251045] ACPI: HPET id: 0x8086a701 base: 0xfed00000
Jul 14 11:20:13 172.20.224.111 kernel: [    6.251051] ACPI: SPCR: console: uart,io,0x3f8,115200
Jul 14 11:20:13 172.20.224.111 kernel: [    6.251053] TSC deadline timer available
Jul 14 11:20:13 172.20.224.111 kernel: [    6.251055] smpboot: Allowing 224 CPUs, 0 hotplug CPUs
Jul 14 11:20:13 172.20.224.111 kernel: [    6.251086] PM: hibernation: Registered nosave memory: [mem 0x00000000-0x00000fff]
Jul 14 11:20:13 172.20.224.111 kernel: [    6.251089] PM: hibernation: Registered nosave memory: [mem 0x000a0000-0x000fffff]
Jul 14 11:20:13 172.20.224.111 kernel: [    6.251092] PM: hibernation: Registered nosave memory: [mem 0x629f1000-0x629f1fff]
Jul 14 11:20:13 172.20.224.111 kernel: [    6.251095] PM: hibernation: Registered nosave memory: [mem 0x62ab0000-0x62ab0fff]
Jul 14 11:20:13 172.20.224.111 kernel: [    6.251097] PM: hibernation: Registered nosave memory: [mem 0x62ab1000-0x62ab1fff]
Jul 14 11:20:13 172.20.224.111 kernel: [    6.251099] PM: hibernation: Registered nosave memory: [mem 0x62b70000-0x62b70fff]
Jul 14 11:20:13 172.20.224.111 kernel: [    6.251101] PM: hibernation: Registered nosave memory: [mem 0x62b71000-0x62b71fff]
Jul 14 11:20:13 172.20.224.111 kernel: [    6.251103] PM: hibernation: Registered nosave memory: [mem 0x62c30000-0x62c30fff]
Jul 14 11:20:13 172.20.224.111 kernel: [    6.251106] PM: hibernation: Registered nosave memory: [mem 0x62db5000-0x62db5fff]
Jul 14 11:20:13 172.20.224.111 kernel: [    6.251108] PM: hibernation: Registered nosave memory: [mem 0x62e74000-0x62e74fff]
Jul 14 11:20:13 172.20.224.111 kernel: [    6.251111] PM: hibernation: Registered nosave memory: [mem 0x63e85000-0x63e85fff]
Jul 14 11:20:13 172.20.224.111 kernel: [    6.251114] PM: hibernation: Registered nosave memory: [mem 0x63ed8000-0x63ed8fff]
Jul 14 11:20:13 172.20.224.111 kernel: [    6.251115] PM: hibernation: Registered nosave memory: [mem 0x63ed9000-0x63ed9fff]
Jul 14 11:20:13 172.20.224.111 kernel: [    6.251118] PM: hibernation: Registered nosave memory: [mem 0x63f2c000-0x63f2cfff]
Jul 14 11:20:13 172.20.224.111 kernel: [    6.251119] PM: hibernation: Registered nosave memory: [mem 0x63f2d000-0x63f2dfff]
Jul 14 11:20:13 172.20.224.111 kernel: [    6.251122] PM: hibernation: Registered nosave memory: [mem 0x63f65000-0x63f65fff]
Jul 14 11:20:13 172.20.224.111 kernel: [    6.251124] PM: hibernation: Registered nosave memory: [mem 0x6868d000-0x6868ffff]
Jul 14 11:20:13 172.20.224.111 kernel: [    6.251127] PM: hibernation: Registered nosave memory: [mem 0x6f703000-0x71802fff]
Jul 14 11:20:13 172.20.224.111 kernel: [    6.251128] PM: hibernation: Registered nosave memory: [mem 0x71803000-0x72102fff]
Jul 14 11:20:13 172.20.224.111 kernel: [    6.251130] PM: hibernation: Registered nosave memory: [mem 0x72103000-0x7530efff]
Jul 14 11:20:13 172.20.224.111 kernel: [    6.251131] PM: hibernation: Registered nosave memory: [mem 0x7530f000-0x777fefff]
Jul 14 11:20:13 172.20.224.111 kernel: [    6.251133] PM: hibernation: Registered nosave memory: [mem 0x77800000-0x8fffffff]
Jul 14 11:20:13 172.20.224.111 kernel: [    6.251135] PM: hibernation: Registered nosave memory: [mem 0x90000000-0xfe00ffff]
Jul 14 11:20:13 172.20.224.111 kernel: [    6.251136] PM: hibernation: Registered nosave memory: [mem 0xfe010000-0xfe010fff]
Jul 14 11:20:13 172.20.224.111 kernel: [    6.251137] PM: hibernation: Registered nosave memory: [mem 0xfe011000-0xfeffffff]
Jul 14 11:20:13 172.20.224.111 kernel: [    6.251138] PM: hibernation: Registered nosave memory: [mem 0xff000000-0xffffffff]
Jul 14 11:20:13 172.20.224.111 kernel: [    6.251141] [mem 0x90000000-0xfe00ffff] available for PCI devices
Jul 14 11:20:13 172.20.224.111 kernel: [    6.251143] Booting paravirtualized kernel on bare hardware
Jul 14 11:20:13 172.20.224.111 kernel: [    6.251146] clocksource: refined-jiffies: mask: 0xffffffff max_cycles: 0xffffffff, max_idle_ns: 7645519600211568 ns
Jul 14 11:20:13 172.20.224.111 kernel: [    6.251156] setup_percpu: NR_CPUS:8192 nr_cpumask_bits:224 nr_cpu_ids:224 nr_node_ids:2
Jul 14 11:20:13 172.20.224.111 kernel: [    6.262855] percpu: Embedded 62 pages/cpu s217088 r8192 d28672 u262144
Jul 14 11:20:13 172.20.224.111 kernel: [    6.262874] pcpu-alloc: s217088 r8192 d28672 u262144 alloc=1*2097152
Jul 14 11:20:13 172.20.224.111 kernel: [    6.262878] pcpu-alloc: [0] 000 001 002 003 004 005 006 007 
Jul 14 11:20:13 172.20.224.111 kernel: [    6.262885] pcpu-alloc: [0] 008 009 010 011 012 013 014 015 
Jul 14 11:20:13 172.20.224.111 kernel: [    6.262892] pcpu-alloc: [0] 016 017 018 019 020 021 022 023 
Jul 14 11:20:13 172.20.224.111 kernel: [    6.262899] pcpu-alloc: [0] 024 025 026 027 028 029 030 031 
Jul 14 11:20:13 172.20.224.111 kernel: [    6.262905] pcpu-alloc: [0] 032 033 034 035 036 037 038 039 
Jul 14 11:20:13 172.20.224.111 kernel: [    6.262911] pcpu-alloc: [0] 040 041 042 043 044 045 046 047 
Jul 14 11:20:13 172.20.224.111 kernel: [    6.262917] pcpu-alloc: [0] 048 049 050 051 052 053 054 055 
Jul 14 11:20:13 172.20.224.111 kernel: [    6.262923] pcpu-alloc: [0] 112 113 114 115 116 117 118 119 
Jul 14 11:20:13 172.20.224.111 kernel: [    6.262930] pcpu-alloc: [0] 120 121 122 123 124 125 126 127 
Jul 14 11:20:13 172.20.224.111 kernel: [    6.262936] pcpu-alloc: [0] 128 129 130 131 132 133 134 135 
Jul 14 11:20:13 172.20.224.111 kernel: [    6.262942] pcpu-alloc: [0] 136 137 138 139 140 141 142 143 
Jul 14 11:20:13 172.20.224.111 kernel: [    6.262948] pcpu-alloc: [0] 144 145 146 147 148 149 150 151 
Jul 14 11:20:13 172.20.224.111 kernel: [    6.262954] pcpu-alloc: [0] 152 153 154 155 156 157 158 159 
Jul 14 11:20:13 172.20.224.111 kernel: [    6.262961] pcpu-alloc: [0] 160 161 162 163 164 165 166 167 
Jul 14 11:20:13 172.20.224.111 kernel: [    6.262967] pcpu-alloc: [1] 056 057 058 059 060 061 062 063 
Jul 14 11:20:13 172.20.224.111 kernel: [    6.262973] pcpu-alloc: [1] 064 065 066 067 068 069 070 071 
Jul 14 11:20:13 172.20.224.111 kernel: [    6.262979] pcpu-alloc: [1] 072 073 074 075 076 077 078 079 
Jul 14 11:20:13 172.20.224.111 kernel: [    6.262985] pcpu-alloc: [1] 080 081 082 083 084 085 086 087 
Jul 14 11:20:13 172.20.224.111 kernel: [    6.262991] pcpu-alloc: [1] 088 089 090 091 092 093 094 095 
Jul 14 11:20:13 172.20.224.111 kernel: [    6.262997] pcpu-alloc: [1] 096 097 098 099 100 101 102 103 
Jul 14 11:20:13 172.20.224.111 kernel: [    6.263004] pcpu-alloc: [1] 104 105 106 107 108 109 110 111 
Jul 14 11:20:13 172.20.224.111 kernel: [    6.263010] pcpu-alloc: [1] 168 169 170 171 172 173 174 175 
Jul 14 11:20:13 172.20.224.111 kernel: [    6.263016] pcpu-alloc: [1] 176 177 178 179 180 181 182 183 
Jul 14 11:20:13 172.20.224.111 kernel: [    6.263022] pcpu-alloc: [1] 184 185 186 187 188 189 190 191 
Jul 14 11:20:13 172.20.224.111 kernel: [    6.263028] pcpu-alloc: [1] 192 193 194 195 196 197 198 199 
Jul 14 11:20:13 172.20.224.111 kernel: [    6.263035] pcpu-alloc: [1] 200 201 202 203 204 205 206 207 
Jul 14 11:20:13 172.20.224.111 kernel: [    6.263041] pcpu-alloc: [1] 208 209 210 211 212 213 214 215 
Jul 14 11:20:13 172.20.224.111 kernel: [    6.263047] pcpu-alloc: [1] 216 217 218 219 220 221 222 223 
Jul 14 11:20:13 172.20.224.111 kernel: [    6.263134] Built 2 zonelists, mobility grouping on.  Total pages: 528415268
Jul 14 11:20:13 172.20.224.111 kernel: [    6.263137] Policy zone: Normal
Jul 14 11:20:13 172.20.224.111 kernel: [    6.263139] Kernel command line: BOOT_IMAGE=(tftp)/category/vmlinuz.dgx-h200 nouveau.modeset=0 nvme_core.multipath=n console=tty0 rw BOOTIF=01-c4-70-bd-d9-6f-01 ip=172.20.224.111:172.20.224.14:0xac14e001:0xffffff00
Jul 14 11:20:13 172.20.224.111 kernel: [    6.263260] Unknown kernel command line parameters "BOOT_IMAGE=(tftp)/category/vmlinuz.dgx-h200 BOOTIF=01-c4-70-bd-d9-6f-01 ip=172.20.224.111:172.20.224.14:0xac14e001:0xffffff00", will be passed to user space.
Jul 14 11:20:13 172.20.224.111 kernel: [    6.263263] printk: log_buf_len individual max cpu contribution: 4096 bytes
Jul 14 11:20:13 172.20.224.111 kernel: [    6.263265] printk: log_buf_len total cpu_extra contributions: 913408 bytes
Jul 14 11:20:13 172.20.224.111 kernel: [    6.263266] printk: log_buf_len min size: 262144 bytes
Jul 14 11:20:13 172.20.224.111 kernel: [    6.265545] printk: log_buf_len: 2097152 bytes
Jul 14 11:20:13 172.20.224.111 kernel: [    6.265547] printk: early log buf free: 222360(84%)
Jul 14 11:20:13 172.20.224.111 kernel: [    6.272995] mem auto-init: stack:off, heap alloc:on, heap free:off
Jul 14 11:20:13 172.20.224.111 kernel: [   11.310698] Memory: 2113151044K/2147211904K available (16392K kernel code, 4400K rwdata, 11004K rodata, 3376K init, 18688K bss, 34060656K reserved, 0K cma-reserved)
Jul 14 11:20:13 172.20.224.111 kernel: [   11.313952] SLUB: HWalign=64, Order=0-3, MinObjects=0, CPUs=224, Nodes=2
Jul 14 11:20:13 172.20.224.111 kernel: [   11.314056] ftrace: allocating 50824 entries in 199 pages
Jul 14 11:20:13 172.20.224.111 kernel: [   11.348441] ftrace: allocated 199 pages with 5 groups
Jul 14 11:20:13 172.20.224.111 kernel: [   11.349807] rcu: Hierarchical RCU implementation.
Jul 14 11:20:13 172.20.224.111 kernel: [   11.349809] rcu: #011RCU restricting CPUs from NR_CPUS=8192 to nr_cpu_ids=224.
Jul 14 11:20:13 172.20.224.111 kernel: [   11.349811] #011Rude variant of Tasks RCU enabled.
Jul 14 11:20:13 172.20.224.111 kernel: [   11.349812] #011Tracing variant of Tasks RCU enabled.
Jul 14 11:20:13 172.20.224.111 kernel: [   11.349813] rcu: RCU calculated value of scheduler-enlistment delay is 25 jiffies.
Jul 14 11:20:13 172.20.224.111 kernel: [   11.349815] rcu: Adjusting geometry for rcu_fanout_leaf=16, nr_cpu_ids=224
Jul 14 11:20:13 172.20.224.111 kernel: [   11.355666] NR_IRQS: 524544, nr_irqs: 2216, preallocated irqs: 16
Jul 14 11:20:13 172.20.224.111 kernel: [   11.356372] random: crng init done
Jul 14 11:20:13 172.20.224.111 kernel: [   11.356915] Console: colour dummy device 80x25
Jul 14 11:20:13 172.20.224.111 kernel: [   11.357704] printk: console [tty0] enabled
Jul 14 11:20:13 172.20.224.111 kernel: [   11.358094] mempolicy: Enabling automatic NUMA balancing. Configure with numa_balancing= or the kernel.numa_balancing sysctl
Jul 14 11:20:13 172.20.224.111 kernel: [   11.358102] ACPI: Core revision 20210730
Jul 14 11:20:13 172.20.224.111 kernel: [   11.360589] clocksource: hpet: mask: 0xffffffff max_cycles: 0xffffffff, max_idle_ns: 76450417870 ns
Jul 14 11:20:13 172.20.224.111 kernel: [   11.360643] APIC: Switch to symmetric I/O mode setup
Jul 14 11:20:13 172.20.224.111 kernel: [   11.360646] DMAR: Host address width 52
Jul 14 11:20:13 172.20.224.111 kernel: [   11.360649] DMAR: DRHD base: 0x000000da7fc000 flags: 0x0
Jul 14 11:20:13 172.20.224.111 kernel: [   11.360657] DMAR: dmar0: reg_base_addr da7fc000 ver 6:0 cap 19ed008c40780c66 ecap 3ee9e86f050df
Jul 14 11:20:13 172.20.224.111 kernel: [   11.360662] DMAR: DRHD base: 0x000000ea7fc000 flags: 0x0
Jul 14 11:20:13 172.20.224.111 kernel: [   11.360667] DMAR: dmar1: reg_base_addr ea7fc000 ver 6:0 cap 19ed008c40780c66 ecap 3ee9e86f050df
Jul 14 11:20:13 172.20.224.111 kernel: [   11.360672] DMAR: DRHD base: 0x000000ef7fc000 flags: 0x0
Jul 14 11:20:13 172.20.224.111 kernel: [   11.360677] DMAR: dmar2: reg_base_addr ef7fc000 ver 6:0 cap 19ed008c40780c66 ecap 3ee9e86f050df
Jul 14 11:20:13 172.20.224.111 kernel: [   11.360681] DMAR: DRHD base: 0x000000f47fc000 flags: 0x0
Jul 14 11:20:13 172.20.224.111 kernel: [   11.360687] DMAR: dmar3: reg_base_addr f47fc000 ver 6:0 cap 19ed008c40780c66 ecap 3ee9e86f050df
Jul 14 11:20:13 172.20.224.111 kernel: [   11.360692] DMAR: DRHD base: 0x000000f97fc000 flags: 0x0
Jul 14 11:20:13 172.20.224.111 kernel: [   11.360696] DMAR: dmar4: reg_base_addr f97fc000 ver 6:0 cap 19ed008c40780c66 ecap 3ee9e86f050df
Jul 14 11:20:13 172.20.224.111 kernel: [   11.360700] DMAR: DRHD base: 0x000000d57fc000 flags: 0x0
Jul 14 11:20:13 172.20.224.111 kernel: [   11.360704] DMAR: dmar5: reg_base_addr d57fc000 ver 6:0 cap 19ed008c40780c66 ecap 3ee9e86f050df
Jul 14 11:20:13 172.20.224.111 kernel: [   11.360709] DMAR: DRHD base: 0x000000f9ffc000 flags: 0x0
Jul 14 11:20:13 172.20.224.111 kernel: [   11.360713] DMAR: dmar6: reg_base_addr f9ffc000 ver 6:0 cap 19ed008c40780c66 ecap 3ef9ea6f050df
Jul 14 11:20:13 172.20.224.111 kernel: [   11.360718] DMAR: DRHD base: 0x000000fa7fc000 flags: 0x0
Jul 14 11:20:13 172.20.224.111 kernel: [   11.360722] DMAR: dmar7: reg_base_addr fa7fc000 ver 6:0 cap 19ed008c40780c66 ecap 3ef9ea6f050df
Jul 14 11:20:13 172.20.224.111 kernel: [   11.360726] DMAR: DRHD base: 0x000000faffc000 flags: 0x0
Jul 14 11:20:13 172.20.224.111 kernel: [   11.360739] DMAR: dmar8: reg_base_addr faffc000 ver 6:0 cap 19ed008c40780c66 ecap 3ef9ea6f050df
Jul 14 11:20:13 172.20.224.111 kernel: [   11.360743] DMAR: DRHD base: 0x000000fb7fc000 flags: 0x0
Jul 14 11:20:13 172.20.224.111 kernel: [   11.360747] DMAR: dmar9: reg_base_addr fb7fc000 ver 6:0 cap 19ed008c40780c66 ecap 3ef9ea6f050df
Jul 14 11:20:13 172.20.224.111 kernel: [   11.360752] DMAR: DRHD base: 0x000000afffc000 flags: 0x0
Jul 14 11:20:13 172.20.224.111 kernel: [   11.360756] DMAR: dmar10: reg_base_addr afffc000 ver 6:0 cap 19ed008c40780c66 ecap 3ee9e86f050df
Jul 14 11:20:13 172.20.224.111 kernel: [   11.360761] DMAR: DRHD base: 0x000000bfffc000 flags: 0x0
Jul 14 11:20:13 172.20.224.111 kernel: [   11.360766] DMAR: dmar11: reg_base_addr bfffc000 ver 6:0 cap 19ed008c40780c66 ecap 3ee9e86f050df
Jul 14 11:20:13 172.20.224.111 kernel: [   11.360770] DMAR: DRHD base: 0x000000c4ffc000 flags: 0x0
Jul 14 11:20:13 172.20.224.111 kernel: [   11.360775] DMAR: dmar12: reg_base_addr c4ffc000 ver 6:0 cap 19ed008c40780c66 ecap 3ee9e86f050df
Jul 14 11:20:13 172.20.224.111 kernel: [   11.360779] DMAR: DRHD base: 0x000000c9ffc000 flags: 0x0
Jul 14 11:20:13 172.20.224.111 kernel: [   11.360783] DMAR: dmar13: reg_base_addr c9ffc000 ver 6:0 cap 19ed008c40780c66 ecap 3ee9e86f050df
Jul 14 11:20:13 172.20.224.111 kernel: [   11.360787] DMAR: DRHD base: 0x000000ceffc000 flags: 0x0
Jul 14 11:20:13 172.20.224.111 kernel: [   11.360791] DMAR: dmar14: reg_base_addr ceffc000 ver 6:0 cap 19ed008c40780c66 ecap 3ee9e86f050df
Jul 14 11:20:13 172.20.224.111 kernel: [   11.360795] DMAR: DRHD base: 0x000000cf7fc000 flags: 0x0
Jul 14 11:20:13 172.20.224.111 kernel: [   11.360799] DMAR: dmar15: reg_base_addr cf7fc000 ver 6:0 cap 19ed008c40780c66 ecap 3ef9ea6f050df
Jul 14 11:20:13 172.20.224.111 kernel: [   11.360804] DMAR: DRHD base: 0x000000cfffc000 flags: 0x0
Jul 14 11:20:13 172.20.224.111 kernel: [   11.360808] DMAR: dmar16: reg_base_addr cfffc000 ver 6:0 cap 19ed008c40780c66 ecap 3ef9ea6f050df
Jul 14 11:20:13 172.20.224.111 kernel: [   11.360812] DMAR: DRHD base: 0x000000d07fc000 flags: 0x0
Jul 14 11:20:13 172.20.224.111 kernel: [   11.360816] DMAR: dmar17: reg_base_addr d07fc000 ver 6:0 cap 19ed008c40780c66 ecap 3ef9ea6f050df
Jul 14 11:20:13 172.20.224.111 kernel: [   11.360820] DMAR: DRHD base: 0x000000d0ffc000 flags: 0x0
Jul 14 11:20:13 172.20.224.111 kernel: [   11.360824] DMAR: dmar18: reg_base_addr d0ffc000 ver 6:0 cap 19ed008c40780c66 ecap 3ef9ea6f050df
Jul 14 11:20:13 172.20.224.111 kernel: [   11.360828] DMAR: DRHD base: 0x000000aaffc000 flags: 0x1
Jul 14 11:20:13 172.20.224.111 kernel: [   11.360832] DMAR: dmar19: reg_base_addr aaffc000 ver 6:0 cap 19ed008c40780c66 ecap 3ee9e86f050df
Jul 14 11:20:13 172.20.224.111 kernel: [   11.360837] DMAR: RMRR base: 0x00000077290000 end: 0x000000772b2fff
Jul 14 11:20:13 172.20.224.111 kernel: [   11.360840] DMAR: RMRR base: 0x00000076f46000 end: 0x0000007718ffff
Jul 14 11:20:13 172.20.224.111 kernel: [   11.360842] DMAR: ATSR flags: 0x0
Jul 14 11:20:13 172.20.224.111 kernel: [   11.360845] DMAR: RHSA base: 0x000000aaffc000 proximity domain: 0x0
Jul 14 11:20:13 172.20.224.111 kernel: [   11.360848] DMAR: RHSA base: 0x000000afffc000 proximity domain: 0x0
Jul 14 11:20:13 172.20.224.111 kernel: [   11.360850] DMAR: RHSA base: 0x000000bfffc000 proximity domain: 0x0
Jul 14 11:20:13 172.20.224.111 kernel: [   11.360852] DMAR: RHSA base: 0x000000c4ffc000 proximity domain: 0x0
Jul 14 11:20:13 172.20.224.111 kernel: [   11.360854] DMAR: RHSA base: 0x000000c9ffc000 proximity domain: 0x0
Jul 14 11:20:13 172.20.224.111 kernel: [   11.360857] DMAR: RHSA base: 0x000000ceffc000 proximity domain: 0x0
Jul 14 11:20:13 172.20.224.111 kernel: [   11.360859] DMAR: RHSA base: 0x000000cf7fc000 proximity domain: 0x0
Jul 14 11:20:13 172.20.224.111 kernel: [   11.360861] DMAR: RHSA base: 0x000000cfffc000 proximity domain: 0x0
Jul 14 11:20:13 172.20.224.111 kernel: [   11.360863] DMAR: RHSA base: 0x000000d07fc000 proximity domain: 0x0
Jul 14 11:20:13 172.20.224.111 kernel: [   11.360865] DMAR: RHSA base: 0x000000d0ffc000 proximity domain: 0x0
Jul 14 11:20:13 172.20.224.111 kernel: [   11.360867] DMAR: RHSA base: 0x000000da7fc000 proximity domain: 0x1
Jul 14 11:20:13 172.20.224.111 kernel: [   11.360870] DMAR: RHSA base: 0x000000ea7fc000 proximity domain: 0x1
Jul 14 11:20:13 172.20.224.111 kernel: [   11.360872] DMAR: RHSA base: 0x000000ef7fc000 proximity domain: 0x1
Jul 14 11:20:13 172.20.224.111 kernel: [   11.360874] DMAR: RHSA base: 0x000000f47fc000 proximity domain: 0x1
Jul 14 11:20:13 172.20.224.111 kernel: [   11.360876] DMAR: RHSA base: 0x000000f97fc000 proximity domain: 0x1
Jul 14 11:20:13 172.20.224.111 kernel: [   11.360878] DMAR: RHSA base: 0x000000d57fc000 proximity domain: 0x1
Jul 14 11:20:13 172.20.224.111 kernel: [   11.360881] DMAR: RHSA base: 0x000000f9ffc000 proximity domain: 0x1
Jul 14 11:20:13 172.20.224.111 kernel: [   11.360883] DMAR: RHSA base: 0x000000fa7fc000 proximity domain: 0x1
Jul 14 11:20:13 172.20.224.111 kernel: [   11.360885] DMAR: RHSA base: 0x000000faffc000 proximity domain: 0x1
Jul 14 11:20:13 172.20.224.111 kernel: [   11.360887] DMAR: RHSA base: 0x000000fb7fc000 proximity domain: 0x1
Jul 14 11:20:13 172.20.224.111 kernel: [   11.360889] DMAR: SATC flags: 0x0
Jul 14 11:20:13 172.20.224.111 kernel: [   11.360893] DMAR-IR: IOAPIC id 8 under DRHD base  0xaaffc000 IOMMU 19
Jul 14 11:20:13 172.20.224.111 kernel: [   11.360896] DMAR-IR: HPET id 0 under DRHD base 0xaaffc000
Jul 14 11:20:13 172.20.224.111 kernel: [   11.360898] DMAR-IR: Queued invalidation will be enabled to support x2apic and Intr-remapping.
Jul 14 11:20:13 172.20.224.111 kernel: [   11.367448] DMAR-IR: Enabled IRQ remapping in x2apic mode
Jul 14 11:20:13 172.20.224.111 kernel: [   11.368699] ..TIMER: vector=0x30 apic1=0 pin1=2 apic2=-1 pin2=-1
Jul 14 11:20:13 172.20.224.111 kernel: [   11.388635] clocksource: tsc-early: mask: 0xffffffffffffffff max_cycles: 0x39a85c9bff6, max_idle_ns: 881590591483 ns
Jul 14 11:20:13 172.20.224.111 kernel: [   11.388644] Calibrating delay loop (skipped), value calculated using timer frequency.. 4000.00 BogoMIPS (lpj=8000000)
Jul 14 11:20:13 172.20.224.111 kernel: [   11.388721] x86/cpu: SGX disabled by BIOS.
Jul 14 11:20:13 172.20.224.111 kernel: [   11.388729] CPU0: Thermal monitoring enabled (TM1)
Jul 14 11:20:13 172.20.224.111 kernel: [   11.388733] x86/cpu: User Mode Instruction Prevention (UMIP) activated
Jul 14 11:20:13 172.20.224.111 kernel: [   11.389148] process: using mwait in idle threads
Jul 14 11:20:13 172.20.224.111 kernel: [   11.389153] Last level iTLB entries: 4KB 0, 2MB 0, 4MB 0
Jul 14 11:20:13 172.20.224.111 kernel: [   11.389155] Last level dTLB entries: 4KB 0, 2MB 0, 4MB 0, 1GB 0
Jul 14 11:20:13 172.20.224.111 kernel: [   11.389163] Spectre V1 : Mitigation: usercopy/swapgs barriers and __user pointer sanitization
Jul 14 11:20:13 172.20.224.111 kernel: [   11.389168] Spectre V2 : Mitigation: Enhanced / Automatic IBRS
Jul 14 11:20:13 172.20.224.111 kernel: [   11.389171] Spectre V2 : Spectre v2 / SpectreRSB mitigation: Filling RSB on context switch
Jul 14 11:20:13 172.20.224.111 kernel: [   11.389174] Spectre V2 : Spectre v2 / PBRSB-eIBRS: Retire a single CALL on VMEXIT
Jul 14 11:20:13 172.20.224.111 kernel: [   11.389177] Spectre V2 : mitigation: Enabling conditional Indirect Branch Prediction Barrier
Jul 14 11:20:13 172.20.224.111 kernel: [   11.389181] Speculative Store Bypass: Mitigation: Speculative Store Bypass disabled via prctl and seccomp
Jul 14 11:20:13 172.20.224.111 kernel: [   11.389243] x86/fpu: Supporting XSAVE feature 0x001: 'x87 floating point registers'
Jul 14 11:20:13 172.20.224.111 kernel: [   11.389247] x86/fpu: Supporting XSAVE feature 0x002: 'SSE registers'
Jul 14 11:20:13 172.20.224.111 kernel: [   11.389249] x86/fpu: Supporting XSAVE feature 0x004: 'AVX registers'
Jul 14 11:20:13 172.20.224.111 kernel: [   11.389252] x86/fpu: Supporting XSAVE feature 0x020: 'AVX-512 opmask'
Jul 14 11:20:13 172.20.224.111 kernel: [   11.389254] x86/fpu: Supporting XSAVE feature 0x040: 'AVX-512 Hi256'
Jul 14 11:20:13 172.20.224.111 kernel: [   11.389256] x86/fpu: Supporting XSAVE feature 0x080: 'AVX-512 ZMM_Hi256'
Jul 14 11:20:13 172.20.224.111 kernel: [   11.389259] x86/fpu: Supporting XSAVE feature 0x200: 'Protection Keys User registers'
Jul 14 11:20:13 172.20.224.111 kernel: [   11.389262] x86/fpu: Supporting XSAVE feature 0x400: 'PASID state'
Jul 14 11:20:13 172.20.224.111 kernel: [   11.389264] x86/fpu: Supporting XSAVE feature 0x20000: 'AMX Tile config'
Jul 14 11:20:13 172.20.224.111 kernel: [   11.389267] x86/fpu: Supporting XSAVE feature 0x40000: 'AMX Tile data'
Jul 14 11:20:13 172.20.224.111 kernel: [   11.389280] x86/fpu: xstate_offset[2]:  576, xstate_sizes[2]:  256
Jul 14 11:20:13 172.20.224.111 kernel: [   11.389283] x86/fpu: xstate_offset[5]:  832, xstate_sizes[5]:   64
Jul 14 11:20:13 172.20.224.111 kernel: [   11.389286] x86/fpu: xstate_offset[6]:  896, xstate_sizes[6]:  512
Jul 14 11:20:13 172.20.224.111 kernel: [   11.389288] x86/fpu: xstate_offset[7]: 1408, xstate_sizes[7]: 1024
Jul 14 11:20:13 172.20.224.111 kernel: [   11.389290] x86/fpu: xstate_offset[9]: 2432, xstate_sizes[9]:    8
Jul 14 11:20:13 172.20.224.111 kernel: [   11.389293] x86/fpu: xstate_offset[10]: 2440, xstate_sizes[10]:    8
Jul 14 11:20:13 172.20.224.111 kernel: [   11.389296] x86/fpu: xstate_offset[17]: 2496, xstate_sizes[17]:   64
Jul 14 11:20:13 172.20.224.111 kernel: [   11.389298] x86/fpu: xstate_offset[18]: 2560, xstate_sizes[18]: 8192
Jul 14 11:20:13 172.20.224.111 kernel: [   11.389301] x86/fpu: Enabled xstate features 0x606e7, context size is 10752 bytes, using 'compacted' format.
Jul 14 11:20:13 172.20.224.111 kernel: [   11.412498] Freeing SMP alternatives memory: 44K
Jul 14 11:20:13 172.20.224.111 kernel: [   11.412504] pid_max: default: 229376 minimum: 1792
Jul 14 11:20:13 172.20.224.111 kernel: [   11.419757] LSM: Security Framework initializing
Jul 14 11:20:13 172.20.224.111 kernel: [   11.419791] landlock: Up and running.
Jul 14 11:20:13 172.20.224.111 kernel: [   11.419793] Yama: becoming mindful.
Jul 14 11:20:13 172.20.224.111 kernel: [   11.419852] AppArmor: AppArmor initialized
Jul 14 11:20:13 172.20.224.111 kernel: [   11.470074] Dentry cache hash table entries: 33554432 (order: 16, 268435456 bytes, vmalloc)
Jul 14 11:20:13 172.20.224.111 kernel: [   11.495084] Inode-cache hash table entries: 16777216 (order: 15, 134217728 bytes, vmalloc)
Jul 14 11:20:13 172.20.224.111 kernel: [   11.496030] Mount-cache hash table entries: 524288 (order: 10, 4194304 bytes, vmalloc)
Jul 14 11:20:13 172.20.224.111 kernel: [   11.496835] Mountpoint-cache hash table entries: 524288 (order: 10, 4194304 bytes, vmalloc)
Jul 14 11:20:13 172.20.224.111 kernel: [   11.498164] smpboot: Estimated ratio of average max frequency by base frequency (times 1024): 1587
Jul 14 11:20:13 172.20.224.111 kernel: [   11.498188] smpboot: CPU0: Intel(R) Xeon(R) Platinum 8480C (family: 0x6, model: 0x8f, stepping: 0x8)
Jul 14 11:20:13 172.20.224.111 kernel: [   11.498550] Performance Events: XSAVE Architectural LBR, PEBS fmt4+-baseline,  AnyThread deprecated, Sapphire Rapids events, 32-deep LBR, full-width counters, Intel PMU driver.
Jul 14 11:20:13 172.20.224.111 kernel: [   11.498623] ... version:                5
Jul 14 11:20:13 172.20.224.111 kernel: [   11.498625] ... bit width:              48
Jul 14 11:20:13 172.20.224.111 kernel: [   11.498626] ... generic registers:      8
Jul 14 11:20:13 172.20.224.111 kernel: [   11.498628] ... value mask:             0000ffffffffffff
Jul 14 11:20:13 172.20.224.111 kernel: [   11.498630] ... max period:             00007fffffffffff
Jul 14 11:20:13 172.20.224.111 kernel: [   11.498631] ... fixed-purpose events:   4
Jul 14 11:20:13 172.20.224.111 kernel: [   11.498632] ... event mask:             0001000f000000ff
Jul 14 11:20:13 172.20.224.111 kernel: [   11.498840] signal: max sigframe size: 11952
Jul 14 11:20:13 172.20.224.111 kernel: [   11.498869] rcu: Hierarchical SRCU implementation.
Jul 14 11:20:13 172.20.224.111 kernel: [   11.513758] NMI watchdog: Enabled. Permanently consumes one hw-PMU counter.
Jul 14 11:20:13 172.20.224.111 kernel: [   11.516055] smp: Bringing up secondary CPUs ...
Jul 14 11:20:13 172.20.224.111 kernel: [   11.516187] x86: Booting SMP configuration:
Jul 14 11:20:13 172.20.224.111 kernel: [   11.516189] .... node  #0, CPUs:          #1   #2   #3   #4   #5   #6   #7   #8   #9  #10  #11  #12  #13  #14  #15  #16  #17  #18  #19  #20  #21  #22  #23  #24  #25  #26  #27  #28  #29  #30  #31  #32  #33  #34  #35  #36  #37  #38  #39  #40  #41  #42  #43  #44  #45  #46  #47  #48  #49  #50  #51  #52  #53  #54  #55
Jul 14 11:20:13 172.20.224.111 kernel: [   12.979920] .... node  #1, CPUs:    #56
Jul 14 11:20:13 172.20.224.111 kernel: [    0.008279] smpboot: CPU 56 Converting physical 0 to logical die 1
Jul 14 11:20:13 172.20.224.111 kernel: [   13.040831]   #57  #58  #59  #60  #61  #62  #63  #64  #65  #66  #67  #68  #69  #70  #71  #72  #73  #74  #75  #76  #77  #78  #79  #80  #81  #82  #83  #84  #85  #86  #87  #88  #89  #90  #91  #92  #93  #94  #95  #96  #97  #98  #99 #100 #101 #102 #103 #104 #105 #106 #107 #108 #109 #110 #111
Jul 14 11:20:13 172.20.224.111 kernel: [   14.504716] .... node  #0, CPUs:   #112 #113 #114 #115 #116 #117 #118 #119 #120 #121 #122 #123 #124 #125 #126 #127 #128 #129 #130 #131 #132 #133 #134 #135 #136 #137 #138 #139 #140 #141 #142 #143 #144 #145 #146 #147 #148 #149 #150 #151 #152 #153 #154 #155 #156 #157 #158 #159 #160 #161 #162 #163 #164 #165 #166 #167
Jul 14 11:20:13 172.20.224.111 kernel: [   15.986685] .... node  #1, CPUs:   #168 #169 #170 #171 #172 #173 #174 #175 #176 #177 #178 #179 #180 #181 #182 #183 #184 #185 #186 #187 #188 #189 #190 #191 #192 #193 #194 #195 #196 #197 #198 #199 #200 #201 #202 #203 #204 #205 #206 #207 #208 #209 #210 #211 #212 #213 #214 #215 #216 #217 #218 #219 #220 #221 #222 #223
Jul 14 11:20:13 172.20.224.111 kernel: [   17.487787] smp: Brought up 2 nodes, 224 CPUs
Jul 14 11:20:13 172.20.224.111 kernel: [   17.487787] smpboot: Max logical packages: 2
Jul 14 11:20:13 172.20.224.111 kernel: [   17.487787] smpboot: Total of 224 processors activated (894365.69 BogoMIPS)
Jul 14 11:20:13 172.20.224.111 kernel: [   17.602464] devtmpfs: initialized
Jul 14 11:20:13 172.20.224.111 kernel: [   17.602464] x86/mm: Memory block size: 2048MB
Jul 14 11:20:13 172.20.224.111 kernel: [   17.609699] ACPI: PM: Registering ACPI NVS region [mem 0x72103000-0x7530efff] (52477952 bytes)
Jul 14 11:20:13 172.20.224.111 kernel: [   17.609699] clocksource: jiffies: mask: 0xffffffff max_cycles: 0xffffffff, max_idle_ns: 7645041785100000 ns
Jul 14 11:20:13 172.20.224.111 kernel: [   17.610149] futex hash table entries: 65536 (order: 10, 4194304 bytes, vmalloc)
Jul 14 11:20:13 172.20.224.111 kernel: [   17.610841] pinctrl core: initialized pinctrl subsystem
Jul 14 11:20:13 172.20.224.111 kernel: [   17.611039] PM: RTC time: 02:19:55, date: 2025-07-14
Jul 14 11:20:13 172.20.224.111 kernel: [   17.611481] NET: Registered PF_NETLINK/PF_ROUTE protocol family
Jul 14 11:20:13 172.20.224.111 kernel: [   17.613455] DMA: preallocated 4096 KiB GFP_KERNEL pool for atomic allocations
Jul 14 11:20:13 172.20.224.111 kernel: [   17.613974] DMA: preallocated 4096 KiB GFP_KERNEL|GFP_DMA pool for atomic allocations
Jul 14 11:20:13 172.20.224.111 kernel: [   17.614485] DMA: preallocated 4096 KiB GFP_KERNEL|GFP_DMA32 pool for atomic allocations
Jul 14 11:20:13 172.20.224.111 kernel: [   17.614497] audit: initializing netlink subsys (disabled)
Jul 14 11:20:13 172.20.224.111 kernel: [   17.614504] audit: type=2000 audit(1752459593.252:1): state=initialized audit_enabled=0 res=1
Jul 14 11:20:13 172.20.224.111 kernel: [   17.614504] thermal_sys: Registered thermal governor 'fair_share'
Jul 14 11:20:13 172.20.224.111 kernel: [   17.614504] thermal_sys: Registered thermal governor 'bang_bang'
Jul 14 11:20:13 172.20.224.111 kernel: [   17.614504] thermal_sys: Registered thermal governor 'step_wise'
Jul 14 11:20:13 172.20.224.111 kernel: [   17.614504] thermal_sys: Registered thermal governor 'user_space'
Jul 14 11:20:13 172.20.224.111 kernel: [   17.614504] thermal_sys: Registered thermal governor 'power_allocator'
Jul 14 11:20:13 172.20.224.111 kernel: [   17.614504] EISA bus registered
Jul 14 11:20:13 172.20.224.111 kernel: [   17.614504] cpuidle: using governor ladder
Jul 14 11:20:13 172.20.224.111 kernel: [   17.614504] cpuidle: using governor menu
Jul 14 11:20:13 172.20.224.111 kernel: [   17.616802] ACPI FADT declares the system doesn't support PCIe ASPM, so disable it
Jul 14 11:20:13 172.20.224.111 kernel: [   17.616804] ACPI: bus type PCI registered
Jul 14 11:20:13 172.20.224.111 kernel: [   17.616807] acpiphp: ACPI Hot Plug PCI Controller Driver version: 0.5
Jul 14 11:20:13 172.20.224.111 kernel: [   17.617054] PCI: MMCONFIG for domain 0000 [bus 00-ff] at [mem 0x80000000-0x8fffffff] (base 0x80000000)
Jul 14 11:20:13 172.20.224.111 kernel: [   17.617062] PCI: MMCONFIG at [mem 0x80000000-0x8fffffff] reserved in E820
Jul 14 11:20:13 172.20.224.111 kernel: [   17.617071] pmd_set_huge: Cannot satisfy [mem 0x80000000-0x80200000] with a huge-page mapping due to MTRR override.
Jul 14 11:20:13 172.20.224.111 kernel: [   17.617429] PCI: Using configuration type 1 for base access
Jul 14 11:20:13 172.20.224.111 kernel: [   17.624023] ENERGY_PERF_BIAS: Set to 'normal', was 'performance'
Jul 14 11:20:13 172.20.224.111 kernel: [   17.629954] kprobes: kprobe jump-optimization is enabled. All kprobes are optimized if possible.
Jul 14 11:20:13 172.20.224.111 kernel: [   17.629960] HugeTLB registered 1.00 GiB page size, pre-allocated 0 pages
Jul 14 11:20:13 172.20.224.111 kernel: [   17.629960] HugeTLB registered 2.00 MiB page size, pre-allocated 0 pages
Jul 14 11:20:13 172.20.224.111 kernel: [   17.632854] fbcon: Taking over console
Jul 14 11:20:13 172.20.224.111 kernel: [   17.632947] ACPI: Added _OSI(Module Device)
Jul 14 11:20:13 172.20.224.111 kernel: [   17.632949] ACPI: Added _OSI(Processor Device)
Jul 14 11:20:13 172.20.224.111 kernel: [   17.632951] ACPI: Added _OSI(3.0 _SCP Extensions)
Jul 14 11:20:13 172.20.224.111 kernel: [   17.632953] ACPI: Added _OSI(Processor Aggregator Device)
Jul 14 11:20:13 172.20.224.111 kernel: [   17.632955] ACPI: Added _OSI(Linux-Dell-Video)
Jul 14 11:20:13 172.20.224.111 kernel: [   17.632957] ACPI: Added _OSI(Linux-Lenovo-NV-HDMI-Audio)
Jul 14 11:20:13 172.20.224.111 kernel: [   17.632959] ACPI: Added _OSI(Linux-HPI-Hybrid-Graphics)
Jul 14 11:20:13 172.20.224.111 kernel: [   17.934983] ACPI: 5 ACPI AML tables successfully acquired and loaded
Jul 14 11:20:13 172.20.224.111 kernel: [   17.954588] ACPI: \_SB_.SCK0.C000: _OSC native thermal LVT Acked
Jul 14 11:20:13 172.20.224.111 kernel: [   17.956100] ACPI: Dynamic OEM Table Load:
Jul 14 11:20:13 172.20.224.111 kernel: [   18.196425] ACPI: Dynamic OEM Table Load:
Jul 14 11:20:13 172.20.224.111 kernel: [   18.232173] ACPI: Dynamic OEM Table Load:
Jul 14 11:20:13 172.20.224.111 kernel: [   18.764237] ACPI: Interpreter enabled
Jul 14 11:20:13 172.20.224.111 kernel: [   18.764281] ACPI: PM: (supports S0 S5)
Jul 14 11:20:13 172.20.224.111 kernel: [   18.764284] ACPI: Using IOAPIC for interrupt routing
Jul 14 11:20:13 172.20.224.111 kernel: [   18.764383] HEST: Table parsing has been initialized.
Jul 14 11:20:13 172.20.224.111 kernel: [   18.764522] GHES: APEI firmware first mode is enabled by APEI bit and WHEA _OSC.
Jul 14 11:20:13 172.20.224.111 kernel: [   18.764526] PCI: Using host bridge windows from ACPI; if necessary, use "pci=nocrs" and report a bug
Jul 14 11:20:13 172.20.224.111 kernel: [   18.764529] PCI: Using E820 reservations for host bridge windows
Jul 14 11:20:13 172.20.224.111 kernel: [   18.807983] ACPI: Enabled 1 GPEs in block 00 to 7F
Jul 14 11:20:13 172.20.224.111 kernel: [   19.044638] ACPI: PCI Root Bridge [PC00] (domain 0000 [bus 00-14])
Jul 14 11:20:13 172.20.224.111 kernel: [   19.044649] acpi PNP0A08:00: _OSC: OS supports [ExtendedConfig ASPM ClockPM Segments MSI EDR HPX-Type3]
Jul 14 11:20:13 172.20.224.111 kernel: [   19.046821] acpi PNP0A08:00: _OSC: platform does not support [SHPCHotplug AER LTR DPC]
Jul 14 11:20:13 172.20.224.111 kernel: [   19.047049] acpi PNP0A08:00: _OSC: OS now controls [PCIeHotplug PME PCIeCapability]
Jul 14 11:20:13 172.20.224.111 kernel: [   19.047052] acpi PNP0A08:00: FADT indicates ASPM is unsupported, using BIOS configuration
Jul 14 11:20:13 172.20.224.111 kernel: [   19.047674] PCI host bridge to bus 0000:00
Jul 14 11:20:13 172.20.224.111 kernel: [   19.047679] pci_bus 0000:00: root bus resource [bus 00-14]
Jul 14 11:20:13 172.20.224.111 kernel: [   19.047682] pci_bus 0000:00: root bus resource [io  0x0000-0x0cf7 window]
Jul 14 11:20:13 172.20.224.111 kernel: [   19.047684] pci_bus 0000:00: root bus resource [io  0x1000-0x3fff window]
Jul 14 11:20:13 172.20.224.111 kernel: [   19.047687] pci_bus 0000:00: root bus resource [mem 0x000a0000-0x000bffff window]
Jul 14 11:20:13 172.20.224.111 kernel: [   19.047689] pci_bus 0000:00: root bus resource [mem 0x000c8000-0x000cffff window]
Jul 14 11:20:13 172.20.224.111 kernel: [   19.047692] pci_bus 0000:00: root bus resource [mem 0x90040000-0xaaffffff window]
Jul 14 11:20:13 172.20.224.111 kernel: [   19.047694] pci_bus 0000:00: root bus resource [mem 0xfe010000-0xfe010fff window]
Jul 14 11:20:13 172.20.224.111 kernel: [   19.047696] pci_bus 0000:00: root bus resource [mem 0x200000000000-0x20ffffffffff window]
Jul 14 11:20:13 172.20.224.111 kernel: [   19.047802] pci 0000:00:00.0: [8086:09a2] type 00 class 0x088000
Jul 14 11:20:13 172.20.224.111 kernel: [   19.048078] pci 0000:00:00.1: [8086:09a4] type 00 class 0x088000
Jul 14 11:20:13 172.20.224.111 kernel: [   19.048338] pci 0000:00:00.2: [8086:09a3] type 00 class 0x088000
Jul 14 11:20:13 172.20.224.111 kernel: [   19.048682] pci 0000:00:00.4: [8086:0b23] type 00 class 0x080700
Jul 14 11:20:13 172.20.224.111 kernel: [   19.049019] pci 0000:00:08.0: [8086:1bb8] type 01 class 0x060400
Jul 14 11:20:13 172.20.224.111 kernel: [   19.049040] pci 0000:00:08.0: reg 0x10: [mem 0x20ffff980000-0x20ffff99ffff 64bit]
Jul 14 11:20:13 172.20.224.111 kernel: [   19.049067] pci 0000:00:08.0: enabling Extended Tags
Jul 14 11:20:13 172.20.224.111 kernel: [   19.049135] pci 0000:00:08.0: PME# supported from D0 D3hot D3cold
Jul 14 11:20:13 172.20.224.111 kernel: [   19.049173] pci 0000:00:08.0: PTM enabled (root), 2ns granularity
Jul 14 11:20:13 172.20.224.111 kernel: [   19.050006] pci 0000:00:0a.0: [8086:1bba] type 01 class 0x060400
Jul 14 11:20:13 172.20.224.111 kernel: [   19.050027] pci 0000:00:0a.0: reg 0x10: [mem 0x20ffff960000-0x20ffff97ffff 64bit]
Jul 14 11:20:13 172.20.224.111 kernel: [   19.050053] pci 0000:00:0a.0: enabling Extended Tags
Jul 14 11:20:13 172.20.224.111 kernel: [   19.050118] pci 0000:00:0a.0: PME# supported from D0 D3hot D3cold
Jul 14 11:20:13 172.20.224.111 kernel: [   19.050156] pci 0000:00:0a.0: PTM enabled (root), 2ns granularity
Jul 14 11:20:13 172.20.224.111 kernel: [   19.050963] pci 0000:00:0c.0: [8086:1bbc] type 01 class 0x060400
Jul 14 11:20:13 172.20.224.111 kernel: [   19.050985] pci 0000:00:0c.0: reg 0x10: [mem 0x20ffff940000-0x20ffff95ffff 64bit]
Jul 14 11:20:13 172.20.224.111 kernel: [   19.051011] pci 0000:00:0c.0: enabling Extended Tags
Jul 14 11:20:13 172.20.224.111 kernel: [   19.051080] pci 0000:00:0c.0: PME# supported from D0 D3hot D3cold
Jul 14 11:20:13 172.20.224.111 kernel: [   19.051119] pci 0000:00:0c.0: PTM enabled (root), 2ns granularity
Jul 14 11:20:13 172.20.224.111 kernel: [   19.051943] pci 0000:00:0d.0: [8086:1bbd] type 01 class 0x060400
Jul 14 11:20:13 172.20.224.111 kernel: [   19.051964] pci 0000:00:0d.0: reg 0x10: [mem 0x20ffff920000-0x20ffff93ffff 64bit]
Jul 14 11:20:13 172.20.224.111 kernel: [   19.051991] pci 0000:00:0d.0: enabling Extended Tags
Jul 14 11:20:13 172.20.224.111 kernel: [   19.052060] pci 0000:00:0d.0: PME# supported from D0 D3hot D3cold
Jul 14 11:20:13 172.20.224.111 kernel: [   19.052100] pci 0000:00:0d.0: PTM enabled (root), 2ns granularity
Jul 14 11:20:13 172.20.224.111 kernel: [   19.052913] pci 0000:00:10.0: [8086:1bb0] type 01 class 0x060400
Jul 14 11:20:13 172.20.224.111 kernel: [   19.052934] pci 0000:00:10.0: reg 0x10: [mem 0x20ffff900000-0x20ffff91ffff 64bit]
Jul 14 11:20:13 172.20.224.111 kernel: [   19.052961] pci 0000:00:10.0: enabling Extended Tags
Jul 14 11:20:13 172.20.224.111 kernel: [   19.053029] pci 0000:00:10.0: PME# supported from D0 D3hot D3cold
Jul 14 11:20:13 172.20.224.111 kernel: [   19.053069] pci 0000:00:10.0: PTM enabled (root), 2ns granularity
Jul 14 11:20:13 172.20.224.111 kernel: [   19.053907] pci 0000:00:14.0: [8086:1bcd] type 00 class 0x0c0330
Jul 14 11:20:13 172.20.224.111 kernel: [   19.053930] pci 0000:00:14.0: reg 0x10: [mem 0x20ffff9a0000-0x20ffff9affff 64bit]
Jul 14 11:20:13 172.20.224.111 kernel: [   19.054015] pci 0000:00:14.0: PME# supported from D3hot D3cold
Jul 14 11:20:13 172.20.224.111 kernel: [   19.054447] pci 0000:00:14.2: [8086:1bce] type 00 class 0x050000
Jul 14 11:20:13 172.20.224.111 kernel: [   19.054470] pci 0000:00:14.2: reg 0x10: [mem 0x20ffff9b0000-0x20ffff9b3fff 64bit]
Jul 14 11:20:13 172.20.224.111 kernel: [   19.054485] pci 0000:00:14.2: reg 0x18: [mem 0x20ffff9b6000-0x20ffff9b6fff 64bit]
Jul 14 11:20:13 172.20.224.111 kernel: [   19.054767] pci 0000:00:14.4: [8086:1bfe] type 00 class 0x060000
Jul 14 11:20:13 172.20.224.111 kernel: [   19.055106] pci 0000:00:15.0: [8086:1bff] type 00 class 0x088000
Jul 14 11:20:13 172.20.224.111 kernel: [   19.055132] pci 0000:00:15.0: reg 0x10: [mem 0x20ffff9b5000-0x20ffff9b53ff 64bit]
Jul 14 11:20:13 172.20.224.111 kernel: [   19.055566] pci 0000:00:16.0: [8086:1be0] type 00 class 0x078000
Jul 14 11:20:13 172.20.224.111 kernel: [   19.055596] pci 0000:00:16.0: reg 0x10: [mem 0x20ffff9b4000-0x20ffff9b4fff 64bit]
Jul 14 11:20:13 172.20.224.111 kernel: [   19.055700] pci 0000:00:16.0: PME# supported from D3hot
Jul 14 11:20:13 172.20.224.111 kernel: [   19.055972] pci 0000:00:1f.0: [8086:1b81] type 00 class 0x060100
Jul 14 11:20:13 172.20.224.111 kernel: [   19.056362] pci 0000:00:1f.4: [8086:1bc9] type 00 class 0x0c0500
Jul 14 11:20:13 172.20.224.111 kernel: [   19.056394] pci 0000:00:1f.4: reg 0x10: [mem 0x00000000-0x000000ff 64bit]
Jul 14 11:20:13 172.20.224.111 kernel: [   19.056430] pci 0000:00:1f.4: reg 0x20: [io  0x0780-0x079f]
Jul 14 11:20:13 172.20.224.111 kernel: [   19.056758] pci 0000:00:1f.5: [8086:1bca] type 00 class 0x0c8000
Jul 14 11:20:13 172.20.224.111 kernel: [   19.056780] pci 0000:00:1f.5: reg 0x10: [mem 0xfe010000-0xfe010fff]
Jul 14 11:20:13 172.20.224.111 kernel: [   19.056793] pci 0000:00:1f.5: reg 0x14: [mem 0x9e000000-0x9fffffff]
Jul 14 11:20:13 172.20.224.111 kernel: [   19.057008] pci 0000:00:1f.7: [8086:1bcc] type 00 class 0x130000
Jul 14 11:20:13 172.20.224.111 kernel: [   19.057031] pci 0000:00:1f.7: reg 0x10: [mem 0x20ffff800000-0x20ffff8fffff 64bit]
Jul 14 11:20:13 172.20.224.111 kernel: [   19.057046] pci 0000:00:1f.7: reg 0x18: [mem 0x20ffff000000-0x20ffff7fffff 64bit]
Jul 14 11:20:13 172.20.224.111 kernel: [   19.057287] pci 0000:01:00.0: [1344:51c3] type 00 class 0x010802
Jul 14 11:20:13 172.20.224.111 kernel: [   19.057314] pci 0000:01:00.0: reg 0x10: [mem 0xa9540000-0xa957ffff 64bit]
Jul 14 11:20:13 172.20.224.111 kernel: [   19.057362] pci 0000:01:00.0: reg 0x30: [mem 0xa9500000-0xa953ffff pref]
Jul 14 11:20:13 172.20.224.111 kernel: [   19.057449] pci 0000:01:00.0: PME# supported from D0 D1 D3hot
