Jul 14 11:20:04 172.20.224.112 kernel: [    0.000000] Linux version 5.15.0-1076-nvidia (buildd@lcy02-amd64-026) (gcc (Ubuntu 11.4.0-1ubuntu1~22.04) 11.4.0, GNU ld (GNU Binutils for Ubuntu) 2.38) #77-Ubuntu SMP Tue Mar 25 23:43:36 UTC 2025 (Ubuntu 5.15.0-1076.77-nvidia 5.15.178)
Jul 14 11:20:04 172.20.224.112 kernel: [    0.000000] Command line: BOOT_IMAGE=(tftp)/category/vmlinuz.dgx-h200 nouveau.modeset=0 nvme_core.multipath=n console=tty0 rw BOOTIF=01-c4-70-bd-d9-66-e1 ip=172.20.224.112:172.20.224.14:0xac14e001:0xffffff00
Jul 14 11:20:04 172.20.224.112 kernel: [    0.000000] KERNEL supported cpus:
Jul 14 11:20:04 172.20.224.112 kernel: [    0.000000]   Intel GenuineIntel
Jul 14 11:20:04 172.20.224.112 kernel: [    0.000000]   AMD AuthenticAMD
Jul 14 11:20:04 172.20.224.112 kernel: [    0.000000]   Hygon HygonGenuine
Jul 14 11:20:04 172.20.224.112 kernel: [    0.000000]   Centaur CentaurHauls
Jul 14 11:20:04 172.20.224.112 kernel: [    0.000000]   zhaoxin   Shanghai  
Jul 14 11:20:04 172.20.224.112 kernel: [    0.000000] x86/tme: not enabled by BIOS
Jul 14 11:20:04 172.20.224.112 kernel: [    0.000000] x86/split lock detection: #AC: crashing the kernel on kernel split_locks and warning on user-space split_locks
Jul 14 11:20:04 172.20.224.112 kernel: [    0.000000] BIOS-provided physical RAM map:
Jul 14 11:20:04 172.20.224.112 kernel: [    0.000000] BIOS-e820: [mem 0x0000000000000000-0x000000000009ffff] usable
Jul 14 11:20:04 172.20.224.112 kernel: [    0.000000] BIOS-e820: [mem 0x00000000000a0000-0x00000000000fffff] reserved
Jul 14 11:20:04 172.20.224.112 kernel: [    0.000000] BIOS-e820: [mem 0x0000000000100000-0x000000006868cfff] usable
Jul 14 11:20:04 172.20.224.112 kernel: [    0.000000] BIOS-e820: [mem 0x000000006868d000-0x000000006868ffff] reserved
Jul 14 11:20:04 172.20.224.112 kernel: [    0.000000] BIOS-e820: [mem 0x0000000068690000-0x000000006f702fff] usable
Jul 14 11:20:04 172.20.224.112 kernel: [    0.000000] BIOS-e820: [mem 0x000000006f703000-0x0000000071802fff] reserved
Jul 14 11:20:04 172.20.224.112 kernel: [    0.000000] BIOS-e820: [mem 0x0000000071803000-0x0000000072102fff] ACPI data
Jul 14 11:20:04 172.20.224.112 kernel: [    0.000000] BIOS-e820: [mem 0x0000000072103000-0x000000007530efff] ACPI NVS
Jul 14 11:20:04 172.20.224.112 kernel: [    0.000000] BIOS-e820: [mem 0x000000007530f000-0x00000000777fefff] reserved
Jul 14 11:20:04 172.20.224.112 kernel: [    0.000000] BIOS-e820: [mem 0x00000000777ff000-0x00000000777fffff] usable
Jul 14 11:20:04 172.20.224.112 kernel: [    0.000000] BIOS-e820: [mem 0x0000000077800000-0x000000008fffffff] reserved
Jul 14 11:20:04 172.20.224.112 kernel: [    0.000000] BIOS-e820: [mem 0x00000000fe010000-0x00000000fe010fff] reserved
Jul 14 11:20:04 172.20.224.112 kernel: [    0.000000] BIOS-e820: [mem 0x00000000ff000000-0x00000000ffffffff] reserved
Jul 14 11:20:04 172.20.224.112 kernel: [    0.000000] BIOS-e820: [mem 0x0000000100000000-0x000002007fffffff] usable
Jul 14 11:20:04 172.20.224.112 kernel: [    0.000000] NX (Execute Disable) protection: active
Jul 14 11:20:04 172.20.224.112 kernel: [    0.000000] e820: update [mem 0x63d1d018-0x63d55e57] usable ==> usable
Jul 14 11:20:04 172.20.224.112 kernel: [    0.000000] e820: update [mem 0x63d1d018-0x63d55e57] usable ==> usable
Jul 14 11:20:04 172.20.224.112 kernel: [    0.000000] e820: update [mem 0x63c5d018-0x63d1c257] usable ==> usable
Jul 14 11:20:04 172.20.224.112 kernel: [    0.000000] e820: update [mem 0x63c5d018-0x63d1c257] usable ==> usable
Jul 14 11:20:04 172.20.224.112 kernel: [    0.000000] e820: update [mem 0x62db2018-0x62e71257] usable ==> usable
Jul 14 11:20:04 172.20.224.112 kernel: [    0.000000] e820: update [mem 0x62db2018-0x62e71257] usable ==> usable
Jul 14 11:20:04 172.20.224.112 kernel: [    0.000000] e820: update [mem 0x62b6e018-0x62c2d257] usable ==> usable
Jul 14 11:20:04 172.20.224.112 kernel: [    0.000000] e820: update [mem 0x62b6e018-0x62c2d257] usable ==> usable
Jul 14 11:20:04 172.20.224.112 kernel: [    0.000000] e820: update [mem 0x62aae018-0x62b6d257] usable ==> usable
Jul 14 11:20:04 172.20.224.112 kernel: [    0.000000] e820: update [mem 0x62aae018-0x62b6d257] usable ==> usable
Jul 14 11:20:04 172.20.224.112 kernel: [    0.000000] e820: update [mem 0x62a5a018-0x62aad657] usable ==> usable
Jul 14 11:20:04 172.20.224.112 kernel: [    0.000000] e820: update [mem 0x62a5a018-0x62aad657] usable ==> usable
Jul 14 11:20:04 172.20.224.112 kernel: [    0.000000] e820: update [mem 0x62a06018-0x62a59657] usable ==> usable
Jul 14 11:20:04 172.20.224.112 kernel: [    0.000000] e820: update [mem 0x62a06018-0x62a59657] usable ==> usable
Jul 14 11:20:04 172.20.224.112 kernel: [    0.000000] extended physical RAM map:
Jul 14 11:20:04 172.20.224.112 kernel: [    0.000000] reserve setup_data: [mem 0x0000000000000000-0x000000000009ffff] usable
Jul 14 11:20:04 172.20.224.112 kernel: [    0.000000] reserve setup_data: [mem 0x00000000000a0000-0x00000000000fffff] reserved
Jul 14 11:20:04 172.20.224.112 kernel: [    0.000000] reserve setup_data: [mem 0x0000000000100000-0x0000000062a06017] usable
Jul 14 11:20:04 172.20.224.112 kernel: [    0.000000] reserve setup_data: [mem 0x0000000062a06018-0x0000000062a59657] usable
Jul 14 11:20:04 172.20.224.112 kernel: [    0.000000] reserve setup_data: [mem 0x0000000062a59658-0x0000000062a5a017] usable
Jul 14 11:20:04 172.20.224.112 kernel: [    0.000000] reserve setup_data: [mem 0x0000000062a5a018-0x0000000062aad657] usable
Jul 14 11:20:04 172.20.224.112 kernel: [    0.000000] reserve setup_data: [mem 0x0000000062aad658-0x0000000062aae017] usable
Jul 14 11:20:04 172.20.224.112 kernel: [    0.000000] reserve setup_data: [mem 0x0000000062aae018-0x0000000062b6d257] usable
Jul 14 11:20:04 172.20.224.112 kernel: [    0.000000] reserve setup_data: [mem 0x0000000062b6d258-0x0000000062b6e017] usable
Jul 14 11:20:04 172.20.224.112 kernel: [    0.000000] reserve setup_data: [mem 0x0000000062b6e018-0x0000000062c2d257] usable
Jul 14 11:20:04 172.20.224.112 kernel: [    0.000000] reserve setup_data: [mem 0x0000000062c2d258-0x0000000062db2017] usable
Jul 14 11:20:04 172.20.224.112 kernel: [    0.000000] reserve setup_data: [mem 0x0000000062db2018-0x0000000062e71257] usable
Jul 14 11:20:04 172.20.224.112 kernel: [    0.000000] reserve setup_data: [mem 0x0000000062e71258-0x0000000063c5d017] usable
Jul 14 11:20:04 172.20.224.112 kernel: [    0.000000] reserve setup_data: [mem 0x0000000063c5d018-0x0000000063d1c257] usable
Jul 14 11:20:04 172.20.224.112 kernel: [    0.000000] reserve setup_data: [mem 0x0000000063d1c258-0x0000000063d1d017] usable
Jul 14 11:20:04 172.20.224.112 kernel: [    0.000000] reserve setup_data: [mem 0x0000000063d1d018-0x0000000063d55e57] usable
Jul 14 11:20:04 172.20.224.112 kernel: [    0.000000] reserve setup_data: [mem 0x0000000063d55e58-0x000000006868cfff] usable
Jul 14 11:20:04 172.20.224.112 kernel: [    0.000000] reserve setup_data: [mem 0x000000006868d000-0x000000006868ffff] reserved
Jul 14 11:20:04 172.20.224.112 kernel: [    0.000000] reserve setup_data: [mem 0x0000000068690000-0x000000006f702fff] usable
Jul 14 11:20:04 172.20.224.112 kernel: [    0.000000] reserve setup_data: [mem 0x000000006f703000-0x0000000071802fff] reserved
Jul 14 11:20:04 172.20.224.112 kernel: [    0.000000] reserve setup_data: [mem 0x0000000071803000-0x0000000072102fff] ACPI data
Jul 14 11:20:04 172.20.224.112 kernel: [    0.000000] reserve setup_data: [mem 0x0000000072103000-0x000000007530efff] ACPI NVS
Jul 14 11:20:04 172.20.224.112 kernel: [    0.000000] reserve setup_data: [mem 0x000000007530f000-0x00000000777fefff] reserved
Jul 14 11:20:04 172.20.224.112 kernel: [    0.000000] reserve setup_data: [mem 0x00000000777ff000-0x00000000777fffff] usable
Jul 14 11:20:04 172.20.224.112 kernel: [    0.000000] reserve setup_data: [mem 0x0000000077800000-0x000000008fffffff] reserved
Jul 14 11:20:04 172.20.224.112 kernel: [    0.000000] reserve setup_data: [mem 0x00000000fe010000-0x00000000fe010fff] reserved
Jul 14 11:20:04 172.20.224.112 kernel: [    0.000000] reserve setup_data: [mem 0x00000000ff000000-0x00000000ffffffff] reserved
Jul 14 11:20:04 172.20.224.112 kernel: [    0.000000] reserve setup_data: [mem 0x0000000100000000-0x000002007fffffff] usable
Jul 14 11:20:04 172.20.224.112 kernel: [    0.000000] efi: EFI v2.90 by American Megatrends
Jul 14 11:20:04 172.20.224.112 kernel: [    0.000000] efi: ACPI=0x72102000 ACPI 2.0=0x72102014 SMBIOS=0x77211000 SMBIOS 3.0=0x77210000 MEMATTR=0x632da018 
Jul 14 11:20:04 172.20.224.112 kernel: [    0.000000] secureboot: Secure boot disabled
Jul 14 11:20:04 172.20.224.112 kernel: [    0.000000] SMBIOS 3.6.0 present.
Jul 14 11:20:04 172.20.224.112 kernel: [    0.000000] DMI: NVIDIA DGXH200/DGXH200, BIOS 1.6.7 02/20/2025
Jul 14 11:20:04 172.20.224.112 kernel: [    0.000000] tsc: Detected 2000.000 MHz processor
Jul 14 11:20:04 172.20.224.112 kernel: [    0.000022] e820: update [mem 0x00000000-0x00000fff] usable ==> reserved
Jul 14 11:20:04 172.20.224.112 kernel: [    0.000026] e820: remove [mem 0x000a0000-0x000fffff] usable
Jul 14 11:20:04 172.20.224.112 kernel: [    0.000042] last_pfn = 0x20080000 max_arch_pfn = 0x10000000000
Jul 14 11:20:04 172.20.224.112 kernel: [    0.000377] x86/PAT: Configuration [0-7]: WB  WC  UC- UC  WB  WP  UC- WT  
Jul 14 11:20:04 172.20.224.112 kernel: [    0.005065] total RAM covered: 4192256M
Jul 14 11:20:04 172.20.224.112 kernel: [    0.005168]  gran_size: 64K #011chunk_size: 64K #011num_reg: 10  #011lose cover RAM: 2048G
Jul 14 11:20:04 172.20.224.112 kernel: [    0.005172]  gran_size: 64K #011chunk_size: 128K #011num_reg: 10  #011lose cover RAM: 2048G
Jul 14 11:20:04 172.20.224.112 kernel: [    0.005175]  gran_size: 64K #011chunk_size: 256K #011num_reg: 10  #011lose cover RAM: 2048G
Jul 14 11:20:04 172.20.224.112 kernel: [    0.005177]  gran_size: 64K #011chunk_size: 512K #011num_reg: 10  #011lose cover RAM: 2048G
Jul 14 11:20:04 172.20.224.112 kernel: [    0.005179]  gran_size: 64K #011chunk_size: 1M #011num_reg: 10  #011lose cover RAM: 2048G
Jul 14 11:20:04 172.20.224.112 kernel: [    0.005181]  gran_size: 64K #011chunk_size: 2M #011num_reg: 10  #011lose cover RAM: 2048G
Jul 14 11:20:04 172.20.224.112 kernel: [    0.005183]  gran_size: 64K #011chunk_size: 4M #011num_reg: 10  #011lose cover RAM: 2048G
Jul 14 11:20:04 172.20.224.112 kernel: [    0.005185]  gran_size: 64K #011chunk_size: 8M #011num_reg: 10  #011lose cover RAM: 2048G
Jul 14 11:20:04 172.20.224.112 kernel: [    0.005187]  gran_size: 64K #011chunk_size: 16M #011num_reg: 10  #011lose cover RAM: 2048G
Jul 14 11:20:04 172.20.224.112 kernel: [    0.005189]  gran_size: 64K #011chunk_size: 32M #011num_reg: 10  #011lose cover RAM: 2048G
Jul 14 11:20:04 172.20.224.112 kernel: [    0.005192]  gran_size: 64K #011chunk_size: 64M #011num_reg: 10  #011lose cover RAM: 2048G
Jul 14 11:20:04 172.20.224.112 kernel: [    0.005194]  gran_size: 64K #011chunk_size: 128M #011num_reg: 10  #011lose cover RAM: 2048G
Jul 14 11:20:04 172.20.224.112 kernel: [    0.005196]  gran_size: 64K #011chunk_size: 256M #011num_reg: 10  #011lose cover RAM: 2048G
Jul 14 11:20:04 172.20.224.112 kernel: [    0.005198]  gran_size: 64K #011chunk_size: 512M #011num_reg: 10  #011lose cover RAM: 2048G
Jul 14 11:20:04 172.20.224.112 kernel: [    0.005200]  gran_size: 64K #011chunk_size: 1G #011num_reg: 10  #011lose cover RAM: 2048G
Jul 14 11:20:04 172.20.224.112 kernel: [    0.005202]  gran_size: 64K #011chunk_size: 2G #011num_reg: 10  #011lose cover RAM: 2048G
Jul 14 11:20:04 172.20.224.112 kernel: [    0.005204]  gran_size: 128K #011chunk_size: 128K #011num_reg: 10  #011lose cover RAM: 2048G
Jul 14 11:20:04 172.20.224.112 kernel: [    0.005206]  gran_size: 128K #011chunk_size: 256K #011num_reg: 10  #011lose cover RAM: 2048G
Jul 14 11:20:04 172.20.224.112 kernel: [    0.005208]  gran_size: 128K #011chunk_size: 512K #011num_reg: 10  #011lose cover RAM: 2048G
Jul 14 11:20:04 172.20.224.112 kernel: [    0.005210]  gran_size: 128K #011chunk_size: 1M #011num_reg: 10  #011lose cover RAM: 2048G
Jul 14 11:20:04 172.20.224.112 kernel: [    0.005212]  gran_size: 128K #011chunk_size: 2M #011num_reg: 10  #011lose cover RAM: 2048G
Jul 14 11:20:04 172.20.224.112 kernel: [    0.005214]  gran_size: 128K #011chunk_size: 4M #011num_reg: 10  #011lose cover RAM: 2048G
Jul 14 11:20:04 172.20.224.112 kernel: [    0.005216]  gran_size: 128K #011chunk_size: 8M #011num_reg: 10  #011lose cover RAM: 2048G
Jul 14 11:20:04 172.20.224.112 kernel: [    0.005218]  gran_size: 128K #011chunk_size: 16M #011num_reg: 10  #011lose cover RAM: 2048G
Jul 14 11:20:04 172.20.224.112 kernel: [    0.005220]  gran_size: 128K #011chunk_size: 32M #011num_reg: 10  #011lose cover RAM: 2048G
Jul 14 11:20:04 172.20.224.112 kernel: [    0.005222]  gran_size: 128K #011chunk_size: 64M #011num_reg: 10  #011lose cover RAM: 2048G
Jul 14 11:20:04 172.20.224.112 kernel: [    0.005224]  gran_size: 128K #011chunk_size: 128M #011num_reg: 10  #011lose cover RAM: 2048G
Jul 14 11:20:04 172.20.224.112 kernel: [    0.005226]  gran_size: 128K #011chunk_size: 256M #011num_reg: 10  #011lose cover RAM: 2048G
Jul 14 11:20:04 172.20.224.112 kernel: [    0.005228]  gran_size: 128K #011chunk_size: 512M #011num_reg: 10  #011lose cover RAM: 2048G
Jul 14 11:20:04 172.20.224.112 kernel: [    0.005230]  gran_size: 128K #011chunk_size: 1G #011num_reg: 10  #011lose cover RAM: 2048G
Jul 14 11:20:04 172.20.224.112 kernel: [    0.005232]  gran_size: 128K #011chunk_size: 2G #011num_reg: 10  #011lose cover RAM: 2048G
Jul 14 11:20:04 172.20.224.112 kernel: [    0.005234]  gran_size: 256K #011chunk_size: 256K #011num_reg: 10  #011lose cover RAM: 2048G
Jul 14 11:20:04 172.20.224.112 kernel: [    0.005237]  gran_size: 256K #011chunk_size: 512K #011num_reg: 10  #011lose cover RAM: 2048G
Jul 14 11:20:04 172.20.224.112 kernel: [    0.005239]  gran_size: 256K #011chunk_size: 1M #011num_reg: 10  #011lose cover RAM: 2048G
Jul 14 11:20:04 172.20.224.112 kernel: [    0.005241]  gran_size: 256K #011chunk_size: 2M #011num_reg: 10  #011lose cover RAM: 2048G
Jul 14 11:20:04 172.20.224.112 kernel: [    0.005243]  gran_size: 256K #011chunk_size: 4M #011num_reg: 10  #011lose cover RAM: 2048G
Jul 14 11:20:04 172.20.224.112 kernel: [    0.005245]  gran_size: 256K #011chunk_size: 8M #011num_reg: 10  #011lose cover RAM: 2048G
Jul 14 11:20:04 172.20.224.112 kernel: [    0.005247]  gran_size: 256K #011chunk_size: 16M #011num_reg: 10  #011lose cover RAM: 2048G
Jul 14 11:20:04 172.20.224.112 kernel: [    0.005249]  gran_size: 256K #011chunk_size: 32M #011num_reg: 10  #011lose cover RAM: 2048G
Jul 14 11:20:04 172.20.224.112 kernel: [    0.005251]  gran_size: 256K #011chunk_size: 64M #011num_reg: 10  #011lose cover RAM: 2048G
Jul 14 11:20:04 172.20.224.112 kernel: [    0.005253]  gran_size: 256K #011chunk_size: 128M #011num_reg: 10  #011lose cover RAM: 2048G
Jul 14 11:20:04 172.20.224.112 kernel: [    0.005255]  gran_size: 256K #011chunk_size: 256M #011num_reg: 10  #011lose cover RAM: 2048G
Jul 14 11:20:04 172.20.224.112 kernel: [    0.005257]  gran_size: 256K #011chunk_size: 512M #011num_reg: 10  #011lose cover RAM: 2048G
Jul 14 11:20:04 172.20.224.112 kernel: [    0.005259]  gran_size: 256K #011chunk_size: 1G #011num_reg: 10  #011lose cover RAM: 2048G
Jul 14 11:20:04 172.20.224.112 kernel: [    0.005261]  gran_size: 256K #011chunk_size: 2G #011num_reg: 10  #011lose cover RAM: 2048G
Jul 14 11:20:04 172.20.224.112 kernel: [    0.005263]  gran_size: 512K #011chunk_size: 512K #011num_reg: 10  #011lose cover RAM: 2048G
Jul 14 11:20:04 172.20.224.112 kernel: [    0.005265]  gran_size: 512K #011chunk_size: 1M #011num_reg: 10  #011lose cover RAM: 2048G
Jul 14 11:20:04 172.20.224.112 kernel: [    0.005267]  gran_size: 512K #011chunk_size: 2M #011num_reg: 10  #011lose cover RAM: 2048G
Jul 14 11:20:04 172.20.224.112 kernel: [    0.005269]  gran_size: 512K #011chunk_size: 4M #011num_reg: 10  #011lose cover RAM: 2048G
Jul 14 11:20:04 172.20.224.112 kernel: [    0.005271]  gran_size: 512K #011chunk_size: 8M #011num_reg: 10  #011lose cover RAM: 2048G
Jul 14 11:20:04 172.20.224.112 kernel: [    0.005273]  gran_size: 512K #011chunk_size: 16M #011num_reg: 10  #011lose cover RAM: 2048G
Jul 14 11:20:04 172.20.224.112 kernel: [    0.005275]  gran_size: 512K #011chunk_size: 32M #011num_reg: 10  #011lose cover RAM: 2048G
Jul 14 11:20:04 172.20.224.112 kernel: [    0.005277]  gran_size: 512K #011chunk_size: 64M #011num_reg: 10  #011lose cover RAM: 2048G
Jul 14 11:20:04 172.20.224.112 kernel: [    0.005279]  gran_size: 512K #011chunk_size: 128M #011num_reg: 10  #011lose cover RAM: 2048G
Jul 14 11:20:04 172.20.224.112 kernel: [    0.005281]  gran_size: 512K #011chunk_size: 256M #011num_reg: 10  #011lose cover RAM: 2048G
Jul 14 11:20:04 172.20.224.112 kernel: [    0.005283]  gran_size: 512K #011chunk_size: 512M #011num_reg: 10  #011lose cover RAM: 2048G
Jul 14 11:20:04 172.20.224.112 kernel: [    0.005285]  gran_size: 512K #011chunk_size: 1G #011num_reg: 10  #011lose cover RAM: 2048G
Jul 14 11:20:04 172.20.224.112 kernel: [    0.005287]  gran_size: 512K #011chunk_size: 2G #011num_reg: 10  #011lose cover RAM: 2048G
Jul 14 11:20:04 172.20.224.112 kernel: [    0.005289]  gran_size: 1M #011chunk_size: 1M #011num_reg: 10  #011lose cover RAM: 2048G
Jul 14 11:20:04 172.20.224.112 kernel: [    0.005291]  gran_size: 1M #011chunk_size: 2M #011num_reg: 10  #011lose cover RAM: 2048G
Jul 14 11:20:04 172.20.224.112 kernel: [    0.005293]  gran_size: 1M #011chunk_size: 4M #011num_reg: 10  #011lose cover RAM: 2048G
Jul 14 11:20:04 172.20.224.112 kernel: [    0.005295]  gran_size: 1M #011chunk_size: 8M #011num_reg: 10  #011lose cover RAM: 2048G
Jul 14 11:20:04 172.20.224.112 kernel: [    0.005297]  gran_size: 1M #011chunk_size: 16M #011num_reg: 10  #011lose cover RAM: 2048G
Jul 14 11:20:04 172.20.224.112 kernel: [    0.005299]  gran_size: 1M #011chunk_size: 32M #011num_reg: 10  #011lose cover RAM: 2048G
Jul 14 11:20:04 172.20.224.112 kernel: [    0.005301]  gran_size: 1M #011chunk_size: 64M #011num_reg: 10  #011lose cover RAM: 2048G
Jul 14 11:20:04 172.20.224.112 kernel: [    0.005303]  gran_size: 1M #011chunk_size: 128M #011num_reg: 10  #011lose cover RAM: 2048G
Jul 14 11:20:04 172.20.224.112 kernel: [    0.005306]  gran_size: 1M #011chunk_size: 256M #011num_reg: 10  #011lose cover RAM: 2048G
Jul 14 11:20:04 172.20.224.112 kernel: [    0.005308]  gran_size: 1M #011chunk_size: 512M #011num_reg: 10  #011lose cover RAM: 2048G
Jul 14 11:20:04 172.20.224.112 kernel: [    0.005310]  gran_size: 1M #011chunk_size: 1G #011num_reg: 10  #011lose cover RAM: 2048G
Jul 14 11:20:04 172.20.224.112 kernel: [    0.005312]  gran_size: 1M #011chunk_size: 2G #011num_reg: 10  #011lose cover RAM: 2048G
Jul 14 11:20:04 172.20.224.112 kernel: [    0.005314]  gran_size: 2M #011chunk_size: 2M #011num_reg: 10  #011lose cover RAM: 2048G
Jul 14 11:20:04 172.20.224.112 kernel: [    0.005316]  gran_size: 2M #011chunk_size: 4M #011num_reg: 10  #011lose cover RAM: 2048G
Jul 14 11:20:04 172.20.224.112 kernel: [    0.005318]  gran_size: 2M #011chunk_size: 8M #011num_reg: 10  #011lose cover RAM: 2048G
Jul 14 11:20:04 172.20.224.112 kernel: [    0.005320]  gran_size: 2M #011chunk_size: 16M #011num_reg: 10  #011lose cover RAM: 2048G
Jul 14 11:20:04 172.20.224.112 kernel: [    0.005322]  gran_size: 2M #011chunk_size: 32M #011num_reg: 10  #011lose cover RAM: 2048G
Jul 14 11:20:04 172.20.224.112 kernel: [    0.005324]  gran_size: 2M #011chunk_size: 64M #011num_reg: 10  #011lose cover RAM: 2048G
Jul 14 11:20:04 172.20.224.112 kernel: [    0.005326]  gran_size: 2M #011chunk_size: 128M #011num_reg: 10  #011lose cover RAM: 2048G
Jul 14 11:20:04 172.20.224.112 kernel: [    0.005328]  gran_size: 2M #011chunk_size: 256M #011num_reg: 10  #011lose cover RAM: 2048G
Jul 14 11:20:04 172.20.224.112 kernel: [    0.005330]  gran_size: 2M #011chunk_size: 512M #011num_reg: 10  #011lose cover RAM: 2048G
Jul 14 11:20:04 172.20.224.112 kernel: [    0.005332]  gran_size: 2M #011chunk_size: 1G #011num_reg: 10  #011lose cover RAM: 2048G
Jul 14 11:20:04 172.20.224.112 kernel: [    0.005334]  gran_size: 2M #011chunk_size: 2G #011num_reg: 10  #011lose cover RAM: 2048G
Jul 14 11:20:04 172.20.224.112 kernel: [    0.005336]  gran_size: 4M #011chunk_size: 4M #011num_reg: 10  #011lose cover RAM: 2048G
Jul 14 11:20:04 172.20.224.112 kernel: [    0.005338]  gran_size: 4M #011chunk_size: 8M #011num_reg: 10  #011lose cover RAM: 2048G
Jul 14 11:20:04 172.20.224.112 kernel: [    0.005340]  gran_size: 4M #011chunk_size: 16M #011num_reg: 10  #011lose cover RAM: 2048G
Jul 14 11:20:04 172.20.224.112 kernel: [    0.005342]  gran_size: 4M #011chunk_size: 32M #011num_reg: 10  #011lose cover RAM: 2048G
Jul 14 11:20:04 172.20.224.112 kernel: [    0.005344]  gran_size: 4M #011chunk_size: 64M #011num_reg: 10  #011lose cover RAM: 2048G
Jul 14 11:20:04 172.20.224.112 kernel: [    0.005346]  gran_size: 4M #011chunk_size: 128M #011num_reg: 10  #011lose cover RAM: 2048G
Jul 14 11:20:04 172.20.224.112 kernel: [    0.005348]  gran_size: 4M #011chunk_size: 256M #011num_reg: 10  #011lose cover RAM: 2048G
Jul 14 11:20:04 172.20.224.112 kernel: [    0.005350]  gran_size: 4M #011chunk_size: 512M #011num_reg: 10  #011lose cover RAM: 2048G
Jul 14 11:20:04 172.20.224.112 kernel: [    0.005352]  gran_size: 4M #011chunk_size: 1G #011num_reg: 10  #011lose cover RAM: 2048G
Jul 14 11:20:04 172.20.224.112 kernel: [    0.005354]  gran_size: 4M #011chunk_size: 2G #011num_reg: 10  #011lose cover RAM: 2048G
Jul 14 11:20:04 172.20.224.112 kernel: [    0.005356]  gran_size: 8M #011chunk_size: 8M #011num_reg: 10  #011lose cover RAM: 2048G
Jul 14 11:20:04 172.20.224.112 kernel: [    0.005358]  gran_size: 8M #011chunk_size: 16M #011num_reg: 10  #011lose cover RAM: 2048G
Jul 14 11:20:04 172.20.224.112 kernel: [    0.005360]  gran_size: 8M #011chunk_size: 32M #011num_reg: 10  #011lose cover RAM: 2048G
Jul 14 11:20:04 172.20.224.112 kernel: [    0.005362]  gran_size: 8M #011chunk_size: 64M #011num_reg: 10  #011lose cover RAM: 2048G
Jul 14 11:20:04 172.20.224.112 kernel: [    0.005364]  gran_size: 8M #011chunk_size: 128M #011num_reg: 10  #011lose cover RAM: 2048G
Jul 14 11:20:04 172.20.224.112 kernel: [    0.005366]  gran_size: 8M #011chunk_size: 256M #011num_reg: 10  #011lose cover RAM: 2048G
Jul 14 11:20:04 172.20.224.112 kernel: [    0.005368]  gran_size: 8M #011chunk_size: 512M #011num_reg: 10  #011lose cover RAM: 2048G
Jul 14 11:20:04 172.20.224.112 kernel: [    0.005370]  gran_size: 8M #011chunk_size: 1G #011num_reg: 10  #011lose cover RAM: 2048G
Jul 14 11:20:04 172.20.224.112 kernel: [    0.005372]  gran_size: 8M #011chunk_size: 2G #011num_reg: 10  #011lose cover RAM: 2048G
Jul 14 11:20:04 172.20.224.112 kernel: [    0.005374]  gran_size: 16M #011chunk_size: 16M #011num_reg: 10  #011lose cover RAM: 2048G
Jul 14 11:20:04 172.20.224.112 kernel: [    0.005376]  gran_size: 16M #011chunk_size: 32M #011num_reg: 10  #011lose cover RAM: 2048G
Jul 14 11:20:04 172.20.224.112 kernel: [    0.005378]  gran_size: 16M #011chunk_size: 64M #011num_reg: 10  #011lose cover RAM: 2048G
Jul 14 11:20:04 172.20.224.112 kernel: [    0.005380]  gran_size: 16M #011chunk_size: 128M #011num_reg: 10  #011lose cover RAM: 2048G
Jul 14 11:20:04 172.20.224.112 kernel: [    0.005382]  gran_size: 16M #011chunk_size: 256M #011num_reg: 10  #011lose cover RAM: 2048G
Jul 14 11:20:04 172.20.224.112 kernel: [    0.005384]  gran_size: 16M #011chunk_size: 512M #011num_reg: 10  #011lose cover RAM: 2048G
Jul 14 11:20:04 172.20.224.112 kernel: [    0.005386]  gran_size: 16M #011chunk_size: 1G #011num_reg: 10  #011lose cover RAM: 2048G
Jul 14 11:20:04 172.20.224.112 kernel: [    0.005388]  gran_size: 16M #011chunk_size: 2G #011num_reg: 10  #011lose cover RAM: 2048G
Jul 14 11:20:04 172.20.224.112 kernel: [    0.005390]  gran_size: 32M #011chunk_size: 32M #011num_reg: 10  #011lose cover RAM: 2048G
Jul 14 11:20:04 172.20.224.112 kernel: [    0.005392]  gran_size: 32M #011chunk_size: 64M #011num_reg: 10  #011lose cover RAM: 2048G
Jul 14 11:20:04 172.20.224.112 kernel: [    0.005394]  gran_size: 32M #011chunk_size: 128M #011num_reg: 10  #011lose cover RAM: 2048G
Jul 14 11:20:04 172.20.224.112 kernel: [    0.005396]  gran_size: 32M #011chunk_size: 256M #011num_reg: 10  #011lose cover RAM: 2048G
Jul 14 11:20:04 172.20.224.112 kernel: [    0.005398]  gran_size: 32M #011chunk_size: 512M #011num_reg: 10  #011lose cover RAM: 2048G
Jul 14 11:20:04 172.20.224.112 kernel: [    0.005400]  gran_size: 32M #011chunk_size: 1G #011num_reg: 10  #011lose cover RAM: 2048G
Jul 14 11:20:04 172.20.224.112 kernel: [    0.005402]  gran_size: 32M #011chunk_size: 2G #011num_reg: 10  #011lose cover RAM: 2048G
Jul 14 11:20:04 172.20.224.112 kernel: [    0.005404]  gran_size: 64M #011chunk_size: 64M #011num_reg: 10  #011lose cover RAM: 2048G
Jul 14 11:20:04 172.20.224.112 kernel: [    0.005406]  gran_size: 64M #011chunk_size: 128M #011num_reg: 10  #011lose cover RAM: 2048G
Jul 14 11:20:04 172.20.224.112 kernel: [    0.005409]  gran_size: 64M #011chunk_size: 256M #011num_reg: 10  #011lose cover RAM: 2048G
Jul 14 11:20:04 172.20.224.112 kernel: [    0.005410]  gran_size: 64M #011chunk_size: 512M #011num_reg: 10  #011lose cover RAM: 2048G
Jul 14 11:20:04 172.20.224.112 kernel: [    0.005412]  gran_size: 64M #011chunk_size: 1G #011num_reg: 10  #011lose cover RAM: 2048G
Jul 14 11:20:04 172.20.224.112 kernel: [    0.005414]  gran_size: 64M #011chunk_size: 2G #011num_reg: 10  #011lose cover RAM: 2048G
Jul 14 11:20:04 172.20.224.112 kernel: [    0.005416]  gran_size: 128M #011chunk_size: 128M #011num_reg: 10  #011lose cover RAM: 2048G
Jul 14 11:20:04 172.20.224.112 kernel: [    0.005419]  gran_size: 128M #011chunk_size: 256M #011num_reg: 10  #011lose cover RAM: 2048G
Jul 14 11:20:04 172.20.224.112 kernel: [    0.005421]  gran_size: 128M #011chunk_size: 512M #011num_reg: 10  #011lose cover RAM: 2048G
Jul 14 11:20:04 172.20.224.112 kernel: [    0.005423]  gran_size: 128M #011chunk_size: 1G #011num_reg: 10  #011lose cover RAM: 2048G
Jul 14 11:20:04 172.20.224.112 kernel: [    0.005425]  gran_size: 128M #011chunk_size: 2G #011num_reg: 10  #011lose cover RAM: 2048G
Jul 14 11:20:04 172.20.224.112 kernel: [    0.005427]  gran_size: 256M #011chunk_size: 256M #011num_reg: 10  #011lose cover RAM: 2048G
Jul 14 11:20:04 172.20.224.112 kernel: [    0.005429]  gran_size: 256M #011chunk_size: 512M #011num_reg: 10  #011lose cover RAM: 2048G
Jul 14 11:20:04 172.20.224.112 kernel: [    0.005431]  gran_size: 256M #011chunk_size: 1G #011num_reg: 10  #011lose cover RAM: 2048G
Jul 14 11:20:04 172.20.224.112 kernel: [    0.005433]  gran_size: 256M #011chunk_size: 2G #011num_reg: 10  #011lose cover RAM: 2048G
Jul 14 11:20:04 172.20.224.112 kernel: [    0.005435]  gran_size: 512M #011chunk_size: 512M #011num_reg: 10  #011lose cover RAM: 2048G
Jul 14 11:20:04 172.20.224.112 kernel: [    0.005437]  gran_size: 512M #011chunk_size: 1G #011num_reg: 10  #011lose cover RAM: 2048G
Jul 14 11:20:04 172.20.224.112 kernel: [    0.005439]  gran_size: 512M #011chunk_size: 2G #011num_reg: 10  #011lose cover RAM: 2048G
Jul 14 11:20:04 172.20.224.112 kernel: [    0.005441]  gran_size: 1G #011chunk_size: 1G #011num_reg: 10  #011lose cover RAM: 2048G
Jul 14 11:20:04 172.20.224.112 kernel: [    0.005443]  gran_size: 1G #011chunk_size: 2G #011num_reg: 10  #011lose cover RAM: 2048G
Jul 14 11:20:04 172.20.224.112 kernel: [    0.005445]  gran_size: 2G #011chunk_size: 2G #011num_reg: 10  #011lose cover RAM: 2048G
Jul 14 11:20:04 172.20.224.112 kernel: [    0.005447] mtrr_cleanup: can not find optimal value
Jul 14 11:20:04 172.20.224.112 kernel: [    0.005448] please specify mtrr_gran_size/mtrr_chunk_size
Jul 14 11:20:04 172.20.224.112 kernel: [    0.005451] e820: update [mem 0x80000000-0xffffffff] usable ==> reserved
Jul 14 11:20:04 172.20.224.112 kernel: [    0.005456] x2apic: enabled by BIOS, switching to x2apic ops
Jul 14 11:20:04 172.20.224.112 kernel: [    0.005458] last_pfn = 0x77800 max_arch_pfn = 0x10000000000
Jul 14 11:20:04 172.20.224.112 kernel: [    0.016312] Using GB pages for direct mapping
Jul 14 11:20:04 172.20.224.112 kernel: [    0.016721] secureboot: Secure boot disabled
Jul 14 11:20:04 172.20.224.112 kernel: [    0.016722] RAMDISK: [mem 0x5ad5d000-0x61843fff]
Jul 14 11:20:04 172.20.224.112 kernel: [    0.016726] ACPI: Early table checksum verification disabled
Jul 14 11:20:04 172.20.224.112 kernel: [    0.016729] ACPI: RSDP 0x0000000072102014 000024 (v02 ALASKA)
Jul 14 11:20:04 172.20.224.112 kernel: [    0.016734] ACPI: XSDT 0x0000000072101728 0000EC (v01 ALASKA A M I    01072009 AMI  01000013)
Jul 14 11:20:04 172.20.224.112 kernel: [    0.016741] ACPI: FACP 0x0000000072100000 000114 (v06 ALASKA A M I    01072009 INTL 20091013)
Jul 14 11:20:04 172.20.224.112 kernel: [    0.016748] ACPI: DSDT 0x0000000072033000 0CB7DD (v02 ALASKA A M I    01072009 INTL 20091013)
Jul 14 11:20:04 172.20.224.112 kernel: [    0.016753] ACPI: FACS 0x000000007530D000 000040
Jul 14 11:20:04 172.20.224.112 kernel: [    0.016757] ACPI: SPMI 0x00000000720FF000 000041 (v05 ALASKA A M I    00000000 AMI. 00000000)
Jul 14 11:20:04 172.20.224.112 kernel: [    0.016761] ACPI: FIDT 0x0000000072032000 00009C (v01 ALASKA A M I    01072009 AMI  00010013)
Jul 14 11:20:04 172.20.224.112 kernel: [    0.016766] ACPI: SSDT 0x0000000072031000 00074C (v02 INTEL  RAS_ACPI 00000001 INTL 20210331)
Jul 14 11:20:04 172.20.224.112 kernel: [    0.016770] ACPI: ERST 0x0000000072030000 000230 (v01 ALASKA A M I    00000001 INTL 00000001)
Jul 14 11:20:04 172.20.224.112 kernel: [    0.016775] ACPI: MCFG 0x000000007202F000 00003C (v01 ALASKA A M I    01072009 MSFT 00000097)
Jul 14 11:20:04 172.20.224.112 kernel: [    0.016779] ACPI: HPET 0x000000007202E000 000038 (v01 ALASKA A M I    00000001 INTL 20091013)
Jul 14 11:20:04 172.20.224.112 kernel: [    0.016784] ACPI: MSCT 0x000000007202D000 000090 (v01 ALASKA A M I    00000001 INTL 20091013)
Jul 14 11:20:04 172.20.224.112 kernel: [    0.016788] ACPI: WDDT 0x000000007202C000 000040 (v01 ALASKA A M I    00000000 INTL 20091013)
Jul 14 11:20:04 172.20.224.112 kernel: [    0.016792] ACPI: APIC 0x000000007202A000 000E5E (v04 ALASKA A M I    00000000 INTL 20091013)
Jul 14 11:20:04 172.20.224.112 kernel: [    0.016796] ACPI: SRAT 0x0000000072022000 007830 (v03 ALASKA A M I    00000002 AMI  01000013)
Jul 14 11:20:04 172.20.224.112 kernel: [    0.016800] ACPI: SLIT 0x0000000072021000 000030 (v01 ALASKA A M I    01072009 AMI  01000013)
Jul 14 11:20:04 172.20.224.112 kernel: [    0.016804] ACPI: HMAT 0x0000000072020000 000158 (v02 ALASKA A M I    01072009 AMI  01000013)
Jul 14 11:20:04 172.20.224.112 kernel: [    0.016809] ACPI: OEM4 0x0000000071E98000 187A51 (v02 INTEL  CPU  CST 00003000 INTL 20210331)
Jul 14 11:20:04 172.20.224.112 kernel: [    0.016813] ACPI: OEM1 0x0000000071D84000 113479 (v02 INTEL  CPU EIST 00003000 INTL 20210331)
Jul 14 11:20:04 172.20.224.112 kernel: [    0.016818] ACPI: OEM2 0x0000000071D3D000 046031 (v02 INTEL  CPU  HWP 00003000 INTL 20210331)
Jul 14 11:20:04 172.20.224.112 kernel: [    0.016822] ACPI: SSDT 0x0000000071CD3000 069895 (v02 INTEL  SSDT  PM 00004000 INTL 20210331)
Jul 14 11:20:04 172.20.224.112 kernel: [    0.016826] ACPI: SSDT 0x0000000071CD2000 000957 (v02 ALASKA A M I    00000000 INTL 20091013)
Jul 14 11:20:04 172.20.224.112 kernel: [    0.016831] ACPI: HEST 0x0000000071CD1000 00013C (v01 ALASKA A M I    00000001 INTL 00000001)
Jul 14 11:20:04 172.20.224.112 kernel: [    0.016835] ACPI: BERT 0x0000000071CD0000 000030 (v01 ALASKA A M I    00000001 INTL 00000001)
Jul 14 11:20:04 172.20.224.112 kernel: [    0.016839] ACPI: SSDT 0x0000000071CCF000 00076E (v02 INTEL  ADDRXLAT 00000001 INTL 20210331)
Jul 14 11:20:04 172.20.224.112 kernel: [    0.016843] ACPI: DMAR 0x0000000071CCE000 000528 (v01 ALASKA A M I    00000001 INTL 20091013)
Jul 14 11:20:04 172.20.224.112 kernel: [    0.016848] ACPI: FPDT 0x0000000071CCD000 000044 (v01 ALASKA A M I    01072009 AMI  01000013)
Jul 14 11:20:04 172.20.224.112 kernel: [    0.016852] ACPI: SPCR 0x0000000071CCC000 000050 (v02 ALASKA A M I    01072009 AMI  00050020)
Jul 14 11:20:04 172.20.224.112 kernel: [    0.016856] ACPI: WSMT 0x000000007202B000 000028 (v01 ALASKA A M I    01072009 AMI  00010013)
Jul 14 11:20:04 172.20.224.112 kernel: [    0.016860] ACPI: Reserving FACP table memory at [mem 0x72100000-0x72100113]
Jul 14 11:20:04 172.20.224.112 kernel: [    0.016862] ACPI: Reserving DSDT table memory at [mem 0x72033000-0x720fe7dc]
Jul 14 11:20:04 172.20.224.112 kernel: [    0.016864] ACPI: Reserving FACS table memory at [mem 0x7530d000-0x7530d03f]
Jul 14 11:20:04 172.20.224.112 kernel: [    0.016866] ACPI: Reserving SPMI table memory at [mem 0x720ff000-0x720ff040]
Jul 14 11:20:04 172.20.224.112 kernel: [    0.016868] ACPI: Reserving FIDT table memory at [mem 0x72032000-0x7203209b]
Jul 14 11:20:04 172.20.224.112 kernel: [    0.016869] ACPI: Reserving SSDT table memory at [mem 0x72031000-0x7203174b]
Jul 14 11:20:04 172.20.224.112 kernel: [    0.016871] ACPI: Reserving ERST table memory at [mem 0x72030000-0x7203022f]
Jul 14 11:20:04 172.20.224.112 kernel: [    0.016872] ACPI: Reserving MCFG table memory at [mem 0x7202f000-0x7202f03b]
Jul 14 11:20:04 172.20.224.112 kernel: [    0.016874] ACPI: Reserving HPET table memory at [mem 0x7202e000-0x7202e037]
Jul 14 11:20:04 172.20.224.112 kernel: [    0.016876] ACPI: Reserving MSCT table memory at [mem 0x7202d000-0x7202d08f]
Jul 14 11:20:04 172.20.224.112 kernel: [    0.016877] ACPI: Reserving WDDT table memory at [mem 0x7202c000-0x7202c03f]
Jul 14 11:20:04 172.20.224.112 kernel: [    0.016879] ACPI: Reserving APIC table memory at [mem 0x7202a000-0x7202ae5d]
Jul 14 11:20:04 172.20.224.112 kernel: [    0.016881] ACPI: Reserving SRAT table memory at [mem 0x72022000-0x7202982f]
Jul 14 11:20:04 172.20.224.112 kernel: [    0.016882] ACPI: Reserving SLIT table memory at [mem 0x72021000-0x7202102f]
Jul 14 11:20:04 172.20.224.112 kernel: [    0.016884] ACPI: Reserving HMAT table memory at [mem 0x72020000-0x72020157]
Jul 14 11:20:04 172.20.224.112 kernel: [    0.016885] ACPI: Reserving OEM4 table memory at [mem 0x71e98000-0x7201fa50]
Jul 14 11:20:04 172.20.224.112 kernel: [    0.016887] ACPI: Reserving OEM1 table memory at [mem 0x71d84000-0x71e97478]
Jul 14 11:20:04 172.20.224.112 kernel: [    0.016889] ACPI: Reserving OEM2 table memory at [mem 0x71d3d000-0x71d83030]
Jul 14 11:20:04 172.20.224.112 kernel: [    0.016890] ACPI: Reserving SSDT table memory at [mem 0x71cd3000-0x71d3c894]
Jul 14 11:20:04 172.20.224.112 kernel: [    0.016892] ACPI: Reserving SSDT table memory at [mem 0x71cd2000-0x71cd2956]
Jul 14 11:20:04 172.20.224.112 kernel: [    0.016894] ACPI: Reserving HEST table memory at [mem 0x71cd1000-0x71cd113b]
Jul 14 11:20:04 172.20.224.112 kernel: [    0.016895] ACPI: Reserving BERT table memory at [mem 0x71cd0000-0x71cd002f]
Jul 14 11:20:04 172.20.224.112 kernel: [    0.016897] ACPI: Reserving SSDT table memory at [mem 0x71ccf000-0x71ccf76d]
Jul 14 11:20:04 172.20.224.112 kernel: [    0.016898] ACPI: Reserving DMAR table memory at [mem 0x71cce000-0x71cce527]
Jul 14 11:20:04 172.20.224.112 kernel: [    0.016900] ACPI: Reserving FPDT table memory at [mem 0x71ccd000-0x71ccd043]
Jul 14 11:20:04 172.20.224.112 kernel: [    0.016902] ACPI: Reserving SPCR table memory at [mem 0x71ccc000-0x71ccc04f]
Jul 14 11:20:04 172.20.224.112 kernel: [    0.016904] ACPI: Reserving WSMT table memory at [mem 0x7202b000-0x7202b027]
Jul 14 11:20:04 172.20.224.112 kernel: [    0.016915] Setting APIC routing to cluster x2apic.
Jul 14 11:20:04 172.20.224.112 kernel: [    0.016999] SRAT: PXM 0 -> APIC 0x0000 -> Node 0
Jul 14 11:20:04 172.20.224.112 kernel: [    0.017001] SRAT: PXM 0 -> APIC 0x0001 -> Node 0
Jul 14 11:20:04 172.20.224.112 kernel: [    0.017002] SRAT: PXM 0 -> APIC 0x0002 -> Node 0
Jul 14 11:20:04 172.20.224.112 kernel: [    0.017004] SRAT: PXM 0 -> APIC 0x0003 -> Node 0
Jul 14 11:20:04 172.20.224.112 kernel: [    0.017005] SRAT: PXM 0 -> APIC 0x0004 -> Node 0
Jul 14 11:20:04 172.20.224.112 kernel: [    0.017006] SRAT: PXM 0 -> APIC 0x0005 -> Node 0
Jul 14 11:20:04 172.20.224.112 kernel: [    0.017007] SRAT: PXM 0 -> APIC 0x0006 -> Node 0
Jul 14 11:20:04 172.20.224.112 kernel: [    0.017009] SRAT: PXM 0 -> APIC 0x0007 -> Node 0
Jul 14 11:20:04 172.20.224.112 kernel: [    0.017010] SRAT: PXM 0 -> APIC 0x0008 -> Node 0
Jul 14 11:20:04 172.20.224.112 kernel: [    0.017011] SRAT: PXM 0 -> APIC 0x0009 -> Node 0
Jul 14 11:20:04 172.20.224.112 kernel: [    0.017012] SRAT: PXM 0 -> APIC 0x000a -> Node 0
Jul 14 11:20:04 172.20.224.112 kernel: [    0.017014] SRAT: PXM 0 -> APIC 0x000b -> Node 0
Jul 14 11:20:04 172.20.224.112 kernel: [    0.017015] SRAT: PXM 0 -> APIC 0x000c -> Node 0
Jul 14 11:20:04 172.20.224.112 kernel: [    0.017016] SRAT: PXM 0 -> APIC 0x000d -> Node 0
Jul 14 11:20:04 172.20.224.112 kernel: [    0.017017] SRAT: PXM 0 -> APIC 0x000e -> Node 0
Jul 14 11:20:04 172.20.224.112 kernel: [    0.017018] SRAT: PXM 0 -> APIC 0x000f -> Node 0
Jul 14 11:20:04 172.20.224.112 kernel: [    0.017020] SRAT: PXM 0 -> APIC 0x0010 -> Node 0
Jul 14 11:20:04 172.20.224.112 kernel: [    0.017021] SRAT: PXM 0 -> APIC 0x0011 -> Node 0
Jul 14 11:20:04 172.20.224.112 kernel: [    0.017023] SRAT: PXM 0 -> APIC 0x0012 -> Node 0
Jul 14 11:20:04 172.20.224.112 kernel: [    0.017024] SRAT: PXM 0 -> APIC 0x0013 -> Node 0
Jul 14 11:20:04 172.20.224.112 kernel: [    0.017025] SRAT: PXM 0 -> APIC 0x0014 -> Node 0
Jul 14 11:20:04 172.20.224.112 kernel: [    0.017026] SRAT: PXM 0 -> APIC 0x0015 -> Node 0
Jul 14 11:20:04 172.20.224.112 kernel: [    0.017027] SRAT: PXM 0 -> APIC 0x0016 -> Node 0
Jul 14 11:20:04 172.20.224.112 kernel: [    0.017029] SRAT: PXM 0 -> APIC 0x0017 -> Node 0
Jul 14 11:20:04 172.20.224.112 kernel: [    0.017030] SRAT: PXM 0 -> APIC 0x0018 -> Node 0
Jul 14 11:20:04 172.20.224.112 kernel: [    0.017031] SRAT: PXM 0 -> APIC 0x0019 -> Node 0
Jul 14 11:20:04 172.20.224.112 kernel: [    0.017032] SRAT: PXM 0 -> APIC 0x001a -> Node 0
Jul 14 11:20:04 172.20.224.112 kernel: [    0.017034] SRAT: PXM 0 -> APIC 0x001b -> Node 0
Jul 14 11:20:04 172.20.224.112 kernel: [    0.017035] SRAT: PXM 0 -> APIC 0x001c -> Node 0
Jul 14 11:20:04 172.20.224.112 kernel: [    0.017036] SRAT: PXM 0 -> APIC 0x001d -> Node 0
Jul 14 11:20:04 172.20.224.112 kernel: [    0.017037] SRAT: PXM 0 -> APIC 0x001e -> Node 0
Jul 14 11:20:04 172.20.224.112 kernel: [    0.017038] SRAT: PXM 0 -> APIC 0x001f -> Node 0
Jul 14 11:20:04 172.20.224.112 kernel: [    0.017040] SRAT: PXM 0 -> APIC 0x0020 -> Node 0
Jul 14 11:20:04 172.20.224.112 kernel: [    0.017041] SRAT: PXM 0 -> APIC 0x0021 -> Node 0
Jul 14 11:20:04 172.20.224.112 kernel: [    0.017042] SRAT: PXM 0 -> APIC 0x0022 -> Node 0
Jul 14 11:20:04 172.20.224.112 kernel: [    0.017043] SRAT: PXM 0 -> APIC 0x0023 -> Node 0
Jul 14 11:20:04 172.20.224.112 kernel: [    0.017044] SRAT: PXM 0 -> APIC 0x0024 -> Node 0
Jul 14 11:20:04 172.20.224.112 kernel: [    0.017046] SRAT: PXM 0 -> APIC 0x0025 -> Node 0
Jul 14 11:20:04 172.20.224.112 kernel: [    0.017047] SRAT: PXM 0 -> APIC 0x0026 -> Node 0
Jul 14 11:20:04 172.20.224.112 kernel: [    0.017048] SRAT: PXM 0 -> APIC 0x0027 -> Node 0
Jul 14 11:20:04 172.20.224.112 kernel: [    0.017049] SRAT: PXM 0 -> APIC 0x0028 -> Node 0
Jul 14 11:20:04 172.20.224.112 kernel: [    0.017050] SRAT: PXM 0 -> APIC 0x0029 -> Node 0
Jul 14 11:20:04 172.20.224.112 kernel: [    0.017052] SRAT: PXM 0 -> APIC 0x002a -> Node 0
Jul 14 11:20:04 172.20.224.112 kernel: [    0.017053] SRAT: PXM 0 -> APIC 0x002b -> Node 0
Jul 14 11:20:04 172.20.224.112 kernel: [    0.017054] SRAT: PXM 0 -> APIC 0x002c -> Node 0
Jul 14 11:20:04 172.20.224.112 kernel: [    0.017055] SRAT: PXM 0 -> APIC 0x002d -> Node 0
Jul 14 11:20:04 172.20.224.112 kernel: [    0.017056] SRAT: PXM 0 -> APIC 0x002e -> Node 0
Jul 14 11:20:04 172.20.224.112 kernel: [    0.017058] SRAT: PXM 0 -> APIC 0x002f -> Node 0
Jul 14 11:20:04 172.20.224.112 kernel: [    0.017059] SRAT: PXM 0 -> APIC 0x0030 -> Node 0
Jul 14 11:20:04 172.20.224.112 kernel: [    0.017060] SRAT: PXM 0 -> APIC 0x0031 -> Node 0
Jul 14 11:20:04 172.20.224.112 kernel: [    0.017061] SRAT: PXM 0 -> APIC 0x0032 -> Node 0
Jul 14 11:20:04 172.20.224.112 kernel: [    0.017062] SRAT: PXM 0 -> APIC 0x0033 -> Node 0
Jul 14 11:20:04 172.20.224.112 kernel: [    0.017064] SRAT: PXM 0 -> APIC 0x0034 -> Node 0
Jul 14 11:20:04 172.20.224.112 kernel: [    0.017065] SRAT: PXM 0 -> APIC 0x0035 -> Node 0
Jul 14 11:20:04 172.20.224.112 kernel: [    0.017066] SRAT: PXM 0 -> APIC 0x0036 -> Node 0
Jul 14 11:20:04 172.20.224.112 kernel: [    0.017067] SRAT: PXM 0 -> APIC 0x0037 -> Node 0
Jul 14 11:20:04 172.20.224.112 kernel: [    0.017068] SRAT: PXM 0 -> APIC 0x0038 -> Node 0
Jul 14 11:20:04 172.20.224.112 kernel: [    0.017070] SRAT: PXM 0 -> APIC 0x0039 -> Node 0
Jul 14 11:20:04 172.20.224.112 kernel: [    0.017071] SRAT: PXM 0 -> APIC 0x003a -> Node 0
Jul 14 11:20:04 172.20.224.112 kernel: [    0.017072] SRAT: PXM 0 -> APIC 0x003b -> Node 0
Jul 14 11:20:04 172.20.224.112 kernel: [    0.017073] SRAT: PXM 0 -> APIC 0x003c -> Node 0
Jul 14 11:20:04 172.20.224.112 kernel: [    0.017074] SRAT: PXM 0 -> APIC 0x003d -> Node 0
Jul 14 11:20:04 172.20.224.112 kernel: [    0.017076] SRAT: PXM 0 -> APIC 0x003e -> Node 0
Jul 14 11:20:04 172.20.224.112 kernel: [    0.017077] SRAT: PXM 0 -> APIC 0x003f -> Node 0
Jul 14 11:20:04 172.20.224.112 kernel: [    0.017078] SRAT: PXM 0 -> APIC 0x0040 -> Node 0
Jul 14 11:20:04 172.20.224.112 kernel: [    0.017079] SRAT: PXM 0 -> APIC 0x0041 -> Node 0
Jul 14 11:20:04 172.20.224.112 kernel: [    0.017081] SRAT: PXM 0 -> APIC 0x0042 -> Node 0
Jul 14 11:20:04 172.20.224.112 kernel: [    0.017082] SRAT: PXM 0 -> APIC 0x0043 -> Node 0
Jul 14 11:20:04 172.20.224.112 kernel: [    0.017083] SRAT: PXM 0 -> APIC 0x0044 -> Node 0
Jul 14 11:20:04 172.20.224.112 kernel: [    0.017084] SRAT: PXM 0 -> APIC 0x0045 -> Node 0
Jul 14 11:20:04 172.20.224.112 kernel: [    0.017085] SRAT: PXM 0 -> APIC 0x0046 -> Node 0
Jul 14 11:20:04 172.20.224.112 kernel: [    0.017086] SRAT: PXM 0 -> APIC 0x0047 -> Node 0
Jul 14 11:20:04 172.20.224.112 kernel: [    0.017088] SRAT: PXM 0 -> APIC 0x0048 -> Node 0
Jul 14 11:20:04 172.20.224.112 kernel: [    0.017089] SRAT: PXM 0 -> APIC 0x0049 -> Node 0
Jul 14 11:20:04 172.20.224.112 kernel: [    0.017090] SRAT: PXM 0 -> APIC 0x004a -> Node 0
Jul 14 11:20:04 172.20.224.112 kernel: [    0.017091] SRAT: PXM 0 -> APIC 0x004b -> Node 0
Jul 14 11:20:04 172.20.224.112 kernel: [    0.017092] SRAT: PXM 0 -> APIC 0x004c -> Node 0
Jul 14 11:20:04 172.20.224.112 kernel: [    0.017094] SRAT: PXM 0 -> APIC 0x004d -> Node 0
Jul 14 11:20:04 172.20.224.112 kernel: [    0.017095] SRAT: PXM 0 -> APIC 0x004e -> Node 0
Jul 14 11:20:04 172.20.224.112 kernel: [    0.017096] SRAT: PXM 0 -> APIC 0x004f -> Node 0
Jul 14 11:20:04 172.20.224.112 kernel: [    0.017097] SRAT: PXM 0 -> APIC 0x0050 -> Node 0
Jul 14 11:20:04 172.20.224.112 kernel: [    0.017098] SRAT: PXM 0 -> APIC 0x0051 -> Node 0
Jul 14 11:20:04 172.20.224.112 kernel: [    0.017100] SRAT: PXM 0 -> APIC 0x0052 -> Node 0
Jul 14 11:20:04 172.20.224.112 kernel: [    0.017101] SRAT: PXM 0 -> APIC 0x0053 -> Node 0
Jul 14 11:20:04 172.20.224.112 kernel: [    0.017102] SRAT: PXM 0 -> APIC 0x0054 -> Node 0
Jul 14 11:20:04 172.20.224.112 kernel: [    0.017103] SRAT: PXM 0 -> APIC 0x0055 -> Node 0
Jul 14 11:20:04 172.20.224.112 kernel: [    0.017105] SRAT: PXM 0 -> APIC 0x0056 -> Node 0
Jul 14 11:20:04 172.20.224.112 kernel: [    0.017106] SRAT: PXM 0 -> APIC 0x0057 -> Node 0
Jul 14 11:20:04 172.20.224.112 kernel: [    0.017107] SRAT: PXM 0 -> APIC 0x0058 -> Node 0
Jul 14 11:20:04 172.20.224.112 kernel: [    0.017108] SRAT: PXM 0 -> APIC 0x0059 -> Node 0
Jul 14 11:20:04 172.20.224.112 kernel: [    0.017110] SRAT: PXM 0 -> APIC 0x005a -> Node 0
Jul 14 11:20:04 172.20.224.112 kernel: [    0.017111] SRAT: PXM 0 -> APIC 0x005b -> Node 0
Jul 14 11:20:04 172.20.224.112 kernel: [    0.017112] SRAT: PXM 0 -> APIC 0x005c -> Node 0
Jul 14 11:20:04 172.20.224.112 kernel: [    0.017113] SRAT: PXM 0 -> APIC 0x005d -> Node 0
Jul 14 11:20:04 172.20.224.112 kernel: [    0.017114] SRAT: PXM 0 -> APIC 0x005e -> Node 0
Jul 14 11:20:04 172.20.224.112 kernel: [    0.017116] SRAT: PXM 0 -> APIC 0x005f -> Node 0
Jul 14 11:20:04 172.20.224.112 kernel: [    0.017117] SRAT: PXM 0 -> APIC 0x0060 -> Node 0
Jul 14 11:20:04 172.20.224.112 kernel: [    0.017118] SRAT: PXM 0 -> APIC 0x0061 -> Node 0
Jul 14 11:20:04 172.20.224.112 kernel: [    0.017119] SRAT: PXM 0 -> APIC 0x0062 -> Node 0
Jul 14 11:20:04 172.20.224.112 kernel: [    0.017120] SRAT: PXM 0 -> APIC 0x0063 -> Node 0
Jul 14 11:20:04 172.20.224.112 kernel: [    0.017122] SRAT: PXM 0 -> APIC 0x0064 -> Node 0
Jul 14 11:20:04 172.20.224.112 kernel: [    0.017123] SRAT: PXM 0 -> APIC 0x0065 -> Node 0
Jul 14 11:20:04 172.20.224.112 kernel: [    0.017124] SRAT: PXM 0 -> APIC 0x0066 -> Node 0
Jul 14 11:20:04 172.20.224.112 kernel: [    0.017125] SRAT: PXM 0 -> APIC 0x0067 -> Node 0
Jul 14 11:20:04 172.20.224.112 kernel: [    0.017126] SRAT: PXM 0 -> APIC 0x0068 -> Node 0
Jul 14 11:20:04 172.20.224.112 kernel: [    0.017128] SRAT: PXM 0 -> APIC 0x0069 -> Node 0
Jul 14 11:20:04 172.20.224.112 kernel: [    0.017129] SRAT: PXM 0 -> APIC 0x006a -> Node 0
Jul 14 11:20:04 172.20.224.112 kernel: [    0.017130] SRAT: PXM 0 -> APIC 0x006b -> Node 0
Jul 14 11:20:04 172.20.224.112 kernel: [    0.017131] SRAT: PXM 0 -> APIC 0x006c -> Node 0
Jul 14 11:20:04 172.20.224.112 kernel: [    0.017132] SRAT: PXM 0 -> APIC 0x006d -> Node 0
Jul 14 11:20:04 172.20.224.112 kernel: [    0.017134] SRAT: PXM 0 -> APIC 0x006e -> Node 0
Jul 14 11:20:04 172.20.224.112 kernel: [    0.017135] SRAT: PXM 0 -> APIC 0x006f -> Node 0
Jul 14 11:20:04 172.20.224.112 kernel: [    0.017136] SRAT: PXM 1 -> APIC 0x0080 -> Node 1
Jul 14 11:20:04 172.20.224.112 kernel: [    0.017137] SRAT: PXM 1 -> APIC 0x0081 -> Node 1
Jul 14 11:20:04 172.20.224.112 kernel: [    0.017138] SRAT: PXM 1 -> APIC 0x0082 -> Node 1
Jul 14 11:20:04 172.20.224.112 kernel: [    0.017140] SRAT: PXM 1 -> APIC 0x0083 -> Node 1
Jul 14 11:20:04 172.20.224.112 kernel: [    0.017141] SRAT: PXM 1 -> APIC 0x0084 -> Node 1
Jul 14 11:20:04 172.20.224.112 kernel: [    0.017142] SRAT: PXM 1 -> APIC 0x0085 -> Node 1
Jul 14 11:20:04 172.20.224.112 kernel: [    0.017143] SRAT: PXM 1 -> APIC 0x0086 -> Node 1
Jul 14 11:20:04 172.20.224.112 kernel: [    0.017144] SRAT: PXM 1 -> APIC 0x0087 -> Node 1
Jul 14 11:20:04 172.20.224.112 kernel: [    0.017146] SRAT: PXM 1 -> APIC 0x0088 -> Node 1
Jul 14 11:20:04 172.20.224.112 kernel: [    0.017147] SRAT: PXM 1 -> APIC 0x0089 -> Node 1
Jul 14 11:20:04 172.20.224.112 kernel: [    0.017148] SRAT: PXM 1 -> APIC 0x008a -> Node 1
Jul 14 11:20:04 172.20.224.112 kernel: [    0.017149] SRAT: PXM 1 -> APIC 0x008b -> Node 1
Jul 14 11:20:04 172.20.224.112 kernel: [    0.017150] SRAT: PXM 1 -> APIC 0x008c -> Node 1
Jul 14 11:20:04 172.20.224.112 kernel: [    0.017152] SRAT: PXM 1 -> APIC 0x008d -> Node 1
Jul 14 11:20:04 172.20.224.112 kernel: [    0.017153] SRAT: PXM 1 -> APIC 0x008e -> Node 1
Jul 14 11:20:04 172.20.224.112 kernel: [    0.017154] SRAT: PXM 1 -> APIC 0x008f -> Node 1
Jul 14 11:20:04 172.20.224.112 kernel: [    0.017155] SRAT: PXM 1 -> APIC 0x0090 -> Node 1
Jul 14 11:20:04 172.20.224.112 kernel: [    0.017156] SRAT: PXM 1 -> APIC 0x0091 -> Node 1
Jul 14 11:20:04 172.20.224.112 kernel: [    0.017158] SRAT: PXM 1 -> APIC 0x0092 -> Node 1
Jul 14 11:20:04 172.20.224.112 kernel: [    0.017159] SRAT: PXM 1 -> APIC 0x0093 -> Node 1
Jul 14 11:20:04 172.20.224.112 kernel: [    0.017160] SRAT: PXM 1 -> APIC 0x0094 -> Node 1
Jul 14 11:20:04 172.20.224.112 kernel: [    0.017161] SRAT: PXM 1 -> APIC 0x0095 -> Node 1
Jul 14 11:20:04 172.20.224.112 kernel: [    0.017162] SRAT: PXM 1 -> APIC 0x0096 -> Node 1
Jul 14 11:20:04 172.20.224.112 kernel: [    0.017164] SRAT: PXM 1 -> APIC 0x0097 -> Node 1
Jul 14 11:20:04 172.20.224.112 kernel: [    0.017165] SRAT: PXM 1 -> APIC 0x0098 -> Node 1
Jul 14 11:20:04 172.20.224.112 kernel: [    0.017166] SRAT: PXM 1 -> APIC 0x0099 -> Node 1
Jul 14 11:20:04 172.20.224.112 kernel: [    0.017167] SRAT: PXM 1 -> APIC 0x009a -> Node 1
Jul 14 11:20:04 172.20.224.112 kernel: [    0.017168] SRAT: PXM 1 -> APIC 0x009b -> Node 1
Jul 14 11:20:04 172.20.224.112 kernel: [    0.017170] SRAT: PXM 1 -> APIC 0x009c -> Node 1
Jul 14 11:20:04 172.20.224.112 kernel: [    0.017171] SRAT: PXM 1 -> APIC 0x009d -> Node 1
Jul 14 11:20:04 172.20.224.112 kernel: [    0.017172] SRAT: PXM 1 -> APIC 0x009e -> Node 1
Jul 14 11:20:04 172.20.224.112 kernel: [    0.017173] SRAT: PXM 1 -> APIC 0x009f -> Node 1
Jul 14 11:20:04 172.20.224.112 kernel: [    0.017174] SRAT: PXM 1 -> APIC 0x00a0 -> Node 1
Jul 14 11:20:04 172.20.224.112 kernel: [    0.017175] SRAT: PXM 1 -> APIC 0x00a1 -> Node 1
Jul 14 11:20:04 172.20.224.112 kernel: [    0.017177] SRAT: PXM 1 -> APIC 0x00a2 -> Node 1
Jul 14 11:20:04 172.20.224.112 kernel: [    0.017178] SRAT: PXM 1 -> APIC 0x00a3 -> Node 1
Jul 14 11:20:04 172.20.224.112 kernel: [    0.017179] SRAT: PXM 1 -> APIC 0x00a4 -> Node 1
Jul 14 11:20:04 172.20.224.112 kernel: [    0.017180] SRAT: PXM 1 -> APIC 0x00a5 -> Node 1
Jul 14 11:20:04 172.20.224.112 kernel: [    0.017181] SRAT: PXM 1 -> APIC 0x00a6 -> Node 1
Jul 14 11:20:04 172.20.224.112 kernel: [    0.017183] SRAT: PXM 1 -> APIC 0x00a7 -> Node 1
Jul 14 11:20:04 172.20.224.112 kernel: [    0.017184] SRAT: PXM 1 -> APIC 0x00a8 -> Node 1
Jul 14 11:20:04 172.20.224.112 kernel: [    0.017185] SRAT: PXM 1 -> APIC 0x00a9 -> Node 1
Jul 14 11:20:04 172.20.224.112 kernel: [    0.017186] SRAT: PXM 1 -> APIC 0x00aa -> Node 1
Jul 14 11:20:04 172.20.224.112 kernel: [    0.017187] SRAT: PXM 1 -> APIC 0x00ab -> Node 1
Jul 14 11:20:04 172.20.224.112 kernel: [    0.017189] SRAT: PXM 1 -> APIC 0x00ac -> Node 1
Jul 14 11:20:04 172.20.224.112 kernel: [    0.017190] SRAT: PXM 1 -> APIC 0x00ad -> Node 1
Jul 14 11:20:04 172.20.224.112 kernel: [    0.017191] SRAT: PXM 1 -> APIC 0x00ae -> Node 1
Jul 14 11:20:04 172.20.224.112 kernel: [    0.017192] SRAT: PXM 1 -> APIC 0x00af -> Node 1
Jul 14 11:20:04 172.20.224.112 kernel: [    0.017193] SRAT: PXM 1 -> APIC 0x00b0 -> Node 1
Jul 14 11:20:04 172.20.224.112 kernel: [    0.017195] SRAT: PXM 1 -> APIC 0x00b1 -> Node 1
Jul 14 11:20:04 172.20.224.112 kernel: [    0.017196] SRAT: PXM 1 -> APIC 0x00b2 -> Node 1
Jul 14 11:20:04 172.20.224.112 kernel: [    0.017197] SRAT: PXM 1 -> APIC 0x00b3 -> Node 1
Jul 14 11:20:04 172.20.224.112 kernel: [    0.017198] SRAT: PXM 1 -> APIC 0x00b4 -> Node 1
Jul 14 11:20:04 172.20.224.112 kernel: [    0.017199] SRAT: PXM 1 -> APIC 0x00b5 -> Node 1
Jul 14 11:20:04 172.20.224.112 kernel: [    0.017201] SRAT: PXM 1 -> APIC 0x00b6 -> Node 1
Jul 14 11:20:04 172.20.224.112 kernel: [    0.017202] SRAT: PXM 1 -> APIC 0x00b7 -> Node 1
Jul 14 11:20:04 172.20.224.112 kernel: [    0.017203] SRAT: PXM 1 -> APIC 0x00b8 -> Node 1
Jul 14 11:20:04 172.20.224.112 kernel: [    0.017204] SRAT: PXM 1 -> APIC 0x00b9 -> Node 1
Jul 14 11:20:04 172.20.224.112 kernel: [    0.017205] SRAT: PXM 1 -> APIC 0x00ba -> Node 1
Jul 14 11:20:04 172.20.224.112 kernel: [    0.017207] SRAT: PXM 1 -> APIC 0x00bb -> Node 1
Jul 14 11:20:04 172.20.224.112 kernel: [    0.017208] SRAT: PXM 1 -> APIC 0x00bc -> Node 1
Jul 14 11:20:04 172.20.224.112 kernel: [    0.017209] SRAT: PXM 1 -> APIC 0x00bd -> Node 1
Jul 14 11:20:04 172.20.224.112 kernel: [    0.017210] SRAT: PXM 1 -> APIC 0x00be -> Node 1
Jul 14 11:20:04 172.20.224.112 kernel: [    0.017211] SRAT: PXM 1 -> APIC 0x00bf -> Node 1
Jul 14 11:20:04 172.20.224.112 kernel: [    0.017213] SRAT: PXM 1 -> APIC 0x00c0 -> Node 1
Jul 14 11:20:04 172.20.224.112 kernel: [    0.017214] SRAT: PXM 1 -> APIC 0x00c1 -> Node 1
Jul 14 11:20:04 172.20.224.112 kernel: [    0.017215] SRAT: PXM 1 -> APIC 0x00c2 -> Node 1
Jul 14 11:20:04 172.20.224.112 kernel: [    0.017216] SRAT: PXM 1 -> APIC 0x00c3 -> Node 1
Jul 14 11:20:04 172.20.224.112 kernel: [    0.017217] SRAT: PXM 1 -> APIC 0x00c4 -> Node 1
Jul 14 11:20:04 172.20.224.112 kernel: [    0.017219] SRAT: PXM 1 -> APIC 0x00c5 -> Node 1
Jul 14 11:20:04 172.20.224.112 kernel: [    0.017220] SRAT: PXM 1 -> APIC 0x00c6 -> Node 1
Jul 14 11:20:04 172.20.224.112 kernel: [    0.017221] SRAT: PXM 1 -> APIC 0x00c7 -> Node 1
Jul 14 11:20:04 172.20.224.112 kernel: [    0.017222] SRAT: PXM 1 -> APIC 0x00c8 -> Node 1
Jul 14 11:20:04 172.20.224.112 kernel: [    0.017223] SRAT: PXM 1 -> APIC 0x00c9 -> Node 1
Jul 14 11:20:04 172.20.224.112 kernel: [    0.017224] SRAT: PXM 1 -> APIC 0x00ca -> Node 1
Jul 14 11:20:04 172.20.224.112 kernel: [    0.017226] SRAT: PXM 1 -> APIC 0x00cb -> Node 1
Jul 14 11:20:04 172.20.224.112 kernel: [    0.017227] SRAT: PXM 1 -> APIC 0x00cc -> Node 1
Jul 14 11:20:04 172.20.224.112 kernel: [    0.017228] SRAT: PXM 1 -> APIC 0x00cd -> Node 1
Jul 14 11:20:04 172.20.224.112 kernel: [    0.017230] SRAT: PXM 1 -> APIC 0x00ce -> Node 1
Jul 14 11:20:04 172.20.224.112 kernel: [    0.017231] SRAT: PXM 1 -> APIC 0x00cf -> Node 1
Jul 14 11:20:04 172.20.224.112 kernel: [    0.017232] SRAT: PXM 1 -> APIC 0x00d0 -> Node 1
Jul 14 11:20:04 172.20.224.112 kernel: [    0.017233] SRAT: PXM 1 -> APIC 0x00d1 -> Node 1
Jul 14 11:20:04 172.20.224.112 kernel: [    0.017234] SRAT: PXM 1 -> APIC 0x00d2 -> Node 1
Jul 14 11:20:04 172.20.224.112 kernel: [    0.017236] SRAT: PXM 1 -> APIC 0x00d3 -> Node 1
Jul 14 11:20:04 172.20.224.112 kernel: [    0.017237] SRAT: PXM 1 -> APIC 0x00d4 -> Node 1
Jul 14 11:20:04 172.20.224.112 kernel: [    0.017238] SRAT: PXM 1 -> APIC 0x00d5 -> Node 1
Jul 14 11:20:04 172.20.224.112 kernel: [    0.017239] SRAT: PXM 1 -> APIC 0x00d6 -> Node 1
Jul 14 11:20:04 172.20.224.112 kernel: [    0.017240] SRAT: PXM 1 -> APIC 0x00d7 -> Node 1
Jul 14 11:20:04 172.20.224.112 kernel: [    0.017242] SRAT: PXM 1 -> APIC 0x00d8 -> Node 1
Jul 14 11:20:04 172.20.224.112 kernel: [    0.017243] SRAT: PXM 1 -> APIC 0x00d9 -> Node 1
Jul 14 11:20:04 172.20.224.112 kernel: [    0.017244] SRAT: PXM 1 -> APIC 0x00da -> Node 1
Jul 14 11:20:04 172.20.224.112 kernel: [    0.017245] SRAT: PXM 1 -> APIC 0x00db -> Node 1
Jul 14 11:20:04 172.20.224.112 kernel: [    0.017246] SRAT: PXM 1 -> APIC 0x00dc -> Node 1
Jul 14 11:20:04 172.20.224.112 kernel: [    0.017248] SRAT: PXM 1 -> APIC 0x00dd -> Node 1
Jul 14 11:20:04 172.20.224.112 kernel: [    0.017249] SRAT: PXM 1 -> APIC 0x00de -> Node 1
Jul 14 11:20:04 172.20.224.112 kernel: [    0.017250] SRAT: PXM 1 -> APIC 0x00df -> Node 1
Jul 14 11:20:04 172.20.224.112 kernel: [    0.017251] SRAT: PXM 1 -> APIC 0x00e0 -> Node 1
Jul 14 11:20:04 172.20.224.112 kernel: [    0.017252] SRAT: PXM 1 -> APIC 0x00e1 -> Node 1
Jul 14 11:20:04 172.20.224.112 kernel: [    0.017254] SRAT: PXM 1 -> APIC 0x00e2 -> Node 1
Jul 14 11:20:04 172.20.224.112 kernel: [    0.017255] SRAT: PXM 1 -> APIC 0x00e3 -> Node 1
Jul 14 11:20:04 172.20.224.112 kernel: [    0.017256] SRAT: PXM 1 -> APIC 0x00e4 -> Node 1
Jul 14 11:20:04 172.20.224.112 kernel: [    0.017257] SRAT: PXM 1 -> APIC 0x00e5 -> Node 1
Jul 14 11:20:04 172.20.224.112 kernel: [    0.017258] SRAT: PXM 1 -> APIC 0x00e6 -> Node 1
Jul 14 11:20:04 172.20.224.112 kernel: [    0.017260] SRAT: PXM 1 -> APIC 0x00e7 -> Node 1
Jul 14 11:20:04 172.20.224.112 kernel: [    0.017261] SRAT: PXM 1 -> APIC 0x00e8 -> Node 1
Jul 14 11:20:04 172.20.224.112 kernel: [    0.017262] SRAT: PXM 1 -> APIC 0x00e9 -> Node 1
Jul 14 11:20:04 172.20.224.112 kernel: [    0.017263] SRAT: PXM 1 -> APIC 0x00ea -> Node 1
Jul 14 11:20:04 172.20.224.112 kernel: [    0.017264] SRAT: PXM 1 -> APIC 0x00eb -> Node 1
Jul 14 11:20:04 172.20.224.112 kernel: [    0.017266] SRAT: PXM 1 -> APIC 0x00ec -> Node 1
Jul 14 11:20:04 172.20.224.112 kernel: [    0.017267] SRAT: PXM 1 -> APIC 0x00ed -> Node 1
Jul 14 11:20:04 172.20.224.112 kernel: [    0.017268] SRAT: PXM 1 -> APIC 0x00ee -> Node 1
Jul 14 11:20:04 172.20.224.112 kernel: [    0.017269] SRAT: PXM 1 -> APIC 0x00ef -> Node 1
Jul 14 11:20:04 172.20.224.112 kernel: [    0.017287] ACPI: SRAT: Node 0 PXM 0 [mem 0x00000000-0x7fffffff]
Jul 14 11:20:04 172.20.224.112 kernel: [    0.017290] ACPI: SRAT: Node 0 PXM 0 [mem 0x100000000-0x1007fffffff]
Jul 14 11:20:04 172.20.224.112 kernel: [    0.017292] ACPI: SRAT: Node 1 PXM 1 [mem 0x10080000000-0x2007fffffff]
Jul 14 11:20:04 172.20.224.112 kernel: [    0.017309] NUMA: Initialized distance table, cnt=2
Jul 14 11:20:04 172.20.224.112 kernel: [    0.017311] NUMA: Node 0 [mem 0x00000000-0x7fffffff] + [mem 0x100000000-0x1007fffffff] -> [mem 0x00000000-0x1007fffffff]
Jul 14 11:20:04 172.20.224.112 kernel: [    0.017326] NODE_DATA(0) allocated [mem 0x1007ffd6000-0x1007fffffff]
Jul 14 11:20:04 172.20.224.112 kernel: [    0.017346] NODE_DATA(1) allocated [mem 0x2007ffd2000-0x2007fffbfff]
Jul 14 11:20:04 172.20.224.112 kernel: [    0.020841] Zone ranges:
Jul 14 11:20:04 172.20.224.112 kernel: [    0.020843]   DMA      [mem 0x0000000000001000-0x0000000000ffffff]
Jul 14 11:20:04 172.20.224.112 kernel: [    0.020846]   DMA32    [mem 0x0000000001000000-0x00000000ffffffff]
Jul 14 11:20:04 172.20.224.112 kernel: [    0.020849]   Normal   [mem 0x0000000100000000-0x000002007fffffff]
Jul 14 11:20:04 172.20.224.112 kernel: [    0.020851]   Device   empty
Jul 14 11:20:04 172.20.224.112 kernel: [    0.020853] Movable zone start for each node
Jul 14 11:20:04 172.20.224.112 kernel: [    0.020857] Early memory node ranges
Jul 14 11:20:04 172.20.224.112 kernel: [    0.020858]   node   0: [mem 0x0000000000001000-0x000000000009ffff]
Jul 14 11:20:04 172.20.224.112 kernel: [    0.020860]   node   0: [mem 0x0000000000100000-0x000000006868cfff]
Jul 14 11:20:04 172.20.224.112 kernel: [    0.020862]   node   0: [mem 0x0000000068690000-0x000000006f702fff]
Jul 14 11:20:04 172.20.224.112 kernel: [    0.020863]   node   0: [mem 0x00000000777ff000-0x00000000777fffff]
Jul 14 11:20:04 172.20.224.112 kernel: [    0.020865]   node   0: [mem 0x0000000100000000-0x000001007fffffff]
Jul 14 11:20:04 172.20.224.112 kernel: [    0.020985]   node   1: [mem 0x0000010080000000-0x000002007fffffff]
Jul 14 11:20:04 172.20.224.112 kernel: [    0.021098] Initmem setup node 0 [mem 0x0000000000001000-0x000001007fffffff]
Jul 14 11:20:04 172.20.224.112 kernel: [    0.021104] Initmem setup node 1 [mem 0x0000010080000000-0x000002007fffffff]
Jul 14 11:20:04 172.20.224.112 kernel: [    0.021110] On node 0, zone DMA: 1 pages in unavailable ranges
Jul 14 11:20:04 172.20.224.112 kernel: [    0.021154] On node 0, zone DMA: 96 pages in unavailable ranges
Jul 14 11:20:04 172.20.224.112 kernel: [    0.025776] On node 0, zone DMA32: 3 pages in unavailable ranges
Jul 14 11:20:04 172.20.224.112 kernel: [    0.026265] On node 0, zone DMA32: 33020 pages in unavailable ranges
Jul 14 11:20:04 172.20.224.112 kernel: [    2.761938] On node 0, zone Normal: 2048 pages in unavailable ranges
Jul 14 11:20:04 172.20.224.112 kernel: [    6.283303] ACPI: PM-Timer IO Port: 0x508
Jul 14 11:20:04 172.20.224.112 kernel: [    6.283350] ACPI: X2APIC_NMI (uid[0xffffffff] high edge lint[0x1])
Jul 14 11:20:04 172.20.224.112 kernel: [    6.283355] ACPI: LAPIC_NMI (acpi_id[0xff] high edge lint[0x1])
Jul 14 11:20:04 172.20.224.112 kernel: [    6.283375] IOAPIC[0]: apic_id 8, version 32, address 0xfec00000, GSI 0-23
Jul 14 11:20:04 172.20.224.112 kernel: [    6.283380] ACPI: INT_SRC_OVR (bus 0 bus_irq 0 global_irq 2 dfl dfl)
Jul 14 11:20:04 172.20.224.112 kernel: [    6.283383] ACPI: INT_SRC_OVR (bus 0 bus_irq 9 global_irq 9 high level)
Jul 14 11:20:04 172.20.224.112 kernel: [    6.283389] ACPI: Using ACPI (MADT) for SMP configuration information
Jul 14 11:20:04 172.20.224.112 kernel: [    6.283390] ACPI: HPET id: 0x8086a701 base: 0xfed00000
Jul 14 11:20:04 172.20.224.112 kernel: [    6.283396] ACPI: SPCR: console: uart,io,0x3f8,115200
Jul 14 11:20:04 172.20.224.112 kernel: [    6.283398] TSC deadline timer available
Jul 14 11:20:04 172.20.224.112 kernel: [    6.283400] smpboot: Allowing 224 CPUs, 0 hotplug CPUs
Jul 14 11:20:04 172.20.224.112 kernel: [    6.283431] PM: hibernation: Registered nosave memory: [mem 0x00000000-0x00000fff]
Jul 14 11:20:04 172.20.224.112 kernel: [    6.283435] PM: hibernation: Registered nosave memory: [mem 0x000a0000-0x000fffff]
Jul 14 11:20:04 172.20.224.112 kernel: [    6.283438] PM: hibernation: Registered nosave memory: [mem 0x62a06000-0x62a06fff]
Jul 14 11:20:04 172.20.224.112 kernel: [    6.283441] PM: hibernation: Registered nosave memory: [mem 0x62a59000-0x62a59fff]
Jul 14 11:20:04 172.20.224.112 kernel: [    6.283443] PM: hibernation: Registered nosave memory: [mem 0x62a5a000-0x62a5afff]
Jul 14 11:20:04 172.20.224.112 kernel: [    6.283445] PM: hibernation: Registered nosave memory: [mem 0x62aad000-0x62aadfff]
Jul 14 11:20:04 172.20.224.112 kernel: [    6.283447] PM: hibernation: Registered nosave memory: [mem 0x62aae000-0x62aaefff]
Jul 14 11:20:04 172.20.224.112 kernel: [    6.283449] PM: hibernation: Registered nosave memory: [mem 0x62b6d000-0x62b6dfff]
Jul 14 11:20:04 172.20.224.112 kernel: [    6.283451] PM: hibernation: Registered nosave memory: [mem 0x62b6e000-0x62b6efff]
Jul 14 11:20:04 172.20.224.112 kernel: [    6.283453] PM: hibernation: Registered nosave memory: [mem 0x62c2d000-0x62c2dfff]
Jul 14 11:20:04 172.20.224.112 kernel: [    6.283456] PM: hibernation: Registered nosave memory: [mem 0x62db2000-0x62db2fff]
Jul 14 11:20:04 172.20.224.112 kernel: [    6.283458] PM: hibernation: Registered nosave memory: [mem 0x62e71000-0x62e71fff]
Jul 14 11:20:04 172.20.224.112 kernel: [    6.283461] PM: hibernation: Registered nosave memory: [mem 0x63c5d000-0x63c5dfff]
Jul 14 11:20:04 172.20.224.112 kernel: [    6.283464] PM: hibernation: Registered nosave memory: [mem 0x63d1c000-0x63d1cfff]
Jul 14 11:20:04 172.20.224.112 kernel: [    6.283465] PM: hibernation: Registered nosave memory: [mem 0x63d1d000-0x63d1dfff]
Jul 14 11:20:04 172.20.224.112 kernel: [    6.283468] PM: hibernation: Registered nosave memory: [mem 0x63d55000-0x63d55fff]
Jul 14 11:20:04 172.20.224.112 kernel: [    6.283471] PM: hibernation: Registered nosave memory: [mem 0x6868d000-0x6868ffff]
Jul 14 11:20:04 172.20.224.112 kernel: [    6.283473] PM: hibernation: Registered nosave memory: [mem 0x6f703000-0x71802fff]
Jul 14 11:20:04 172.20.224.112 kernel: [    6.283475] PM: hibernation: Registered nosave memory: [mem 0x71803000-0x72102fff]
Jul 14 11:20:04 172.20.224.112 kernel: [    6.283476] PM: hibernation: Registered nosave memory: [mem 0x72103000-0x7530efff]
Jul 14 11:20:04 172.20.224.112 kernel: [    6.283477] PM: hibernation: Registered nosave memory: [mem 0x7530f000-0x777fefff]
Jul 14 11:20:04 172.20.224.112 kernel: [    6.283480] PM: hibernation: Registered nosave memory: [mem 0x77800000-0x8fffffff]
Jul 14 11:20:04 172.20.224.112 kernel: [    6.283481] PM: hibernation: Registered nosave memory: [mem 0x90000000-0xfe00ffff]
Jul 14 11:20:04 172.20.224.112 kernel: [    6.283482] PM: hibernation: Registered nosave memory: [mem 0xfe010000-0xfe010fff]
Jul 14 11:20:04 172.20.224.112 kernel: [    6.283484] PM: hibernation: Registered nosave memory: [mem 0xfe011000-0xfeffffff]
Jul 14 11:20:04 172.20.224.112 kernel: [    6.283485] PM: hibernation: Registered nosave memory: [mem 0xff000000-0xffffffff]
Jul 14 11:20:04 172.20.224.112 kernel: [    6.283487] [mem 0x90000000-0xfe00ffff] available for PCI devices
Jul 14 11:20:04 172.20.224.112 kernel: [    6.283490] Booting paravirtualized kernel on bare hardware
Jul 14 11:20:04 172.20.224.112 kernel: [    6.283492] clocksource: refined-jiffies: mask: 0xffffffff max_cycles: 0xffffffff, max_idle_ns: 7645519600211568 ns
Jul 14 11:20:04 172.20.224.112 kernel: [    6.283502] setup_percpu: NR_CPUS:8192 nr_cpumask_bits:224 nr_cpu_ids:224 nr_node_ids:2
Jul 14 11:20:04 172.20.224.112 kernel: [    6.295244] percpu: Embedded 62 pages/cpu s217088 r8192 d28672 u262144
Jul 14 11:20:04 172.20.224.112 kernel: [    6.295263] pcpu-alloc: s217088 r8192 d28672 u262144 alloc=1*2097152
Jul 14 11:20:04 172.20.224.112 kernel: [    6.295267] pcpu-alloc: [0] 000 001 002 003 004 005 006 007 
Jul 14 11:20:04 172.20.224.112 kernel: [    6.295275] pcpu-alloc: [0] 008 009 010 011 012 013 014 015 
Jul 14 11:20:04 172.20.224.112 kernel: [    6.295281] pcpu-alloc: [0] 016 017 018 019 020 021 022 023 
Jul 14 11:20:04 172.20.224.112 kernel: [    6.295288] pcpu-alloc: [0] 024 025 026 027 028 029 030 031 
Jul 14 11:20:04 172.20.224.112 kernel: [    6.295294] pcpu-alloc: [0] 032 033 034 035 036 037 038 039 
Jul 14 11:20:04 172.20.224.112 kernel: [    6.295300] pcpu-alloc: [0] 040 041 042 043 044 045 046 047 
Jul 14 11:20:04 172.20.224.112 kernel: [    6.295306] pcpu-alloc: [0] 048 049 050 051 052 053 054 055 
Jul 14 11:20:04 172.20.224.112 kernel: [    6.295312] pcpu-alloc: [0] 112 113 114 115 116 117 118 119 
Jul 14 11:20:04 172.20.224.112 kernel: [    6.295319] pcpu-alloc: [0] 120 121 122 123 124 125 126 127 
Jul 14 11:20:04 172.20.224.112 kernel: [    6.295325] pcpu-alloc: [0] 128 129 130 131 132 133 134 135 
Jul 14 11:20:04 172.20.224.112 kernel: [    6.295331] pcpu-alloc: [0] 136 137 138 139 140 141 142 143 
Jul 14 11:20:04 172.20.224.112 kernel: [    6.295338] pcpu-alloc: [0] 144 145 146 147 148 149 150 151 
Jul 14 11:20:04 172.20.224.112 kernel: [    6.295344] pcpu-alloc: [0] 152 153 154 155 156 157 158 159 
Jul 14 11:20:04 172.20.224.112 kernel: [    6.295350] pcpu-alloc: [0] 160 161 162 163 164 165 166 167 
Jul 14 11:20:04 172.20.224.112 kernel: [    6.295356] pcpu-alloc: [1] 056 057 058 059 060 061 062 063 
Jul 14 11:20:04 172.20.224.112 kernel: [    6.295362] pcpu-alloc: [1] 064 065 066 067 068 069 070 071 
Jul 14 11:20:04 172.20.224.112 kernel: [    6.295369] pcpu-alloc: [1] 072 073 074 075 076 077 078 079 
Jul 14 11:20:04 172.20.224.112 kernel: [    6.295375] pcpu-alloc: [1] 080 081 082 083 084 085 086 087 
Jul 14 11:20:04 172.20.224.112 kernel: [    6.295381] pcpu-alloc: [1] 088 089 090 091 092 093 094 095 
Jul 14 11:20:04 172.20.224.112 kernel: [    6.295387] pcpu-alloc: [1] 096 097 098 099 100 101 102 103 
Jul 14 11:20:04 172.20.224.112 kernel: [    6.295393] pcpu-alloc: [1] 104 105 106 107 108 109 110 111 
Jul 14 11:20:04 172.20.224.112 kernel: [    6.295399] pcpu-alloc: [1] 168 169 170 171 172 173 174 175 
Jul 14 11:20:04 172.20.224.112 kernel: [    6.295406] pcpu-alloc: [1] 176 177 178 179 180 181 182 183 
Jul 14 11:20:04 172.20.224.112 kernel: [    6.295412] pcpu-alloc: [1] 184 185 186 187 188 189 190 191 
Jul 14 11:20:04 172.20.224.112 kernel: [    6.295418] pcpu-alloc: [1] 192 193 194 195 196 197 198 199 
Jul 14 11:20:04 172.20.224.112 kernel: [    6.295424] pcpu-alloc: [1] 200 201 202 203 204 205 206 207 
Jul 14 11:20:04 172.20.224.112 kernel: [    6.295430] pcpu-alloc: [1] 208 209 210 211 212 213 214 215 
Jul 14 11:20:04 172.20.224.112 kernel: [    6.295436] pcpu-alloc: [1] 216 217 218 219 220 221 222 223 
Jul 14 11:20:04 172.20.224.112 kernel: [    6.295528] Built 2 zonelists, mobility grouping on.  Total pages: 528415268
Jul 14 11:20:04 172.20.224.112 kernel: [    6.295530] Policy zone: Normal
Jul 14 11:20:04 172.20.224.112 kernel: [    6.295533] Kernel command line: BOOT_IMAGE=(tftp)/category/vmlinuz.dgx-h200 nouveau.modeset=0 nvme_core.multipath=n console=tty0 rw BOOTIF=01-c4-70-bd-d9-66-e1 ip=172.20.224.112:172.20.224.14:0xac14e001:0xffffff00
Jul 14 11:20:04 172.20.224.112 kernel: [    6.295654] Unknown kernel command line parameters "BOOT_IMAGE=(tftp)/category/vmlinuz.dgx-h200 BOOTIF=01-c4-70-bd-d9-66-e1 ip=172.20.224.112:172.20.224.14:0xac14e001:0xffffff00", will be passed to user space.
Jul 14 11:20:04 172.20.224.112 kernel: [    6.295657] printk: log_buf_len individual max cpu contribution: 4096 bytes
Jul 14 11:20:04 172.20.224.112 kernel: [    6.295658] printk: log_buf_len total cpu_extra contributions: 913408 bytes
Jul 14 11:20:04 172.20.224.112 kernel: [    6.295660] printk: log_buf_len min size: 262144 bytes
Jul 14 11:20:04 172.20.224.112 kernel: [    6.297961] printk: log_buf_len: 2097152 bytes
Jul 14 11:20:04 172.20.224.112 kernel: [    6.297963] printk: early log buf free: 222360(84%)
Jul 14 11:20:04 172.20.224.112 kernel: [    6.305358] mem auto-init: stack:off, heap alloc:on, heap free:off
Jul 14 11:20:04 172.20.224.112 kernel: [   11.356893] Memory: 2113151124K/2147211904K available (16392K kernel code, 4400K rwdata, 11004K rodata, 3376K init, 18688K bss, 34060576K reserved, 0K cma-reserved)
Jul 14 11:20:04 172.20.224.112 kernel: [   11.359950] SLUB: HWalign=64, Order=0-3, MinObjects=0, CPUs=224, Nodes=2
Jul 14 11:20:04 172.20.224.112 kernel: [   11.360054] ftrace: allocating 50824 entries in 199 pages
Jul 14 11:20:04 172.20.224.112 kernel: [   11.394272] ftrace: allocated 199 pages with 5 groups
Jul 14 11:20:04 172.20.224.112 kernel: [   11.395586] rcu: Hierarchical RCU implementation.
Jul 14 11:20:04 172.20.224.112 kernel: [   11.395588] rcu: #011RCU restricting CPUs from NR_CPUS=8192 to nr_cpu_ids=224.
Jul 14 11:20:04 172.20.224.112 kernel: [   11.395590] #011Rude variant of Tasks RCU enabled.
Jul 14 11:20:04 172.20.224.112 kernel: [   11.395591] #011Tracing variant of Tasks RCU enabled.
Jul 14 11:20:04 172.20.224.112 kernel: [   11.395593] rcu: RCU calculated value of scheduler-enlistment delay is 25 jiffies.
Jul 14 11:20:04 172.20.224.112 kernel: [   11.395594] rcu: Adjusting geometry for rcu_fanout_leaf=16, nr_cpu_ids=224
Jul 14 11:20:04 172.20.224.112 kernel: [   11.401436] NR_IRQS: 524544, nr_irqs: 2216, preallocated irqs: 16
Jul 14 11:20:04 172.20.224.112 kernel: [   11.402170] random: crng init done
Jul 14 11:20:04 172.20.224.112 kernel: [   11.402636] Console: colour dummy device 80x25
Jul 14 11:20:04 172.20.224.112 kernel: [   11.403369] printk: console [tty0] enabled
Jul 14 11:20:04 172.20.224.112 kernel: [   11.403712] mempolicy: Enabling automatic NUMA balancing. Configure with numa_balancing= or the kernel.numa_balancing sysctl
Jul 14 11:20:04 172.20.224.112 kernel: [   11.403721] ACPI: Core revision 20210730
Jul 14 11:20:04 172.20.224.112 kernel: [   11.406199] clocksource: hpet: mask: 0xffffffff max_cycles: 0xffffffff, max_idle_ns: 76450417870 ns
Jul 14 11:20:04 172.20.224.112 kernel: [   11.406251] APIC: Switch to symmetric I/O mode setup
Jul 14 11:20:04 172.20.224.112 kernel: [   11.406255] DMAR: Host address width 52
Jul 14 11:20:04 172.20.224.112 kernel: [   11.406257] DMAR: DRHD base: 0x000000da7fc000 flags: 0x0
Jul 14 11:20:04 172.20.224.112 kernel: [   11.406265] DMAR: dmar0: reg_base_addr da7fc000 ver 6:0 cap 19ed008c40780c66 ecap 3ee9e86f050df
Jul 14 11:20:04 172.20.224.112 kernel: [   11.406270] DMAR: DRHD base: 0x000000ea7fc000 flags: 0x0
Jul 14 11:20:04 172.20.224.112 kernel: [   11.406275] DMAR: dmar1: reg_base_addr ea7fc000 ver 6:0 cap 19ed008c40780c66 ecap 3ee9e86f050df
Jul 14 11:20:04 172.20.224.112 kernel: [   11.406280] DMAR: DRHD base: 0x000000ef7fc000 flags: 0x0
Jul 14 11:20:04 172.20.224.112 kernel: [   11.406285] DMAR: dmar2: reg_base_addr ef7fc000 ver 6:0 cap 19ed008c40780c66 ecap 3ee9e86f050df
Jul 14 11:20:04 172.20.224.112 kernel: [   11.406289] DMAR: DRHD base: 0x000000f47fc000 flags: 0x0
Jul 14 11:20:04 172.20.224.112 kernel: [   11.406295] DMAR: dmar3: reg_base_addr f47fc000 ver 6:0 cap 19ed008c40780c66 ecap 3ee9e86f050df
Jul 14 11:20:04 172.20.224.112 kernel: [   11.406300] DMAR: DRHD base: 0x000000f97fc000 flags: 0x0
Jul 14 11:20:04 172.20.224.112 kernel: [   11.406304] DMAR: dmar4: reg_base_addr f97fc000 ver 6:0 cap 19ed008c40780c66 ecap 3ee9e86f050df
Jul 14 11:20:04 172.20.224.112 kernel: [   11.406308] DMAR: DRHD base: 0x000000d57fc000 flags: 0x0
Jul 14 11:20:04 172.20.224.112 kernel: [   11.406313] DMAR: dmar5: reg_base_addr d57fc000 ver 6:0 cap 19ed008c40780c66 ecap 3ee9e86f050df
Jul 14 11:20:04 172.20.224.112 kernel: [   11.406317] DMAR: DRHD base: 0x000000f9ffc000 flags: 0x0
Jul 14 11:20:04 172.20.224.112 kernel: [   11.406321] DMAR: dmar6: reg_base_addr f9ffc000 ver 6:0 cap 19ed008c40780c66 ecap 3ef9ea6f050df
Jul 14 11:20:04 172.20.224.112 kernel: [   11.406326] DMAR: DRHD base: 0x000000fa7fc000 flags: 0x0
Jul 14 11:20:04 172.20.224.112 kernel: [   11.406330] DMAR: dmar7: reg_base_addr fa7fc000 ver 6:0 cap 19ed008c40780c66 ecap 3ef9ea6f050df
Jul 14 11:20:04 172.20.224.112 kernel: [   11.406335] DMAR: DRHD base: 0x000000faffc000 flags: 0x0
Jul 14 11:20:04 172.20.224.112 kernel: [   11.406348] DMAR: dmar8: reg_base_addr faffc000 ver 6:0 cap 19ed008c40780c66 ecap 3ef9ea6f050df
Jul 14 11:20:04 172.20.224.112 kernel: [   11.406352] DMAR: DRHD base: 0x000000fb7fc000 flags: 0x0
Jul 14 11:20:04 172.20.224.112 kernel: [   11.406356] DMAR: dmar9: reg_base_addr fb7fc000 ver 6:0 cap 19ed008c40780c66 ecap 3ef9ea6f050df
Jul 14 11:20:04 172.20.224.112 kernel: [   11.406361] DMAR: DRHD base: 0x000000afffc000 flags: 0x0
Jul 14 11:20:04 172.20.224.112 kernel: [   11.406365] DMAR: dmar10: reg_base_addr afffc000 ver 6:0 cap 19ed008c40780c66 ecap 3ee9e86f050df
Jul 14 11:20:04 172.20.224.112 kernel: [   11.406369] DMAR: DRHD base: 0x000000bfffc000 flags: 0x0
Jul 14 11:20:04 172.20.224.112 kernel: [   11.406375] DMAR: dmar11: reg_base_addr bfffc000 ver 6:0 cap 19ed008c40780c66 ecap 3ee9e86f050df
Jul 14 11:20:04 172.20.224.112 kernel: [   11.406380] DMAR: DRHD base: 0x000000c4ffc000 flags: 0x0
Jul 14 11:20:04 172.20.224.112 kernel: [   11.406384] DMAR: dmar12: reg_base_addr c4ffc000 ver 6:0 cap 19ed008c40780c66 ecap 3ee9e86f050df
Jul 14 11:20:04 172.20.224.112 kernel: [   11.406388] DMAR: DRHD base: 0x000000c9ffc000 flags: 0x0
Jul 14 11:20:04 172.20.224.112 kernel: [   11.406392] DMAR: dmar13: reg_base_addr c9ffc000 ver 6:0 cap 19ed008c40780c66 ecap 3ee9e86f050df
Jul 14 11:20:04 172.20.224.112 kernel: [   11.406396] DMAR: DRHD base: 0x000000ceffc000 flags: 0x0
Jul 14 11:20:04 172.20.224.112 kernel: [   11.406400] DMAR: dmar14: reg_base_addr ceffc000 ver 6:0 cap 19ed008c40780c66 ecap 3ee9e86f050df
Jul 14 11:20:04 172.20.224.112 kernel: [   11.406405] DMAR: DRHD base: 0x000000cf7fc000 flags: 0x0
Jul 14 11:20:04 172.20.224.112 kernel: [   11.406409] DMAR: dmar15: reg_base_addr cf7fc000 ver 6:0 cap 19ed008c40780c66 ecap 3ef9ea6f050df
Jul 14 11:20:04 172.20.224.112 kernel: [   11.406413] DMAR: DRHD base: 0x000000cfffc000 flags: 0x0
Jul 14 11:20:04 172.20.224.112 kernel: [   11.406417] DMAR: dmar16: reg_base_addr cfffc000 ver 6:0 cap 19ed008c40780c66 ecap 3ef9ea6f050df
Jul 14 11:20:04 172.20.224.112 kernel: [   11.406422] DMAR: DRHD base: 0x000000d07fc000 flags: 0x0
Jul 14 11:20:04 172.20.224.112 kernel: [   11.406426] DMAR: dmar17: reg_base_addr d07fc000 ver 6:0 cap 19ed008c40780c66 ecap 3ef9ea6f050df
Jul 14 11:20:04 172.20.224.112 kernel: [   11.406430] DMAR: DRHD base: 0x000000d0ffc000 flags: 0x0
Jul 14 11:20:04 172.20.224.112 kernel: [   11.406434] DMAR: dmar18: reg_base_addr d0ffc000 ver 6:0 cap 19ed008c40780c66 ecap 3ef9ea6f050df
Jul 14 11:20:04 172.20.224.112 kernel: [   11.406438] DMAR: DRHD base: 0x000000aaffc000 flags: 0x1
Jul 14 11:20:04 172.20.224.112 kernel: [   11.406443] DMAR: dmar19: reg_base_addr aaffc000 ver 6:0 cap 19ed008c40780c66 ecap 3ee9e86f050df
Jul 14 11:20:04 172.20.224.112 kernel: [   11.406447] DMAR: RMRR base: 0x00000077290000 end: 0x000000772b2fff
Jul 14 11:20:04 172.20.224.112 kernel: [   11.406451] DMAR: RMRR base: 0x00000076f46000 end: 0x0000007718ffff
Jul 14 11:20:04 172.20.224.112 kernel: [   11.406453] DMAR: ATSR flags: 0x0
Jul 14 11:20:04 172.20.224.112 kernel: [   11.406456] DMAR: RHSA base: 0x000000aaffc000 proximity domain: 0x0
Jul 14 11:20:04 172.20.224.112 kernel: [   11.406459] DMAR: RHSA base: 0x000000afffc000 proximity domain: 0x0
Jul 14 11:20:04 172.20.224.112 kernel: [   11.406461] DMAR: RHSA base: 0x000000bfffc000 proximity domain: 0x0
Jul 14 11:20:04 172.20.224.112 kernel: [   11.406463] DMAR: RHSA base: 0x000000c4ffc000 proximity domain: 0x0
Jul 14 11:20:04 172.20.224.112 kernel: [   11.406465] DMAR: RHSA base: 0x000000c9ffc000 proximity domain: 0x0
Jul 14 11:20:04 172.20.224.112 kernel: [   11.406468] DMAR: RHSA base: 0x000000ceffc000 proximity domain: 0x0
Jul 14 11:20:04 172.20.224.112 kernel: [   11.406470] DMAR: RHSA base: 0x000000cf7fc000 proximity domain: 0x0
Jul 14 11:20:04 172.20.224.112 kernel: [   11.406472] DMAR: RHSA base: 0x000000cfffc000 proximity domain: 0x0
Jul 14 11:20:04 172.20.224.112 kernel: [   11.406474] DMAR: RHSA base: 0x000000d07fc000 proximity domain: 0x0
Jul 14 11:20:04 172.20.224.112 kernel: [   11.406476] DMAR: RHSA base: 0x000000d0ffc000 proximity domain: 0x0
Jul 14 11:20:04 172.20.224.112 kernel: [   11.406478] DMAR: RHSA base: 0x000000da7fc000 proximity domain: 0x1
Jul 14 11:20:04 172.20.224.112 kernel: [   11.406481] DMAR: RHSA base: 0x000000ea7fc000 proximity domain: 0x1
Jul 14 11:20:04 172.20.224.112 kernel: [   11.406483] DMAR: RHSA base: 0x000000ef7fc000 proximity domain: 0x1
Jul 14 11:20:04 172.20.224.112 kernel: [   11.406485] DMAR: RHSA base: 0x000000f47fc000 proximity domain: 0x1
Jul 14 11:20:04 172.20.224.112 kernel: [   11.406487] DMAR: RHSA base: 0x000000f97fc000 proximity domain: 0x1
Jul 14 11:20:04 172.20.224.112 kernel: [   11.406490] DMAR: RHSA base: 0x000000d57fc000 proximity domain: 0x1
Jul 14 11:20:04 172.20.224.112 kernel: [   11.406492] DMAR: RHSA base: 0x000000f9ffc000 proximity domain: 0x1
Jul 14 11:20:04 172.20.224.112 kernel: [   11.406494] DMAR: RHSA base: 0x000000fa7fc000 proximity domain: 0x1
Jul 14 11:20:04 172.20.224.112 kernel: [   11.406496] DMAR: RHSA base: 0x000000faffc000 proximity domain: 0x1
Jul 14 11:20:04 172.20.224.112 kernel: [   11.406498] DMAR: RHSA base: 0x000000fb7fc000 proximity domain: 0x1
Jul 14 11:20:04 172.20.224.112 kernel: [   11.406500] DMAR: SATC flags: 0x0
Jul 14 11:20:04 172.20.224.112 kernel: [   11.406504] DMAR-IR: IOAPIC id 8 under DRHD base  0xaaffc000 IOMMU 19
Jul 14 11:20:04 172.20.224.112 kernel: [   11.406507] DMAR-IR: HPET id 0 under DRHD base 0xaaffc000
Jul 14 11:20:04 172.20.224.112 kernel: [   11.406510] DMAR-IR: Queued invalidation will be enabled to support x2apic and Intr-remapping.
Jul 14 11:20:04 172.20.224.112 kernel: [   11.413034] DMAR-IR: Enabled IRQ remapping in x2apic mode
Jul 14 11:20:04 172.20.224.112 kernel: [   11.414279] ..TIMER: vector=0x30 apic1=0 pin1=2 apic2=-1 pin2=-1
Jul 14 11:20:04 172.20.224.112 kernel: [   11.434243] clocksource: tsc-early: mask: 0xffffffffffffffff max_cycles: 0x39a85c9bff6, max_idle_ns: 881590591483 ns
Jul 14 11:20:04 172.20.224.112 kernel: [   11.434252] Calibrating delay loop (skipped), value calculated using timer frequency.. 4000.00 BogoMIPS (lpj=8000000)
Jul 14 11:20:04 172.20.224.112 kernel: [   11.434327] x86/cpu: SGX disabled by BIOS.
Jul 14 11:20:04 172.20.224.112 kernel: [   11.434336] CPU0: Thermal monitoring enabled (TM1)
Jul 14 11:20:04 172.20.224.112 kernel: [   11.434340] x86/cpu: User Mode Instruction Prevention (UMIP) activated
Jul 14 11:20:04 172.20.224.112 kernel: [   11.434753] process: using mwait in idle threads
Jul 14 11:20:04 172.20.224.112 kernel: [   11.434758] Last level iTLB entries: 4KB 0, 2MB 0, 4MB 0
Jul 14 11:20:04 172.20.224.112 kernel: [   11.434760] Last level dTLB entries: 4KB 0, 2MB 0, 4MB 0, 1GB 0
Jul 14 11:20:04 172.20.224.112 kernel: [   11.434767] Spectre V1 : Mitigation: usercopy/swapgs barriers and __user pointer sanitization
Jul 14 11:20:04 172.20.224.112 kernel: [   11.434772] Spectre V2 : Mitigation: Enhanced / Automatic IBRS
Jul 14 11:20:04 172.20.224.112 kernel: [   11.434775] Spectre V2 : Spectre v2 / SpectreRSB mitigation: Filling RSB on context switch
Jul 14 11:20:04 172.20.224.112 kernel: [   11.434778] Spectre V2 : Spectre v2 / PBRSB-eIBRS: Retire a single CALL on VMEXIT
Jul 14 11:20:04 172.20.224.112 kernel: [   11.434781] Spectre V2 : mitigation: Enabling conditional Indirect Branch Prediction Barrier
Jul 14 11:20:04 172.20.224.112 kernel: [   11.434785] Speculative Store Bypass: Mitigation: Speculative Store Bypass disabled via prctl and seccomp
Jul 14 11:20:04 172.20.224.112 kernel: [   11.434844] x86/fpu: Supporting XSAVE feature 0x001: 'x87 floating point registers'
Jul 14 11:20:04 172.20.224.112 kernel: [   11.434847] x86/fpu: Supporting XSAVE feature 0x002: 'SSE registers'
Jul 14 11:20:04 172.20.224.112 kernel: [   11.434850] x86/fpu: Supporting XSAVE feature 0x004: 'AVX registers'
Jul 14 11:20:04 172.20.224.112 kernel: [   11.434852] x86/fpu: Supporting XSAVE feature 0x020: 'AVX-512 opmask'
Jul 14 11:20:04 172.20.224.112 kernel: [   11.434855] x86/fpu: Supporting XSAVE feature 0x040: 'AVX-512 Hi256'
Jul 14 11:20:04 172.20.224.112 kernel: [   11.434857] x86/fpu: Supporting XSAVE feature 0x080: 'AVX-512 ZMM_Hi256'
Jul 14 11:20:04 172.20.224.112 kernel: [   11.434859] x86/fpu: Supporting XSAVE feature 0x200: 'Protection Keys User registers'
Jul 14 11:20:04 172.20.224.112 kernel: [   11.434862] x86/fpu: Supporting XSAVE feature 0x400: 'PASID state'
Jul 14 11:20:04 172.20.224.112 kernel: [   11.434865] x86/fpu: Supporting XSAVE feature 0x20000: 'AMX Tile config'
Jul 14 11:20:04 172.20.224.112 kernel: [   11.434867] x86/fpu: Supporting XSAVE feature 0x40000: 'AMX Tile data'
Jul 14 11:20:04 172.20.224.112 kernel: [   11.434879] x86/fpu: xstate_offset[2]:  576, xstate_sizes[2]:  256
Jul 14 11:20:04 172.20.224.112 kernel: [   11.434882] x86/fpu: xstate_offset[5]:  832, xstate_sizes[5]:   64
Jul 14 11:20:04 172.20.224.112 kernel: [   11.434885] x86/fpu: xstate_offset[6]:  896, xstate_sizes[6]:  512
Jul 14 11:20:04 172.20.224.112 kernel: [   11.434887] x86/fpu: xstate_offset[7]: 1408, xstate_sizes[7]: 1024
Jul 14 11:20:04 172.20.224.112 kernel: [   11.434890] x86/fpu: xstate_offset[9]: 2432, xstate_sizes[9]:    8
Jul 14 11:20:04 172.20.224.112 kernel: [   11.434892] x86/fpu: xstate_offset[10]: 2440, xstate_sizes[10]:    8
Jul 14 11:20:04 172.20.224.112 kernel: [   11.434895] x86/fpu: xstate_offset[17]: 2496, xstate_sizes[17]:   64
Jul 14 11:20:04 172.20.224.112 kernel: [   11.434897] x86/fpu: xstate_offset[18]: 2560, xstate_sizes[18]: 8192
Jul 14 11:20:04 172.20.224.112 kernel: [   11.434899] x86/fpu: Enabled xstate features 0x606e7, context size is 10752 bytes, using 'compacted' format.
Jul 14 11:20:04 172.20.224.112 kernel: [   11.458163] Freeing SMP alternatives memory: 44K
Jul 14 11:20:04 172.20.224.112 kernel: [   11.458169] pid_max: default: 229376 minimum: 1792
Jul 14 11:20:04 172.20.224.112 kernel: [   11.465281] LSM: Security Framework initializing
Jul 14 11:20:04 172.20.224.112 kernel: [   11.465315] landlock: Up and running.
Jul 14 11:20:04 172.20.224.112 kernel: [   11.465317] Yama: becoming mindful.
Jul 14 11:20:04 172.20.224.112 kernel: [   11.465374] AppArmor: AppArmor initialized
Jul 14 11:20:04 172.20.224.112 kernel: [   11.515239] Dentry cache hash table entries: 33554432 (order: 16, 268435456 bytes, vmalloc)
Jul 14 11:20:04 172.20.224.112 kernel: [   11.540087] Inode-cache hash table entries: 16777216 (order: 15, 134217728 bytes, vmalloc)
Jul 14 11:20:04 172.20.224.112 kernel: [   11.541015] Mount-cache hash table entries: 524288 (order: 10, 4194304 bytes, vmalloc)
Jul 14 11:20:04 172.20.224.112 kernel: [   11.541791] Mountpoint-cache hash table entries: 524288 (order: 10, 4194304 bytes, vmalloc)
Jul 14 11:20:04 172.20.224.112 kernel: [   11.543085] smpboot: Estimated ratio of average max frequency by base frequency (times 1024): 1587
Jul 14 11:20:04 172.20.224.112 kernel: [   11.543110] smpboot: CPU0: Intel(R) Xeon(R) Platinum 8480C (family: 0x6, model: 0x8f, stepping: 0x8)
Jul 14 11:20:04 172.20.224.112 kernel: [   11.543474] Performance Events: XSAVE Architectural LBR, PEBS fmt4+-baseline,  AnyThread deprecated, Sapphire Rapids events, 32-deep LBR, full-width counters, Intel PMU driver.
Jul 14 11:20:04 172.20.224.112 kernel: [   11.543517] ... version:                5
Jul 14 11:20:04 172.20.224.112 kernel: [   11.543519] ... bit width:              48
Jul 14 11:20:04 172.20.224.112 kernel: [   11.543520] ... generic registers:      8
Jul 14 11:20:04 172.20.224.112 kernel: [   11.543521] ... value mask:             0000ffffffffffff
Jul 14 11:20:04 172.20.224.112 kernel: [   11.543523] ... max period:             00007fffffffffff
Jul 14 11:20:04 172.20.224.112 kernel: [   11.543525] ... fixed-purpose events:   4
Jul 14 11:20:04 172.20.224.112 kernel: [   11.543526] ... event mask:             0001000f000000ff
Jul 14 11:20:04 172.20.224.112 kernel: [   11.543730] signal: max sigframe size: 11952
Jul 14 11:20:04 172.20.224.112 kernel: [   11.543755] rcu: Hierarchical SRCU implementation.
Jul 14 11:20:04 172.20.224.112 kernel: [   11.559299] NMI watchdog: Enabled. Permanently consumes one hw-PMU counter.
Jul 14 11:20:04 172.20.224.112 kernel: [   11.561581] smp: Bringing up secondary CPUs ...
Jul 14 11:20:04 172.20.224.112 kernel: [   11.561711] x86: Booting SMP configuration:
Jul 14 11:20:04 172.20.224.112 kernel: [   11.561713] .... node  #0, CPUs:          #1   #2   #3   #4   #5   #6   #7   #8   #9  #10  #11  #12  #13  #14  #15  #16  #17  #18  #19  #20  #21  #22  #23  #24  #25  #26  #27  #28  #29  #30  #31  #32  #33  #34  #35  #36  #37  #38  #39  #40  #41  #42  #43  #44  #45  #46  #47  #48  #49  #50  #51  #52  #53  #54  #55
Jul 14 11:20:04 172.20.224.112 kernel: [   13.024516] .... node  #1, CPUs:    #56
Jul 14 11:20:04 172.20.224.112 kernel: [    0.008089] smpboot: CPU 56 Converting physical 0 to logical die 1
Jul 14 11:20:04 172.20.224.112 kernel: [   13.086452]   #57  #58  #59  #60  #61  #62  #63  #64  #65  #66  #67  #68  #69  #70  #71  #72  #73  #74  #75  #76  #77  #78  #79  #80  #81  #82  #83  #84  #85  #86  #87  #88  #89  #90  #91  #92  #93  #94  #95  #96  #97  #98  #99 #100 #101 #102 #103 #104 #105 #106 #107 #108 #109 #110 #111
Jul 14 11:20:04 172.20.224.112 kernel: [   14.544908] .... node  #0, CPUs:   #112 #113 #114 #115 #116 #117 #118 #119 #120 #121 #122 #123 #124 #125 #126 #127 #128 #129 #130 #131 #132 #133 #134 #135 #136 #137 #138 #139 #140 #141 #142 #143 #144 #145 #146 #147 #148 #149 #150 #151 #152 #153 #154 #155 #156 #157 #158 #159 #160 #161 #162 #163 #164 #165 #166 #167
Jul 14 11:20:04 172.20.224.112 kernel: [   16.019965] .... node  #1, CPUs:   #168 #169 #170 #171 #172 #173 #174 #175 #176 #177 #178 #179 #180 #181 #182 #183 #184 #185 #186 #187 #188 #189 #190 #191 #192 #193 #194 #195 #196 #197 #198 #199 #200 #201 #202 #203 #204 #205 #206 #207 #208 #209 #210 #211 #212 #213 #214 #215 #216 #217 #218 #219 #220 #221 #222 #223
Jul 14 11:20:04 172.20.224.112 kernel: [   17.515043] smp: Brought up 2 nodes, 224 CPUs
Jul 14 11:20:04 172.20.224.112 kernel: [   17.515043] smpboot: Max logical packages: 2
Jul 14 11:20:04 172.20.224.112 kernel: [   17.515043] smpboot: Total of 224 processors activated (894365.69 BogoMIPS)
Jul 14 11:20:04 172.20.224.112 kernel: [   17.632914] devtmpfs: initialized
Jul 14 11:20:04 172.20.224.112 kernel: [   17.632914] x86/mm: Memory block size: 2048MB
Jul 14 11:20:04 172.20.224.112 kernel: [   17.640193] ACPI: PM: Registering ACPI NVS region [mem 0x72103000-0x7530efff] (52477952 bytes)
Jul 14 11:20:04 172.20.224.112 kernel: [   17.640193] clocksource: jiffies: mask: 0xffffffff max_cycles: 0xffffffff, max_idle_ns: 7645041785100000 ns
Jul 14 11:20:04 172.20.224.112 kernel: [   17.640193] futex hash table entries: 65536 (order: 10, 4194304 bytes, vmalloc)
Jul 14 11:20:04 172.20.224.112 kernel: [   17.642486] pinctrl core: initialized pinctrl subsystem
Jul 14 11:20:04 172.20.224.112 kernel: [   17.642686] PM: RTC time: 02:19:42, date: 2025-07-14
Jul 14 11:20:04 172.20.224.112 kernel: [   17.643120] NET: Registered PF_NETLINK/PF_ROUTE protocol family
Jul 14 11:20:04 172.20.224.112 kernel: [   17.643797] DMA: preallocated 4096 KiB GFP_KERNEL pool for atomic allocations
Jul 14 11:20:04 172.20.224.112 kernel: [   17.644322] DMA: preallocated 4096 KiB GFP_KERNEL|GFP_DMA pool for atomic allocations
Jul 14 11:20:04 172.20.224.112 kernel: [   17.644840] DMA: preallocated 4096 KiB GFP_KERNEL|GFP_DMA32 pool for atomic allocations
Jul 14 11:20:04 172.20.224.112 kernel: [   17.644852] audit: initializing netlink subsys (disabled)
Jul 14 11:20:04 172.20.224.112 kernel: [   17.644859] audit: type=2000 audit(1752459581.236:1): state=initialized audit_enabled=0 res=1
Jul 14 11:20:04 172.20.224.112 kernel: [   17.644859] thermal_sys: Registered thermal governor 'fair_share'
Jul 14 11:20:04 172.20.224.112 kernel: [   17.644859] thermal_sys: Registered thermal governor 'bang_bang'
Jul 14 11:20:04 172.20.224.112 kernel: [   17.644859] thermal_sys: Registered thermal governor 'step_wise'
Jul 14 11:20:04 172.20.224.112 kernel: [   17.644859] thermal_sys: Registered thermal governor 'user_space'
Jul 14 11:20:04 172.20.224.112 kernel: [   17.644859] thermal_sys: Registered thermal governor 'power_allocator'
Jul 14 11:20:04 172.20.224.112 kernel: [   17.644859] EISA bus registered
Jul 14 11:20:04 172.20.224.112 kernel: [   17.644859] cpuidle: using governor ladder
Jul 14 11:20:04 172.20.224.112 kernel: [   17.644859] cpuidle: using governor menu
Jul 14 11:20:04 172.20.224.112 kernel: [   17.646413] ACPI FADT declares the system doesn't support PCIe ASPM, so disable it
Jul 14 11:20:04 172.20.224.112 kernel: [   17.646415] ACPI: bus type PCI registered
Jul 14 11:20:04 172.20.224.112 kernel: [   17.646418] acpiphp: ACPI Hot Plug PCI Controller Driver version: 0.5
Jul 14 11:20:04 172.20.224.112 kernel: [   17.646670] PCI: MMCONFIG for domain 0000 [bus 00-ff] at [mem 0x80000000-0x8fffffff] (base 0x80000000)
Jul 14 11:20:04 172.20.224.112 kernel: [   17.646678] PCI: MMCONFIG at [mem 0x80000000-0x8fffffff] reserved in E820
Jul 14 11:20:04 172.20.224.112 kernel: [   17.646687] pmd_set_huge: Cannot satisfy [mem 0x80000000-0x80200000] with a huge-page mapping due to MTRR override.
Jul 14 11:20:04 172.20.224.112 kernel: [   17.647054] PCI: Using configuration type 1 for base access
Jul 14 11:20:04 172.20.224.112 kernel: [   17.654311] ENERGY_PERF_BIAS: Set to 'normal', was 'performance'
Jul 14 11:20:04 172.20.224.112 kernel: [   17.659573] kprobes: kprobe jump-optimization is enabled. All kprobes are optimized if possible.
Jul 14 11:20:04 172.20.224.112 kernel: [   17.662343] HugeTLB registered 1.00 GiB page size, pre-allocated 0 pages
Jul 14 11:20:04 172.20.224.112 kernel: [   17.662343] HugeTLB registered 2.00 MiB page size, pre-allocated 0 pages
Jul 14 11:20:04 172.20.224.112 kernel: [   17.662944] fbcon: Taking over console
Jul 14 11:20:04 172.20.224.112 kernel: [   17.666340] ACPI: Added _OSI(Module Device)
Jul 14 11:20:04 172.20.224.112 kernel: [   17.666343] ACPI: Added _OSI(Processor Device)
Jul 14 11:20:04 172.20.224.112 kernel: [   17.666345] ACPI: Added _OSI(3.0 _SCP Extensions)
Jul 14 11:20:04 172.20.224.112 kernel: [   17.666346] ACPI: Added _OSI(Processor Aggregator Device)
Jul 14 11:20:04 172.20.224.112 kernel: [   17.666349] ACPI: Added _OSI(Linux-Dell-Video)
Jul 14 11:20:04 172.20.224.112 kernel: [   17.666350] ACPI: Added _OSI(Linux-Lenovo-NV-HDMI-Audio)
Jul 14 11:20:04 172.20.224.112 kernel: [   17.666352] ACPI: Added _OSI(Linux-HPI-Hybrid-Graphics)
Jul 14 11:20:04 172.20.224.112 kernel: [   17.959569] ACPI: 5 ACPI AML tables successfully acquired and loaded
Jul 14 11:20:04 172.20.224.112 kernel: [   17.980071] ACPI: \_SB_.SCK0.C000: _OSC native thermal LVT Acked
Jul 14 11:20:04 172.20.224.112 kernel: [   17.981514] ACPI: Dynamic OEM Table Load:
Jul 14 11:20:04 172.20.224.112 kernel: [   18.220037] ACPI: Dynamic OEM Table Load:
Jul 14 11:20:04 172.20.224.112 kernel: [   18.262203] ACPI: Dynamic OEM Table Load:
Jul 14 11:20:04 172.20.224.112 kernel: [   18.786441] ACPI: Interpreter enabled
Jul 14 11:20:04 172.20.224.112 kernel: [   18.786485] ACPI: PM: (supports S0 S5)
Jul 14 11:20:04 172.20.224.112 kernel: [   18.786487] ACPI: Using IOAPIC for interrupt routing
Jul 14 11:20:04 172.20.224.112 kernel: [   18.786584] HEST: Table parsing has been initialized.
Jul 14 11:20:04 172.20.224.112 kernel: [   18.786728] GHES: APEI firmware first mode is enabled by APEI bit and WHEA _OSC.
Jul 14 11:20:04 172.20.224.112 kernel: [   18.786732] PCI: Using host bridge windows from ACPI; if necessary, use "pci=nocrs" and report a bug
Jul 14 11:20:04 172.20.224.112 kernel: [   18.786735] PCI: Using E820 reservations for host bridge windows
Jul 14 11:20:04 172.20.224.112 kernel: [   18.829360] ACPI: Enabled 1 GPEs in block 00 to 7F
Jul 14 11:20:04 172.20.224.112 kernel: [   19.062111] ACPI: PCI Root Bridge [PC00] (domain 0000 [bus 00-14])
Jul 14 11:20:04 172.20.224.112 kernel: [   19.062122] acpi PNP0A08:00: _OSC: OS supports [ExtendedConfig ASPM ClockPM Segments MSI EDR HPX-Type3]
Jul 14 11:20:04 172.20.224.112 kernel: [   19.064305] acpi PNP0A08:00: _OSC: platform does not support [SHPCHotplug AER LTR DPC]
Jul 14 11:20:04 172.20.224.112 kernel: [   19.064528] acpi PNP0A08:00: _OSC: OS now controls [PCIeHotplug PME PCIeCapability]
Jul 14 11:20:04 172.20.224.112 kernel: [   19.064531] acpi PNP0A08:00: FADT indicates ASPM is unsupported, using BIOS configuration
Jul 14 11:20:04 172.20.224.112 kernel: [   19.065156] PCI host bridge to bus 0000:00
Jul 14 11:20:04 172.20.224.112 kernel: [   19.065161] pci_bus 0000:00: root bus resource [bus 00-14]
Jul 14 11:20:04 172.20.224.112 kernel: [   19.065164] pci_bus 0000:00: root bus resource [io  0x0000-0x0cf7 window]
Jul 14 11:20:04 172.20.224.112 kernel: [   19.065167] pci_bus 0000:00: root bus resource [io  0x1000-0x3fff window]
Jul 14 11:20:04 172.20.224.112 kernel: [   19.065169] pci_bus 0000:00: root bus resource [mem 0x000a0000-0x000bffff window]
Jul 14 11:20:04 172.20.224.112 kernel: [   19.065172] pci_bus 0000:00: root bus resource [mem 0x000c8000-0x000cffff window]
Jul 14 11:20:04 172.20.224.112 kernel: [   19.065174] pci_bus 0000:00: root bus resource [mem 0x90040000-0xaaffffff window]
Jul 14 11:20:04 172.20.224.112 kernel: [   19.065176] pci_bus 0000:00: root bus resource [mem 0xfe010000-0xfe010fff window]
Jul 14 11:20:04 172.20.224.112 kernel: [   19.065179] pci_bus 0000:00: root bus resource [mem 0x200000000000-0x20ffffffffff window]
Jul 14 11:20:04 172.20.224.112 kernel: [   19.065285] pci 0000:00:00.0: [8086:09a2] type 00 class 0x088000
Jul 14 11:20:04 172.20.224.112 kernel: [   19.065561] pci 0000:00:00.1: [8086:09a4] type 00 class 0x088000
Jul 14 11:20:04 172.20.224.112 kernel: [   19.065820] pci 0000:00:00.2: [8086:09a3] type 00 class 0x088000
Jul 14 11:20:04 172.20.224.112 kernel: [   19.066167] pci 0000:00:00.4: [8086:0b23] type 00 class 0x080700
Jul 14 11:20:04 172.20.224.112 kernel: [   19.066501] pci 0000:00:08.0: [8086:1bb8] type 01 class 0x060400
Jul 14 11:20:04 172.20.224.112 kernel: [   19.066522] pci 0000:00:08.0: reg 0x10: [mem 0x20ffff980000-0x20ffff99ffff 64bit]
Jul 14 11:20:04 172.20.224.112 kernel: [   19.066548] pci 0000:00:08.0: enabling Extended Tags
Jul 14 11:20:04 172.20.224.112 kernel: [   19.066616] pci 0000:00:08.0: PME# supported from D0 D3hot D3cold
Jul 14 11:20:04 172.20.224.112 kernel: [   19.066655] pci 0000:00:08.0: PTM enabled (root), 2ns granularity
Jul 14 11:20:04 172.20.224.112 kernel: [   19.067473] pci 0000:00:0a.0: [8086:1bba] type 01 class 0x060400
Jul 14 11:20:04 172.20.224.112 kernel: [   19.067494] pci 0000:00:0a.0: reg 0x10: [mem 0x20ffff960000-0x20ffff97ffff 64bit]
Jul 14 11:20:04 172.20.224.112 kernel: [   19.067519] pci 0000:00:0a.0: enabling Extended Tags
Jul 14 11:20:04 172.20.224.112 kernel: [   19.067585] pci 0000:00:0a.0: PME# supported from D0 D3hot D3cold
Jul 14 11:20:04 172.20.224.112 kernel: [   19.067623] pci 0000:00:0a.0: PTM enabled (root), 2ns granularity
Jul 14 11:20:04 172.20.224.112 kernel: [   19.068421] pci 0000:00:0c.0: [8086:1bbc] type 01 class 0x060400
Jul 14 11:20:04 172.20.224.112 kernel: [   19.068442] pci 0000:00:0c.0: reg 0x10: [mem 0x20ffff940000-0x20ffff95ffff 64bit]
Jul 14 11:20:04 172.20.224.112 kernel: [   19.068469] pci 0000:00:0c.0: enabling Extended Tags
Jul 14 11:20:04 172.20.224.112 kernel: [   19.068537] pci 0000:00:0c.0: PME# supported from D0 D3hot D3cold
Jul 14 11:20:04 172.20.224.112 kernel: [   19.068577] pci 0000:00:0c.0: PTM enabled (root), 2ns granularity
Jul 14 11:20:04 172.20.224.112 kernel: [   19.069391] pci 0000:00:0d.0: [8086:1bbd] type 01 class 0x060400
Jul 14 11:20:04 172.20.224.112 kernel: [   19.069413] pci 0000:00:0d.0: reg 0x10: [mem 0x20ffff920000-0x20ffff93ffff 64bit]
Jul 14 11:20:04 172.20.224.112 kernel: [   19.069439] pci 0000:00:0d.0: enabling Extended Tags
Jul 14 11:20:04 172.20.224.112 kernel: [   19.069508] pci 0000:00:0d.0: PME# supported from D0 D3hot D3cold
Jul 14 11:20:04 172.20.224.112 kernel: [   19.069548] pci 0000:00:0d.0: PTM enabled (root), 2ns granularity
Jul 14 11:20:04 172.20.224.112 kernel: [   19.070352] pci 0000:00:10.0: [8086:1bb0] type 01 class 0x060400
Jul 14 11:20:04 172.20.224.112 kernel: [   19.070373] pci 0000:00:10.0: reg 0x10: [mem 0x20ffff900000-0x20ffff91ffff 64bit]
Jul 14 11:20:04 172.20.224.112 kernel: [   19.070399] pci 0000:00:10.0: enabling Extended Tags
Jul 14 11:20:04 172.20.224.112 kernel: [   19.070467] pci 0000:00:10.0: PME# supported from D0 D3hot D3cold
Jul 14 11:20:04 172.20.224.112 kernel: [   19.070506] pci 0000:00:10.0: PTM enabled (root), 2ns granularity
Jul 14 11:20:04 172.20.224.112 kernel: [   19.071320] pci 0000:00:14.0: [8086:1bcd] type 00 class 0x0c0330
Jul 14 11:20:04 172.20.224.112 kernel: [   19.071342] pci 0000:00:14.0: reg 0x10: [mem 0x20ffff9a0000-0x20ffff9affff 64bit]
Jul 14 11:20:04 172.20.224.112 kernel: [   19.071426] pci 0000:00:14.0: PME# supported from D3hot D3cold
Jul 14 11:20:04 172.20.224.112 kernel: [   19.071851] pci 0000:00:14.2: [8086:1bce] type 00 class 0x050000
Jul 14 11:20:04 172.20.224.112 kernel: [   19.071874] pci 0000:00:14.2: reg 0x10: [mem 0x20ffff9b0000-0x20ffff9b3fff 64bit]
Jul 14 11:20:04 172.20.224.112 kernel: [   19.071889] pci 0000:00:14.2: reg 0x18: [mem 0x20ffff9b6000-0x20ffff9b6fff 64bit]
Jul 14 11:20:04 172.20.224.112 kernel: [   19.072171] pci 0000:00:14.4: [8086:1bfe] type 00 class 0x060000
Jul 14 11:20:04 172.20.224.112 kernel: [   19.072510] pci 0000:00:15.0: [8086:1bff] type 00 class 0x088000
Jul 14 11:20:04 172.20.224.112 kernel: [   19.072535] pci 0000:00:15.0: reg 0x10: [mem 0x20ffff9b5000-0x20ffff9b53ff 64bit]
Jul 14 11:20:04 172.20.224.112 kernel: [   19.072968] pci 0000:00:16.0: [8086:1be0] type 00 class 0x078000
Jul 14 11:20:04 172.20.224.112 kernel: [   19.072999] pci 0000:00:16.0: reg 0x10: [mem 0x20ffff9b4000-0x20ffff9b4fff 64bit]
Jul 14 11:20:04 172.20.224.112 kernel: [   19.073102] pci 0000:00:16.0: PME# supported from D3hot
Jul 14 11:20:04 172.20.224.112 kernel: [   19.073373] pci 0000:00:1f.0: [8086:1b81] type 00 class 0x060100
Jul 14 11:20:04 172.20.224.112 kernel: [   19.073773] pci 0000:00:1f.4: [8086:1bc9] type 00 class 0x0c0500
Jul 14 11:20:04 172.20.224.112 kernel: [   19.073804] pci 0000:00:1f.4: reg 0x10: [mem 0x00000000-0x000000ff 64bit]
Jul 14 11:20:04 172.20.224.112 kernel: [   19.073839] pci 0000:00:1f.4: reg 0x20: [io  0x0780-0x079f]
Jul 14 11:20:04 172.20.224.112 kernel: [   19.074164] pci 0000:00:1f.5: [8086:1bca] type 00 class 0x0c8000
Jul 14 11:20:04 172.20.224.112 kernel: [   19.074186] pci 0000:00:1f.5: reg 0x10: [mem 0xfe010000-0xfe010fff]
Jul 14 11:20:04 172.20.224.112 kernel: [   19.074200] pci 0000:00:1f.5: reg 0x14: [mem 0x9e000000-0x9fffffff]
Jul 14 11:20:04 172.20.224.112 kernel: [   19.074407] pci 0000:00:1f.7: [8086:1bcc] type 00 class 0x130000
Jul 14 11:20:04 172.20.224.112 kernel: [   19.074430] pci 0000:00:1f.7: reg 0x10: [mem 0x20ffff800000-0x20ffff8fffff 64bit]
Jul 14 11:20:04 172.20.224.112 kernel: [   19.074444] pci 0000:00:1f.7: reg 0x18: [mem 0x20ffff000000-0x20ffff7fffff 64bit]
Jul 14 11:20:04 172.20.224.112 kernel: [   19.074677] pci 0000:01:00.0: [1344:51c3] type 00 class 0x010802
Jul 14 11:20:04 172.20.224.112 kernel: [   19.074703] pci 0000:01:00.0: reg 0x10: [mem 0xa9540000-0xa957ffff 64bit]
Jul 14 11:20:04 172.20.224.112 kernel: [   19.074751] pci 0000:01:00.0: reg 0x30: [mem 0xa9500000-0xa953ffff pref]
Jul 14 11:20:04 172.20.224.112 kernel: [   19.074836] pci 0000:01:00.0: PME# supported from D0 D1 D3hot
