Jul 14 11:20:03 172.20.224.101 kernel: [    0.000000] Linux version 5.15.0-1076-nvidia (buildd@lcy02-amd64-026) (gcc (Ubuntu 11.4.0-1ubuntu1~22.04) 11.4.0, GNU ld (GNU Binutils for Ubuntu) 2.38) #77-Ubuntu SMP Tue Mar 25 23:43:36 UTC 2025 (Ubuntu 5.15.0-1076.77-nvidia 5.15.178)
Jul 14 11:20:03 172.20.224.101 kernel: [    0.000000] Command line: BOOT_IMAGE=(tftp)/category/vmlinuz.dgx-h200 nouveau.modeset=0 nvme_core.multipath=n console=tty0 rw BOOTIF=01-c4-70-bd-d9-73-31 ip=172.20.224.101:172.20.224.14:0xac14e001:0xffffff00
Jul 14 11:20:03 172.20.224.101 kernel: [    0.000000] KERNEL supported cpus:
Jul 14 11:20:03 172.20.224.101 kernel: [    0.000000]   Intel GenuineIntel
Jul 14 11:20:03 172.20.224.101 kernel: [    0.000000]   AMD AuthenticAMD
Jul 14 11:20:03 172.20.224.101 kernel: [    0.000000]   Hygon HygonGenuine
Jul 14 11:20:03 172.20.224.101 kernel: [    0.000000]   Centaur CentaurHauls
Jul 14 11:20:03 172.20.224.101 kernel: [    0.000000]   zhaoxin   Shanghai  
Jul 14 11:20:03 172.20.224.101 kernel: [    0.000000] x86/tme: not enabled by BIOS
Jul 14 11:20:03 172.20.224.101 kernel: [    0.000000] x86/split lock detection: #AC: crashing the kernel on kernel split_locks and warning on user-space split_locks
Jul 14 11:20:03 172.20.224.101 kernel: [    0.000000] BIOS-provided physical RAM map:
Jul 14 11:20:03 172.20.224.101 kernel: [    0.000000] BIOS-e820: [mem 0x0000000000000000-0x000000000009ffff] usable
Jul 14 11:20:03 172.20.224.101 kernel: [    0.000000] BIOS-e820: [mem 0x00000000000a0000-0x00000000000fffff] reserved
Jul 14 11:20:03 172.20.224.101 kernel: [    0.000000] BIOS-e820: [mem 0x0000000000100000-0x000000006868cfff] usable
Jul 14 11:20:03 172.20.224.101 kernel: [    0.000000] BIOS-e820: [mem 0x000000006868d000-0x000000006868ffff] reserved
Jul 14 11:20:03 172.20.224.101 kernel: [    0.000000] BIOS-e820: [mem 0x0000000068690000-0x000000006f702fff] usable
Jul 14 11:20:03 172.20.224.101 kernel: [    0.000000] BIOS-e820: [mem 0x000000006f703000-0x0000000071802fff] reserved
Jul 14 11:20:03 172.20.224.101 kernel: [    0.000000] BIOS-e820: [mem 0x0000000071803000-0x0000000072102fff] ACPI data
Jul 14 11:20:03 172.20.224.101 kernel: [    0.000000] BIOS-e820: [mem 0x0000000072103000-0x000000007530efff] ACPI NVS
Jul 14 11:20:03 172.20.224.101 kernel: [    0.000000] BIOS-e820: [mem 0x000000007530f000-0x00000000777fefff] reserved
Jul 14 11:20:03 172.20.224.101 kernel: [    0.000000] BIOS-e820: [mem 0x00000000777ff000-0x00000000777fffff] usable
Jul 14 11:20:03 172.20.224.101 kernel: [    0.000000] BIOS-e820: [mem 0x0000000077800000-0x000000008fffffff] reserved
Jul 14 11:20:03 172.20.224.101 kernel: [    0.000000] BIOS-e820: [mem 0x00000000fe010000-0x00000000fe010fff] reserved
Jul 14 11:20:03 172.20.224.101 kernel: [    0.000000] BIOS-e820: [mem 0x00000000ff000000-0x00000000ffffffff] reserved
Jul 14 11:20:03 172.20.224.101 kernel: [    0.000000] BIOS-e820: [mem 0x0000000100000000-0x000002007fffffff] usable
Jul 14 11:20:03 172.20.224.101 kernel: [    0.000000] NX (Execute Disable) protection: active
Jul 14 11:20:03 172.20.224.101 kernel: [    0.000000] e820: update [mem 0x63d1c018-0x63d54e57] usable ==> usable
Jul 14 11:20:03 172.20.224.101 kernel: [    0.000000] e820: update [mem 0x63d1c018-0x63d54e57] usable ==> usable
Jul 14 11:20:03 172.20.224.101 kernel: [    0.000000] e820: update [mem 0x63c5c018-0x63d1b257] usable ==> usable
Jul 14 11:20:03 172.20.224.101 kernel: [    0.000000] e820: update [mem 0x63c5c018-0x63d1b257] usable ==> usable
Jul 14 11:20:03 172.20.224.101 kernel: [    0.000000] e820: update [mem 0x62ffd018-0x630bc257] usable ==> usable
Jul 14 11:20:03 172.20.224.101 kernel: [    0.000000] e820: update [mem 0x62ffd018-0x630bc257] usable ==> usable
Jul 14 11:20:03 172.20.224.101 kernel: [    0.000000] e820: update [mem 0x62e26018-0x62ee5257] usable ==> usable
Jul 14 11:20:03 172.20.224.101 kernel: [    0.000000] e820: update [mem 0x62e26018-0x62ee5257] usable ==> usable
Jul 14 11:20:03 172.20.224.101 kernel: [    0.000000] e820: update [mem 0x62d66018-0x62e25257] usable ==> usable
Jul 14 11:20:03 172.20.224.101 kernel: [    0.000000] e820: update [mem 0x62d66018-0x62e25257] usable ==> usable
Jul 14 11:20:03 172.20.224.101 kernel: [    0.000000] e820: update [mem 0x62d12018-0x62d65657] usable ==> usable
Jul 14 11:20:03 172.20.224.101 kernel: [    0.000000] e820: update [mem 0x62d12018-0x62d65657] usable ==> usable
Jul 14 11:20:03 172.20.224.101 kernel: [    0.000000] e820: update [mem 0x62cbe018-0x62d11657] usable ==> usable
Jul 14 11:20:03 172.20.224.101 kernel: [    0.000000] e820: update [mem 0x62cbe018-0x62d11657] usable ==> usable
Jul 14 11:20:03 172.20.224.101 kernel: [    0.000000] extended physical RAM map:
Jul 14 11:20:03 172.20.224.101 kernel: [    0.000000] reserve setup_data: [mem 0x0000000000000000-0x000000000009ffff] usable
Jul 14 11:20:03 172.20.224.101 kernel: [    0.000000] reserve setup_data: [mem 0x00000000000a0000-0x00000000000fffff] reserved
Jul 14 11:20:03 172.20.224.101 kernel: [    0.000000] reserve setup_data: [mem 0x0000000000100000-0x0000000062cbe017] usable
Jul 14 11:20:03 172.20.224.101 kernel: [    0.000000] reserve setup_data: [mem 0x0000000062cbe018-0x0000000062d11657] usable
Jul 14 11:20:03 172.20.224.101 kernel: [    0.000000] reserve setup_data: [mem 0x0000000062d11658-0x0000000062d12017] usable
Jul 14 11:20:03 172.20.224.101 kernel: [    0.000000] reserve setup_data: [mem 0x0000000062d12018-0x0000000062d65657] usable
Jul 14 11:20:03 172.20.224.101 kernel: [    0.000000] reserve setup_data: [mem 0x0000000062d65658-0x0000000062d66017] usable
Jul 14 11:20:03 172.20.224.101 kernel: [    0.000000] reserve setup_data: [mem 0x0000000062d66018-0x0000000062e25257] usable
Jul 14 11:20:03 172.20.224.101 kernel: [    0.000000] reserve setup_data: [mem 0x0000000062e25258-0x0000000062e26017] usable
Jul 14 11:20:03 172.20.224.101 kernel: [    0.000000] reserve setup_data: [mem 0x0000000062e26018-0x0000000062ee5257] usable
Jul 14 11:20:03 172.20.224.101 kernel: [    0.000000] reserve setup_data: [mem 0x0000000062ee5258-0x0000000062ffd017] usable
Jul 14 11:20:03 172.20.224.101 kernel: [    0.000000] reserve setup_data: [mem 0x0000000062ffd018-0x00000000630bc257] usable
Jul 14 11:20:03 172.20.224.101 kernel: [    0.000000] reserve setup_data: [mem 0x00000000630bc258-0x0000000063c5c017] usable
Jul 14 11:20:03 172.20.224.101 kernel: [    0.000000] reserve setup_data: [mem 0x0000000063c5c018-0x0000000063d1b257] usable
Jul 14 11:20:03 172.20.224.101 kernel: [    0.000000] reserve setup_data: [mem 0x0000000063d1b258-0x0000000063d1c017] usable
Jul 14 11:20:03 172.20.224.101 kernel: [    0.000000] reserve setup_data: [mem 0x0000000063d1c018-0x0000000063d54e57] usable
Jul 14 11:20:03 172.20.224.101 kernel: [    0.000000] reserve setup_data: [mem 0x0000000063d54e58-0x000000006868cfff] usable
Jul 14 11:20:03 172.20.224.101 kernel: [    0.000000] reserve setup_data: [mem 0x000000006868d000-0x000000006868ffff] reserved
Jul 14 11:20:03 172.20.224.101 kernel: [    0.000000] reserve setup_data: [mem 0x0000000068690000-0x000000006f702fff] usable
Jul 14 11:20:03 172.20.224.101 kernel: [    0.000000] reserve setup_data: [mem 0x000000006f703000-0x0000000071802fff] reserved
Jul 14 11:20:03 172.20.224.101 kernel: [    0.000000] reserve setup_data: [mem 0x0000000071803000-0x0000000072102fff] ACPI data
Jul 14 11:20:03 172.20.224.101 kernel: [    0.000000] reserve setup_data: [mem 0x0000000072103000-0x000000007530efff] ACPI NVS
Jul 14 11:20:03 172.20.224.101 kernel: [    0.000000] reserve setup_data: [mem 0x000000007530f000-0x00000000777fefff] reserved
Jul 14 11:20:03 172.20.224.101 kernel: [    0.000000] reserve setup_data: [mem 0x00000000777ff000-0x00000000777fffff] usable
Jul 14 11:20:03 172.20.224.101 kernel: [    0.000000] reserve setup_data: [mem 0x0000000077800000-0x000000008fffffff] reserved
Jul 14 11:20:03 172.20.224.101 kernel: [    0.000000] reserve setup_data: [mem 0x00000000fe010000-0x00000000fe010fff] reserved
Jul 14 11:20:03 172.20.224.101 kernel: [    0.000000] reserve setup_data: [mem 0x00000000ff000000-0x00000000ffffffff] reserved
Jul 14 11:20:03 172.20.224.101 kernel: [    0.000000] reserve setup_data: [mem 0x0000000100000000-0x000002007fffffff] usable
Jul 14 11:20:03 172.20.224.101 kernel: [    0.000000] efi: EFI v2.90 by American Megatrends
Jul 14 11:20:03 172.20.224.101 kernel: [    0.000000] efi: ACPI=0x72102000 ACPI 2.0=0x72102014 SMBIOS=0x77211000 SMBIOS 3.0=0x77210000 MEMATTR=0x63505018 
Jul 14 11:20:03 172.20.224.101 kernel: [    0.000000] secureboot: Secure boot disabled
Jul 14 11:20:03 172.20.224.101 kernel: [    0.000000] SMBIOS 3.6.0 present.
Jul 14 11:20:03 172.20.224.101 kernel: [    0.000000] DMI: NVIDIA DGXH200/DGXH200, BIOS 1.6.7 02/20/2025
Jul 14 11:20:03 172.20.224.101 kernel: [    0.000000] tsc: Detected 2000.000 MHz processor
Jul 14 11:20:03 172.20.224.101 kernel: [    0.000021] e820: update [mem 0x00000000-0x00000fff] usable ==> reserved
Jul 14 11:20:03 172.20.224.101 kernel: [    0.000025] e820: remove [mem 0x000a0000-0x000fffff] usable
Jul 14 11:20:03 172.20.224.101 kernel: [    0.000042] last_pfn = 0x20080000 max_arch_pfn = 0x10000000000
Jul 14 11:20:03 172.20.224.101 kernel: [    0.000419] x86/PAT: Configuration [0-7]: WB  WC  UC- UC  WB  WP  UC- WT  
Jul 14 11:20:03 172.20.224.101 kernel: [    0.005500] total RAM covered: 4192256M
Jul 14 11:20:03 172.20.224.101 kernel: [    0.005603]  gran_size: 64K #011chunk_size: 64K #011num_reg: 10  #011lose cover RAM: 2048G
Jul 14 11:20:03 172.20.224.101 kernel: [    0.005607]  gran_size: 64K #011chunk_size: 128K #011num_reg: 10  #011lose cover RAM: 2048G
Jul 14 11:20:03 172.20.224.101 kernel: [    0.005610]  gran_size: 64K #011chunk_size: 256K #011num_reg: 10  #011lose cover RAM: 2048G
Jul 14 11:20:03 172.20.224.101 kernel: [    0.005612]  gran_size: 64K #011chunk_size: 512K #011num_reg: 10  #011lose cover RAM: 2048G
Jul 14 11:20:03 172.20.224.101 kernel: [    0.005614]  gran_size: 64K #011chunk_size: 1M #011num_reg: 10  #011lose cover RAM: 2048G
Jul 14 11:20:03 172.20.224.101 kernel: [    0.005617]  gran_size: 64K #011chunk_size: 2M #011num_reg: 10  #011lose cover RAM: 2048G
Jul 14 11:20:03 172.20.224.101 kernel: [    0.005619]  gran_size: 64K #011chunk_size: 4M #011num_reg: 10  #011lose cover RAM: 2048G
Jul 14 11:20:03 172.20.224.101 kernel: [    0.005621]  gran_size: 64K #011chunk_size: 8M #011num_reg: 10  #011lose cover RAM: 2048G
Jul 14 11:20:03 172.20.224.101 kernel: [    0.005623]  gran_size: 64K #011chunk_size: 16M #011num_reg: 10  #011lose cover RAM: 2048G
Jul 14 11:20:03 172.20.224.101 kernel: [    0.005625]  gran_size: 64K #011chunk_size: 32M #011num_reg: 10  #011lose cover RAM: 2048G
Jul 14 11:20:03 172.20.224.101 kernel: [    0.005627]  gran_size: 64K #011chunk_size: 64M #011num_reg: 10  #011lose cover RAM: 2048G
Jul 14 11:20:03 172.20.224.101 kernel: [    0.005629]  gran_size: 64K #011chunk_size: 128M #011num_reg: 10  #011lose cover RAM: 2048G
Jul 14 11:20:03 172.20.224.101 kernel: [    0.005631]  gran_size: 64K #011chunk_size: 256M #011num_reg: 10  #011lose cover RAM: 2048G
Jul 14 11:20:03 172.20.224.101 kernel: [    0.005633]  gran_size: 64K #011chunk_size: 512M #011num_reg: 10  #011lose cover RAM: 2048G
Jul 14 11:20:03 172.20.224.101 kernel: [    0.005635]  gran_size: 64K #011chunk_size: 1G #011num_reg: 10  #011lose cover RAM: 2048G
Jul 14 11:20:03 172.20.224.101 kernel: [    0.005637]  gran_size: 64K #011chunk_size: 2G #011num_reg: 10  #011lose cover RAM: 2048G
Jul 14 11:20:03 172.20.224.101 kernel: [    0.005639]  gran_size: 128K #011chunk_size: 128K #011num_reg: 10  #011lose cover RAM: 2048G
Jul 14 11:20:03 172.20.224.101 kernel: [    0.005641]  gran_size: 128K #011chunk_size: 256K #011num_reg: 10  #011lose cover RAM: 2048G
Jul 14 11:20:03 172.20.224.101 kernel: [    0.005643]  gran_size: 128K #011chunk_size: 512K #011num_reg: 10  #011lose cover RAM: 2048G
Jul 14 11:20:03 172.20.224.101 kernel: [    0.005645]  gran_size: 128K #011chunk_size: 1M #011num_reg: 10  #011lose cover RAM: 2048G
Jul 14 11:20:03 172.20.224.101 kernel: [    0.005648]  gran_size: 128K #011chunk_size: 2M #011num_reg: 10  #011lose cover RAM: 2048G
Jul 14 11:20:03 172.20.224.101 kernel: [    0.005650]  gran_size: 128K #011chunk_size: 4M #011num_reg: 10  #011lose cover RAM: 2048G
Jul 14 11:20:03 172.20.224.101 kernel: [    0.005652]  gran_size: 128K #011chunk_size: 8M #011num_reg: 10  #011lose cover RAM: 2048G
Jul 14 11:20:03 172.20.224.101 kernel: [    0.005654]  gran_size: 128K #011chunk_size: 16M #011num_reg: 10  #011lose cover RAM: 2048G
Jul 14 11:20:03 172.20.224.101 kernel: [    0.005656]  gran_size: 128K #011chunk_size: 32M #011num_reg: 10  #011lose cover RAM: 2048G
Jul 14 11:20:03 172.20.224.101 kernel: [    0.005658]  gran_size: 128K #011chunk_size: 64M #011num_reg: 10  #011lose cover RAM: 2048G
Jul 14 11:20:03 172.20.224.101 kernel: [    0.005660]  gran_size: 128K #011chunk_size: 128M #011num_reg: 10  #011lose cover RAM: 2048G
Jul 14 11:20:03 172.20.224.101 kernel: [    0.005662]  gran_size: 128K #011chunk_size: 256M #011num_reg: 10  #011lose cover RAM: 2048G
Jul 14 11:20:03 172.20.224.101 kernel: [    0.005664]  gran_size: 128K #011chunk_size: 512M #011num_reg: 10  #011lose cover RAM: 2048G
Jul 14 11:20:03 172.20.224.101 kernel: [    0.005666]  gran_size: 128K #011chunk_size: 1G #011num_reg: 10  #011lose cover RAM: 2048G
Jul 14 11:20:03 172.20.224.101 kernel: [    0.005668]  gran_size: 128K #011chunk_size: 2G #011num_reg: 10  #011lose cover RAM: 2048G
Jul 14 11:20:03 172.20.224.101 kernel: [    0.005670]  gran_size: 256K #011chunk_size: 256K #011num_reg: 10  #011lose cover RAM: 2048G
Jul 14 11:20:03 172.20.224.101 kernel: [    0.005672]  gran_size: 256K #011chunk_size: 512K #011num_reg: 10  #011lose cover RAM: 2048G
Jul 14 11:20:03 172.20.224.101 kernel: [    0.005674]  gran_size: 256K #011chunk_size: 1M #011num_reg: 10  #011lose cover RAM: 2048G
Jul 14 11:20:03 172.20.224.101 kernel: [    0.005676]  gran_size: 256K #011chunk_size: 2M #011num_reg: 10  #011lose cover RAM: 2048G
Jul 14 11:20:03 172.20.224.101 kernel: [    0.005678]  gran_size: 256K #011chunk_size: 4M #011num_reg: 10  #011lose cover RAM: 2048G
Jul 14 11:20:03 172.20.224.101 kernel: [    0.005680]  gran_size: 256K #011chunk_size: 8M #011num_reg: 10  #011lose cover RAM: 2048G
Jul 14 11:20:03 172.20.224.101 kernel: [    0.005682]  gran_size: 256K #011chunk_size: 16M #011num_reg: 10  #011lose cover RAM: 2048G
Jul 14 11:20:03 172.20.224.101 kernel: [    0.005684]  gran_size: 256K #011chunk_size: 32M #011num_reg: 10  #011lose cover RAM: 2048G
Jul 14 11:20:03 172.20.224.101 kernel: [    0.005686]  gran_size: 256K #011chunk_size: 64M #011num_reg: 10  #011lose cover RAM: 2048G
Jul 14 11:20:03 172.20.224.101 kernel: [    0.005688]  gran_size: 256K #011chunk_size: 128M #011num_reg: 10  #011lose cover RAM: 2048G
Jul 14 11:20:03 172.20.224.101 kernel: [    0.005690]  gran_size: 256K #011chunk_size: 256M #011num_reg: 10  #011lose cover RAM: 2048G
Jul 14 11:20:03 172.20.224.101 kernel: [    0.005692]  gran_size: 256K #011chunk_size: 512M #011num_reg: 10  #011lose cover RAM: 2048G
Jul 14 11:20:03 172.20.224.101 kernel: [    0.005694]  gran_size: 256K #011chunk_size: 1G #011num_reg: 10  #011lose cover RAM: 2048G
Jul 14 11:20:03 172.20.224.101 kernel: [    0.005696]  gran_size: 256K #011chunk_size: 2G #011num_reg: 10  #011lose cover RAM: 2048G
Jul 14 11:20:03 172.20.224.101 kernel: [    0.005698]  gran_size: 512K #011chunk_size: 512K #011num_reg: 10  #011lose cover RAM: 2048G
Jul 14 11:20:03 172.20.224.101 kernel: [    0.005700]  gran_size: 512K #011chunk_size: 1M #011num_reg: 10  #011lose cover RAM: 2048G
Jul 14 11:20:03 172.20.224.101 kernel: [    0.005702]  gran_size: 512K #011chunk_size: 2M #011num_reg: 10  #011lose cover RAM: 2048G
Jul 14 11:20:03 172.20.224.101 kernel: [    0.005704]  gran_size: 512K #011chunk_size: 4M #011num_reg: 10  #011lose cover RAM: 2048G
Jul 14 11:20:03 172.20.224.101 kernel: [    0.005706]  gran_size: 512K #011chunk_size: 8M #011num_reg: 10  #011lose cover RAM: 2048G
Jul 14 11:20:03 172.20.224.101 kernel: [    0.005708]  gran_size: 512K #011chunk_size: 16M #011num_reg: 10  #011lose cover RAM: 2048G
Jul 14 11:20:03 172.20.224.101 kernel: [    0.005710]  gran_size: 512K #011chunk_size: 32M #011num_reg: 10  #011lose cover RAM: 2048G
Jul 14 11:20:03 172.20.224.101 kernel: [    0.005713]  gran_size: 512K #011chunk_size: 64M #011num_reg: 10  #011lose cover RAM: 2048G
Jul 14 11:20:03 172.20.224.101 kernel: [    0.005715]  gran_size: 512K #011chunk_size: 128M #011num_reg: 10  #011lose cover RAM: 2048G
Jul 14 11:20:03 172.20.224.101 kernel: [    0.005717]  gran_size: 512K #011chunk_size: 256M #011num_reg: 10  #011lose cover RAM: 2048G
Jul 14 11:20:03 172.20.224.101 kernel: [    0.005719]  gran_size: 512K #011chunk_size: 512M #011num_reg: 10  #011lose cover RAM: 2048G
Jul 14 11:20:03 172.20.224.101 kernel: [    0.005721]  gran_size: 512K #011chunk_size: 1G #011num_reg: 10  #011lose cover RAM: 2048G
Jul 14 11:20:03 172.20.224.101 kernel: [    0.005723]  gran_size: 512K #011chunk_size: 2G #011num_reg: 10  #011lose cover RAM: 2048G
Jul 14 11:20:03 172.20.224.101 kernel: [    0.005725]  gran_size: 1M #011chunk_size: 1M #011num_reg: 10  #011lose cover RAM: 2048G
Jul 14 11:20:03 172.20.224.101 kernel: [    0.005727]  gran_size: 1M #011chunk_size: 2M #011num_reg: 10  #011lose cover RAM: 2048G
Jul 14 11:20:03 172.20.224.101 kernel: [    0.005729]  gran_size: 1M #011chunk_size: 4M #011num_reg: 10  #011lose cover RAM: 2048G
Jul 14 11:20:03 172.20.224.101 kernel: [    0.005731]  gran_size: 1M #011chunk_size: 8M #011num_reg: 10  #011lose cover RAM: 2048G
Jul 14 11:20:03 172.20.224.101 kernel: [    0.005733]  gran_size: 1M #011chunk_size: 16M #011num_reg: 10  #011lose cover RAM: 2048G
Jul 14 11:20:03 172.20.224.101 kernel: [    0.005735]  gran_size: 1M #011chunk_size: 32M #011num_reg: 10  #011lose cover RAM: 2048G
Jul 14 11:20:03 172.20.224.101 kernel: [    0.005737]  gran_size: 1M #011chunk_size: 64M #011num_reg: 10  #011lose cover RAM: 2048G
Jul 14 11:20:03 172.20.224.101 kernel: [    0.005739]  gran_size: 1M #011chunk_size: 128M #011num_reg: 10  #011lose cover RAM: 2048G
Jul 14 11:20:03 172.20.224.101 kernel: [    0.005741]  gran_size: 1M #011chunk_size: 256M #011num_reg: 10  #011lose cover RAM: 2048G
Jul 14 11:20:03 172.20.224.101 kernel: [    0.005743]  gran_size: 1M #011chunk_size: 512M #011num_reg: 10  #011lose cover RAM: 2048G
Jul 14 11:20:03 172.20.224.101 kernel: [    0.005745]  gran_size: 1M #011chunk_size: 1G #011num_reg: 10  #011lose cover RAM: 2048G
Jul 14 11:20:03 172.20.224.101 kernel: [    0.005747]  gran_size: 1M #011chunk_size: 2G #011num_reg: 10  #011lose cover RAM: 2048G
Jul 14 11:20:03 172.20.224.101 kernel: [    0.005749]  gran_size: 2M #011chunk_size: 2M #011num_reg: 10  #011lose cover RAM: 2048G
Jul 14 11:20:03 172.20.224.101 kernel: [    0.005751]  gran_size: 2M #011chunk_size: 4M #011num_reg: 10  #011lose cover RAM: 2048G
Jul 14 11:20:03 172.20.224.101 kernel: [    0.005753]  gran_size: 2M #011chunk_size: 8M #011num_reg: 10  #011lose cover RAM: 2048G
Jul 14 11:20:03 172.20.224.101 kernel: [    0.005755]  gran_size: 2M #011chunk_size: 16M #011num_reg: 10  #011lose cover RAM: 2048G
Jul 14 11:20:03 172.20.224.101 kernel: [    0.005757]  gran_size: 2M #011chunk_size: 32M #011num_reg: 10  #011lose cover RAM: 2048G
Jul 14 11:20:03 172.20.224.101 kernel: [    0.005759]  gran_size: 2M #011chunk_size: 64M #011num_reg: 10  #011lose cover RAM: 2048G
Jul 14 11:20:03 172.20.224.101 kernel: [    0.005761]  gran_size: 2M #011chunk_size: 128M #011num_reg: 10  #011lose cover RAM: 2048G
Jul 14 11:20:03 172.20.224.101 kernel: [    0.005763]  gran_size: 2M #011chunk_size: 256M #011num_reg: 10  #011lose cover RAM: 2048G
Jul 14 11:20:03 172.20.224.101 kernel: [    0.005766]  gran_size: 2M #011chunk_size: 512M #011num_reg: 10  #011lose cover RAM: 2048G
Jul 14 11:20:03 172.20.224.101 kernel: [    0.005768]  gran_size: 2M #011chunk_size: 1G #011num_reg: 10  #011lose cover RAM: 2048G
Jul 14 11:20:03 172.20.224.101 kernel: [    0.005770]  gran_size: 2M #011chunk_size: 2G #011num_reg: 10  #011lose cover RAM: 2048G
Jul 14 11:20:03 172.20.224.101 kernel: [    0.005772]  gran_size: 4M #011chunk_size: 4M #011num_reg: 10  #011lose cover RAM: 2048G
Jul 14 11:20:03 172.20.224.101 kernel: [    0.005774]  gran_size: 4M #011chunk_size: 8M #011num_reg: 10  #011lose cover RAM: 2048G
Jul 14 11:20:03 172.20.224.101 kernel: [    0.005776]  gran_size: 4M #011chunk_size: 16M #011num_reg: 10  #011lose cover RAM: 2048G
Jul 14 11:20:03 172.20.224.101 kernel: [    0.005778]  gran_size: 4M #011chunk_size: 32M #011num_reg: 10  #011lose cover RAM: 2048G
Jul 14 11:20:03 172.20.224.101 kernel: [    0.005780]  gran_size: 4M #011chunk_size: 64M #011num_reg: 10  #011lose cover RAM: 2048G
Jul 14 11:20:03 172.20.224.101 kernel: [    0.005782]  gran_size: 4M #011chunk_size: 128M #011num_reg: 10  #011lose cover RAM: 2048G
Jul 14 11:20:03 172.20.224.101 kernel: [    0.005784]  gran_size: 4M #011chunk_size: 256M #011num_reg: 10  #011lose cover RAM: 2048G
Jul 14 11:20:03 172.20.224.101 kernel: [    0.005786]  gran_size: 4M #011chunk_size: 512M #011num_reg: 10  #011lose cover RAM: 2048G
Jul 14 11:20:03 172.20.224.101 kernel: [    0.005788]  gran_size: 4M #011chunk_size: 1G #011num_reg: 10  #011lose cover RAM: 2048G
Jul 14 11:20:03 172.20.224.101 kernel: [    0.005790]  gran_size: 4M #011chunk_size: 2G #011num_reg: 10  #011lose cover RAM: 2048G
Jul 14 11:20:03 172.20.224.101 kernel: [    0.005792]  gran_size: 8M #011chunk_size: 8M #011num_reg: 10  #011lose cover RAM: 2048G
Jul 14 11:20:03 172.20.224.101 kernel: [    0.005794]  gran_size: 8M #011chunk_size: 16M #011num_reg: 10  #011lose cover RAM: 2048G
Jul 14 11:20:03 172.20.224.101 kernel: [    0.005796]  gran_size: 8M #011chunk_size: 32M #011num_reg: 10  #011lose cover RAM: 2048G
Jul 14 11:20:03 172.20.224.101 kernel: [    0.005798]  gran_size: 8M #011chunk_size: 64M #011num_reg: 10  #011lose cover RAM: 2048G
Jul 14 11:20:03 172.20.224.101 kernel: [    0.005800]  gran_size: 8M #011chunk_size: 128M #011num_reg: 10  #011lose cover RAM: 2048G
Jul 14 11:20:03 172.20.224.101 kernel: [    0.005802]  gran_size: 8M #011chunk_size: 256M #011num_reg: 10  #011lose cover RAM: 2048G
Jul 14 11:20:03 172.20.224.101 kernel: [    0.005804]  gran_size: 8M #011chunk_size: 512M #011num_reg: 10  #011lose cover RAM: 2048G
Jul 14 11:20:03 172.20.224.101 kernel: [    0.005806]  gran_size: 8M #011chunk_size: 1G #011num_reg: 10  #011lose cover RAM: 2048G
Jul 14 11:20:03 172.20.224.101 kernel: [    0.005808]  gran_size: 8M #011chunk_size: 2G #011num_reg: 10  #011lose cover RAM: 2048G
Jul 14 11:20:03 172.20.224.101 kernel: [    0.005810]  gran_size: 16M #011chunk_size: 16M #011num_reg: 10  #011lose cover RAM: 2048G
Jul 14 11:20:03 172.20.224.101 kernel: [    0.005812]  gran_size: 16M #011chunk_size: 32M #011num_reg: 10  #011lose cover RAM: 2048G
Jul 14 11:20:03 172.20.224.101 kernel: [    0.005814]  gran_size: 16M #011chunk_size: 64M #011num_reg: 10  #011lose cover RAM: 2048G
Jul 14 11:20:03 172.20.224.101 kernel: [    0.005816]  gran_size: 16M #011chunk_size: 128M #011num_reg: 10  #011lose cover RAM: 2048G
Jul 14 11:20:03 172.20.224.101 kernel: [    0.005818]  gran_size: 16M #011chunk_size: 256M #011num_reg: 10  #011lose cover RAM: 2048G
Jul 14 11:20:03 172.20.224.101 kernel: [    0.005820]  gran_size: 16M #011chunk_size: 512M #011num_reg: 10  #011lose cover RAM: 2048G
Jul 14 11:20:03 172.20.224.101 kernel: [    0.005822]  gran_size: 16M #011chunk_size: 1G #011num_reg: 10  #011lose cover RAM: 2048G
Jul 14 11:20:03 172.20.224.101 kernel: [    0.005824]  gran_size: 16M #011chunk_size: 2G #011num_reg: 10  #011lose cover RAM: 2048G
Jul 14 11:20:03 172.20.224.101 kernel: [    0.005826]  gran_size: 32M #011chunk_size: 32M #011num_reg: 10  #011lose cover RAM: 2048G
Jul 14 11:20:03 172.20.224.101 kernel: [    0.005828]  gran_size: 32M #011chunk_size: 64M #011num_reg: 10  #011lose cover RAM: 2048G
Jul 14 11:20:03 172.20.224.101 kernel: [    0.005830]  gran_size: 32M #011chunk_size: 128M #011num_reg: 10  #011lose cover RAM: 2048G
Jul 14 11:20:03 172.20.224.101 kernel: [    0.005832]  gran_size: 32M #011chunk_size: 256M #011num_reg: 10  #011lose cover RAM: 2048G
Jul 14 11:20:03 172.20.224.101 kernel: [    0.005835]  gran_size: 32M #011chunk_size: 512M #011num_reg: 10  #011lose cover RAM: 2048G
Jul 14 11:20:03 172.20.224.101 kernel: [    0.005837]  gran_size: 32M #011chunk_size: 1G #011num_reg: 10  #011lose cover RAM: 2048G
Jul 14 11:20:03 172.20.224.101 kernel: [    0.005839]  gran_size: 32M #011chunk_size: 2G #011num_reg: 10  #011lose cover RAM: 2048G
Jul 14 11:20:03 172.20.224.101 kernel: [    0.005841]  gran_size: 64M #011chunk_size: 64M #011num_reg: 10  #011lose cover RAM: 2048G
Jul 14 11:20:03 172.20.224.101 kernel: [    0.005843]  gran_size: 64M #011chunk_size: 128M #011num_reg: 10  #011lose cover RAM: 2048G
Jul 14 11:20:03 172.20.224.101 kernel: [    0.005845]  gran_size: 64M #011chunk_size: 256M #011num_reg: 10  #011lose cover RAM: 2048G
Jul 14 11:20:03 172.20.224.101 kernel: [    0.005847]  gran_size: 64M #011chunk_size: 512M #011num_reg: 10  #011lose cover RAM: 2048G
Jul 14 11:20:03 172.20.224.101 kernel: [    0.005849]  gran_size: 64M #011chunk_size: 1G #011num_reg: 10  #011lose cover RAM: 2048G
Jul 14 11:20:03 172.20.224.101 kernel: [    0.005851]  gran_size: 64M #011chunk_size: 2G #011num_reg: 10  #011lose cover RAM: 2048G
Jul 14 11:20:03 172.20.224.101 kernel: [    0.005853]  gran_size: 128M #011chunk_size: 128M #011num_reg: 10  #011lose cover RAM: 2048G
Jul 14 11:20:03 172.20.224.101 kernel: [    0.005855]  gran_size: 128M #011chunk_size: 256M #011num_reg: 10  #011lose cover RAM: 2048G
Jul 14 11:20:03 172.20.224.101 kernel: [    0.005857]  gran_size: 128M #011chunk_size: 512M #011num_reg: 10  #011lose cover RAM: 2048G
Jul 14 11:20:03 172.20.224.101 kernel: [    0.005859]  gran_size: 128M #011chunk_size: 1G #011num_reg: 10  #011lose cover RAM: 2048G
Jul 14 11:20:03 172.20.224.101 kernel: [    0.005861]  gran_size: 128M #011chunk_size: 2G #011num_reg: 10  #011lose cover RAM: 2048G
Jul 14 11:20:03 172.20.224.101 kernel: [    0.005863]  gran_size: 256M #011chunk_size: 256M #011num_reg: 10  #011lose cover RAM: 2048G
Jul 14 11:20:03 172.20.224.101 kernel: [    0.005865]  gran_size: 256M #011chunk_size: 512M #011num_reg: 10  #011lose cover RAM: 2048G
Jul 14 11:20:03 172.20.224.101 kernel: [    0.005867]  gran_size: 256M #011chunk_size: 1G #011num_reg: 10  #011lose cover RAM: 2048G
Jul 14 11:20:03 172.20.224.101 kernel: [    0.005869]  gran_size: 256M #011chunk_size: 2G #011num_reg: 10  #011lose cover RAM: 2048G
Jul 14 11:20:03 172.20.224.101 kernel: [    0.005871]  gran_size: 512M #011chunk_size: 512M #011num_reg: 10  #011lose cover RAM: 2048G
Jul 14 11:20:03 172.20.224.101 kernel: [    0.005873]  gran_size: 512M #011chunk_size: 1G #011num_reg: 10  #011lose cover RAM: 2048G
Jul 14 11:20:03 172.20.224.101 kernel: [    0.005875]  gran_size: 512M #011chunk_size: 2G #011num_reg: 10  #011lose cover RAM: 2048G
Jul 14 11:20:03 172.20.224.101 kernel: [    0.005877]  gran_size: 1G #011chunk_size: 1G #011num_reg: 10  #011lose cover RAM: 2048G
Jul 14 11:20:03 172.20.224.101 kernel: [    0.005879]  gran_size: 1G #011chunk_size: 2G #011num_reg: 10  #011lose cover RAM: 2048G
Jul 14 11:20:03 172.20.224.101 kernel: [    0.005881]  gran_size: 2G #011chunk_size: 2G #011num_reg: 10  #011lose cover RAM: 2048G
Jul 14 11:20:03 172.20.224.101 kernel: [    0.005883] mtrr_cleanup: can not find optimal value
Jul 14 11:20:03 172.20.224.101 kernel: [    0.005885] please specify mtrr_gran_size/mtrr_chunk_size
Jul 14 11:20:03 172.20.224.101 kernel: [    0.005888] e820: update [mem 0x80000000-0xffffffff] usable ==> reserved
Jul 14 11:20:03 172.20.224.101 kernel: [    0.005893] x2apic: enabled by BIOS, switching to x2apic ops
Jul 14 11:20:03 172.20.224.101 kernel: [    0.005895] last_pfn = 0x77800 max_arch_pfn = 0x10000000000
Jul 14 11:20:03 172.20.224.101 kernel: [    0.017317] Using GB pages for direct mapping
Jul 14 11:20:03 172.20.224.101 kernel: [    0.017705] secureboot: Secure boot disabled
Jul 14 11:20:03 172.20.224.101 kernel: [    0.017707] RAMDISK: [mem 0x5afc9000-0x61aaffff]
Jul 14 11:20:03 172.20.224.101 kernel: [    0.017710] ACPI: Early table checksum verification disabled
Jul 14 11:20:03 172.20.224.101 kernel: [    0.017714] ACPI: RSDP 0x0000000072102014 000024 (v02 ALASKA)
Jul 14 11:20:03 172.20.224.101 kernel: [    0.017720] ACPI: XSDT 0x0000000072101728 0000EC (v01 ALASKA A M I    01072009 AMI  01000013)
Jul 14 11:20:03 172.20.224.101 kernel: [    0.017726] ACPI: FACP 0x0000000072100000 000114 (v06 ALASKA A M I    01072009 INTL 20091013)
Jul 14 11:20:03 172.20.224.101 kernel: [    0.017733] ACPI: DSDT 0x0000000072033000 0CB7DD (v02 ALASKA A M I    01072009 INTL 20091013)
Jul 14 11:20:03 172.20.224.101 kernel: [    0.017738] ACPI: FACS 0x000000007530D000 000040
Jul 14 11:20:03 172.20.224.101 kernel: [    0.017742] ACPI: SPMI 0x00000000720FF000 000041 (v05 ALASKA A M I    00000000 AMI. 00000000)
Jul 14 11:20:03 172.20.224.101 kernel: [    0.017746] ACPI: FIDT 0x0000000072032000 00009C (v01 ALASKA A M I    01072009 AMI  00010013)
Jul 14 11:20:03 172.20.224.101 kernel: [    0.017750] ACPI: SSDT 0x0000000072031000 00074C (v02 INTEL  RAS_ACPI 00000001 INTL 20210331)
Jul 14 11:20:03 172.20.224.101 kernel: [    0.017755] ACPI: ERST 0x0000000072030000 000230 (v01 ALASKA A M I    00000001 INTL 00000001)
Jul 14 11:20:03 172.20.224.101 kernel: [    0.017759] ACPI: MCFG 0x000000007202F000 00003C (v01 ALASKA A M I    01072009 MSFT 00000097)
Jul 14 11:20:03 172.20.224.101 kernel: [    0.017763] ACPI: HPET 0x000000007202E000 000038 (v01 ALASKA A M I    00000001 INTL 20091013)
Jul 14 11:20:03 172.20.224.101 kernel: [    0.017767] ACPI: MSCT 0x000000007202D000 000090 (v01 ALASKA A M I    00000001 INTL 20091013)
Jul 14 11:20:03 172.20.224.101 kernel: [    0.017771] ACPI: WDDT 0x000000007202C000 000040 (v01 ALASKA A M I    00000000 INTL 20091013)
Jul 14 11:20:03 172.20.224.101 kernel: [    0.017776] ACPI: APIC 0x000000007202A000 000E5E (v04 ALASKA A M I    00000000 INTL 20091013)
Jul 14 11:20:03 172.20.224.101 kernel: [    0.017780] ACPI: SRAT 0x0000000072022000 007830 (v03 ALASKA A M I    00000002 AMI  01000013)
Jul 14 11:20:03 172.20.224.101 kernel: [    0.017784] ACPI: SLIT 0x0000000072021000 000030 (v01 ALASKA A M I    01072009 AMI  01000013)
Jul 14 11:20:03 172.20.224.101 kernel: [    0.017788] ACPI: HMAT 0x0000000072020000 000158 (v02 ALASKA A M I    01072009 AMI  01000013)
Jul 14 11:20:03 172.20.224.101 kernel: [    0.017792] ACPI: OEM4 0x0000000071E98000 187A51 (v02 INTEL  CPU  CST 00003000 INTL 20210331)
Jul 14 11:20:03 172.20.224.101 kernel: [    0.017797] ACPI: OEM1 0x0000000071D84000 113479 (v02 INTEL  CPU EIST 00003000 INTL 20210331)
Jul 14 11:20:03 172.20.224.101 kernel: [    0.017801] ACPI: OEM2 0x0000000071D3D000 046031 (v02 INTEL  CPU  HWP 00003000 INTL 20210331)
Jul 14 11:20:03 172.20.224.101 kernel: [    0.017805] ACPI: SSDT 0x0000000071CD3000 069895 (v02 INTEL  SSDT  PM 00004000 INTL 20210331)
Jul 14 11:20:03 172.20.224.101 kernel: [    0.017809] ACPI: SSDT 0x0000000071CD2000 000957 (v02 ALASKA A M I    00000000 INTL 20091013)
Jul 14 11:20:03 172.20.224.101 kernel: [    0.017813] ACPI: HEST 0x0000000071CD1000 00013C (v01 ALASKA A M I    00000001 INTL 00000001)
Jul 14 11:20:03 172.20.224.101 kernel: [    0.017818] ACPI: BERT 0x0000000071CD0000 000030 (v01 ALASKA A M I    00000001 INTL 00000001)
Jul 14 11:20:03 172.20.224.101 kernel: [    0.017822] ACPI: SSDT 0x0000000071CCF000 00076E (v02 INTEL  ADDRXLAT 00000001 INTL 20210331)
Jul 14 11:20:03 172.20.224.101 kernel: [    0.017826] ACPI: DMAR 0x0000000071CCE000 000528 (v01 ALASKA A M I    00000001 INTL 20091013)
Jul 14 11:20:03 172.20.224.101 kernel: [    0.017830] ACPI: FPDT 0x0000000071CCD000 000044 (v01 ALASKA A M I    01072009 AMI  01000013)
Jul 14 11:20:03 172.20.224.101 kernel: [    0.017834] ACPI: SPCR 0x0000000071CCC000 000050 (v02 ALASKA A M I    01072009 AMI  00050020)
Jul 14 11:20:03 172.20.224.101 kernel: [    0.017838] ACPI: WSMT 0x000000007202B000 000028 (v01 ALASKA A M I    01072009 AMI  00010013)
Jul 14 11:20:03 172.20.224.101 kernel: [    0.017842] ACPI: Reserving FACP table memory at [mem 0x72100000-0x72100113]
Jul 14 11:20:03 172.20.224.101 kernel: [    0.017845] ACPI: Reserving DSDT table memory at [mem 0x72033000-0x720fe7dc]
Jul 14 11:20:03 172.20.224.101 kernel: [    0.017847] ACPI: Reserving FACS table memory at [mem 0x7530d000-0x7530d03f]
Jul 14 11:20:03 172.20.224.101 kernel: [    0.017848] ACPI: Reserving SPMI table memory at [mem 0x720ff000-0x720ff040]
Jul 14 11:20:03 172.20.224.101 kernel: [    0.017850] ACPI: Reserving FIDT table memory at [mem 0x72032000-0x7203209b]
Jul 14 11:20:03 172.20.224.101 kernel: [    0.017852] ACPI: Reserving SSDT table memory at [mem 0x72031000-0x7203174b]
Jul 14 11:20:03 172.20.224.101 kernel: [    0.017853] ACPI: Reserving ERST table memory at [mem 0x72030000-0x7203022f]
Jul 14 11:20:03 172.20.224.101 kernel: [    0.017855] ACPI: Reserving MCFG table memory at [mem 0x7202f000-0x7202f03b]
Jul 14 11:20:03 172.20.224.101 kernel: [    0.017857] ACPI: Reserving HPET table memory at [mem 0x7202e000-0x7202e037]
Jul 14 11:20:03 172.20.224.101 kernel: [    0.017858] ACPI: Reserving MSCT table memory at [mem 0x7202d000-0x7202d08f]
Jul 14 11:20:03 172.20.224.101 kernel: [    0.017860] ACPI: Reserving WDDT table memory at [mem 0x7202c000-0x7202c03f]
Jul 14 11:20:03 172.20.224.101 kernel: [    0.017861] ACPI: Reserving APIC table memory at [mem 0x7202a000-0x7202ae5d]
Jul 14 11:20:03 172.20.224.101 kernel: [    0.017863] ACPI: Reserving SRAT table memory at [mem 0x72022000-0x7202982f]
Jul 14 11:20:03 172.20.224.101 kernel: [    0.017865] ACPI: Reserving SLIT table memory at [mem 0x72021000-0x7202102f]
Jul 14 11:20:03 172.20.224.101 kernel: [    0.017866] ACPI: Reserving HMAT table memory at [mem 0x72020000-0x72020157]
Jul 14 11:20:03 172.20.224.101 kernel: [    0.017868] ACPI: Reserving OEM4 table memory at [mem 0x71e98000-0x7201fa50]
Jul 14 11:20:03 172.20.224.101 kernel: [    0.017870] ACPI: Reserving OEM1 table memory at [mem 0x71d84000-0x71e97478]
Jul 14 11:20:03 172.20.224.101 kernel: [    0.017871] ACPI: Reserving OEM2 table memory at [mem 0x71d3d000-0x71d83030]
Jul 14 11:20:03 172.20.224.101 kernel: [    0.017873] ACPI: Reserving SSDT table memory at [mem 0x71cd3000-0x71d3c894]
Jul 14 11:20:03 172.20.224.101 kernel: [    0.017875] ACPI: Reserving SSDT table memory at [mem 0x71cd2000-0x71cd2956]
Jul 14 11:20:03 172.20.224.101 kernel: [    0.017876] ACPI: Reserving HEST table memory at [mem 0x71cd1000-0x71cd113b]
Jul 14 11:20:03 172.20.224.101 kernel: [    0.017878] ACPI: Reserving BERT table memory at [mem 0x71cd0000-0x71cd002f]
Jul 14 11:20:03 172.20.224.101 kernel: [    0.017880] ACPI: Reserving SSDT table memory at [mem 0x71ccf000-0x71ccf76d]
Jul 14 11:20:03 172.20.224.101 kernel: [    0.017881] ACPI: Reserving DMAR table memory at [mem 0x71cce000-0x71cce527]
Jul 14 11:20:03 172.20.224.101 kernel: [    0.017883] ACPI: Reserving FPDT table memory at [mem 0x71ccd000-0x71ccd043]
Jul 14 11:20:03 172.20.224.101 kernel: [    0.017884] ACPI: Reserving SPCR table memory at [mem 0x71ccc000-0x71ccc04f]
Jul 14 11:20:03 172.20.224.101 kernel: [    0.017886] ACPI: Reserving WSMT table memory at [mem 0x7202b000-0x7202b027]
Jul 14 11:20:03 172.20.224.101 kernel: [    0.017899] Setting APIC routing to cluster x2apic.
Jul 14 11:20:03 172.20.224.101 kernel: [    0.017969] SRAT: PXM 0 -> APIC 0x0000 -> Node 0
Jul 14 11:20:03 172.20.224.101 kernel: [    0.017972] SRAT: PXM 0 -> APIC 0x0001 -> Node 0
Jul 14 11:20:03 172.20.224.101 kernel: [    0.017973] SRAT: PXM 0 -> APIC 0x0002 -> Node 0
Jul 14 11:20:03 172.20.224.101 kernel: [    0.017974] SRAT: PXM 0 -> APIC 0x0003 -> Node 0
Jul 14 11:20:03 172.20.224.101 kernel: [    0.017976] SRAT: PXM 0 -> APIC 0x0004 -> Node 0
Jul 14 11:20:03 172.20.224.101 kernel: [    0.017977] SRAT: PXM 0 -> APIC 0x0005 -> Node 0
Jul 14 11:20:03 172.20.224.101 kernel: [    0.017978] SRAT: PXM 0 -> APIC 0x0006 -> Node 0
Jul 14 11:20:03 172.20.224.101 kernel: [    0.017979] SRAT: PXM 0 -> APIC 0x0007 -> Node 0
Jul 14 11:20:03 172.20.224.101 kernel: [    0.017980] SRAT: PXM 0 -> APIC 0x0008 -> Node 0
Jul 14 11:20:03 172.20.224.101 kernel: [    0.017982] SRAT: PXM 0 -> APIC 0x0009 -> Node 0
Jul 14 11:20:03 172.20.224.101 kernel: [    0.017983] SRAT: PXM 0 -> APIC 0x000a -> Node 0
Jul 14 11:20:03 172.20.224.101 kernel: [    0.017984] SRAT: PXM 0 -> APIC 0x000b -> Node 0
Jul 14 11:20:03 172.20.224.101 kernel: [    0.017985] SRAT: PXM 0 -> APIC 0x000c -> Node 0
Jul 14 11:20:03 172.20.224.101 kernel: [    0.017986] SRAT: PXM 0 -> APIC 0x000d -> Node 0
Jul 14 11:20:03 172.20.224.101 kernel: [    0.017988] SRAT: PXM 0 -> APIC 0x000e -> Node 0
Jul 14 11:20:03 172.20.224.101 kernel: [    0.017989] SRAT: PXM 0 -> APIC 0x000f -> Node 0
Jul 14 11:20:03 172.20.224.101 kernel: [    0.017990] SRAT: PXM 0 -> APIC 0x0010 -> Node 0
Jul 14 11:20:03 172.20.224.101 kernel: [    0.017992] SRAT: PXM 0 -> APIC 0x0011 -> Node 0
Jul 14 11:20:03 172.20.224.101 kernel: [    0.017993] SRAT: PXM 0 -> APIC 0x0012 -> Node 0
Jul 14 11:20:03 172.20.224.101 kernel: [    0.017994] SRAT: PXM 0 -> APIC 0x0013 -> Node 0
Jul 14 11:20:03 172.20.224.101 kernel: [    0.017995] SRAT: PXM 0 -> APIC 0x0014 -> Node 0
Jul 14 11:20:03 172.20.224.101 kernel: [    0.017996] SRAT: PXM 0 -> APIC 0x0015 -> Node 0
Jul 14 11:20:03 172.20.224.101 kernel: [    0.017998] SRAT: PXM 0 -> APIC 0x0016 -> Node 0
Jul 14 11:20:03 172.20.224.101 kernel: [    0.017999] SRAT: PXM 0 -> APIC 0x0017 -> Node 0
Jul 14 11:20:03 172.20.224.101 kernel: [    0.018000] SRAT: PXM 0 -> APIC 0x0018 -> Node 0
Jul 14 11:20:03 172.20.224.101 kernel: [    0.018001] SRAT: PXM 0 -> APIC 0x0019 -> Node 0
Jul 14 11:20:03 172.20.224.101 kernel: [    0.018002] SRAT: PXM 0 -> APIC 0x001a -> Node 0
Jul 14 11:20:03 172.20.224.101 kernel: [    0.018004] SRAT: PXM 0 -> APIC 0x001b -> Node 0
Jul 14 11:20:03 172.20.224.101 kernel: [    0.018005] SRAT: PXM 0 -> APIC 0x001c -> Node 0
Jul 14 11:20:03 172.20.224.101 kernel: [    0.018006] SRAT: PXM 0 -> APIC 0x001d -> Node 0
Jul 14 11:20:03 172.20.224.101 kernel: [    0.018007] SRAT: PXM 0 -> APIC 0x001e -> Node 0
Jul 14 11:20:03 172.20.224.101 kernel: [    0.018009] SRAT: PXM 0 -> APIC 0x001f -> Node 0
Jul 14 11:20:03 172.20.224.101 kernel: [    0.018010] SRAT: PXM 0 -> APIC 0x0020 -> Node 0
Jul 14 11:20:03 172.20.224.101 kernel: [    0.018011] SRAT: PXM 0 -> APIC 0x0021 -> Node 0
Jul 14 11:20:03 172.20.224.101 kernel: [    0.018012] SRAT: PXM 0 -> APIC 0x0022 -> Node 0
Jul 14 11:20:03 172.20.224.101 kernel: [    0.018013] SRAT: PXM 0 -> APIC 0x0023 -> Node 0
Jul 14 11:20:03 172.20.224.101 kernel: [    0.018015] SRAT: PXM 0 -> APIC 0x0024 -> Node 0
Jul 14 11:20:03 172.20.224.101 kernel: [    0.018016] SRAT: PXM 0 -> APIC 0x0025 -> Node 0
Jul 14 11:20:03 172.20.224.101 kernel: [    0.018017] SRAT: PXM 0 -> APIC 0x0026 -> Node 0
Jul 14 11:20:03 172.20.224.101 kernel: [    0.018018] SRAT: PXM 0 -> APIC 0x0027 -> Node 0
Jul 14 11:20:03 172.20.224.101 kernel: [    0.018019] SRAT: PXM 0 -> APIC 0x0028 -> Node 0
Jul 14 11:20:03 172.20.224.101 kernel: [    0.018021] SRAT: PXM 0 -> APIC 0x0029 -> Node 0
Jul 14 11:20:03 172.20.224.101 kernel: [    0.018022] SRAT: PXM 0 -> APIC 0x002a -> Node 0
Jul 14 11:20:03 172.20.224.101 kernel: [    0.018023] SRAT: PXM 0 -> APIC 0x002b -> Node 0
Jul 14 11:20:03 172.20.224.101 kernel: [    0.018024] SRAT: PXM 0 -> APIC 0x002c -> Node 0
Jul 14 11:20:03 172.20.224.101 kernel: [    0.018026] SRAT: PXM 0 -> APIC 0x002d -> Node 0
Jul 14 11:20:03 172.20.224.101 kernel: [    0.018027] SRAT: PXM 0 -> APIC 0x002e -> Node 0
Jul 14 11:20:03 172.20.224.101 kernel: [    0.018028] SRAT: PXM 0 -> APIC 0x002f -> Node 0
Jul 14 11:20:03 172.20.224.101 kernel: [    0.018029] SRAT: PXM 0 -> APIC 0x0030 -> Node 0
Jul 14 11:20:03 172.20.224.101 kernel: [    0.018030] SRAT: PXM 0 -> APIC 0x0031 -> Node 0
Jul 14 11:20:03 172.20.224.101 kernel: [    0.018032] SRAT: PXM 0 -> APIC 0x0032 -> Node 0
Jul 14 11:20:03 172.20.224.101 kernel: [    0.018033] SRAT: PXM 0 -> APIC 0x0033 -> Node 0
Jul 14 11:20:03 172.20.224.101 kernel: [    0.018034] SRAT: PXM 0 -> APIC 0x0034 -> Node 0
Jul 14 11:20:03 172.20.224.101 kernel: [    0.018035] SRAT: PXM 0 -> APIC 0x0035 -> Node 0
Jul 14 11:20:03 172.20.224.101 kernel: [    0.018036] SRAT: PXM 0 -> APIC 0x0036 -> Node 0
Jul 14 11:20:03 172.20.224.101 kernel: [    0.018038] SRAT: PXM 0 -> APIC 0x0037 -> Node 0
Jul 14 11:20:03 172.20.224.101 kernel: [    0.018039] SRAT: PXM 0 -> APIC 0x0038 -> Node 0
Jul 14 11:20:03 172.20.224.101 kernel: [    0.018040] SRAT: PXM 0 -> APIC 0x0039 -> Node 0
Jul 14 11:20:03 172.20.224.101 kernel: [    0.018041] SRAT: PXM 0 -> APIC 0x003a -> Node 0
Jul 14 11:20:03 172.20.224.101 kernel: [    0.018042] SRAT: PXM 0 -> APIC 0x003b -> Node 0
Jul 14 11:20:03 172.20.224.101 kernel: [    0.018044] SRAT: PXM 0 -> APIC 0x003c -> Node 0
Jul 14 11:20:03 172.20.224.101 kernel: [    0.018045] SRAT: PXM 0 -> APIC 0x003d -> Node 0
Jul 14 11:20:03 172.20.224.101 kernel: [    0.018046] SRAT: PXM 0 -> APIC 0x003e -> Node 0
Jul 14 11:20:03 172.20.224.101 kernel: [    0.018047] SRAT: PXM 0 -> APIC 0x003f -> Node 0
Jul 14 11:20:03 172.20.224.101 kernel: [    0.018048] SRAT: PXM 0 -> APIC 0x0040 -> Node 0
Jul 14 11:20:03 172.20.224.101 kernel: [    0.018050] SRAT: PXM 0 -> APIC 0x0041 -> Node 0
Jul 14 11:20:03 172.20.224.101 kernel: [    0.018051] SRAT: PXM 0 -> APIC 0x0042 -> Node 0
Jul 14 11:20:03 172.20.224.101 kernel: [    0.018052] SRAT: PXM 0 -> APIC 0x0043 -> Node 0
Jul 14 11:20:03 172.20.224.101 kernel: [    0.018053] SRAT: PXM 0 -> APIC 0x0044 -> Node 0
Jul 14 11:20:03 172.20.224.101 kernel: [    0.018055] SRAT: PXM 0 -> APIC 0x0045 -> Node 0
Jul 14 11:20:03 172.20.224.101 kernel: [    0.018056] SRAT: PXM 0 -> APIC 0x0046 -> Node 0
Jul 14 11:20:03 172.20.224.101 kernel: [    0.018057] SRAT: PXM 0 -> APIC 0x0047 -> Node 0
Jul 14 11:20:03 172.20.224.101 kernel: [    0.018058] SRAT: PXM 0 -> APIC 0x0048 -> Node 0
Jul 14 11:20:03 172.20.224.101 kernel: [    0.018059] SRAT: PXM 0 -> APIC 0x0049 -> Node 0
Jul 14 11:20:03 172.20.224.101 kernel: [    0.018061] SRAT: PXM 0 -> APIC 0x004a -> Node 0
Jul 14 11:20:03 172.20.224.101 kernel: [    0.018062] SRAT: PXM 0 -> APIC 0x004b -> Node 0
Jul 14 11:20:03 172.20.224.101 kernel: [    0.018063] SRAT: PXM 0 -> APIC 0x004c -> Node 0
Jul 14 11:20:03 172.20.224.101 kernel: [    0.018064] SRAT: PXM 0 -> APIC 0x004d -> Node 0
Jul 14 11:20:03 172.20.224.101 kernel: [    0.018065] SRAT: PXM 0 -> APIC 0x004e -> Node 0
Jul 14 11:20:03 172.20.224.101 kernel: [    0.018067] SRAT: PXM 0 -> APIC 0x004f -> Node 0
Jul 14 11:20:03 172.20.224.101 kernel: [    0.018068] SRAT: PXM 0 -> APIC 0x0050 -> Node 0
Jul 14 11:20:03 172.20.224.101 kernel: [    0.018069] SRAT: PXM 0 -> APIC 0x0051 -> Node 0
Jul 14 11:20:03 172.20.224.101 kernel: [    0.018070] SRAT: PXM 0 -> APIC 0x0052 -> Node 0
Jul 14 11:20:03 172.20.224.101 kernel: [    0.018071] SRAT: PXM 0 -> APIC 0x0053 -> Node 0
Jul 14 11:20:03 172.20.224.101 kernel: [    0.018073] SRAT: PXM 0 -> APIC 0x0054 -> Node 0
Jul 14 11:20:03 172.20.224.101 kernel: [    0.018074] SRAT: PXM 0 -> APIC 0x0055 -> Node 0
Jul 14 11:20:03 172.20.224.101 kernel: [    0.018075] SRAT: PXM 0 -> APIC 0x0056 -> Node 0
Jul 14 11:20:03 172.20.224.101 kernel: [    0.018076] SRAT: PXM 0 -> APIC 0x0057 -> Node 0
Jul 14 11:20:03 172.20.224.101 kernel: [    0.018077] SRAT: PXM 0 -> APIC 0x0058 -> Node 0
Jul 14 11:20:03 172.20.224.101 kernel: [    0.018079] SRAT: PXM 0 -> APIC 0x0059 -> Node 0
Jul 14 11:20:03 172.20.224.101 kernel: [    0.018080] SRAT: PXM 0 -> APIC 0x005a -> Node 0
Jul 14 11:20:03 172.20.224.101 kernel: [    0.018081] SRAT: PXM 0 -> APIC 0x005b -> Node 0
Jul 14 11:20:03 172.20.224.101 kernel: [    0.018082] SRAT: PXM 0 -> APIC 0x005c -> Node 0
Jul 14 11:20:03 172.20.224.101 kernel: [    0.018083] SRAT: PXM 0 -> APIC 0x005d -> Node 0
Jul 14 11:20:03 172.20.224.101 kernel: [    0.018085] SRAT: PXM 0 -> APIC 0x005e -> Node 0
Jul 14 11:20:03 172.20.224.101 kernel: [    0.018086] SRAT: PXM 0 -> APIC 0x005f -> Node 0
Jul 14 11:20:03 172.20.224.101 kernel: [    0.018087] SRAT: PXM 0 -> APIC 0x0060 -> Node 0
Jul 14 11:20:03 172.20.224.101 kernel: [    0.018088] SRAT: PXM 0 -> APIC 0x0061 -> Node 0
Jul 14 11:20:03 172.20.224.101 kernel: [    0.018089] SRAT: PXM 0 -> APIC 0x0062 -> Node 0
Jul 14 11:20:03 172.20.224.101 kernel: [    0.018091] SRAT: PXM 0 -> APIC 0x0063 -> Node 0
Jul 14 11:20:03 172.20.224.101 kernel: [    0.018092] SRAT: PXM 0 -> APIC 0x0064 -> Node 0
Jul 14 11:20:03 172.20.224.101 kernel: [    0.018093] SRAT: PXM 0 -> APIC 0x0065 -> Node 0
Jul 14 11:20:03 172.20.224.101 kernel: [    0.018094] SRAT: PXM 0 -> APIC 0x0066 -> Node 0
Jul 14 11:20:03 172.20.224.101 kernel: [    0.018095] SRAT: PXM 0 -> APIC 0x0067 -> Node 0
Jul 14 11:20:03 172.20.224.101 kernel: [    0.018097] SRAT: PXM 0 -> APIC 0x0068 -> Node 0
Jul 14 11:20:03 172.20.224.101 kernel: [    0.018098] SRAT: PXM 0 -> APIC 0x0069 -> Node 0
Jul 14 11:20:03 172.20.224.101 kernel: [    0.018099] SRAT: PXM 0 -> APIC 0x006a -> Node 0
Jul 14 11:20:03 172.20.224.101 kernel: [    0.018100] SRAT: PXM 0 -> APIC 0x006b -> Node 0
Jul 14 11:20:03 172.20.224.101 kernel: [    0.018102] SRAT: PXM 0 -> APIC 0x006c -> Node 0
Jul 14 11:20:03 172.20.224.101 kernel: [    0.018103] SRAT: PXM 0 -> APIC 0x006d -> Node 0
Jul 14 11:20:03 172.20.224.101 kernel: [    0.018104] SRAT: PXM 0 -> APIC 0x006e -> Node 0
Jul 14 11:20:03 172.20.224.101 kernel: [    0.018105] SRAT: PXM 0 -> APIC 0x006f -> Node 0
Jul 14 11:20:03 172.20.224.101 kernel: [    0.018106] SRAT: PXM 1 -> APIC 0x0080 -> Node 1
Jul 14 11:20:03 172.20.224.101 kernel: [    0.018108] SRAT: PXM 1 -> APIC 0x0081 -> Node 1
Jul 14 11:20:03 172.20.224.101 kernel: [    0.018109] SRAT: PXM 1 -> APIC 0x0082 -> Node 1
Jul 14 11:20:03 172.20.224.101 kernel: [    0.018110] SRAT: PXM 1 -> APIC 0x0083 -> Node 1
Jul 14 11:20:03 172.20.224.101 kernel: [    0.018111] SRAT: PXM 1 -> APIC 0x0084 -> Node 1
Jul 14 11:20:03 172.20.224.101 kernel: [    0.018112] SRAT: PXM 1 -> APIC 0x0085 -> Node 1
Jul 14 11:20:03 172.20.224.101 kernel: [    0.018114] SRAT: PXM 1 -> APIC 0x0086 -> Node 1
Jul 14 11:20:03 172.20.224.101 kernel: [    0.018115] SRAT: PXM 1 -> APIC 0x0087 -> Node 1
Jul 14 11:20:03 172.20.224.101 kernel: [    0.018116] SRAT: PXM 1 -> APIC 0x0088 -> Node 1
Jul 14 11:20:03 172.20.224.101 kernel: [    0.018117] SRAT: PXM 1 -> APIC 0x0089 -> Node 1
Jul 14 11:20:03 172.20.224.101 kernel: [    0.018118] SRAT: PXM 1 -> APIC 0x008a -> Node 1
Jul 14 11:20:03 172.20.224.101 kernel: [    0.018120] SRAT: PXM 1 -> APIC 0x008b -> Node 1
Jul 14 11:20:03 172.20.224.101 kernel: [    0.018121] SRAT: PXM 1 -> APIC 0x008c -> Node 1
Jul 14 11:20:03 172.20.224.101 kernel: [    0.018122] SRAT: PXM 1 -> APIC 0x008d -> Node 1
Jul 14 11:20:03 172.20.224.101 kernel: [    0.018123] SRAT: PXM 1 -> APIC 0x008e -> Node 1
Jul 14 11:20:03 172.20.224.101 kernel: [    0.018124] SRAT: PXM 1 -> APIC 0x008f -> Node 1
Jul 14 11:20:03 172.20.224.101 kernel: [    0.018126] SRAT: PXM 1 -> APIC 0x0090 -> Node 1
Jul 14 11:20:03 172.20.224.101 kernel: [    0.018127] SRAT: PXM 1 -> APIC 0x0091 -> Node 1
Jul 14 11:20:03 172.20.224.101 kernel: [    0.018128] SRAT: PXM 1 -> APIC 0x0092 -> Node 1
Jul 14 11:20:03 172.20.224.101 kernel: [    0.018129] SRAT: PXM 1 -> APIC 0x0093 -> Node 1
Jul 14 11:20:03 172.20.224.101 kernel: [    0.018130] SRAT: PXM 1 -> APIC 0x0094 -> Node 1
Jul 14 11:20:03 172.20.224.101 kernel: [    0.018132] SRAT: PXM 1 -> APIC 0x0095 -> Node 1
Jul 14 11:20:03 172.20.224.101 kernel: [    0.018133] SRAT: PXM 1 -> APIC 0x0096 -> Node 1
Jul 14 11:20:03 172.20.224.101 kernel: [    0.018134] SRAT: PXM 1 -> APIC 0x0097 -> Node 1
Jul 14 11:20:03 172.20.224.101 kernel: [    0.018135] SRAT: PXM 1 -> APIC 0x0098 -> Node 1
Jul 14 11:20:03 172.20.224.101 kernel: [    0.018136] SRAT: PXM 1 -> APIC 0x0099 -> Node 1
Jul 14 11:20:03 172.20.224.101 kernel: [    0.018138] SRAT: PXM 1 -> APIC 0x009a -> Node 1
Jul 14 11:20:03 172.20.224.101 kernel: [    0.018139] SRAT: PXM 1 -> APIC 0x009b -> Node 1
Jul 14 11:20:03 172.20.224.101 kernel: [    0.018140] SRAT: PXM 1 -> APIC 0x009c -> Node 1
Jul 14 11:20:03 172.20.224.101 kernel: [    0.018141] SRAT: PXM 1 -> APIC 0x009d -> Node 1
Jul 14 11:20:03 172.20.224.101 kernel: [    0.018142] SRAT: PXM 1 -> APIC 0x009e -> Node 1
Jul 14 11:20:03 172.20.224.101 kernel: [    0.018144] SRAT: PXM 1 -> APIC 0x009f -> Node 1
Jul 14 11:20:03 172.20.224.101 kernel: [    0.018145] SRAT: PXM 1 -> APIC 0x00a0 -> Node 1
Jul 14 11:20:03 172.20.224.101 kernel: [    0.018146] SRAT: PXM 1 -> APIC 0x00a1 -> Node 1
Jul 14 11:20:03 172.20.224.101 kernel: [    0.018147] SRAT: PXM 1 -> APIC 0x00a2 -> Node 1
Jul 14 11:20:03 172.20.224.101 kernel: [    0.018148] SRAT: PXM 1 -> APIC 0x00a3 -> Node 1
Jul 14 11:20:03 172.20.224.101 kernel: [    0.018150] SRAT: PXM 1 -> APIC 0x00a4 -> Node 1
Jul 14 11:20:03 172.20.224.101 kernel: [    0.018151] SRAT: PXM 1 -> APIC 0x00a5 -> Node 1
Jul 14 11:20:03 172.20.224.101 kernel: [    0.018152] SRAT: PXM 1 -> APIC 0x00a6 -> Node 1
Jul 14 11:20:03 172.20.224.101 kernel: [    0.018153] SRAT: PXM 1 -> APIC 0x00a7 -> Node 1
Jul 14 11:20:03 172.20.224.101 kernel: [    0.018155] SRAT: PXM 1 -> APIC 0x00a8 -> Node 1
Jul 14 11:20:03 172.20.224.101 kernel: [    0.018156] SRAT: PXM 1 -> APIC 0x00a9 -> Node 1
Jul 14 11:20:03 172.20.224.101 kernel: [    0.018157] SRAT: PXM 1 -> APIC 0x00aa -> Node 1
Jul 14 11:20:03 172.20.224.101 kernel: [    0.018158] SRAT: PXM 1 -> APIC 0x00ab -> Node 1
Jul 14 11:20:03 172.20.224.101 kernel: [    0.018159] SRAT: PXM 1 -> APIC 0x00ac -> Node 1
Jul 14 11:20:03 172.20.224.101 kernel: [    0.018161] SRAT: PXM 1 -> APIC 0x00ad -> Node 1
Jul 14 11:20:03 172.20.224.101 kernel: [    0.018162] SRAT: PXM 1 -> APIC 0x00ae -> Node 1
Jul 14 11:20:03 172.20.224.101 kernel: [    0.018163] SRAT: PXM 1 -> APIC 0x00af -> Node 1
Jul 14 11:20:03 172.20.224.101 kernel: [    0.018164] SRAT: PXM 1 -> APIC 0x00b0 -> Node 1
Jul 14 11:20:03 172.20.224.101 kernel: [    0.018165] SRAT: PXM 1 -> APIC 0x00b1 -> Node 1
Jul 14 11:20:03 172.20.224.101 kernel: [    0.018167] SRAT: PXM 1 -> APIC 0x00b2 -> Node 1
Jul 14 11:20:03 172.20.224.101 kernel: [    0.018168] SRAT: PXM 1 -> APIC 0x00b3 -> Node 1
Jul 14 11:20:03 172.20.224.101 kernel: [    0.018169] SRAT: PXM 1 -> APIC 0x00b4 -> Node 1
Jul 14 11:20:03 172.20.224.101 kernel: [    0.018170] SRAT: PXM 1 -> APIC 0x00b5 -> Node 1
Jul 14 11:20:03 172.20.224.101 kernel: [    0.018171] SRAT: PXM 1 -> APIC 0x00b6 -> Node 1
Jul 14 11:20:03 172.20.224.101 kernel: [    0.018173] SRAT: PXM 1 -> APIC 0x00b7 -> Node 1
Jul 14 11:20:03 172.20.224.101 kernel: [    0.018174] SRAT: PXM 1 -> APIC 0x00b8 -> Node 1
Jul 14 11:20:03 172.20.224.101 kernel: [    0.018175] SRAT: PXM 1 -> APIC 0x00b9 -> Node 1
Jul 14 11:20:03 172.20.224.101 kernel: [    0.018176] SRAT: PXM 1 -> APIC 0x00ba -> Node 1
Jul 14 11:20:03 172.20.224.101 kernel: [    0.018177] SRAT: PXM 1 -> APIC 0x00bb -> Node 1
Jul 14 11:20:03 172.20.224.101 kernel: [    0.018179] SRAT: PXM 1 -> APIC 0x00bc -> Node 1
Jul 14 11:20:03 172.20.224.101 kernel: [    0.018180] SRAT: PXM 1 -> APIC 0x00bd -> Node 1
Jul 14 11:20:03 172.20.224.101 kernel: [    0.018181] SRAT: PXM 1 -> APIC 0x00be -> Node 1
Jul 14 11:20:03 172.20.224.101 kernel: [    0.018182] SRAT: PXM 1 -> APIC 0x00bf -> Node 1
Jul 14 11:20:03 172.20.224.101 kernel: [    0.018183] SRAT: PXM 1 -> APIC 0x00c0 -> Node 1
Jul 14 11:20:03 172.20.224.101 kernel: [    0.018184] SRAT: PXM 1 -> APIC 0x00c1 -> Node 1
Jul 14 11:20:03 172.20.224.101 kernel: [    0.018186] SRAT: PXM 1 -> APIC 0x00c2 -> Node 1
Jul 14 11:20:03 172.20.224.101 kernel: [    0.018187] SRAT: PXM 1 -> APIC 0x00c3 -> Node 1
Jul 14 11:20:03 172.20.224.101 kernel: [    0.018188] SRAT: PXM 1 -> APIC 0x00c4 -> Node 1
Jul 14 11:20:03 172.20.224.101 kernel: [    0.018189] SRAT: PXM 1 -> APIC 0x00c5 -> Node 1
Jul 14 11:20:03 172.20.224.101 kernel: [    0.018190] SRAT: PXM 1 -> APIC 0x00c6 -> Node 1
Jul 14 11:20:03 172.20.224.101 kernel: [    0.018192] SRAT: PXM 1 -> APIC 0x00c7 -> Node 1
Jul 14 11:20:03 172.20.224.101 kernel: [    0.018193] SRAT: PXM 1 -> APIC 0x00c8 -> Node 1
Jul 14 11:20:03 172.20.224.101 kernel: [    0.018194] SRAT: PXM 1 -> APIC 0x00c9 -> Node 1
Jul 14 11:20:03 172.20.224.101 kernel: [    0.018195] SRAT: PXM 1 -> APIC 0x00ca -> Node 1
Jul 14 11:20:03 172.20.224.101 kernel: [    0.018196] SRAT: PXM 1 -> APIC 0x00cb -> Node 1
Jul 14 11:20:03 172.20.224.101 kernel: [    0.018198] SRAT: PXM 1 -> APIC 0x00cc -> Node 1
Jul 14 11:20:03 172.20.224.101 kernel: [    0.018199] SRAT: PXM 1 -> APIC 0x00cd -> Node 1
Jul 14 11:20:03 172.20.224.101 kernel: [    0.018200] SRAT: PXM 1 -> APIC 0x00ce -> Node 1
Jul 14 11:20:03 172.20.224.101 kernel: [    0.018201] SRAT: PXM 1 -> APIC 0x00cf -> Node 1
Jul 14 11:20:03 172.20.224.101 kernel: [    0.018202] SRAT: PXM 1 -> APIC 0x00d0 -> Node 1
Jul 14 11:20:03 172.20.224.101 kernel: [    0.018204] SRAT: PXM 1 -> APIC 0x00d1 -> Node 1
Jul 14 11:20:03 172.20.224.101 kernel: [    0.018205] SRAT: PXM 1 -> APIC 0x00d2 -> Node 1
Jul 14 11:20:03 172.20.224.101 kernel: [    0.018206] SRAT: PXM 1 -> APIC 0x00d3 -> Node 1
Jul 14 11:20:03 172.20.224.101 kernel: [    0.018207] SRAT: PXM 1 -> APIC 0x00d4 -> Node 1
Jul 14 11:20:03 172.20.224.101 kernel: [    0.018208] SRAT: PXM 1 -> APIC 0x00d5 -> Node 1
Jul 14 11:20:03 172.20.224.101 kernel: [    0.018210] SRAT: PXM 1 -> APIC 0x00d6 -> Node 1
Jul 14 11:20:03 172.20.224.101 kernel: [    0.018211] SRAT: PXM 1 -> APIC 0x00d7 -> Node 1
Jul 14 11:20:03 172.20.224.101 kernel: [    0.018212] SRAT: PXM 1 -> APIC 0x00d8 -> Node 1
Jul 14 11:20:03 172.20.224.101 kernel: [    0.018213] SRAT: PXM 1 -> APIC 0x00d9 -> Node 1
Jul 14 11:20:03 172.20.224.101 kernel: [    0.018214] SRAT: PXM 1 -> APIC 0x00da -> Node 1
Jul 14 11:20:03 172.20.224.101 kernel: [    0.018216] SRAT: PXM 1 -> APIC 0x00db -> Node 1
Jul 14 11:20:03 172.20.224.101 kernel: [    0.018217] SRAT: PXM 1 -> APIC 0x00dc -> Node 1
Jul 14 11:20:03 172.20.224.101 kernel: [    0.018218] SRAT: PXM 1 -> APIC 0x00dd -> Node 1
Jul 14 11:20:03 172.20.224.101 kernel: [    0.018219] SRAT: PXM 1 -> APIC 0x00de -> Node 1
Jul 14 11:20:03 172.20.224.101 kernel: [    0.018220] SRAT: PXM 1 -> APIC 0x00df -> Node 1
Jul 14 11:20:03 172.20.224.101 kernel: [    0.018221] SRAT: PXM 1 -> APIC 0x00e0 -> Node 1
Jul 14 11:20:03 172.20.224.101 kernel: [    0.018223] SRAT: PXM 1 -> APIC 0x00e1 -> Node 1
Jul 14 11:20:03 172.20.224.101 kernel: [    0.018224] SRAT: PXM 1 -> APIC 0x00e2 -> Node 1
Jul 14 11:20:03 172.20.224.101 kernel: [    0.018225] SRAT: PXM 1 -> APIC 0x00e3 -> Node 1
Jul 14 11:20:03 172.20.224.101 kernel: [    0.018226] SRAT: PXM 1 -> APIC 0x00e4 -> Node 1
Jul 14 11:20:03 172.20.224.101 kernel: [    0.018227] SRAT: PXM 1 -> APIC 0x00e5 -> Node 1
Jul 14 11:20:03 172.20.224.101 kernel: [    0.018229] SRAT: PXM 1 -> APIC 0x00e6 -> Node 1
Jul 14 11:20:03 172.20.224.101 kernel: [    0.018230] SRAT: PXM 1 -> APIC 0x00e7 -> Node 1
Jul 14 11:20:03 172.20.224.101 kernel: [    0.018231] SRAT: PXM 1 -> APIC 0x00e8 -> Node 1
Jul 14 11:20:03 172.20.224.101 kernel: [    0.018232] SRAT: PXM 1 -> APIC 0x00e9 -> Node 1
Jul 14 11:20:03 172.20.224.101 kernel: [    0.018233] SRAT: PXM 1 -> APIC 0x00ea -> Node 1
Jul 14 11:20:03 172.20.224.101 kernel: [    0.018235] SRAT: PXM 1 -> APIC 0x00eb -> Node 1
Jul 14 11:20:03 172.20.224.101 kernel: [    0.018236] SRAT: PXM 1 -> APIC 0x00ec -> Node 1
Jul 14 11:20:03 172.20.224.101 kernel: [    0.018237] SRAT: PXM 1 -> APIC 0x00ed -> Node 1
Jul 14 11:20:03 172.20.224.101 kernel: [    0.018238] SRAT: PXM 1 -> APIC 0x00ee -> Node 1
Jul 14 11:20:03 172.20.224.101 kernel: [    0.018239] SRAT: PXM 1 -> APIC 0x00ef -> Node 1
Jul 14 11:20:03 172.20.224.101 kernel: [    0.018257] ACPI: SRAT: Node 0 PXM 0 [mem 0x00000000-0x7fffffff]
Jul 14 11:20:03 172.20.224.101 kernel: [    0.018260] ACPI: SRAT: Node 0 PXM 0 [mem 0x100000000-0x1007fffffff]
Jul 14 11:20:03 172.20.224.101 kernel: [    0.018262] ACPI: SRAT: Node 1 PXM 1 [mem 0x10080000000-0x2007fffffff]
Jul 14 11:20:03 172.20.224.101 kernel: [    0.018280] NUMA: Initialized distance table, cnt=2
Jul 14 11:20:03 172.20.224.101 kernel: [    0.018282] NUMA: Node 0 [mem 0x00000000-0x7fffffff] + [mem 0x100000000-0x1007fffffff] -> [mem 0x00000000-0x1007fffffff]
Jul 14 11:20:03 172.20.224.101 kernel: [    0.018296] NODE_DATA(0) allocated [mem 0x1007ffd6000-0x1007fffffff]
Jul 14 11:20:03 172.20.224.101 kernel: [    0.018316] NODE_DATA(1) allocated [mem 0x2007ffd2000-0x2007fffbfff]
Jul 14 11:20:03 172.20.224.101 kernel: [    0.021834] Zone ranges:
Jul 14 11:20:03 172.20.224.101 kernel: [    0.021837]   DMA      [mem 0x0000000000001000-0x0000000000ffffff]
Jul 14 11:20:03 172.20.224.101 kernel: [    0.021840]   DMA32    [mem 0x0000000001000000-0x00000000ffffffff]
Jul 14 11:20:03 172.20.224.101 kernel: [    0.021842]   Normal   [mem 0x0000000100000000-0x000002007fffffff]
Jul 14 11:20:03 172.20.224.101 kernel: [    0.021845]   Device   empty
Jul 14 11:20:03 172.20.224.101 kernel: [    0.021846] Movable zone start for each node
Jul 14 11:20:03 172.20.224.101 kernel: [    0.021850] Early memory node ranges
Jul 14 11:20:03 172.20.224.101 kernel: [    0.021851]   node   0: [mem 0x0000000000001000-0x000000000009ffff]
Jul 14 11:20:03 172.20.224.101 kernel: [    0.021854]   node   0: [mem 0x0000000000100000-0x000000006868cfff]
Jul 14 11:20:03 172.20.224.101 kernel: [    0.021856]   node   0: [mem 0x0000000068690000-0x000000006f702fff]
Jul 14 11:20:03 172.20.224.101 kernel: [    0.021857]   node   0: [mem 0x00000000777ff000-0x00000000777fffff]
Jul 14 11:20:03 172.20.224.101 kernel: [    0.021858]   node   0: [mem 0x0000000100000000-0x000001007fffffff]
Jul 14 11:20:03 172.20.224.101 kernel: [    0.021991]   node   1: [mem 0x0000010080000000-0x000002007fffffff]
Jul 14 11:20:03 172.20.224.101 kernel: [    0.022124] Initmem setup node 0 [mem 0x0000000000001000-0x000001007fffffff]
Jul 14 11:20:03 172.20.224.101 kernel: [    0.022129] Initmem setup node 1 [mem 0x0000010080000000-0x000002007fffffff]
Jul 14 11:20:03 172.20.224.101 kernel: [    0.022135] On node 0, zone DMA: 1 pages in unavailable ranges
Jul 14 11:20:03 172.20.224.101 kernel: [    0.022178] On node 0, zone DMA: 96 pages in unavailable ranges
Jul 14 11:20:03 172.20.224.101 kernel: [    0.026734] On node 0, zone DMA32: 3 pages in unavailable ranges
Jul 14 11:20:03 172.20.224.101 kernel: [    0.027287] On node 0, zone DMA32: 33020 pages in unavailable ranges
Jul 14 11:20:03 172.20.224.101 kernel: [    2.747228] On node 0, zone Normal: 2048 pages in unavailable ranges
Jul 14 11:20:03 172.20.224.101 kernel: [    6.266282] ACPI: PM-Timer IO Port: 0x508
Jul 14 11:20:03 172.20.224.101 kernel: [    6.266329] ACPI: X2APIC_NMI (uid[0xffffffff] high edge lint[0x1])
Jul 14 11:20:03 172.20.224.101 kernel: [    6.266334] ACPI: LAPIC_NMI (acpi_id[0xff] high edge lint[0x1])
Jul 14 11:20:03 172.20.224.101 kernel: [    6.266355] IOAPIC[0]: apic_id 8, version 32, address 0xfec00000, GSI 0-23
Jul 14 11:20:03 172.20.224.101 kernel: [    6.266361] ACPI: INT_SRC_OVR (bus 0 bus_irq 0 global_irq 2 dfl dfl)
Jul 14 11:20:03 172.20.224.101 kernel: [    6.266363] ACPI: INT_SRC_OVR (bus 0 bus_irq 9 global_irq 9 high level)
Jul 14 11:20:03 172.20.224.101 kernel: [    6.266370] ACPI: Using ACPI (MADT) for SMP configuration information
Jul 14 11:20:03 172.20.224.101 kernel: [    6.266371] ACPI: HPET id: 0x8086a701 base: 0xfed00000
Jul 14 11:20:03 172.20.224.101 kernel: [    6.266377] ACPI: SPCR: console: uart,io,0x3f8,115200
Jul 14 11:20:03 172.20.224.101 kernel: [    6.266380] TSC deadline timer available
Jul 14 11:20:03 172.20.224.101 kernel: [    6.266382] smpboot: Allowing 224 CPUs, 0 hotplug CPUs
Jul 14 11:20:03 172.20.224.101 kernel: [    6.266413] PM: hibernation: Registered nosave memory: [mem 0x00000000-0x00000fff]
Jul 14 11:20:03 172.20.224.101 kernel: [    6.266416] PM: hibernation: Registered nosave memory: [mem 0x000a0000-0x000fffff]
Jul 14 11:20:03 172.20.224.101 kernel: [    6.266419] PM: hibernation: Registered nosave memory: [mem 0x62cbe000-0x62cbefff]
Jul 14 11:20:03 172.20.224.101 kernel: [    6.266422] PM: hibernation: Registered nosave memory: [mem 0x62d11000-0x62d11fff]
Jul 14 11:20:03 172.20.224.101 kernel: [    6.266424] PM: hibernation: Registered nosave memory: [mem 0x62d12000-0x62d12fff]
Jul 14 11:20:03 172.20.224.101 kernel: [    6.266426] PM: hibernation: Registered nosave memory: [mem 0x62d65000-0x62d65fff]
Jul 14 11:20:03 172.20.224.101 kernel: [    6.266428] PM: hibernation: Registered nosave memory: [mem 0x62d66000-0x62d66fff]
Jul 14 11:20:03 172.20.224.101 kernel: [    6.266430] PM: hibernation: Registered nosave memory: [mem 0x62e25000-0x62e25fff]
Jul 14 11:20:03 172.20.224.101 kernel: [    6.266431] PM: hibernation: Registered nosave memory: [mem 0x62e26000-0x62e26fff]
Jul 14 11:20:03 172.20.224.101 kernel: [    6.266434] PM: hibernation: Registered nosave memory: [mem 0x62ee5000-0x62ee5fff]
Jul 14 11:20:03 172.20.224.101 kernel: [    6.266437] PM: hibernation: Registered nosave memory: [mem 0x62ffd000-0x62ffdfff]
Jul 14 11:20:03 172.20.224.101 kernel: [    6.266439] PM: hibernation: Registered nosave memory: [mem 0x630bc000-0x630bcfff]
Jul 14 11:20:03 172.20.224.101 kernel: [    6.266442] PM: hibernation: Registered nosave memory: [mem 0x63c5c000-0x63c5cfff]
Jul 14 11:20:03 172.20.224.101 kernel: [    6.266445] PM: hibernation: Registered nosave memory: [mem 0x63d1b000-0x63d1bfff]
Jul 14 11:20:03 172.20.224.101 kernel: [    6.266446] PM: hibernation: Registered nosave memory: [mem 0x63d1c000-0x63d1cfff]
Jul 14 11:20:03 172.20.224.101 kernel: [    6.266449] PM: hibernation: Registered nosave memory: [mem 0x63d54000-0x63d54fff]
Jul 14 11:20:03 172.20.224.101 kernel: [    6.266451] PM: hibernation: Registered nosave memory: [mem 0x6868d000-0x6868ffff]
Jul 14 11:20:03 172.20.224.101 kernel: [    6.266454] PM: hibernation: Registered nosave memory: [mem 0x6f703000-0x71802fff]
Jul 14 11:20:03 172.20.224.101 kernel: [    6.266455] PM: hibernation: Registered nosave memory: [mem 0x71803000-0x72102fff]
Jul 14 11:20:03 172.20.224.101 kernel: [    6.266457] PM: hibernation: Registered nosave memory: [mem 0x72103000-0x7530efff]
Jul 14 11:20:03 172.20.224.101 kernel: [    6.266458] PM: hibernation: Registered nosave memory: [mem 0x7530f000-0x777fefff]
Jul 14 11:20:03 172.20.224.101 kernel: [    6.266460] PM: hibernation: Registered nosave memory: [mem 0x77800000-0x8fffffff]
Jul 14 11:20:03 172.20.224.101 kernel: [    6.266462] PM: hibernation: Registered nosave memory: [mem 0x90000000-0xfe00ffff]
Jul 14 11:20:03 172.20.224.101 kernel: [    6.266463] PM: hibernation: Registered nosave memory: [mem 0xfe010000-0xfe010fff]
Jul 14 11:20:03 172.20.224.101 kernel: [    6.266464] PM: hibernation: Registered nosave memory: [mem 0xfe011000-0xfeffffff]
Jul 14 11:20:03 172.20.224.101 kernel: [    6.266465] PM: hibernation: Registered nosave memory: [mem 0xff000000-0xffffffff]
Jul 14 11:20:03 172.20.224.101 kernel: [    6.266468] [mem 0x90000000-0xfe00ffff] available for PCI devices
Jul 14 11:20:03 172.20.224.101 kernel: [    6.266470] Booting paravirtualized kernel on bare hardware
Jul 14 11:20:03 172.20.224.101 kernel: [    6.266473] clocksource: refined-jiffies: mask: 0xffffffff max_cycles: 0xffffffff, max_idle_ns: 7645519600211568 ns
Jul 14 11:20:03 172.20.224.101 kernel: [    6.266483] setup_percpu: NR_CPUS:8192 nr_cpumask_bits:224 nr_cpu_ids:224 nr_node_ids:2
Jul 14 11:20:03 172.20.224.101 kernel: [    6.278205] percpu: Embedded 62 pages/cpu s217088 r8192 d28672 u262144
Jul 14 11:20:03 172.20.224.101 kernel: [    6.278225] pcpu-alloc: s217088 r8192 d28672 u262144 alloc=1*2097152
Jul 14 11:20:03 172.20.224.101 kernel: [    6.278228] pcpu-alloc: [0] 000 001 002 003 004 005 006 007 
Jul 14 11:20:03 172.20.224.101 kernel: [    6.278236] pcpu-alloc: [0] 008 009 010 011 012 013 014 015 
Jul 14 11:20:03 172.20.224.101 kernel: [    6.278243] pcpu-alloc: [0] 016 017 018 019 020 021 022 023 
Jul 14 11:20:03 172.20.224.101 kernel: [    6.278250] pcpu-alloc: [0] 024 025 026 027 028 029 030 031 
Jul 14 11:20:03 172.20.224.101 kernel: [    6.278256] pcpu-alloc: [0] 032 033 034 035 036 037 038 039 
Jul 14 11:20:03 172.20.224.101 kernel: [    6.278262] pcpu-alloc: [0] 040 041 042 043 044 045 046 047 
Jul 14 11:20:03 172.20.224.101 kernel: [    6.278268] pcpu-alloc: [0] 048 049 050 051 052 053 054 055 
Jul 14 11:20:03 172.20.224.101 kernel: [    6.278274] pcpu-alloc: [0] 112 113 114 115 116 117 118 119 
Jul 14 11:20:03 172.20.224.101 kernel: [    6.278281] pcpu-alloc: [0] 120 121 122 123 124 125 126 127 
Jul 14 11:20:03 172.20.224.101 kernel: [    6.278287] pcpu-alloc: [0] 128 129 130 131 132 133 134 135 
Jul 14 11:20:03 172.20.224.101 kernel: [    6.278293] pcpu-alloc: [0] 136 137 138 139 140 141 142 143 
Jul 14 11:20:03 172.20.224.101 kernel: [    6.278299] pcpu-alloc: [0] 144 145 146 147 148 149 150 151 
Jul 14 11:20:03 172.20.224.101 kernel: [    6.278306] pcpu-alloc: [0] 152 153 154 155 156 157 158 159 
Jul 14 11:20:03 172.20.224.101 kernel: [    6.278312] pcpu-alloc: [0] 160 161 162 163 164 165 166 167 
Jul 14 11:20:03 172.20.224.101 kernel: [    6.278318] pcpu-alloc: [1] 056 057 058 059 060 061 062 063 
Jul 14 11:20:03 172.20.224.101 kernel: [    6.278325] pcpu-alloc: [1] 064 065 066 067 068 069 070 071 
Jul 14 11:20:03 172.20.224.101 kernel: [    6.278331] pcpu-alloc: [1] 072 073 074 075 076 077 078 079 
Jul 14 11:20:03 172.20.224.101 kernel: [    6.278337] pcpu-alloc: [1] 080 081 082 083 084 085 086 087 
Jul 14 11:20:03 172.20.224.101 kernel: [    6.278343] pcpu-alloc: [1] 088 089 090 091 092 093 094 095 
Jul 14 11:20:03 172.20.224.101 kernel: [    6.278349] pcpu-alloc: [1] 096 097 098 099 100 101 102 103 
Jul 14 11:20:03 172.20.224.101 kernel: [    6.278356] pcpu-alloc: [1] 104 105 106 107 108 109 110 111 
Jul 14 11:20:03 172.20.224.101 kernel: [    6.278362] pcpu-alloc: [1] 168 169 170 171 172 173 174 175 
Jul 14 11:20:03 172.20.224.101 kernel: [    6.278368] pcpu-alloc: [1] 176 177 178 179 180 181 182 183 
Jul 14 11:20:03 172.20.224.101 kernel: [    6.278375] pcpu-alloc: [1] 184 185 186 187 188 189 190 191 
Jul 14 11:20:03 172.20.224.101 kernel: [    6.278381] pcpu-alloc: [1] 192 193 194 195 196 197 198 199 
Jul 14 11:20:03 172.20.224.101 kernel: [    6.278387] pcpu-alloc: [1] 200 201 202 203 204 205 206 207 
Jul 14 11:20:03 172.20.224.101 kernel: [    6.278393] pcpu-alloc: [1] 208 209 210 211 212 213 214 215 
Jul 14 11:20:03 172.20.224.101 kernel: [    6.278400] pcpu-alloc: [1] 216 217 218 219 220 221 222 223 
Jul 14 11:20:03 172.20.224.101 kernel: [    6.278486] Built 2 zonelists, mobility grouping on.  Total pages: 528415268
Jul 14 11:20:03 172.20.224.101 kernel: [    6.278489] Policy zone: Normal
Jul 14 11:20:03 172.20.224.101 kernel: [    6.278491] Kernel command line: BOOT_IMAGE=(tftp)/category/vmlinuz.dgx-h200 nouveau.modeset=0 nvme_core.multipath=n console=tty0 rw BOOTIF=01-c4-70-bd-d9-73-31 ip=172.20.224.101:172.20.224.14:0xac14e001:0xffffff00
Jul 14 11:20:03 172.20.224.101 kernel: [    6.278612] Unknown kernel command line parameters "BOOT_IMAGE=(tftp)/category/vmlinuz.dgx-h200 BOOTIF=01-c4-70-bd-d9-73-31 ip=172.20.224.101:172.20.224.14:0xac14e001:0xffffff00", will be passed to user space.
Jul 14 11:20:03 172.20.224.101 kernel: [    6.278616] printk: log_buf_len individual max cpu contribution: 4096 bytes
Jul 14 11:20:03 172.20.224.101 kernel: [    6.278617] printk: log_buf_len total cpu_extra contributions: 913408 bytes
Jul 14 11:20:03 172.20.224.101 kernel: [    6.278619] printk: log_buf_len min size: 262144 bytes
Jul 14 11:20:03 172.20.224.101 kernel: [    6.280917] printk: log_buf_len: 2097152 bytes
Jul 14 11:20:03 172.20.224.101 kernel: [    6.280919] printk: early log buf free: 222360(84%)
Jul 14 11:20:03 172.20.224.101 kernel: [    6.288321] mem auto-init: stack:off, heap alloc:on, heap free:off
Jul 14 11:20:03 172.20.224.101 kernel: [   11.323512] Memory: 2113153880K/2147211904K available (16392K kernel code, 4400K rwdata, 11004K rodata, 3376K init, 18688K bss, 34057820K reserved, 0K cma-reserved)
Jul 14 11:20:03 172.20.224.101 kernel: [   11.326770] SLUB: HWalign=64, Order=0-3, MinObjects=0, CPUs=224, Nodes=2
Jul 14 11:20:03 172.20.224.101 kernel: [   11.326877] ftrace: allocating 50824 entries in 199 pages
Jul 14 11:20:03 172.20.224.101 kernel: [   11.363216] ftrace: allocated 199 pages with 5 groups
Jul 14 11:20:03 172.20.224.101 kernel: [   11.364511] rcu: Hierarchical RCU implementation.
Jul 14 11:20:03 172.20.224.101 kernel: [   11.364513] rcu: #011RCU restricting CPUs from NR_CPUS=8192 to nr_cpu_ids=224.
Jul 14 11:20:03 172.20.224.101 kernel: [   11.364516] #011Rude variant of Tasks RCU enabled.
Jul 14 11:20:03 172.20.224.101 kernel: [   11.364517] #011Tracing variant of Tasks RCU enabled.
Jul 14 11:20:03 172.20.224.101 kernel: [   11.364518] rcu: RCU calculated value of scheduler-enlistment delay is 25 jiffies.
Jul 14 11:20:03 172.20.224.101 kernel: [   11.364519] rcu: Adjusting geometry for rcu_fanout_leaf=16, nr_cpu_ids=224
Jul 14 11:20:03 172.20.224.101 kernel: [   11.370410] NR_IRQS: 524544, nr_irqs: 2216, preallocated irqs: 16
Jul 14 11:20:03 172.20.224.101 kernel: [   11.371109] random: crng init done
Jul 14 11:20:03 172.20.224.101 kernel: [   11.371570] Console: colour dummy device 80x25
Jul 14 11:20:03 172.20.224.101 kernel: [   11.372317] printk: console [tty0] enabled
Jul 14 11:20:03 172.20.224.101 kernel: [   11.372701] mempolicy: Enabling automatic NUMA balancing. Configure with numa_balancing= or the kernel.numa_balancing sysctl
Jul 14 11:20:03 172.20.224.101 kernel: [   11.372710] ACPI: Core revision 20210730
Jul 14 11:20:03 172.20.224.101 kernel: [   11.375195] clocksource: hpet: mask: 0xffffffff max_cycles: 0xffffffff, max_idle_ns: 76450417870 ns
Jul 14 11:20:03 172.20.224.101 kernel: [   11.375252] APIC: Switch to symmetric I/O mode setup
Jul 14 11:20:03 172.20.224.101 kernel: [   11.375256] DMAR: Host address width 52
Jul 14 11:20:03 172.20.224.101 kernel: [   11.375259] DMAR: DRHD base: 0x000000da7fc000 flags: 0x0
Jul 14 11:20:03 172.20.224.101 kernel: [   11.375267] DMAR: dmar0: reg_base_addr da7fc000 ver 6:0 cap 19ed008c40780c66 ecap 3ee9e86f050df
Jul 14 11:20:03 172.20.224.101 kernel: [   11.375272] DMAR: DRHD base: 0x000000ea7fc000 flags: 0x0
Jul 14 11:20:03 172.20.224.101 kernel: [   11.375277] DMAR: dmar1: reg_base_addr ea7fc000 ver 6:0 cap 19ed008c40780c66 ecap 3ee9e86f050df
Jul 14 11:20:03 172.20.224.101 kernel: [   11.375282] DMAR: DRHD base: 0x000000ef7fc000 flags: 0x0
Jul 14 11:20:03 172.20.224.101 kernel: [   11.375286] DMAR: dmar2: reg_base_addr ef7fc000 ver 6:0 cap 19ed008c40780c66 ecap 3ee9e86f050df
Jul 14 11:20:03 172.20.224.101 kernel: [   11.375291] DMAR: DRHD base: 0x000000f47fc000 flags: 0x0
Jul 14 11:20:03 172.20.224.101 kernel: [   11.375297] DMAR: dmar3: reg_base_addr f47fc000 ver 6:0 cap 19ed008c40780c66 ecap 3ee9e86f050df
Jul 14 11:20:03 172.20.224.101 kernel: [   11.375301] DMAR: DRHD base: 0x000000f97fc000 flags: 0x0
Jul 14 11:20:03 172.20.224.101 kernel: [   11.375305] DMAR: dmar4: reg_base_addr f97fc000 ver 6:0 cap 19ed008c40780c66 ecap 3ee9e86f050df
Jul 14 11:20:03 172.20.224.101 kernel: [   11.375309] DMAR: DRHD base: 0x000000d57fc000 flags: 0x0
Jul 14 11:20:03 172.20.224.101 kernel: [   11.375314] DMAR: dmar5: reg_base_addr d57fc000 ver 6:0 cap 19ed008c40780c66 ecap 3ee9e86f050df
Jul 14 11:20:03 172.20.224.101 kernel: [   11.375318] DMAR: DRHD base: 0x000000f9ffc000 flags: 0x0
Jul 14 11:20:03 172.20.224.101 kernel: [   11.375322] DMAR: dmar6: reg_base_addr f9ffc000 ver 6:0 cap 19ed008c40780c66 ecap 3ef9ea6f050df
Jul 14 11:20:03 172.20.224.101 kernel: [   11.375326] DMAR: DRHD base: 0x000000fa7fc000 flags: 0x0
Jul 14 11:20:03 172.20.224.101 kernel: [   11.375331] DMAR: dmar7: reg_base_addr fa7fc000 ver 6:0 cap 19ed008c40780c66 ecap 3ef9ea6f050df
Jul 14 11:20:03 172.20.224.101 kernel: [   11.375335] DMAR: DRHD base: 0x000000faffc000 flags: 0x0
Jul 14 11:20:03 172.20.224.101 kernel: [   11.375348] DMAR: dmar8: reg_base_addr faffc000 ver 6:0 cap 19ed008c40780c66 ecap 3ef9ea6f050df
Jul 14 11:20:03 172.20.224.101 kernel: [   11.375352] DMAR: DRHD base: 0x000000fb7fc000 flags: 0x0
Jul 14 11:20:03 172.20.224.101 kernel: [   11.375356] DMAR: dmar9: reg_base_addr fb7fc000 ver 6:0 cap 19ed008c40780c66 ecap 3ef9ea6f050df
Jul 14 11:20:03 172.20.224.101 kernel: [   11.375360] DMAR: DRHD base: 0x000000afffc000 flags: 0x0
Jul 14 11:20:03 172.20.224.101 kernel: [   11.375365] DMAR: dmar10: reg_base_addr afffc000 ver 6:0 cap 19ed008c40780c66 ecap 3ee9e86f050df
Jul 14 11:20:03 172.20.224.101 kernel: [   11.375369] DMAR: DRHD base: 0x000000bfffc000 flags: 0x0
Jul 14 11:20:03 172.20.224.101 kernel: [   11.375375] DMAR: dmar11: reg_base_addr bfffc000 ver 6:0 cap 19ed008c40780c66 ecap 3ee9e86f050df
Jul 14 11:20:03 172.20.224.101 kernel: [   11.375379] DMAR: DRHD base: 0x000000c4ffc000 flags: 0x0
Jul 14 11:20:03 172.20.224.101 kernel: [   11.375383] DMAR: dmar12: reg_base_addr c4ffc000 ver 6:0 cap 19ed008c40780c66 ecap 3ee9e86f050df
Jul 14 11:20:03 172.20.224.101 kernel: [   11.375387] DMAR: DRHD base: 0x000000c9ffc000 flags: 0x0
Jul 14 11:20:03 172.20.224.101 kernel: [   11.375391] DMAR: dmar13: reg_base_addr c9ffc000 ver 6:0 cap 19ed008c40780c66 ecap 3ee9e86f050df
Jul 14 11:20:03 172.20.224.101 kernel: [   11.375396] DMAR: DRHD base: 0x000000ceffc000 flags: 0x0
Jul 14 11:20:03 172.20.224.101 kernel: [   11.375400] DMAR: dmar14: reg_base_addr ceffc000 ver 6:0 cap 19ed008c40780c66 ecap 3ee9e86f050df
Jul 14 11:20:03 172.20.224.101 kernel: [   11.375404] DMAR: DRHD base: 0x000000cf7fc000 flags: 0x0
Jul 14 11:20:03 172.20.224.101 kernel: [   11.375408] DMAR: dmar15: reg_base_addr cf7fc000 ver 6:0 cap 19ed008c40780c66 ecap 3ef9ea6f050df
Jul 14 11:20:03 172.20.224.101 kernel: [   11.375412] DMAR: DRHD base: 0x000000cfffc000 flags: 0x0
Jul 14 11:20:03 172.20.224.101 kernel: [   11.375416] DMAR: dmar16: reg_base_addr cfffc000 ver 6:0 cap 19ed008c40780c66 ecap 3ef9ea6f050df
Jul 14 11:20:03 172.20.224.101 kernel: [   11.375420] DMAR: DRHD base: 0x000000d07fc000 flags: 0x0
Jul 14 11:20:03 172.20.224.101 kernel: [   11.375424] DMAR: dmar17: reg_base_addr d07fc000 ver 6:0 cap 19ed008c40780c66 ecap 3ef9ea6f050df
Jul 14 11:20:03 172.20.224.101 kernel: [   11.375428] DMAR: DRHD base: 0x000000d0ffc000 flags: 0x0
Jul 14 11:20:03 172.20.224.101 kernel: [   11.375432] DMAR: dmar18: reg_base_addr d0ffc000 ver 6:0 cap 19ed008c40780c66 ecap 3ef9ea6f050df
Jul 14 11:20:03 172.20.224.101 kernel: [   11.375436] DMAR: DRHD base: 0x000000aaffc000 flags: 0x1
Jul 14 11:20:03 172.20.224.101 kernel: [   11.375441] DMAR: dmar19: reg_base_addr aaffc000 ver 6:0 cap 19ed008c40780c66 ecap 3ee9e86f050df
Jul 14 11:20:03 172.20.224.101 kernel: [   11.375445] DMAR: RMRR base: 0x00000077290000 end: 0x000000772b2fff
Jul 14 11:20:03 172.20.224.101 kernel: [   11.375448] DMAR: RMRR base: 0x00000076f46000 end: 0x0000007718ffff
Jul 14 11:20:03 172.20.224.101 kernel: [   11.375451] DMAR: ATSR flags: 0x0
Jul 14 11:20:03 172.20.224.101 kernel: [   11.375454] DMAR: RHSA base: 0x000000aaffc000 proximity domain: 0x0
Jul 14 11:20:03 172.20.224.101 kernel: [   11.375457] DMAR: RHSA base: 0x000000afffc000 proximity domain: 0x0
Jul 14 11:20:03 172.20.224.101 kernel: [   11.375459] DMAR: RHSA base: 0x000000bfffc000 proximity domain: 0x0
Jul 14 11:20:03 172.20.224.101 kernel: [   11.375461] DMAR: RHSA base: 0x000000c4ffc000 proximity domain: 0x0
Jul 14 11:20:03 172.20.224.101 kernel: [   11.375463] DMAR: RHSA base: 0x000000c9ffc000 proximity domain: 0x0
Jul 14 11:20:03 172.20.224.101 kernel: [   11.375465] DMAR: RHSA base: 0x000000ceffc000 proximity domain: 0x0
Jul 14 11:20:03 172.20.224.101 kernel: [   11.375467] DMAR: RHSA base: 0x000000cf7fc000 proximity domain: 0x0
Jul 14 11:20:03 172.20.224.101 kernel: [   11.375469] DMAR: RHSA base: 0x000000cfffc000 proximity domain: 0x0
Jul 14 11:20:03 172.20.224.101 kernel: [   11.375471] DMAR: RHSA base: 0x000000d07fc000 proximity domain: 0x0
Jul 14 11:20:03 172.20.224.101 kernel: [   11.375474] DMAR: RHSA base: 0x000000d0ffc000 proximity domain: 0x0
Jul 14 11:20:03 172.20.224.101 kernel: [   11.375476] DMAR: RHSA base: 0x000000da7fc000 proximity domain: 0x1
Jul 14 11:20:03 172.20.224.101 kernel: [   11.375478] DMAR: RHSA base: 0x000000ea7fc000 proximity domain: 0x1
Jul 14 11:20:03 172.20.224.101 kernel: [   11.375480] DMAR: RHSA base: 0x000000ef7fc000 proximity domain: 0x1
Jul 14 11:20:03 172.20.224.101 kernel: [   11.375482] DMAR: RHSA base: 0x000000f47fc000 proximity domain: 0x1
Jul 14 11:20:03 172.20.224.101 kernel: [   11.375485] DMAR: RHSA base: 0x000000f97fc000 proximity domain: 0x1
Jul 14 11:20:03 172.20.224.101 kernel: [   11.375487] DMAR: RHSA base: 0x000000d57fc000 proximity domain: 0x1
Jul 14 11:20:03 172.20.224.101 kernel: [   11.375489] DMAR: RHSA base: 0x000000f9ffc000 proximity domain: 0x1
Jul 14 11:20:03 172.20.224.101 kernel: [   11.375491] DMAR: RHSA base: 0x000000fa7fc000 proximity domain: 0x1
Jul 14 11:20:03 172.20.224.101 kernel: [   11.375493] DMAR: RHSA base: 0x000000faffc000 proximity domain: 0x1
Jul 14 11:20:03 172.20.224.101 kernel: [   11.375495] DMAR: RHSA base: 0x000000fb7fc000 proximity domain: 0x1
Jul 14 11:20:03 172.20.224.101 kernel: [   11.375497] DMAR: SATC flags: 0x0
Jul 14 11:20:03 172.20.224.101 kernel: [   11.375502] DMAR-IR: IOAPIC id 8 under DRHD base  0xaaffc000 IOMMU 19
Jul 14 11:20:03 172.20.224.101 kernel: [   11.375505] DMAR-IR: HPET id 0 under DRHD base 0xaaffc000
Jul 14 11:20:03 172.20.224.101 kernel: [   11.375507] DMAR-IR: Queued invalidation will be enabled to support x2apic and Intr-remapping.
Jul 14 11:20:03 172.20.224.101 kernel: [   11.382028] DMAR-IR: Enabled IRQ remapping in x2apic mode
Jul 14 11:20:03 172.20.224.101 kernel: [   11.383275] ..TIMER: vector=0x30 apic1=0 pin1=2 apic2=-1 pin2=-1
Jul 14 11:20:03 172.20.224.101 kernel: [   11.403241] clocksource: tsc-early: mask: 0xffffffffffffffff max_cycles: 0x39a85c9bff6, max_idle_ns: 881590591483 ns
Jul 14 11:20:03 172.20.224.101 kernel: [   11.403250] Calibrating delay loop (skipped), value calculated using timer frequency.. 4000.00 BogoMIPS (lpj=8000000)
Jul 14 11:20:03 172.20.224.101 kernel: [   11.403329] x86/cpu: SGX disabled by BIOS.
Jul 14 11:20:03 172.20.224.101 kernel: [   11.403338] CPU0: Thermal monitoring enabled (TM1)
Jul 14 11:20:03 172.20.224.101 kernel: [   11.403342] x86/cpu: User Mode Instruction Prevention (UMIP) activated
Jul 14 11:20:03 172.20.224.101 kernel: [   11.403758] process: using mwait in idle threads
Jul 14 11:20:03 172.20.224.101 kernel: [   11.403762] Last level iTLB entries: 4KB 0, 2MB 0, 4MB 0
Jul 14 11:20:03 172.20.224.101 kernel: [   11.403765] Last level dTLB entries: 4KB 0, 2MB 0, 4MB 0, 1GB 0
Jul 14 11:20:03 172.20.224.101 kernel: [   11.403773] Spectre V1 : Mitigation: usercopy/swapgs barriers and __user pointer sanitization
Jul 14 11:20:03 172.20.224.101 kernel: [   11.403778] Spectre V2 : Mitigation: Enhanced / Automatic IBRS
Jul 14 11:20:03 172.20.224.101 kernel: [   11.403781] Spectre V2 : Spectre v2 / SpectreRSB mitigation: Filling RSB on context switch
Jul 14 11:20:03 172.20.224.101 kernel: [   11.403783] Spectre V2 : Spectre v2 / PBRSB-eIBRS: Retire a single CALL on VMEXIT
Jul 14 11:20:03 172.20.224.101 kernel: [   11.403787] Spectre V2 : mitigation: Enabling conditional Indirect Branch Prediction Barrier
Jul 14 11:20:03 172.20.224.101 kernel: [   11.403791] Speculative Store Bypass: Mitigation: Speculative Store Bypass disabled via prctl and seccomp
Jul 14 11:20:03 172.20.224.101 kernel: [   11.403853] x86/fpu: Supporting XSAVE feature 0x001: 'x87 floating point registers'
Jul 14 11:20:03 172.20.224.101 kernel: [   11.403857] x86/fpu: Supporting XSAVE feature 0x002: 'SSE registers'
Jul 14 11:20:03 172.20.224.101 kernel: [   11.403859] x86/fpu: Supporting XSAVE feature 0x004: 'AVX registers'
Jul 14 11:20:03 172.20.224.101 kernel: [   11.403861] x86/fpu: Supporting XSAVE feature 0x020: 'AVX-512 opmask'
Jul 14 11:20:03 172.20.224.101 kernel: [   11.403864] x86/fpu: Supporting XSAVE feature 0x040: 'AVX-512 Hi256'
Jul 14 11:20:03 172.20.224.101 kernel: [   11.403866] x86/fpu: Supporting XSAVE feature 0x080: 'AVX-512 ZMM_Hi256'
Jul 14 11:20:03 172.20.224.101 kernel: [   11.403868] x86/fpu: Supporting XSAVE feature 0x200: 'Protection Keys User registers'
Jul 14 11:20:03 172.20.224.101 kernel: [   11.403871] x86/fpu: Supporting XSAVE feature 0x400: 'PASID state'
Jul 14 11:20:03 172.20.224.101 kernel: [   11.403874] x86/fpu: Supporting XSAVE feature 0x20000: 'AMX Tile config'
Jul 14 11:20:03 172.20.224.101 kernel: [   11.403876] x86/fpu: Supporting XSAVE feature 0x40000: 'AMX Tile data'
Jul 14 11:20:03 172.20.224.101 kernel: [   11.403888] x86/fpu: xstate_offset[2]:  576, xstate_sizes[2]:  256
Jul 14 11:20:03 172.20.224.101 kernel: [   11.403891] x86/fpu: xstate_offset[5]:  832, xstate_sizes[5]:   64
Jul 14 11:20:03 172.20.224.101 kernel: [   11.403894] x86/fpu: xstate_offset[6]:  896, xstate_sizes[6]:  512
Jul 14 11:20:03 172.20.224.101 kernel: [   11.403896] x86/fpu: xstate_offset[7]: 1408, xstate_sizes[7]: 1024
Jul 14 11:20:03 172.20.224.101 kernel: [   11.403899] x86/fpu: xstate_offset[9]: 2432, xstate_sizes[9]:    8
Jul 14 11:20:03 172.20.224.101 kernel: [   11.403901] x86/fpu: xstate_offset[10]: 2440, xstate_sizes[10]:    8
Jul 14 11:20:03 172.20.224.101 kernel: [   11.403904] x86/fpu: xstate_offset[17]: 2496, xstate_sizes[17]:   64
Jul 14 11:20:03 172.20.224.101 kernel: [   11.403906] x86/fpu: xstate_offset[18]: 2560, xstate_sizes[18]: 8192
Jul 14 11:20:03 172.20.224.101 kernel: [   11.403909] x86/fpu: Enabled xstate features 0x606e7, context size is 10752 bytes, using 'compacted' format.
Jul 14 11:20:03 172.20.224.101 kernel: [   11.429812] Freeing SMP alternatives memory: 44K
Jul 14 11:20:03 172.20.224.101 kernel: [   11.429818] pid_max: default: 229376 minimum: 1792
Jul 14 11:20:03 172.20.224.101 kernel: [   11.435470] LSM: Security Framework initializing
Jul 14 11:20:03 172.20.224.101 kernel: [   11.435505] landlock: Up and running.
Jul 14 11:20:03 172.20.224.101 kernel: [   11.435507] Yama: becoming mindful.
Jul 14 11:20:03 172.20.224.101 kernel: [   11.435570] AppArmor: AppArmor initialized
Jul 14 11:20:03 172.20.224.101 kernel: [   11.487238] Dentry cache hash table entries: 33554432 (order: 16, 268435456 bytes, vmalloc)
Jul 14 11:20:03 172.20.224.101 kernel: [   11.512222] Inode-cache hash table entries: 16777216 (order: 15, 134217728 bytes, vmalloc)
Jul 14 11:20:03 172.20.224.101 kernel: [   11.513100] Mount-cache hash table entries: 524288 (order: 10, 4194304 bytes, vmalloc)
Jul 14 11:20:03 172.20.224.101 kernel: [   11.513899] Mountpoint-cache hash table entries: 524288 (order: 10, 4194304 bytes, vmalloc)
Jul 14 11:20:03 172.20.224.101 kernel: [   11.515171] smpboot: Estimated ratio of average max frequency by base frequency (times 1024): 1587
Jul 14 11:20:03 172.20.224.101 kernel: [   11.515200] smpboot: CPU0: Intel(R) Xeon(R) Platinum 8480C (family: 0x6, model: 0x8f, stepping: 0x8)
Jul 14 11:20:03 172.20.224.101 kernel: [   11.515248] Performance Events: XSAVE Architectural LBR, PEBS fmt4+-baseline,  AnyThread deprecated, Sapphire Rapids events, 32-deep LBR, full-width counters, Intel PMU driver.
Jul 14 11:20:03 172.20.224.101 kernel: [   11.515248] ... version:                5
Jul 14 11:20:03 172.20.224.101 kernel: [   11.515248] ... bit width:              48
Jul 14 11:20:03 172.20.224.101 kernel: [   11.515248] ... generic registers:      8
Jul 14 11:20:03 172.20.224.101 kernel: [   11.515248] ... value mask:             0000ffffffffffff
Jul 14 11:20:03 172.20.224.101 kernel: [   11.515248] ... max period:             00007fffffffffff
Jul 14 11:20:03 172.20.224.101 kernel: [   11.515248] ... fixed-purpose events:   4
Jul 14 11:20:03 172.20.224.101 kernel: [   11.515248] ... event mask:             0001000f000000ff
Jul 14 11:20:03 172.20.224.101 kernel: [   11.515248] signal: max sigframe size: 11952
Jul 14 11:20:03 172.20.224.101 kernel: [   11.515248] rcu: Hierarchical SRCU implementation.
Jul 14 11:20:03 172.20.224.101 kernel: [   11.528345] NMI watchdog: Enabled. Permanently consumes one hw-PMU counter.
Jul 14 11:20:03 172.20.224.101 kernel: [   11.530648] smp: Bringing up secondary CPUs ...
Jul 14 11:20:03 172.20.224.101 kernel: [   11.530782] x86: Booting SMP configuration:
Jul 14 11:20:03 172.20.224.101 kernel: [   11.530784] .... node  #0, CPUs:          #1   #2   #3   #4   #5   #6   #7   #8   #9  #10  #11  #12  #13  #14  #15  #16  #17  #18  #19  #20  #21  #22  #23  #24  #25  #26  #27  #28  #29  #30  #31  #32  #33  #34  #35  #36  #37  #38  #39  #40  #41  #42  #43  #44  #45  #46  #47  #48  #49  #50  #51  #52  #53  #54  #55
Jul 14 11:20:03 172.20.224.101 kernel: [   12.984551] .... node  #1, CPUs:    #56
Jul 14 11:20:03 172.20.224.101 kernel: [    0.008149] smpboot: CPU 56 Converting physical 0 to logical die 1
Jul 14 11:20:03 172.20.224.101 kernel: [   13.047419]   #57  #58  #59  #60  #61  #62  #63  #64  #65  #66  #67  #68  #69  #70  #71  #72  #73  #74  #75  #76  #77  #78  #79  #80  #81  #82  #83  #84  #85  #86  #87  #88  #89  #90  #91  #92  #93  #94  #95  #96  #97  #98  #99 #100 #101 #102 #103 #104 #105 #106 #107 #108 #109 #110 #111
Jul 14 11:20:03 172.20.224.101 kernel: [   14.508187] .... node  #0, CPUs:   #112 #113 #114 #115 #116 #117 #118 #119 #120 #121 #122 #123 #124 #125 #126 #127 #128 #129 #130 #131 #132 #133 #134 #135 #136 #137 #138 #139 #140 #141 #142 #143 #144 #145 #146 #147 #148 #149 #150 #151 #152 #153 #154 #155 #156 #157 #158 #159 #160 #161 #162 #163 #164 #165 #166 #167
Jul 14 11:20:03 172.20.224.101 kernel: [   15.974186] .... node  #1, CPUs:   #168 #169 #170 #171 #172 #173 #174 #175 #176 #177 #178 #179 #180 #181 #182 #183 #184 #185 #186 #187 #188 #189 #190 #191 #192 #193 #194 #195 #196 #197 #198 #199 #200 #201 #202 #203 #204 #205 #206 #207 #208 #209 #210 #211 #212 #213 #214 #215 #216 #217 #218 #219 #220 #221 #222 #223
Jul 14 11:20:03 172.20.224.101 kernel: [   17.472619] smp: Brought up 2 nodes, 224 CPUs
Jul 14 11:20:03 172.20.224.101 kernel: [   17.472619] smpboot: Max logical packages: 2
Jul 14 11:20:03 172.20.224.101 kernel: [   17.472619] smpboot: Total of 224 processors activated (894365.69 BogoMIPS)
Jul 14 11:20:03 172.20.224.101 kernel: [   17.589521] devtmpfs: initialized
Jul 14 11:20:03 172.20.224.101 kernel: [   17.589521] x86/mm: Memory block size: 2048MB
Jul 14 11:20:03 172.20.224.101 kernel: [   17.596777] ACPI: PM: Registering ACPI NVS region [mem 0x72103000-0x7530efff] (52477952 bytes)
Jul 14 11:20:03 172.20.224.101 kernel: [   17.596777] clocksource: jiffies: mask: 0xffffffff max_cycles: 0xffffffff, max_idle_ns: 7645041785100000 ns
Jul 14 11:20:03 172.20.224.101 kernel: [   17.596791] futex hash table entries: 65536 (order: 10, 4194304 bytes, vmalloc)
Jul 14 11:20:03 172.20.224.101 kernel: [   17.597490] pinctrl core: initialized pinctrl subsystem
Jul 14 11:20:03 172.20.224.101 kernel: [   17.599250] PM: RTC time: 02:19:41, date: 2025-07-14
Jul 14 11:20:03 172.20.224.101 kernel: [   17.599694] NET: Registered PF_NETLINK/PF_ROUTE protocol family
Jul 14 11:20:03 172.20.224.101 kernel: [   17.600561] DMA: preallocated 4096 KiB GFP_KERNEL pool for atomic allocations
Jul 14 11:20:03 172.20.224.101 kernel: [   17.601083] DMA: preallocated 4096 KiB GFP_KERNEL|GFP_DMA pool for atomic allocations
Jul 14 11:20:03 172.20.224.101 kernel: [   17.601599] DMA: preallocated 4096 KiB GFP_KERNEL|GFP_DMA32 pool for atomic allocations
Jul 14 11:20:03 172.20.224.101 kernel: [   17.601611] audit: initializing netlink subsys (disabled)
Jul 14 11:20:03 172.20.224.101 kernel: [   17.601619] audit: type=2000 audit(1752459579.224:1): state=initialized audit_enabled=0 res=1
Jul 14 11:20:03 172.20.224.101 kernel: [   17.601619] thermal_sys: Registered thermal governor 'fair_share'
Jul 14 11:20:03 172.20.224.101 kernel: [   17.601619] thermal_sys: Registered thermal governor 'bang_bang'
Jul 14 11:20:03 172.20.224.101 kernel: [   17.601619] thermal_sys: Registered thermal governor 'step_wise'
Jul 14 11:20:03 172.20.224.101 kernel: [   17.601619] thermal_sys: Registered thermal governor 'user_space'
Jul 14 11:20:03 172.20.224.101 kernel: [   17.601619] thermal_sys: Registered thermal governor 'power_allocator'
Jul 14 11:20:03 172.20.224.101 kernel: [   17.601619] EISA bus registered
Jul 14 11:20:03 172.20.224.101 kernel: [   17.601619] cpuidle: using governor ladder
Jul 14 11:20:03 172.20.224.101 kernel: [   17.601619] cpuidle: using governor menu
Jul 14 11:20:03 172.20.224.101 kernel: [   17.603415] ACPI FADT declares the system doesn't support PCIe ASPM, so disable it
Jul 14 11:20:03 172.20.224.101 kernel: [   17.603418] ACPI: bus type PCI registered
Jul 14 11:20:03 172.20.224.101 kernel: [   17.603420] acpiphp: ACPI Hot Plug PCI Controller Driver version: 0.5
Jul 14 11:20:03 172.20.224.101 kernel: [   17.603674] PCI: MMCONFIG for domain 0000 [bus 00-ff] at [mem 0x80000000-0x8fffffff] (base 0x80000000)
Jul 14 11:20:03 172.20.224.101 kernel: [   17.603683] PCI: MMCONFIG at [mem 0x80000000-0x8fffffff] reserved in E820
Jul 14 11:20:03 172.20.224.101 kernel: [   17.603693] pmd_set_huge: Cannot satisfy [mem 0x80000000-0x80200000] with a huge-page mapping due to MTRR override.
Jul 14 11:20:03 172.20.224.101 kernel: [   17.604054] PCI: Using configuration type 1 for base access
Jul 14 11:20:03 172.20.224.101 kernel: [   17.611164] ENERGY_PERF_BIAS: Set to 'normal', was 'performance'
Jul 14 11:20:03 172.20.224.101 kernel: [   17.616565] kprobes: kprobe jump-optimization is enabled. All kprobes are optimized if possible.
Jul 14 11:20:03 172.20.224.101 kernel: [   17.619337] HugeTLB registered 1.00 GiB page size, pre-allocated 0 pages
Jul 14 11:20:03 172.20.224.101 kernel: [   17.619337] HugeTLB registered 2.00 MiB page size, pre-allocated 0 pages
Jul 14 11:20:03 172.20.224.101 kernel: [   17.619929] fbcon: Taking over console
Jul 14 11:20:03 172.20.224.101 kernel: [   17.619929] ACPI: Added _OSI(Module Device)
Jul 14 11:20:03 172.20.224.101 kernel: [   17.619929] ACPI: Added _OSI(Processor Device)
Jul 14 11:20:03 172.20.224.101 kernel: [   17.619929] ACPI: Added _OSI(3.0 _SCP Extensions)
Jul 14 11:20:03 172.20.224.101 kernel: [   17.619929] ACPI: Added _OSI(Processor Aggregator Device)
Jul 14 11:20:03 172.20.224.101 kernel: [   17.619929] ACPI: Added _OSI(Linux-Dell-Video)
Jul 14 11:20:03 172.20.224.101 kernel: [   17.619929] ACPI: Added _OSI(Linux-Lenovo-NV-HDMI-Audio)
Jul 14 11:20:03 172.20.224.101 kernel: [   17.619929] ACPI: Added _OSI(Linux-HPI-Hybrid-Graphics)
Jul 14 11:20:03 172.20.224.101 kernel: [   17.914611] ACPI: 5 ACPI AML tables successfully acquired and loaded
Jul 14 11:20:03 172.20.224.101 kernel: [   17.933110] ACPI: \_SB_.SCK0.C000: _OSC native thermal LVT Acked
Jul 14 11:20:03 172.20.224.101 kernel: [   17.934596] ACPI: Dynamic OEM Table Load:
Jul 14 11:20:03 172.20.224.101 kernel: [   18.173103] ACPI: Dynamic OEM Table Load:
Jul 14 11:20:03 172.20.224.101 kernel: [   18.212038] ACPI: Dynamic OEM Table Load:
Jul 14 11:20:03 172.20.224.101 kernel: [   18.736655] ACPI: Interpreter enabled
Jul 14 11:20:03 172.20.224.101 kernel: [   18.736699] ACPI: PM: (supports S0 S5)
Jul 14 11:20:03 172.20.224.101 kernel: [   18.736702] ACPI: Using IOAPIC for interrupt routing
Jul 14 11:20:03 172.20.224.101 kernel: [   18.736798] HEST: Table parsing has been initialized.
Jul 14 11:20:03 172.20.224.101 kernel: [   18.736942] GHES: APEI firmware first mode is enabled by APEI bit and WHEA _OSC.
Jul 14 11:20:03 172.20.224.101 kernel: [   18.736947] PCI: Using host bridge windows from ACPI; if necessary, use "pci=nocrs" and report a bug
Jul 14 11:20:03 172.20.224.101 kernel: [   18.736949] PCI: Using E820 reservations for host bridge windows
Jul 14 11:20:03 172.20.224.101 kernel: [   18.779452] ACPI: Enabled 1 GPEs in block 00 to 7F
Jul 14 11:20:03 172.20.224.101 kernel: [   19.011887] ACPI: PCI Root Bridge [PC00] (domain 0000 [bus 00-14])
Jul 14 11:20:03 172.20.224.101 kernel: [   19.011899] acpi PNP0A08:00: _OSC: OS supports [ExtendedConfig ASPM ClockPM Segments MSI EDR HPX-Type3]
Jul 14 11:20:03 172.20.224.101 kernel: [   19.014082] acpi PNP0A08:00: _OSC: platform does not support [SHPCHotplug AER LTR DPC]
Jul 14 11:20:03 172.20.224.101 kernel: [   19.014306] acpi PNP0A08:00: _OSC: OS now controls [PCIeHotplug PME PCIeCapability]
Jul 14 11:20:03 172.20.224.101 kernel: [   19.014309] acpi PNP0A08:00: FADT indicates ASPM is unsupported, using BIOS configuration
Jul 14 11:20:03 172.20.224.101 kernel: [   19.014933] PCI host bridge to bus 0000:00
Jul 14 11:20:03 172.20.224.101 kernel: [   19.014938] pci_bus 0000:00: root bus resource [bus 00-14]
Jul 14 11:20:03 172.20.224.101 kernel: [   19.014941] pci_bus 0000:00: root bus resource [io  0x0000-0x0cf7 window]
Jul 14 11:20:03 172.20.224.101 kernel: [   19.014944] pci_bus 0000:00: root bus resource [io  0x1000-0x3fff window]
Jul 14 11:20:03 172.20.224.101 kernel: [   19.014946] pci_bus 0000:00: root bus resource [mem 0x000a0000-0x000bffff window]
Jul 14 11:20:03 172.20.224.101 kernel: [   19.014949] pci_bus 0000:00: root bus resource [mem 0x000c8000-0x000cffff window]
Jul 14 11:20:03 172.20.224.101 kernel: [   19.014951] pci_bus 0000:00: root bus resource [mem 0x90040000-0xaaffffff window]
Jul 14 11:20:03 172.20.224.101 kernel: [   19.014954] pci_bus 0000:00: root bus resource [mem 0xfe010000-0xfe010fff window]
Jul 14 11:20:03 172.20.224.101 kernel: [   19.014956] pci_bus 0000:00: root bus resource [mem 0x200000000000-0x20ffffffffff window]
Jul 14 11:20:03 172.20.224.101 kernel: [   19.015063] pci 0000:00:00.0: [8086:09a2] type 00 class 0x088000
Jul 14 11:20:03 172.20.224.101 kernel: [   19.015346] pci 0000:00:00.1: [8086:09a4] type 00 class 0x088000
Jul 14 11:20:03 172.20.224.101 kernel: [   19.015607] pci 0000:00:00.2: [8086:09a3] type 00 class 0x088000
Jul 14 11:20:03 172.20.224.101 kernel: [   19.015954] pci 0000:00:00.4: [8086:0b23] type 00 class 0x080700
Jul 14 11:20:03 172.20.224.101 kernel: [   19.016288] pci 0000:00:08.0: [8086:1bb8] type 01 class 0x060400
Jul 14 11:20:03 172.20.224.101 kernel: [   19.016309] pci 0000:00:08.0: reg 0x10: [mem 0x20ffff980000-0x20ffff99ffff 64bit]
Jul 14 11:20:03 172.20.224.101 kernel: [   19.016335] pci 0000:00:08.0: enabling Extended Tags
Jul 14 11:20:03 172.20.224.101 kernel: [   19.016403] pci 0000:00:08.0: PME# supported from D0 D3hot D3cold
Jul 14 11:20:03 172.20.224.101 kernel: [   19.016443] pci 0000:00:08.0: PTM enabled (root), 2ns granularity
Jul 14 11:20:03 172.20.224.101 kernel: [   19.017260] pci 0000:00:0a.0: [8086:1bba] type 01 class 0x060400
Jul 14 11:20:03 172.20.224.101 kernel: [   19.017281] pci 0000:00:0a.0: reg 0x10: [mem 0x20ffff960000-0x20ffff97ffff 64bit]
Jul 14 11:20:03 172.20.224.101 kernel: [   19.017307] pci 0000:00:0a.0: enabling Extended Tags
Jul 14 11:20:03 172.20.224.101 kernel: [   19.017372] pci 0000:00:0a.0: PME# supported from D0 D3hot D3cold
Jul 14 11:20:03 172.20.224.101 kernel: [   19.017410] pci 0000:00:0a.0: PTM enabled (root), 2ns granularity
Jul 14 11:20:03 172.20.224.101 kernel: [   19.018205] pci 0000:00:0c.0: [8086:1bbc] type 01 class 0x060400
Jul 14 11:20:03 172.20.224.101 kernel: [   19.018227] pci 0000:00:0c.0: reg 0x10: [mem 0x20ffff940000-0x20ffff95ffff 64bit]
Jul 14 11:20:03 172.20.224.101 kernel: [   19.018253] pci 0000:00:0c.0: enabling Extended Tags
Jul 14 11:20:03 172.20.224.101 kernel: [   19.018321] pci 0000:00:0c.0: PME# supported from D0 D3hot D3cold
Jul 14 11:20:03 172.20.224.101 kernel: [   19.018361] pci 0000:00:0c.0: PTM enabled (root), 2ns granularity
Jul 14 11:20:03 172.20.224.101 kernel: [   19.019169] pci 0000:00:0d.0: [8086:1bbd] type 01 class 0x060400
Jul 14 11:20:03 172.20.224.101 kernel: [   19.019192] pci 0000:00:0d.0: reg 0x10: [mem 0x20ffff920000-0x20ffff93ffff 64bit]
Jul 14 11:20:03 172.20.224.101 kernel: [   19.019219] pci 0000:00:0d.0: enabling Extended Tags
Jul 14 11:20:03 172.20.224.101 kernel: [   19.019287] pci 0000:00:0d.0: PME# supported from D0 D3hot D3cold
Jul 14 11:20:03 172.20.224.101 kernel: [   19.019327] pci 0000:00:0d.0: PTM enabled (root), 2ns granularity
Jul 14 11:20:03 172.20.224.101 kernel: [   19.020123] pci 0000:00:10.0: [8086:1bb0] type 01 class 0x060400
Jul 14 11:20:03 172.20.224.101 kernel: [   19.020144] pci 0000:00:10.0: reg 0x10: [mem 0x20ffff900000-0x20ffff91ffff 64bit]
Jul 14 11:20:03 172.20.224.101 kernel: [   19.020171] pci 0000:00:10.0: enabling Extended Tags
Jul 14 11:20:03 172.20.224.101 kernel: [   19.020238] pci 0000:00:10.0: PME# supported from D0 D3hot D3cold
Jul 14 11:20:03 172.20.224.101 kernel: [   19.020278] pci 0000:00:10.0: PTM enabled (root), 2ns granularity
Jul 14 11:20:03 172.20.224.101 kernel: [   19.021085] pci 0000:00:14.0: [8086:1bcd] type 00 class 0x0c0330
Jul 14 11:20:03 172.20.224.101 kernel: [   19.021107] pci 0000:00:14.0: reg 0x10: [mem 0x20ffff9a0000-0x20ffff9affff 64bit]
Jul 14 11:20:03 172.20.224.101 kernel: [   19.021191] pci 0000:00:14.0: PME# supported from D3hot D3cold
Jul 14 11:20:03 172.20.224.101 kernel: [   19.021612] pci 0000:00:14.2: [8086:1bce] type 00 class 0x050000
Jul 14 11:20:03 172.20.224.101 kernel: [   19.021635] pci 0000:00:14.2: reg 0x10: [mem 0x20ffff9b0000-0x20ffff9b3fff 64bit]
Jul 14 11:20:03 172.20.224.101 kernel: [   19.021651] pci 0000:00:14.2: reg 0x18: [mem 0x20ffff9b6000-0x20ffff9b6fff 64bit]
Jul 14 11:20:03 172.20.224.101 kernel: [   19.021931] pci 0000:00:14.4: [8086:1bfe] type 00 class 0x060000
Jul 14 11:20:03 172.20.224.101 kernel: [   19.022271] pci 0000:00:15.0: [8086:1bff] type 00 class 0x088000
Jul 14 11:20:03 172.20.224.101 kernel: [   19.022296] pci 0000:00:15.0: reg 0x10: [mem 0x20ffff9b5000-0x20ffff9b53ff 64bit]
Jul 14 11:20:03 172.20.224.101 kernel: [   19.022730] pci 0000:00:16.0: [8086:1be0] type 00 class 0x078000
Jul 14 11:20:03 172.20.224.101 kernel: [   19.022761] pci 0000:00:16.0: reg 0x10: [mem 0x20ffff9b4000-0x20ffff9b4fff 64bit]
Jul 14 11:20:03 172.20.224.101 kernel: [   19.022865] pci 0000:00:16.0: PME# supported from D3hot
Jul 14 11:20:03 172.20.224.101 kernel: [   19.023135] pci 0000:00:1f.0: [8086:1b81] type 00 class 0x060100
Jul 14 11:20:03 172.20.224.101 kernel: [   19.023532] pci 0000:00:1f.4: [8086:1bc9] type 00 class 0x0c0500
Jul 14 11:20:03 172.20.224.101 kernel: [   19.023564] pci 0000:00:1f.4: reg 0x10: [mem 0x00000000-0x000000ff 64bit]
Jul 14 11:20:03 172.20.224.101 kernel: [   19.023599] pci 0000:00:1f.4: reg 0x20: [io  0x0780-0x079f]
Jul 14 11:20:03 172.20.224.101 kernel: [   19.023920] pci 0000:00:1f.5: [8086:1bca] type 00 class 0x0c8000
Jul 14 11:20:03 172.20.224.101 kernel: [   19.023942] pci 0000:00:1f.5: reg 0x10: [mem 0xfe010000-0xfe010fff]
Jul 14 11:20:03 172.20.224.101 kernel: [   19.023955] pci 0000:00:1f.5: reg 0x14: [mem 0x9e000000-0x9fffffff]
Jul 14 11:20:03 172.20.224.101 kernel: [   19.024161] pci 0000:00:1f.7: [8086:1bcc] type 00 class 0x130000
Jul 14 11:20:03 172.20.224.101 kernel: [   19.024184] pci 0000:00:1f.7: reg 0x10: [mem 0x20ffff800000-0x20ffff8fffff 64bit]
Jul 14 11:20:03 172.20.224.101 kernel: [   19.024198] pci 0000:00:1f.7: reg 0x18: [mem 0x20ffff000000-0x20ffff7fffff 64bit]
Jul 14 11:20:03 172.20.224.101 kernel: [   19.024430] pci 0000:01:00.0: [1344:51c3] type 00 class 0x010802
Jul 14 11:20:03 172.20.224.101 kernel: [   19.024456] pci 0000:01:00.0: reg 0x10: [mem 0xa9540000-0xa957ffff 64bit]
Jul 14 11:20:03 172.20.224.101 kernel: [   19.024504] pci 0000:01:00.0: reg 0x30: [mem 0xa9500000-0xa953ffff pref]
Jul 14 11:20:03 172.20.224.101 kernel: [   19.024590] pci 0000:01:00.0: PME# supported from D0 D1 D3hot
